\BOOKMARK [0][]{chapter.1}{\376\377\173\054\0001\172\340\000\040\134\016\121\145\377\033\131\032\131\011\221\317\060\307\060\374\060\277\060\150\137\303\164\006\133\146}{}% 1
\BOOKMARK [1][]{section.1.1}{\376\377\0001\000.\0001\000\040\153\143\211\217\175\332\137\142\060\342\060\307\060\353\060\156\116\026\165\114}{chapter.1}% 2
\BOOKMARK [1][]{section.1.2}{\376\377\0001\000.\0002\000\040\134\072\136\246\060\156\126\333\154\064\156\226}{chapter.1}% 3
\BOOKMARK [1][]{section.1.3}{\376\377\0001\000.\0003\000\040\136\163\127\107\060\150\122\006\145\143}{chapter.1}% 4
\BOOKMARK [1][]{section.1.4}{\376\377\0001\000.\0004\000\040\121\161\122\006\145\143\060\150\166\370\225\242\117\302\145\160}{chapter.1}% 5
\BOOKMARK [1][]{section.1.5}{\376\377\0001\000.\0005\000\040\212\262\230\114}{chapter.1}% 6
\BOOKMARK [0][]{chapter.2}{\376\377\173\054\0002\172\340\000\040\137\303\164\006\134\072\136\246\060\222\117\134\060\213}{}% 7
\BOOKMARK [1][]{section.2.1}{\376\377\0002\000.\0001\000\040\060\157\060\130\060\201\060\153}{chapter.2}% 8
\BOOKMARK [1][]{section.2.2}{\376\377\0002\000.\0002\000\040\060\265\060\374\060\271\060\310\060\363\060\156\173\111\163\376\225\223\226\224\154\325}{chapter.2}% 9
\BOOKMARK [1][]{section.2.3}{\376\377\0002\000.\0003\000\040\060\352\060\303\060\253\060\374\060\310\060\156\060\267\060\260\060\336\154\325}{chapter.2}% 10
\BOOKMARK [1][]{section.2.4}{\376\377\0002\000.\0004\000\040\134\072\136\246\060\222\212\125\117\241\060\131\060\213}{chapter.2}% 11
\BOOKMARK [1][]{section.2.5}{\376\377\0002\000.\0005\000\040\212\262\230\114}{chapter.2}% 12
\BOOKMARK [0][]{chapter.3}{\376\377\173\054\0003\172\340\000\040\060\306\060\271\060\310\164\006\212\326\060\150\126\340\133\120\122\006\147\220}{}% 13
\BOOKMARK [1][]{section.3.1}{\376\377\0003\000.\0001\000\040\123\344\121\170\166\204\060\306\060\271\060\310\164\006\212\326}{chapter.3}% 14
\BOOKMARK [1][]{section.3.2}{\376\377\0003\000.\0002\000\040\126\340\133\120\122\006\147\220\060\342\060\307\060\353}{chapter.3}% 15
\BOOKMARK [1][]{section.3.3}{\376\377\0003\000.\0003\000\040\126\340\133\120\122\006\147\220\060\156\133\232\164\006}{chapter.3}% 16
\BOOKMARK [1][]{section.3.4}{\376\377\0003\000.\0004\000\040\212\262\230\114}{chapter.3}% 17
\BOOKMARK [0][]{chapter.4}{\376\377\173\054\0004\172\340\000\040\163\376\116\343\060\306\060\271\060\310\164\006\212\326}{}% 18
\BOOKMARK [1][]{section.4.1}{\376\377\0004\000.\0001\000\040\126\340\133\120\122\006\147\220\060\150\060\306\060\271\060\310\164\006\212\326}{chapter.4}% 19
\BOOKMARK [1][]{section.4.2}{\376\377\0004\000.\0002\000\040\220\032\220\116\163\207\060\150\175\057\172\115\153\143\211\217\122\006\136\003}{chapter.4}% 20
\BOOKMARK [1][]{section.4.3}{\376\377\0004\000.\0003\000\040\230\005\166\356\153\315\145\160\060\156\162\171\137\264}{chapter.4}% 21
\BOOKMARK [1][]{section.4.4}{\376\377\0004\000.\0004\000\040\210\253\232\023\200\005\153\315\145\160\060\156\143\250\133\232}{chapter.4}% 22
\BOOKMARK [1][]{section.4.5}{\376\377\0004\000.\0005\000\040\212\262\230\114}{chapter.4}% 23
\BOOKMARK [0][]{chapter.5}{\376\377\173\054\0005\172\340\000\040\163\376\116\343\060\306\060\271\060\310\164\006\212\326\060\135\060\156\0002}{}% 24
\BOOKMARK [1][]{section.5.1}{\376\377\0005\000.\0001\000\040\163\376\116\343\060\306\060\271\060\310\164\006\212\326\060\156\162\171\137\264}{chapter.5}% 25
\BOOKMARK [1][]{section.5.2}{\376\377\0005\000.\0002\000\040\153\265\226\216\123\315\137\334\060\342\060\307\060\353}{chapter.5}% 26
\BOOKMARK [1][]{section.5.3}{\376\377\0005\000.\0003\000\040\126\340\133\120\122\006\147\220\060\156\153\164\123\362\060\150\134\125\225\213}{chapter.5}% 27
\BOOKMARK [1][]{section.5.4}{\376\377\0005\000.\0004\000\040\212\262\230\114}{chapter.5}% 28
\BOOKMARK [0][]{chapter.6}{\376\377\173\054\0006\172\340\000\040\210\114\122\027\212\010\173\227\060\156\127\372\171\016}{}% 29
\BOOKMARK [1][]{section.6.1}{\376\377\0006\000.\0001\000\040\210\114\122\027\060\150\060\331\060\257\060\310\060\353}{chapter.6}% 30
\BOOKMARK [1][]{section.6.2}{\376\377\0006\000.\0002\000\040\210\114\122\027\060\156\126\333\122\107\157\024\173\227\060\150\144\315\117\134}{chapter.6}% 31
\BOOKMARK [1][]{section.6.3}{\376\377\0006\000.\0003\000\040\210\114\122\027\060\222\117\177\060\106\060\150\117\277\122\051\060\152\060\123\060\150}{chapter.6}% 32
\BOOKMARK [1][]{section.6.4}{\376\377\0006\000.\0004\000\040\212\262\230\114}{chapter.6}% 33
\BOOKMARK [0][]{chapter.7}{\376\377\173\054\0007\172\340\000\040\210\114\122\027\060\153\060\210\060\213\225\242\117\302\060\156\210\150\163\376}{}% 34
\BOOKMARK [1][]{section.7.1}{\376\377\0007\000.\0001\000\040\060\307\060\374\060\277\060\156\210\114\122\027\210\150\163\376}{chapter.7}% 35
\BOOKMARK [1][]{section.7.2}{\376\377\0007\000.\0002\000\040\175\332\137\142\060\342\060\307\060\353\060\156\210\114\122\027\210\150\163\376}{chapter.7}% 36
\BOOKMARK [1][]{section.7.3}{\376\377\0007\000.\0003\000\040\060\307\060\266\060\244\060\363\210\114\122\027}{chapter.7}% 37
\BOOKMARK [1][]{section.7.4}{\376\377\0007\000.\0004\000\040\000\040\126\340\133\120\122\006\147\220\060\342\060\307\060\353\060\156\210\114\122\027\210\150\163\376}{chapter.7}% 38
\BOOKMARK [1][]{section.7.5}{\376\377\0007\000.\0005\000\040\212\262\230\114}{chapter.7}% 39
\BOOKMARK [0][]{chapter.8}{\376\377\173\054\0008\172\340\000\040\126\340\133\120\122\006\147\220\060\342\060\307\060\353\060\156\210\114\122\027\210\150\163\376}{}% 40
\BOOKMARK [1][]{section.8.1}{\376\377\0008\000.\0001\000\040\126\372\147\011\120\044\060\150\126\372\147\011\060\331\060\257\060\310\060\353}{chapter.8}% 41
\BOOKMARK [1][]{section.8.2}{\376\377\0008\000.\0002\000\040\126\372\147\011\120\044\060\150\126\372\147\011\060\331\060\257\060\310\060\353\060\222\154\102\060\201\060\213}{chapter.8}% 42
\BOOKMARK [1][]{section.8.3}{\376\377\0008\000.\0003\000\040\126\372\147\011\120\044\060\150\126\372\147\011\060\331\060\257\060\310\060\353\060\156\136\176\117\125\133\146\166\204\141\017\124\163}{chapter.8}% 43
\BOOKMARK [1][]{section.8.4}{\376\377\0008\000.\0004\000\040\126\340\133\120\122\006\147\220\060\156\145\160\133\146\166\204\164\006\211\343}{chapter.8}% 44
\BOOKMARK [1][]{section.8.5}{\376\377\0008\000.\0005\000\040\212\262\230\114}{chapter.8}% 45
\BOOKMARK [0][]{chapter.9}{\376\377\173\054\0009\172\340\000\040\000R\060\222\060\144\060\113\060\143\060\146\060\156\210\114\122\027\212\010\173\227}{}% 46
\BOOKMARK [1][]{section.9.1}{\376\377\0009\000.\0001\000\040\000R\060\153\060\210\060\213\210\114\122\027\212\010\173\227}{chapter.9}% 47
\BOOKMARK [1][]{section.9.2}{\376\377\0009\000.\0002\000\040\060\307\060\374\060\277\060\156\210\114\122\027\210\150\163\376}{chapter.9}% 48
\BOOKMARK [1][]{section.9.3}{\376\377\0009\000.\0003\000\040\000R\060\153\060\210\060\213\126\372\147\011\120\044\212\010\173\227}{chapter.9}% 49
\BOOKMARK [1][]{section.9.4}{\376\377\0009\000.\0004\000\040\212\262\230\114}{chapter.9}% 50
\BOOKMARK [0][]{chapter.10}{\376\377\173\054\0001\0000\172\340\000\040\000R\060\222\060\144\060\113\060\143\060\137\126\340\133\120\122\006\147\220\060\150\134\072\136\246\117\134\142\020\154\325}{}% 51
\BOOKMARK [1][]{section.10.1}{\376\377\0001\0000\000.\0001\000\040\212\277\147\373\170\024\172\166\060\156\142\113\230\006}{chapter.10}% 52
\BOOKMARK [1][]{section.10.2}{\376\377\0001\0000\000.\0002\000\040\121\161\220\032\140\047\060\156\143\250\133\232}{chapter.10}% 53
\BOOKMARK [1][]{section.10.3}{\376\377\0001\0000\000.\0003\000\040\126\340\133\120\145\160\060\156\154\172\133\232}{chapter.10}% 54
\BOOKMARK [1][]{section.10.4}{\376\377\0001\0000\000.\0004\000\040\143\242\175\042\166\204\126\340\133\120\122\006\147\220\060\156\133\237\226\233}{chapter.10}% 55
\BOOKMARK [1][]{section.10.5}{\376\377\0001\0000\000.\0005\000\040\126\340\133\120\122\006\147\220\060\156\137\214\060\147}{chapter.10}% 56
\BOOKMARK [1][]{section.10.6}{\376\377\0001\0000\000.\0006\000\040\060\125\060\104\060\124\060\153}{chapter.10}% 57
\BOOKMARK [1][]{section.10.7}{\376\377\0001\0000\000.\0007\000\040\212\262\230\114}{chapter.10}% 58
\BOOKMARK [0][]{chapter.11}{\376\377\173\054\0001\0001\172\340\000\040\000R\060\222\060\144\060\113\060\143\060\137\230\005\166\356\123\315\137\334\164\0