LaTeX Font Warning: Font shape `OMS/lmss/m/n' undefined
LaTeX Warning: Label `JPA92Scales' multiply defined.
LaTeX Warning: Label `JPA92Scales' multiply defined.
LaTeX Warning: Label `JPA92Scales' multiply defined.
LaTeX Warning: Label `JPA92Scales' multiply defined.
LaTeX Warning: Label `JPA92Scales' multiply defined.
LaTeX Warning: Label `JPA92Scales' multiply defined.
LaTeX Warning: Label `JPA92Scales' multiply defined.
LaTeX Warning: Label `JPA92Scales' multiply defined.
LaTeX Warning: Label `JPA92Scales' multiply defined.
LaTeX Warning: Label `JPA92Scales' multiply defined.
LaTeX Warning: Label `JPA92Scales' multiply defined.
LaTeX Warning: Label `JPA92Scales' multiply defined.
LaTeX Warning: Label `JPA92Scales' multiply defined.
LaTeX Warning: Label `JPA92Scales' multiply defined.
LaTeX Warning: Label `JPA92Scales' multiply defined.
LaTeX Warning: Label `JPA92Scales' multiply defined.
LaTeX Warning: Label `JPA92Scales' multiply defined.
LaTeX Warning: Label `JPA92Scales' multiply defined.
LaTeX Warning: Label `JPA92Scales' multiply defined.
LaTeX Warning: Label `JPA92Scales' multiply defined.
LaTeX Warning: Label `JPA92Scales' multiply defined.
LaTeX Warning: Label `JPA92Scales' multiply defined.
LaTeX Warning: Label `JPA92Scales' multiply defined.
LaTeX Warning: There were multiply-defined labels.
Overfull \hbox (18.15721pt too wide) detected at line 66
Overfull \hbox (46.77382pt too wide) detected at line 283
Overfull \hbox (5.55573pt too wide) in paragraph at lines 78--87
Overfull \hbox (12.62755pt too wide) in paragraph at lines 252--264
