\BOOKMARK [-1][]{part.1}{\376\377\173\054\000I\220\350\000\040\000F\000u\000n\000d\000a\000m\000e\000n\000t\000a\000l\000s\000\040\000o\000f\000\040\000P\000s\000y\000c\000h\000o\000l\000o\000g\000i\000c\000a\000l\000\040\000D\000a\000t\000a\000\040\000A\000n\000a\000l\000y\000s\000i\000s\000\040\0001\000A\000\040\000\050\000S\000t\000a\000t\000i\000s\000t\000i\000c\000a\000l\000\040\000m\000e\000t\000h\000o\000d\000s\000\040\000i\000n\000\040\000P\000s\000y\000c\000h\000o\000l\000o\000g\000y\000\051}{}% 1
\BOOKMARK [0][]{chapter.1}{\376\377\173\054\0001\172\340\000\040\000B\000e\000f\000o\000r\000e\000\040\000S\000t\000a\000r\000t\000i\000n\000g\000\040\000P\000s\000y\000c\000h\000o\000l\000o\000g\000i\000c\000a\000l\000\040\000S\000t\000a\000t\000i\000s\000t\000i\000c\000s}{part.1}% 2
\BOOKMARK [1][]{section.1.1}{\376\377\0001\000.\0001\000\040\000I\000n\000t\000r\000o\000d\000u\000c\000t\000i\000o\000n}{chapter.1}% 3
\BOOKMARK [1][]{section.1.2}{\376\377\0001\000.\0002\000\040\000W\000h\000a\000t\000\040\000k\000i\000n\000d\000\040\000o\000f\000\040\000s\000t\000u\000d\000y\000\040\000i\000s\000\040\000p\000s\000y\000c\000h\000o\000l\000o\000g\000y\000?}{chapter.1}% 4
\BOOKMARK [1][]{section.1.3}{\376\377\0001\000.\0003\000\040\000F\000e\000a\000t\000u\000r\000e\000s\000\040\000o\000f\000\040\000M\000o\000d\000e\000r\000n\000\040\000S\000c\000i\000e\000n\000c\000e}{chapter.1}% 5
\BOOKMARK [1][]{section.1.4}{\376\377\0001\000.\0004\000\040\000P\000s\000y\000c\000h\000o\000l\000o\000g\000y\000\040\000i\000n\000\040\000A\000c\000t\000i\000o\000n}{chapter.1}% 6
\BOOKMARK [1][]{section.1.5}{\376\377\0001\000.\0005\000\040\000S\000u\000b\000j\000e\000c\000t\000\040\000o\000r\000\040\000T\000a\000s\000k}{chapter.1}% 7
\BOOKMARK [0][]{chapter.2}{\376\377\173\054\0002\172\340\000\040\000T\000y\000p\000e\000s\000\040\000o\000f\000\040\000N\000u\000m\000e\000r\000i\000c\000a\000l\000\040\000D\000a\000t\000a}{part.1}% 8
\BOOKMARK [1][]{section.2.1}{\376\377\0002\000.\0001\000\040\000D\000a\000t\000a\000\040\000a\000n\000d\000\040\000V\000a\000r\000i\000a\000b\000l\000e\000s}{chapter.2}% 9
\BOOKMARK [1][]{section.2.2}{\376\377\0002\000.\0002\000\040\000C\000l\000a\000s\000s\000i\000f\000i\000c\000a\000t\000i\000o\000n\000\040\000o\000f\000\040\000V\000a\000r\000i\000a\000b\000l\000e\000s}{chapter.2}% 10
\BOOKMARK [1][]{section.2.3}{\376\377\0002\000.\0003\000\040\000C\000l\000a\000s\000s\000i\000f\000i\000c\000a\000t\000i\000o\000n\000\040\000b\000y\000\040\000S\000c\000a\000l\000e\000\040\000L\000e\000v\000e\000l}{chapter.2}% 11
\BOOKMARK [1][]{section.2.4}{\376\377\0002\000.\0004\000\040\000D\000a\000t\000a\000\040\000V\000i\000s\000u\000a\000l\000i\000z\000a\000t\000i\000o\000n}{chapter.2}% 12
\BOOKMARK [1][]{section.2.5}{\376\377\0002\000.\0005\000\040\000A\000p\000p\000e\000n\000d\000i\000x}{chapter.2}% 13
\BOOKMARK [1][]{section.2.6}{\376\377\0002\000.\0006\000\040\000T\000a\000s\000k}{chapter.2}% 14
\BOOKMARK [0][]{chapter.3}{\376\377\173\054\0003\172\340\000\040\000I\000n\000t\000r\000o\000d\000u\000c\000t\000i\000o\000n\000\040\000t\000o\000\040\000t\000h\000e\000\040\000S\000t\000a\000t\000i\000s\000t\000i\000c\000a\000l\000\040\000E\000n\000v\000i\000r\000o\000n\000m\000e\000n\000t\000\040\000R}{part.1}% 15
\BOOKMARK [1][]{section.3.1}{\376\377\0003\000.\0001\000\040\000F\000i\000l\000e\000\040\000S\000t\000r\000u\000c\000t\000u\000r\000e\000\040\000o\000f\000\040\000a\000\040\000C\000o\000m\000p\000u\000t\000e\000r}{chapter.3}% 16
\BOOKMARK [1][]{section.3.2}{\376\377\0003\000.\0002\000\040\000P\000r\000e\000p\000a\000r\000i\000n\000g\000\040\000t\000h\000e\000\040\000S\000t\000a\000t\000i\000s\000t\000i\000c\000a\000l\000\040\000E\000n\000v\000i\000r\000o\000n\000m\000e\000n\000t\000\040\000R\000/\000R\000S\000t\000u\000d\000i\000o}{chapter.3}% 17
\BOOKMARK [1][]{section.3.3}{\376\377\0003\000.\0003\000\040\000B\000a\000s\000i\000c\000\040\000O\000p\000e\000r\000a\000t\000i\000o\000n\000\040\000o\000f\000\040\000R\000/\000R\000S\000t\000u\000d\000i\000o}{chapter.3}% 18
\BOOKMARK [1][]{section.3.4}{\376\377\0003\000.\0004\000\040\000B\000a\000s\000i\000c\000\040\000O\000p\000e\000r\000a\000t\000i\000o\000n\000s\000\040\000o\000f\000\040\000R}{chapter.3}% 19
\BOOKMARK [1][]{section.3.5}{\376\377\0003\000.\0005\000\040\000T\000o\000w\000a\000r\000d\000s\000\040\000R\000e\000p\000r\000o\000d\000u\000c\000i\000b\000l\000e\000\040\000R\000e\000s\000e\000a\000r\000c\000h\000\040\000P\000r\000a\000c\000t\000i\000c\000e\000s}{chapter.3}% 20
\BOOKMARK [0][]{chapter.4}{\376\377\173\054\0004\172\340\000\040\000U\000s\000i\000n\000g\000\040\000t\000h\000e\000\040\000S\000t\000a\000t\000i\000s\000t\000i\000c\000a\000l\000\040\000E\000n\000v\000i\000r\000o\000n\000m\000e\000n\000t\000\040\000R}{part.1}% 21
\BOOKMARK [1][]{section.4.1}{\376\377\0004\000.\0001\000\040\000D\000o\000c\000u\000m\000e\000n\000t\000\040\000C\000r\000e\000a\000t\000i\000o\000n\000\040\000t\000h\000r\000o\000u\000g\000h\000\040\000R\000m\000a\000r\000k\000d\000o\000w\000n}{chapter.4}% 22
\BOOKMARK [1][]{section.4.2}{\376\377\0004\000.\0002\000\040\000L\000o\000a\000d\000i\000n\000g\000\040\000E\000x\000t\000e\000r\000n\000a\000l\000\040\000D\000a\000t\000a}{chapter.4}% 23
\BOOKMARK [1][]{section.4.3}{\376\377\0004\000.\0003\000\040\000T\000h\000e\000\040\000G\000r\000a\000m\000m\000a\000r\000\040\000o\000f\000\040\000G\000r\000a\000p\000h\000s}{chapter.4}% 24
\BOOKMARK [1][]{section.4.4}{\376\377\0004\000.\0004\000\040\000A\000s\000s\000i\000g\000n\000m\000e\000n\000t}{chapter.4}% 25
\BOOKMARK [1][]{section.4.5}{\376\377\0004\000.\0005\000\040\000S\000u\000p\000p\000l\000e\000m\000e\000n\000t}{chapter.4}% 26
\BOOKMARK [0][]{chapter.5}{\376\377\173\054\0005\172\340\000\040\000D\000e\000s\000c\000r\000i\000p\000t\000i\000v\000e\000\040\000S\000t\000a\000t\000i\000s\000t\000i\000c\000s}{part.1}% 27
\BOOKMARK [1][]{section.5.1}{\376\377\0005\000.\0001\000\040\000I\000n\000d\000i\000c\000a\000t\000o\000r\000\040\000o\000f\000\040\000C\000e\000n\000t\000r\000a\000l\000i\000z\000a\000t\000i\000o\000n\000\040\000T\000r\000e\000n\000d}{chapter.5}% 28
\BOOKMARK [1][]{section.5.2}{\376\377\0005\000.\0002\000\040\145\143\060\211\060\160\060\212\060\156\143\007\152\031}{chapter.5}% 29
\BOOKMARK [1][]{section.5.3}{\376\377\0005\000.\0003\000\040\060\307\060\374\060\277\060\156\166\370\133\376\166\204\117\115\177\156}{chapter.5}% 30
\BOOKMARK [1][]{section.5.4}{\376\377\0005\000.\0004\000\040\152\031\156\226\123\026\060\125\060\214\060\137\135\356}{chapter.5}% 31
\BOOKMARK [1][]{section.5.5}{\376\377\0005\000.\0005\000\040\000A\000s\000s\000i\000g\000n\000m\000e\000n\000t}{chapter.5}% 32
\BOOKMARK [0][]{chapter.6}{\376\377\173\054\0006\172\340\000\040\000B\000a\000s\000i\000c\000s\000\040\000o\000f\000\040\000M\000e\000a\000s\000u\000r\000e\000m\000e\000n\000t}{part.1}% 33
\BOOKMARK [1][]{section.6.1}{\376\377\0006\000.\0001\000\040\000T\000e\000s\000t\000s\000\040\000a\000n\000d\000\040\000P\000s\000y\000c\000h\000o\000l\000o\000g\000y}{chapter.6}% 34
\BOOKMARK [1][]{section.6.2}{\376\377\0006\000.\0002\000\040\000M\000e\000a\000s\000u\000r\000e\000m\000e\000n\000t\000\040\000M\000o\000d\000e\000l}{chapter.6}% 35
\BOOKMARK [1][]{section.6.3}{\376\377\0006\000.\0003\000\040\212\244\135\356\060\156\127\372\147\054\166\204\140\047\214\352}{chapter.6}% 36
\BOOKMARK [1][]{section.6.4}{\376\377\0006\000.\0004\000\040\000T\000h\000e\000\040\000r\000e\000l\000a\000t\000i\000o\000n\000s\000h\000i\000p\000\040\000b\000e\000t\000w\000e\000e\000n\000\040\000t\000e\000s\000t\000\040\000v\000a\000r\000i\000a\000n\000c\000e\000,\000\040\000r\000e\000l\000i\000a\000b\000i\000l\000i\000t\000y\000,\000\040\000a\000n\000d\000\040\000v\000a\000l\000i\000d\000i\000t\000y}{chapter.6}% 37
\BOOKMARK [1][]{section.6.5}{\376\377\0006\000.\0005\000\040\000A\000s\000s\000i\000g\000n\000m\000e\000n\000t}{chapter.6}% 38
\BOOKMARK [0][]{chapter.7}{\376\377\173\054\0007\172\340\000\040\000E\000r\000r\000o\000r\000s\000\040\000a\000n\000d\000\040\000P\000r\000o\000b\000a\000b\000i\000l\000i\000t\000y}{part.1}% 39
\BOOKMARK [1][]{section.7.1}{\376\377\0007\000.\0001\000\040\000T\000h\000e\000\040\000N\000u\000m\000b\000e\000r\000\040\000C\000a\000l\000l\000e\000d\000\040\000P\000r\000o\000b\000a\000b\000i\000l\000i\000t\000y}{chapter.7}% 40
\BOOKMARK [1][]{section.7.2}{\376\377\0007\000.\0002\000\040\000P\000r\000o\000b\000a\000b\000i\000l\000i\000t\000y\000\040\000D\000i\000s\000t\000r\000i\000b\000u\000t\000i\000o\000n}{chapter.7}% 41
\BOOKMARK [1][]{section.7.3}{\376\377\0007\000.\0003\000\040\000B\000e\000r\000n\000o\000u\000l\000l\000i\000\040\000D\000i\000s\000t\000r\000i\000b\000u\000t\000i\000o\000n\000\040\000a\000n\000d\000\040\000B\000i\000n\000o\000m\000i\000a\000l\000\040\000D\000i\000s\000t\000r\000i\000b\000u\000t\000i\000o\000n}{chapter.7}% 42
\BOOKMARK [1][]{section.7.4}{\376\377\0007\000.\0004\000\040\000S\000h\000a\000p\000e\000\040\000o\000f\000\040\000t\000h\000e\000\040\000N\000o\000r\000m\000a\000l\000\040\000D\000i\000s\000t\000r\000i\000b\000u\000t\000i\000o\000n}{chapter.7}% 43
\BOOKMARK [1][]{section.7.5}{\376\377\0007\000.\0005\000\040\000F\000u\000n\000c\000t\000i\000o\000n\000\040\000o\000f\000\040\000N\000o\000r\000m\000a\000l\000\040\000D\000i\000s\000t\000r\000i\000b\000u\000t\000i\000o\000n}{chapter.7}% 44
\BOOKMARK [1][]{section.7.6}{\376\377\0007\000.\0006\000\040\152\031\156\226\153\143\211\217\122\006\136\003\060\156\122\051\165\050}{chapter.7}% 45
\BOOKMARK [1][]{section.7.7}{\376\377\0007\000.\0007\000\040\212\262\230\114}{chapter.7}% 46
\BOOKMARK [1][]{section.7.8}{\376\377\0007\000.\0008\000\040\210\334\220\172}{chapter.7}% 47
\BOOKMARK [0][]{chapter.8}{\376\377\173\054\0008\172\340\000\040\000C\000o\000r\000r\000e\000l\000a\000t\000i\000o\000n\000\040\000a\000n\000d\000\040\000C\000a\000u\000s\000a\000l\000i\000t\000y}{part.1}% 48
\BOOKMARK [1][]{section.8.1}{\376\377\0008\000.\0001\000\040\000I\000n\000d\000i\000c\000a\000t\000o\000r\000\040\000o\000f\000\040\000R\000e\000l\000a\000t\000i\000o\000n\000s\000h\000i\000p\000s\000\040\000b\000e\000t\000w\000e\000e\000n\000\040\000V\000a\000r\000i\000a\000b\000l\000e\000s}{chapter.8}% 49
\BOOKMARK [1][]{section.8.2}{\376\377\0008\000.\0002\000\040\166\370\225\242\117\302\145\160\060\156\204\075\060\150\060\127\172\164}{chapter.8}% 50
\BOOKMARK [1][]{section.8.3}{\376\377\0008\000.\0003\000\040\126\340\147\234\225\242\117\302}{chapter.8}% 51
\BOOKMARK [1][]{section.8.4}{\376\377\0008\000.\0004\000\040\116\244\175\141\060\150\060\104\060\106\177\140}{chapter.8}% 52
\BOOKMARK [1][]{section.8.5}{\376\377\0008\000.\0005\000\040\212\262\230\114}{chapter.8}% 53
\BOOKMARK [0][]{chapter.9}{\376\377\173\054\0009\172\340\000\040\000B\000a\000s\000i\000c\000s\000\040\000o\000f\000\040\000L\000i\000n\000e\000a\000r\000\040\000M\000o\000d\000e\000l\000s}{part.1}% 54
\BOOKMARK [1][]{section.9.1}{\376\377\0009\000.\0001\000\040\000C\000o\000r\000r\000e\000l\000a\000t\000i\000o\000n\000\040\000a\000n\000d\000\040\000M\000o\000d\000e\000l}{chapter.9}% 55
\BOOKMARK [1][]{section.9.2}{\376\377\0009\000.\0002\000\040\000P\000r\000e\000d\000i\000c\000t\000i\000o\000n\000\040\000a\000n\000d\000\040\000L\000i\000n\000e\000a\000r\000\040\000M\000o\000d\000e\000l\000s}{chapter.9}% 56
\BOOKMARK [1][]{section.9.3}{\376\377\0009\000.\0003\000\040\147\000\134\017\116\214\116\127\154\325}{chapter.9}% 57
\BOOKMARK [1][]{section.9.4}{\376\377\0009\000.\0004\000\040\116\210\156\054\060\156\212\125\117\241}{chapter.9}% 58
\BOOKMARK [1][]{section.9.5}{\376\377\0009\000.\0005\000\040\000A\000s\000s\000i\000g\000n\000m\000e\000n\000t}{chapter.9}% 59
\BOOKMARK [0][]{chapter.10}{\376\377\173\054\0001\0000\172\340\000\040\000M\000u\000l\000t\000i\000p\000l\000e\000\040\000R\000e\000g\000r\000e\000s\000s\000i\000o\000n\000\040\000A\000n\000a\000l\000y\000s\000i\000s}{part.1}% 60
\BOOKMARK [1][]{section.10.1}{\376\377\0001\0000\000.\0001\000\040\000M\000u\000l\000t\000i\000p\000l\000e\000\040\000R\000e\000g\000r\000e\000s\000s\000i\000o\000n\000\040\000A\000n\000a\000l\000y\000s\000i\000s}{chapter.10}% 61
\BOOKMARK [1][]{section.10.2}{\376\377\0001\0000\000.\0002\000\040\220\350\122\006\166\370\225\242\060\373\120\117\166\370\225\242\060\373\120\117\126\336\136\060\117\302\145\160}{chapter.10}% 62
\BOOKMARK [1][]{section.10.3}{\376\377\0001\0000\000.\0003\000\040\152\031\156\226\123\026\060\125\060\214\060\137\117\302\145\160}{chapter.10}% 63
\BOOKMARK [1][]{section.10.4}{\376\377\0001\0000\000.\0004\000\040\116\312\145\345\060\156\060\176\060\150\060\201}{chapter.10}% 64
\BOOKMARK [1][]{section.10.5}{\376\377\0001\0000\000.\0005\000\040\212\262\230\114}{chapter.10}% 65
\BOOKMARK [0][]{chapter.11}{\376\377\173\054\0001\0001\172\340\000\040\000R\000e\000g\000r\000e\000s\000s\000i\000o\000n\000\040\000A\000n\000a\000l\000y\000s\000i\000s\000\040\000U\000s\000i\000n\000g\000\040\000R}{part.1}% 66
\BOOKMARK [1][]{section.11.1}{\376\377\0001\0001\000.\0001\000\040\000R\000e\000c\000o\000n\000f\000i\000r\000m\000i\000n\000g\000\040\000t\000h\000e\000\040\000E\000n\000v\000i\000r\000o\000n\000m\000e\000n\000t\000\040\000o\000f\000\040\000R}{chapter.11}% 67
\BOOKMARK [1][]{section.11.2}{\376\377\0001\0001\000.\0002\000\040\000I\000m\000p\000l\000e\000m\000e\000n\000t\000i\000n\000g\000\040\000L\000i\000n\000e\000a\000r\000\040\000R\000e\000g\000r\000e\000s\000s\000i\000o\000n}{chapter.11}% 68
\BOOKMARK [1][]{section.11.3}{\376\377\0001\0001\000.\0003\000\040\153\213\135\356\060\113\060\211\060\217\060\113\060\213\060\123\060\150}{chapter.11}% 69
\BOOKMARK [1][]{section.11.4}{\376\377\0001\0001\000.\0004\000\040\221\315\126\336\136\060\122\006\147\220}{chapter.11}% 70
\BOOKMARK [1][]{section.11.5}{\376\377\0001\0001\000.\0005\000\040\212\262\230\114}{chapter.11}% 71
\BOOKMARK [0][]{chapter.12}{\376\377\173\054\0001\0002\172\340\000\040\000E\000x\000p\000e\000r\000i\000m\000e\000n\000t\000a\000l\000\040\000D\000e\000s\000i\000g\000n\000\040\000M\000e\000t\000h\000o\000d\000\040\0001\000;\000\040\000W\000h\000a\000t\000\040\000i\000s\000\040\000t\000h\000e\000\040\000E\000x\000p\000e\000r\000i\000m\000e\000n\000t\000a\000l\000\040\000D\000e\000s\000i\000g\000n\000\040\000M\000e\000t\000h\000o\000d\000?}{part.1}% 72
\BOOKMARK [1][]{section.12.1}{\376\377\0001\0002\000.\0001\000\040\000R\000a\000n\000d\000o\000m\000i\000z\000a\000t\000i\000o\000n}{chapter.12}% 73
\BOOKMARK [1][]{section.12.2}{\376\377\0001\0002\000.\0002\000\040\000O\000r\000g\000a\000n\000i\000z\000a\000t\000i\000o\000n\000\040\000o\000f\000\040\000T\000e\000r\000m\000s}{chapter.12}% 74
\BOOKMARK [1][]{section.12.3}{\376\377\0001\0002\000.\0003\000\040\000W\000h\000y\000\040\000c\000a\000n\000\040\000w\000e\000\040\000s\000e\000e\000\040\000t\000h\000e\000\040\000e\000f\000f\000e\000c\000t\000\040\000i\000n\000\040\000e\000x\000p\000e\000r\000i\000m\000e\000n\000t\000s}{chapter.12}% 75
\BOOKMARK [1][]{section.12.4}{\376\377\0001\0002\000.\0004\000\040\000H\000o\000w\000\040\000i\000s\000\040\000t\000h\000e\000\040\000E\000f\000f\000e\000c\000t\000\040\000E\000v\000a\000l\000u\000a\000t\000e\000d}{chapter.12}% 76
\BOOKMARK [1][]{section.12.5}{\376\377\0001\0002\000.\0005\000\040\000A\000s\000s\000i\000g\000n\000m\000e\000n\000t\000s}{chapter.12}% 77
\BOOKMARK [0][]{chapter.13}{\376\377\173\054\0001\0003\172\340\000\040\000E\000x\000p\000e\000r\000i\000m\000e\000n\000t\000a\000l\000\040\000D\000e\000s\000i\000g\000n\000\040\000M\000e\000t\000h\000o\000d\000\040\0002\000;\000\040\000B\000e\000t\000w\000e\000e\000n\000-\000S\000u\000b\000j\000e\000c\000t\000s\000\040\000D\000e\000s\000i\000g\000n}{part.1}% 78
\BOOKMARK [1][]{section.13.1}{\376\377\0001\0003\000.\0001\000\040\000I\000n\000\040\000t\000h\000e\000\040\000C\000a\000s\000e\000\040\000o\000f\000\040\000T\000w\000o\000\040\000F\000a\000c\000t\000o\000r\000s}{chapter.13}% 79
\BOOKMARK [1][]{section.13.2}{\376\377\0001\0003\000.\0002\000\040\000C\000a\000l\000c\000u\000l\000a\000t\000i\000n\000g\000\040\000t\000h\000e\000\040\000E\000f\000f\000e\000c\000t\000\040\000S\000i\000z\000e}{chapter.13}% 80
\BOOKMARK [1][]{section.13.3}{\376\377\0001\0003\000.\0003\000\040\116\244\116\222\117\134\165\050}{chapter.13}% 81
\BOOKMARK [0][]{chapter.14}{\376\377\173\054\0001\0004\172\340\000\040\000E\000x\000p\000e\000r\000i\000m\000e\000n\000t\000a\000l\000\040\000D\000e\000s\000i\000g\000n\000\040\000M\000e\000t\000h\000o\000d\000\040\0003\000;\000\040\000O\000n\000e\000\040\000F\000a\000c\000t\000o\000r\000\040\000M\000o\000d\000e\000l\000\040\000\050\000W\000i\000t\000h\000i\000n\000\051}{part.1}% 82
\BOOKMARK [1][]{section.14.1}{\376\377\0001\0004\000.\0001\000\040\000I\000n\000\040\000t\000h\000e\000\040\000c\000a\000s\000e\000\040\000o\000f\000\040\000t\000h\000e\000\040\000W\000i\000t\000h\000i\000n\000\040\000P\000l\000a\000n}{chapter.14}% 83
\BOOKMARK [1][]{section.14.2}{\376\377\0001\0004\000.\0002\000\040\177\244\225\223\212\010\165\073\060\150\177\244\121\205\212\010\165\073\060\156\153\324\217\003}{chapter.14}% 84
\BOOKMARK [1][]{section.14.3}{\376\377\0001\0004\000.\0003\000\040\175\332\137\142\060\342\060\307\060\353\060\153\060\210\060\213\210\150\163\376\060\150\201\352\165\061\136\246}{chapter.14}% 85
\BOOKMARK [1][]{section.14.4}{\376\377\0001\0004\000.\0004\000\040\000C\000o\000n\000s\000i\000d\000e\000r\000i\000n\000g\000\040\000w\000i\000t\000h\000\040\000D\000i\000s\000t\000r\000i\000b\000u\000t\000i\000o\000n}{chapter.14}% 86
\BOOKMARK [1][]{section.14.5}{\376\377\0001\0004\000.\0005\000\040\212\262\230\114}{chapter.14}% 87
\BOOKMARK [0][]{chapter.15}{\376\377\173\054\0001\0005\172\340\000\040\000S\000u\000m\000m\000a\000r\000y\000\040\000o\000f\000\040\000t\000h\000e\000\040\000F\000i\000r\000s\000t\000\040\000T\000e\000r\000m}{part.1}% 88
\BOOKMARK [-1][]{part.2}{\376\377\173\054\000I\000I\220\350\000\040\000B\000a\000s\000i\000c\000\040\000P\000s\000y\000c\000h\000o\000l\000o\000g\000i\000c\000a\000l\000\040\000D\000a\000t\000a\000\040\000A\000n\000a\000l\000y\000s\000i\000s\000\040\0001\000B}{}% 89
\BOOKMARK [0][]{chapter.16}{\376\377\173\054\0001\0006\172\340\000\040\000P\000r\000o\000b\000a\000b\000i\000l\000i\000t\000y\000\040\000a\000n\000d\000\040\000S\000t\000a\000t\000i\000s\000t\000i\000c\000a\000l\000\040\000I\000n\000f\000e\000r\000e\000n\000c\000e}{part.2}% 90
\BOOKMARK [1][]{section.16.1}{\376\377\0001\0006\000.\0001\000\040\000P\000o\000p\000u\000l\000a\000t\000i\000o\000n\000\040\000a\000n\000d\000\040\000S\000a\000m\000p\000l\000e}{chapter.16}% 91
\BOOKMARK [1][]{section.16.2}{\376\377\0001\0006\000.\0002\000\040\153\315\226\306\126\343\122\006\136\003\060\150\060\342\060\307\060\353}{chapter.16}% 92
\BOOKMARK [1][]{section.16.3}{\376\377\0001\0006\000.\0003\000\040\152\031\147\054\122\006\136\003\060\150\152\031\156\226\212\244\135\356}{chapter.16}% 93
\BOOKMARK [1][]{section.16.4}{\376\377\0001\0006\000.\0004\000\040\060\176\060\150\060\201}{chapter.16}% 94
\BOOKMARK [1][]{section.16.5}{\376\377\0001\0006\000.\0005\000\040\212\262\230\114}{chapter.16}% 95
\BOOKMARK [0][]{chapter.17}{\376\377\173\054\0001\0007\172\340\000\040\000I\000n\000f\000e\000r\000e\000n\000c\000e\000\040\000a\000n\000d\000\040\000J\000u\000d\000g\000m\000e\000n\000t}{part.2}% 96
\BOOKMARK [1][]{section.17.1}{\376\377\0001\0007\000.\0001\000\040\000U\000n\000b\000i\000a\000s\000e\000d\000\040\000E\000s\000t\000i\000m\000a\000t\000o\000r}{chapter.17}% 97
\BOOKMARK [1][]{section.17.2}{\376\377\0001\0007\000.\0002\000\040\000I\000n\000t\000e\000r\000v\000a\000l\000\040\000E\000s\000t\000i\000m\000a\000t\000i\000o\000n\000\040\000o\000f\000\040\000S\000a\000m\000p\000l\000e\000\040\000M\000e\000a\000n}{chapter.17}% 98
\BOOKMARK [1][]{section.17.3}{\376\377\0001\0007\000.\0003\000\040\152\031\147\054\060\140\060\121\060\113\060\211\143\250\156\054\060\127\060\137\060\104}{chapter.17}% 99
\BOOKMARK [1][]{section.17.4}{\376\377\0001\0007\000.\0004\000\040\143\250\133\232\060\150\151\034\133\232}{chapter.17}% 100
\BOOKMARK [1][]{section.17.5}{\376\377\0001\0007\000.\0005\000\040\212\262\230\114}{chapter.17}% 101
\BOOKMARK [0][]{chapter.18}{\376\377\173\054\0001\0008\172\340\000\040\000N\000u\000l\000l\000\040\000H\000y\000p\000o\000t\000h\000e\000s\000i\000s\000\040\000T\000e\000s\000t\000i\000n\000g}{part.2}% 102
\BOOKMARK [1][]{section.18.1}{\376\377\0001\0008\000.\0001\000\040\000N\000u\000l\000l\000\040\000H\000y\000p\000o\000t\000h\000e\000s\000i\000s\000\040\000S\000i\000g\000n\000i\000f\000i\000c\000a\000n\000c\000e\000\040\000T\000e\000s\000t\000:\000N\000H\000S\000T}{chapter.18}% 103
\BOOKMARK [1][]{section.18.2}{\376\377\0001\0008\000.\0002\000\040\000P\000r\000o\000c\000e\000d\000u\000r\000e\000\040\000f\000o\000r\000\040\000N\000u\000l\000l\000\040\000H\000y\000p\000o\000t\000h\000e\000s\000i\000s\000\040\000T\000e\000s\000t\000i\000n\000g}{chapter.18}% 104
\BOOKMARK [1][]{section.18.3}{\376\377\0001\0008\000.\0003\000\040\000T\000e\000s\000t\000i\000n\000g\000\040\000o\000f\000\040\000a\000\040\000M\000e\000a\000n\000\040\000V\000a\000l\000u\000e}{chapter.18}% 105
\BOOKMARK [1][]{section.18.4}{\376\377\0001\0008\000.\0004\000\040\000T\000e\000s\000t\000i\000n\000g\000\040\000t\000h\000e\000\040\000c\000o\000r\000r\000e\000l\000a\000t\000i\000o\000n\000\040\000c\000o\000e\000f\000f\000i\000c\000i\000e\000n\000t}{chapter.18}% 106
\BOOKMARK [1][]{section.18.5}{\376\377\0001\0008\000.\0005\000\040\000A\000s\000s\000i\000g\000n\000m\000e\000n\000t}{chapter.18}% 107
\BOOKMARK [0][]{chapter.19}{\376\377\173\054\0001\0009\172\340\000\040\000C\000a\000u\000t\000i\000o\000n\000s\000\040\000f\000o\000r\000\040\000N\000u\000l\000l\000\040\000H\000y\000p\000o\000t\000h\000e\000s\000i\000s\000\040\000S\000i\000g\000n\000i\000f\000i\000c\000a\000n\000c\000e\000\040\000T\000e\000s\000t\000i\000n\000g}{part.2}% 108
\BOOKMARK [1][]{section.19.1}{\376\377\0001\0009\000.\0001\000\040\000H\000o\000w\000\040\000t\000o\000\040\000R\000e\000p\000o\000r\000t\000\040\000R\000e\000s\000u\000l\000t\000s}{chapter.19}% 109
\BOOKMARK [1][]{section.19.2}{\376\377\0001\0009\000.\0002\000\040\000W\000h\000a\000t\000\040\000i\000s\000\040\000s\000t\000a\000t\000i\000s\000t\000i\000c\000a\000l\000l\000y\000\040\000s\000i\000g\000n\000i\000f\000i\000c\000a\000n\000t}{chapter.19}% 110
\BOOKMARK [1][]{section.19.3}{\376\377\0001\0009\000.\0003\000\040\000T\000w\000o\000\040\000T\000y\000p\000e\000s\000\040\000o\000f\000\040\000E\000r\000r\000o\000r\000s\000\040\000i\000n\000\040\000H\000y\000p\000o\000t\000h\000e\000s\000i\000s\000\040\000T\000e\000s\000t\000i\000n\000g}{chapter.19}% 111
\BOOKMARK [1][]{section.19.4}{\376\377\0001\0009\000.\0004\000\040\000E\000f\000f\000e\000c\000t\000\040\000S\000i\000z\000e\000\040\000a\000n\000d\000\040\000S\000a\000m\000p\000l\000e\000\040\000D\000e\000s\000i\000g\000n}{chapter.19}% 112
\BOOKMARK [1][]{section.19.5}{\376\377\0001\0009\000.\0005\000\040\000A\000s\000s\000i\000g\000n\000m\000e\000n\000t}{chapter.19}% 113
\BOOKMARK [0][]{chapter.20}{\376\377\173\054\0002\0000\172\340\000\040\000D\000i\000f\000f\000e\000r\000e\000n\000c\000e\000\040\000i\000n\000\040\000M\000e\000a\000n\000\040\000V\000a\000l\000u\000e\000s\000\040\000b\000e\000t\000w\000e\000e\000n\000\040\000T\000w\000o\000\040\000G\000r\000o\000u\000p\000s}{part.2}% 114
\BOOKMARK [1][]{section.20.1}{\376\377\0002\0000\000.\0001\000\040\000R\060\153\060\210\060\213\133\237\215\365\377\033\133\376\137\334\060\156\060\102\060\213\000t\151\034\133\232}{chapter.20}% 115
\BOOKMARK [1][]{section.20.2}{\376\377\0002\0000\000.\0002\000\040\000R\060\153\060\210\060\213\133\237\215\365\377\033\133\376\137\334\060\156\060\152\060\104\000t\151\034\133\232}{chapter.20}% 116
\BOOKMARK [1][]{section.20.3}{\376\377\0002\0000\000.\0003\000\040\212\262\230\114}{chapter.20}% 117
\BOOKMARK [0][]{chapter.21}{\376\377\173\054\0002\0001\172\340\000\040\000D\000e\000s\000i\000g\000n\000\040\000o\000f\000\040\000E\000x\000p\000e\000r\000i\000m\000e\000n\000t\000s\000\040\000a\000n\000d\000\040\000T\000e\000s\000t\000i\000n\000g\000\040\000o\000f\000\040\000M\000e\000a\000n\000\040\000D\000i\000f\000f\000e\000r\000e\000n\000c\000e\000s}{part.2}% 118
\BOOKMARK [1][]{section.21.1}{\376\377\0002\0001\000.\0001\000\040\000C\000o\000m\000p\000a\000r\000i\000s\000o\000n\000\040\000o\000f\000\040\000M\000e\000a\000n\000\040\000V\000a\000l\000u\000e\000s\000\040\000a\000n\000d\000\040\000M\000o\000d\000e\000l\000\040\000C\000o\000m\000p\000a\000r\000i\000s\000o\000n}{chapter.21}% 119
\BOOKMARK [1][]{section.21.2}{\376\377\0002\0001\000.\0002\000\040\116\000\211\201\126\340\000B\000e\000t\000w\000e\000e\000n\060\307\060\266\060\244\060\363\060\156\151\034\133\232}{chapter.21}% 120
\BOOKMARK [1][]{section.21.3}{\376\377\0002\0001\000.\0003\000\040\000V\000e\000r\000i\000f\000i\000c\000a\000t\000i\000o\000n\000\040\000o\000f\000\040\000t\000h\000e\000\040\000T\000w\000o\000-\000F\000a\000c\000t\000o\000r\000\040\000P\000l\000a\000n\000n\000i\000n\000g\000\040\000M\000o\000d\000e\000l}{chapter.21}% 121
\BOOKMARK [1][]{section.21.4}{\376\377\0002\0001\000.\0004\000\040\000A\000s\000s\000i\000g\000n\000m\000e\000n\000t}{chapter.21}% 122
\BOOKMARK [0][]{chapter.22}{\376\377\173\054\0002\0002\172\340\000\040\000V\000a\000r\000i\000a\000n\000c\000e\000\040\000A\000n\000a\000l\000y\000s\000i\000s\000\040\000u\000s\000i\000n\000g\000\040\000R}{part.2}% 123
\BOOKMARK [1][]{section.22.1}{\376\377\0002\0002\000.\0001\000\040\116\000\211\201\126\340\000B\000e\000t\000w\000e\000e\000n\212\010\165\073\060\156\133\237\226\233}{chapter.22}% 124
\BOOKMARK [1][]{section.22.2}{\376\377\0002\0002\000.\0002\000\040\000R\000e\000a\000l\000i\000t\000y\000\040\000o\000f\000\040\000O\000n\000e\000-\000F\000a\000c\000t\000o\000r\000\040\000B\000e\000t\000w\000e\000e\000n\000-\000G\000r\000o\000u\000p\000\040\000D\000e\000s\000i\000g\000n}{chapter.22}% 125
\BOOKMARK [1][]{section.22.3}{\376\377\0002\0002\000.\0003\000\040\000T\000a\000s\000k}{chapter.22}% 126
\BOOKMARK [0][]{chapter.23}{\376\377\173\054\0002\0003\172\340\000\040\000T\000h\000e\000\040\000r\000e\000l\000a\000t\000i\000o\000n\000s\000h\000i\000p\000\040\000b\000e\000t\000w\000e\000e\000n\000\040\000p\000r\000o\000b\000a\000b\000i\000l\000i\000t\000y\000\040\000d\000i\000s\000t\000r\000i\000b\000u\000t\000i\000o\000n\000\040\000a\000n\000d\000\040\000d\000a\000t\000a}{part.2}% 127
\BOOKMARK [1][]{section.23.1}{\376\377\0002\0003\000.\0001\000\040\000I\000n\000f\000e\000r\000e\000n\000c\000e\000\040\000b\000y\000\040\000P\000r\000o\000b\000a\000b\000i\000l\000i\000t\000y\000\040\000M\000o\000d\000e\000l}{chapter.23}% 128
\BOOKMARK [1][]{section.23.2}{\376\377\0002\0003\000.\0002\000\040\000P\000r\000o\000b\000a\000b\000i\000l\000i\000t\000y\000\040\000f\000u\000n\000c\000t\000i\000o\000n\000\040\000a\000n\000d\000\040\000L\000i\000k\000e\000l\000i\000h\000o\000o\000d\000\040\000f\000u\000n\000c\000t\000i\000o\000n}{chapter.23}% 129
\BOOKMARK [1][]{section.23.3}{\376\377\0002\0003\000.\0003\000\040\147\000\134\044\143\250\133\232}{chapter.23}% 130
\BOOKMARK [1][]{section.23.4}{\376\377\0002\0003\000.\0004\000\040\133\376\145\160\134\044\136\246\225\242\145\160}{chapter.23}% 131
\BOOKMARK [1][]{section.23.5}{\376\377\0002\0003\000.\0005\000\040\000L\000i\000k\000e\000l\000i\000h\000o\000o\000d\000\040\000F\000u\000n\000c\000t\000i\000o\000n\000\040\000o\000f\000\040\000N\000o\000r\000m\000a\000l\000\040\000D\000i\000s\000t\000r\000i\000b\000u\000t\000i\000o\000n}{chapter.23}% 132
\BOOKMARK [1][]{section.23.6}{\376\377\0002\0003\000.\0006\000\040\000A\000s\000s\000i\000g\000n\000m\000e\000n\000t}{chapter.23}% 133
\BOOKMARK [0][]{chapter.24}{\376\377\173\054\0002\0004\172\340\000\040\000M\000a\000x\000i\000m\000u\000m\000\040\000L\000i\000k\000e\000l\000i\000h\000o\000o\000d\000\040\000E\000s\000t\000i\000m\000a\000t\000i\000o\000n\000\040\000o\000f\000\040\000R\000e\000g\000r\000e\000s\000s\000i\000o\000n\000\040\000A\000n\000a\000l\000y\000s\000i\000s}{part.2}% 134
\BOOKMARK [1][]{section.24.1}{\376\377\0002\0004\000.\0001\000\040\000R\000e\000g\000r\000e\000s\000s\000i\000o\000n\000\040\000A\000n\000a\000l\000y\000s\000i\000s\000\040\000a\000n\000d\000\040\000E\000r\000r\000o\000r\000\040\000D\000i\000s\000t\000r\000i\000b\000u\000t\000i\000o\000n}{chapter.24}% 135
\BOOKMARK [1][]{section.24.2}{\376\377\0002\0004\000.\0002\000\040\000P\000r\000o\000b\000a\000b\000i\000l\000i\000t\000y\000\040\000M\000o\000d\000e\000l}{chapter.24}% 136
\BOOKMARK [1][]{section.24.3}{\376\377\0002\0004\000.\0003\000\040\000M\000a\000x\000i\000m\000u\000m\000\040\000L\000i\000k\000e\000l\000i\000h\000o\000o\000d\000\040\000E\000s\000t\000i\000m\000a\000t\000i\000o\000n\000\040\000o\000f\000\040\000P\000r\000o\000b\000a\000b\000i\000l\000i\000t\000y\000\040\000M\000o\000d\000e\000l\000s}{chapter.24}% 137
\BOOKMARK [1][]{section.24.4}{\376\377\0002\0004\000.\0004\000\040\000P\000r\000o\000b\000l\000e\000m}{chapter.24}% 138
\BOOKMARK [0][]{chapter.25}{\376\377\173\054\0002\0005\172\340\000\040\000B\000a\000s\000i\000c\000s\000\040\000o\000f\000\040\000B\000a\000y\000e\000s\000i\000a\000n\000\040\000I\000n\000f\000e\000r\000e\000n\000c\000e}{part.2}% 139
\BOOKMARK [1][]{section.25.1}{\376\377\0002\0005\000.\0001\000\040\000B\000a\000y\000e\000s\000'\000\040\000T\000h\000e\000o\000r\000e\000m}{chapter.25}% 140
\BOOKMARK [1][]{section.25.2}{\376\377\0002\0005\000.\0002\000\040\060\331\060\244\060\272\060\156\133\232\164\006\060\156\141\017\124\163}{chapter.25}% 141
\BOOKMARK [1][]{section.25.3}{\376\377\0002\0005\000.\0003\000\040\000E\000x\000a\000m\000p\000l\000e\000\040\000o\000f\000\040\000I\000n\000f\000e\000r\000e\000n\000c\000e\000\040\000U\000s\000i\000n\000g\000\040\000B\000a\000y\000e\000s\000'\000\040\000T\000h\000e\000o\000r\000e\000m}{chapter.25}% 142
\BOOKMARK [1][]{section.25.4}{\376\377\0002\0005\000.\0004\000\040\000A\000s\000s\000i\000g\000n\000m\000e\000n\000t}{chapter.25}% 143
\BOOKMARK [0][]{chapter.26}{\376\377\173\054\0002\0006\172\340\000\040\000P\000r\000a\000c\000t\000i\000c\000a\000l\000\040\000B\000a\000y\000e\000s\000\040\000I\000n\000f\000e\000r\000e\000n\000c\000e}{part.2}% 144
\BOOKMARK [1][]{section.26.1}{\376\377\0002\0006\000.\0001\000\040\000P\000r\000i\000o\000r\000\040\000D\000i\000s\000t\000r\000i\000b\000u\000t\000i\000o\000n\000\040\000a\000n\000d\000\040\000P\000o\000s\000t\000e\000r\000i\000o\000r\000\040\000D\000i\000s\000t\000r\000i\000b\000u\000t\000i\000o\000n}{chapter.26}% 145
\BOOKMARK [1][]{section.26.2}{\376\377\0002\0006\000.\0002\000\040\116\213\137\214\122\006\136\003\060\222\116\343\210\150\060\131\060\213\145\160\133\127}{chapter.26}% 146
\BOOKMARK [1][]{section.26.3}{\376\377\0002\0006\000.\0003\000\040\0003\060\144\060\156\143\250\133\232\154\325}{chapter.26}% 147
\BOOKMARK [1][]{section.26.4}{\376\377\0002\0006\000.\0004\000\040\116\213\122\115\122\006\136\003\060\150\134\044\136\246\060\156\142\230\210\167}{chapter.26}% 148
\BOOKMARK [1][]{section.26.5}{\376\377\0002\0006\000.\0005\000\040\212\262\230\114}{chapter.26}% 149
\BOOKMARK [0][]{chapter.27}{\376\377\173\054\0002\0007\172\340\000\040\000B\000a\000y\000e\000s\000i\000a\000n\000\040\000E\000s\000t\000i\000m\000a\000t\000i\000o\000n\000\040\000a\000n\000d\000\040\000J\000u\000d\000g\000m\000e\000n\000t}{part.2}% 150
\BOOKMARK [1][]{section.27.1}{\376\377\0002\0007\000.\0001\000\040\000B\000a\000y\000e\000s\000'\000\040\000T\000h\000e\000o\000r\000e\000m\000\040\000a\000n\000d\000\040\000N\000u\000l\000l\000\040\000H\000y\000p\000o\000t\000h\000e\000s\000i\000s\000\040\000T\000e\000s\000t\000i\000n\000g}{chapter.27}% 151
\BOOKMARK [1][]{section.27.2}{\376\377\0002\0007\000.\0002\000\040\000D\000e\000t\000e\000r\000m\000i\000n\000a\000t\000i\000o\000n\000\040\000b\000y\000\040\000I\000n\000t\000e\000r\000v\000a\000l\000s}{chapter.27}% 152
\BOOKMARK [1][]{section.27.3}{\376\377\0002\0007\000.\0003\000\040\000B\000a\000y\000e\000s\000\040\000F\000a\000c\000t\000o\000r}{chapter.27}% 153
\BOOKMARK [1][]{section.27.4}{\376\377\0002\0007\000.\0004\000\040\000A\000d\000v\000a\000n\000t\000a\000g\000e\000s\000\040\000o\000f\000\040\000B\000a\000y\000e\000s\000i\000a\000n\000\040\000E\000s\000t\000i\000m\000a\000t\000i\000o\000n}{chapter.27}% 154
\BOOKMARK [0][]{chapter.28}{\376\377\173\054\0002\0008\172\340\000\040\000P\000r\000a\000c\000t\000i\000c\000a\000l\000\040\000B\000a\000y\000e\000s\000i\000a\000n\000\040\000E\000s\000t\000i\000m\000a\000t\000i\000o\000n\000\040\000w\000i\000t\000h\000\040\000J\000A\000S\000P}{part.2}% 155
\BOOKMARK [1][]{section.28.1}{\376\377\0002\0008\000.\0001\000\040\000M\000e\000t\000h\000o\000d\000\040\000o\000f\000\040\000B\000a\000y\000e\000s\000i\000a\000n\000\040\000E\000s\000t\000i\000m\000a\000t\000i\000o\000n}{chapter.28}% 156
\BOOKMARK [1][]{section.28.2}{\376\377\0002\0008\000.\0002\000\040\000J\000A\000S\000P\060\156\134\016\121\145}{chapter.28}% 157
\BOOKMARK [1][]{section.28.3}{\376\377\0002\0008\000.\0003\000\040\000J\000A\000S\000P\060\153\060\210\060\213\166\370\225\242\060\373\126\336\136\060\122\006\147\220}{chapter.28}% 158
\BOOKMARK [1][]{section.28.4}{\376\377\0002\0008\000.\0004\000\040\136\163\127\107\120\044\060\156\153\324\217\003}{chapter.28}% 159
\BOOKMARK [0][]{chapter.29}{\376\377\173\054\0002\0009\172\340\000\040\000B\000a\000y\000e\000s\000i\000a\000n\000\040\000E\000s\000t\000i\000m\000a\000t\000i\000o\000n\000\040\000u\000s\000i\000n\000g\000\040\000R}{part.2}% 160
\BOOKMARK [1][]{section.29.1}{\376\377\0002\0009\000.\0001\000\040\000P\000r\000e\000p\000a\000r\000i\000n\000g\000\040\000t\000h\000e\000\040\000E\000n\000v\000i\000r\000o\000n\000m\000e\000n\000t}{chapter.29}% 161
\BOOKMARK [1][]{section.29.2}{\376\377\0002\0009\000.\0002\000\040\000E\000s\000t\000i\000m\000a\000t\000i\000o\000n\000\040\000o\000f\000\040\000R\000e\000g\000r\000e\000s\000s\000i\000o\000n\000\040\000A\000n\000a\000l\000y\000s\000i\000s}{chapter.29}% 162
\BOOKMARK [1][]{section.29.3}{\376\377\0002\0009\000.\0003\000\040\000E\000s\000t\000i\000m\000a\000t\000i\000o\000n\000\040\000o\000f\000\040\000F\000a\000c\000t\000o\000r\000i\000a\000l\000\040\000D\000e\000s\000i\000g\000n}{chapter.29}% 163
\BOOKMARK [1][]{section.29.4}{\376\377\0002\0009\000.\0004\000\040\000E\000s\000t\000i\000m\000a\000t\000i\000o\000n\000\040\000o\000f\000\040\000I\000n\000-\000g\000r\000o\000u\000p\000\040\000M\000o\000d\000e\000l}{chapter.29}% 164
\BOOKMARK [1][]{section.29.5}{\376\377\0002\0009\000.\0005\000\040\212\262\230\114}{chapter.29}% 165
\BOOKMARK [0][]{chapter.30}{\376\377\173\054\0003\0000\172\340\000\040\000S\000u\000m\000m\000a\000r\000y\000\040\000o\000f\000\040\000t\000h\000e\000\040\000S\000e\000c\000o\000n\000d\000\040\000H\000a\000l\000f}{part.2}% 166
\BOOKMARK [0][]{appendix.A}{\376\377\116\330\223\062\000A\000\040\226\373\133\120\212\010\173\227\152\137\060\156\060\244\060\355\060\317}{part.2}% 167
\BOOKMARK [1][]{section.A.1}{\376\377\000A\000.\0001\000\040\122\115\177\156\060\115}{appendix.A}% 168
\BOOKMARK [1][]{section.A.2}{\376\377\000A\000.\0002\000\040\060\263\060\363\060\324\060\345\060\374\060\277\060\156\127\372\171\016}{appendix.A}% 169
\BOOKMARK [1][]{section.A.3}{\376\377\000A\000.\0003\000\040\060\263\060\363\060\324\060\345\060\374\060\277\060\156\153\164\123\362}{appendix.A}% 170
\BOOKMARK [1][]{section.A.4}{\376\377\000A\000.\0004\000\040\140\305\130\061\060\156\123\130\117\115}{appendix.A}% 171
\BOOKMARK [1][]{section.A.5}{\376\377\000A\000.\0005\000\040\060\325\060\241\060\244\060\353\060\156\172\056\230\136\060\150\142\341\137\065\133\120}{appendix.A}% 172
\BOOKMARK [1][]{section.A.6}{\376\377\000A\000.\0006\000\040\060\257\060\351\060\246\060\311\060\150\060\157}{appendix.A}% 173
\BOOKMARK [1][]{section.A.7}{\376\377\000A\000.\0007\000\040\060\325\060\241\060\244\060\353\060\156\117\115\177\156\060\156\143\007\133\232}{appendix.A}% 174
\BOOKMARK [1][]{section.A.8}{\376\377\000A\000.\0008\000\040\060\325\060\241\060\244\060\353\060\156\060\320\060\374\060\270\060\347\060\363\173\241\164\006}{appendix.A}% 175
\BOOKMARK [1][]{section.A.9}{\376\377\000A\000.\0009\000\040\060\112\060\217\060\212\060\153}{appendix.A}% 176
\BOOKMARK [0][]{appendix.B}{\376\377\116\330\223\062\000B\000\040\060\210\060\117\060\102\060\213\214\352\125\117\060\150\060\337\060\271\060\156\117\213}{part.2}% 177
\BOOKMARK [1][]{section.B.1}{\376\377\000B\000.\0001\000\040\000F\000r\000e\000q\000u\000e\000n\000t\000l\000y\000\040\000M\000i\000s\000s\000\040\000a\000n\000d\000\040\000C\000o\000m\000m\000e\000n\000t\000s}{appendix.B}% 178
\BOOKMARK [1][]{section.B.2}{\376\377\000B\000.\0002\000\040\000F\000r\000e\000q\000u\000e\000n\000t\000l\000y\000\040\000A\000s\000k\000e\000d\000\040\000Q\000u\000e\000s\000t\000i\000o\000n\000s\377\033\060\210\060\117\060\102\060\213\214\352\125\117\060\150\173\124\060\110}{appendix.B}% 179
\BOOKMARK [0][]{appendix.C}{\376\377\116\330\223\062\000C\000\040\060\256\060\352\060\267\060\242\145\207\133\127\116\000\211\247}{part.2}% 180
\BOOKMARK [0][]{appendix.D}{\376\377\116\330\223\062\000D\000\040\212\030\123\367\060\156\121\145\122\233\060\150\060\255\060\374\060\334\060\374\060\311\060\156\130\064\142\100}{part.2}% 181
\BOOKMARK [0][]{figure.D.3}{\376\377\000R\000e\000f\000e\000r\000e\000n\000c\000e\000s}{part.2}% 182
\BOOKMARK [0][]{figure.D.3}{\376\377\000I\000n\000d\000e\000x}{part.2}% 183
