INFO:  latexindent.pl version 3.23.5, 2024-01-01, a script to indent .tex files
       latexindent.pl lives here: /usr/local/Cellar/latexindent/3.23.5/libexec/bin/
       Thu Jan 11 12:09:47 2024
       Filename: ./course_materials/tex_Eng/m11_Regression_onR_escape_03.tex
INFO:  Processing switches:
       -w|--overwrite: Overwrite mode active, will make a back up before overwriting
INFO:  Directory for backup files and indent.log:
       ./course_materials/tex_Eng
INFO:  Perl modules are being loaded from the following directories:
       /usr/local/opt/perl/lib/perl5/5.38/FindBin.pm
       /usr/local/Cellar/latexindent/3.23.5/libexec/lib/perl5/YAML/Tiny.pm
       /usr/local/opt/perl/lib/perl5/5.38/File/Copy.pm
       /usr/local/opt/perl/lib/perl5/5.38/File/Basename.pm
       /usr/local/opt/perl/lib/perl5/5.38/Getopt/Long.pm
       /usr/local/Cellar/latexindent/3.23.5/libexec/lib/perl5/File/HomeDir.pm
INFO:  LatexIndent perl modules are being loaded from, for example:
       /usr/local/Cellar/latexindent/3.23.5/libexec/lib/perl5/LatexIndent/Document.pm
INFO:  YAML settings read: defaultSettings.yaml
       Reading defaultSettings.yaml from /usr/local/Cellar/latexindent/3.23.5/libexec/bin/defaultSettings.yaml
INFO:  YAML reading settings
       Home directory is /Users/napier3
       latexindent.pl didn't find indentconfig.yaml or .indentconfig.yaml
       see all possible locations: https://latexindentpl.readthedocs.io/en/latest/sec-appendices.html#indentconfig-options)
INFO:  Backup procedure (-w flag active):
       Backing up ./course_materials/tex_Eng/m11_Regression_onR_escape_03.tex to ./course_materials/tex_Eng/m11_Regression_onR_escape_03.bak0...
       ./course_materials/tex_Eng/m11_Regression_onR_escape_03.tex will be overwritten after indentation
INFO:  Phase 1: searching for objects
       No objects found.
INFO:  Phase 2: finding surrounding indentation
INFO:  Phase 3: indenting objects
INFO:  Phase 4: final indentation check
INFO:  Output routine:
       Overwriting file ./course_materials/tex_Eng/m11_Regression_onR_escape_03.tex
       --------------
INFO:  Please direct all communication/issues to:
        https://github.com/cmhughes/latexindent.pl
