LaTeX Warning: Citation 'Michimata200903' on page 15 undefined on input line 25
LaTeX Warning: Citation 'Shimoyama2001' on page 16 undefined on input line 45.
LaTeX Warning: Citation 'Shimoyama2001' on page 16 undefined on input line 49.
LaTeX Warning: Citation 'Shimoyama2001' on page 16 undefined on input line 49.
LaTeX Warning: Citation 'IkeuchiR2014' on page 17 undefined on input line 84.
LaTeX Warning: Citation 'Hebizo2016' on page 17 undefined on input line 84.
LaTeX Warning: Citation 'Descartes' on page 18 undefined on input line 89.
LaTeX Warning: Citation 'Suenaga1987' on page 24 undefined on input line 54.
LaTeX Warning: Citation 'Suenaga1987' on page 24 undefined on input line 54.
LaTeX Warning: Citation 'stevens1946' on page 27 undefined on input line 124.
LaTeX Warning: Citation 'stevens1946' on page 29 undefined on input line 161.
LaTeX Warning: Citation 'stevens1946' on page 29 undefined on input line 161.
LaTeX Warning: Citation 'Yoshino2007' on page 29 undefined on input line 161.
LaTeX Warning: Citation 'ggplot2' on page 31 undefined on input line 188.
LaTeX Warning: Citation 'Kieran2018' on page 31 undefined on input line 216.
LaTeX Warning: Citation 'Kinosady2021' on page 31 undefined on input line 216.
LaTeX Warning: Citation 'Takagi196807' on page 33 undefined on input line 235.
LaTeX Warning: Citation 'Kieran2018' on page 33 undefined on input line 236.
LaTeX Warning: Citation 'Kieran2018' on page 33 undefined on input line 237.
LaTeX Warning: Citation 'kosugi2019' on page 41 undefined on input line 83.
LaTeX Warning: Citation 'tidyverse' on page 50 undefined on input line 265.
LaTeX Warning: Citation 'Ikeda2016' on page 56 undefined on input line 457.
LaTeX Warning: Citation 'Takahashi201805' on page 63 undefined on input line 10
LaTeX Warning: Citation 'Kinosady2021' on page 63 undefined on input line 105.
LaTeX Warning: Citation 'kosugi2019' on page 63 undefined on input line 105.
LaTeX Warning: Citation 'Kinosady2021' on page 65 undefined on input line 183.
LaTeX Warning: Reference `RS:readcev_tidyverse' on page 66 undefined on input l
LaTeX Warning: Citation 'Kieran2018' on page 70 undefined on input line 332.
LaTeX Warning: Citation 'ggplot2' on page 70 undefined on input line 334.
LaTeX Warning: Citation 'soumu' on page 77 undefined on input line 514.
LaTeX Warning: Citation 'Hadley2014' on page 78 undefined on input line 575.
LaTeX Warning: Citation 'Kinosady2021' on page 80 undefined on input line 660.
LaTeX Warning: Citation 'TDE2022' on page 88 undefined on input line 207.
LaTeX Warning: Citation 'Hanage2017' on page 91 undefined on input line 267.
LaTeX Warning: Citation 'Kant1961' on page 95 undefined on input line 11.
LaTeX Warning: Citation 'Kurosaki2000' on page 95 undefined on input line 11.
LaTeX Warning: Citation 'Watanabe2019' on page 96 undefined on input line 27.
LaTeX Warning: Citation 'Oshio2020' on page 96 undefined on input line 27.
LaTeX Warning: Citation 'Jerry2019' on page 98 undefined on input line 50.
LaTeX Warning: Citation 'kosugi2016b' on page 104 undefined on input line 157.
LaTeX Warning: Citation 'kosugi2018' on page 104 undefined on input line 172.
LaTeX Warning: Citation 'Minaka2018' on page 114 undefined on input line 212.
LaTeX Warning: Citation 'Naganuma2201611' on page 118 undefined on input line 2
LaTeX Warning: Citation 'Naganuma2201611' on page 118 undefined on input line 2
LaTeX Warning: Citation 'Naganuma2201611' on page 118 undefined on input line 2
LaTeX Warning: Citation 'Maor_Eli2019-01-10' on page 125 undefined on input lin
LaTeX Warning: Citation 'Nishiuchi201712' on page 125 undefined on input line 4
LaTeX Warning: Citation 'Naganuma2201611' on page 125 undefined on input line 4
LaTeX Warning: Citation 'matejka2017same' on page 133 undefined on input line 9
LaTeX Warning: Citation 'Yasui2019' on page 139 undefined on input line 228.
LaTeX Warning: Citation 'Yasui2019' on page 139 undefined on input line 230.
LaTeX Warning: Citation 'Takahashi20220210' on page 139 undefined on input line
LaTeX Warning: Citation 'kosugi2018' on page 146 undefined on input line 149.
LaTeX Warning: Citation 'Nishiuchi201712' on page 146 undefined on input line 1
LaTeX Warning: Citation 'kosugi2018' on page 149 undefined on input line 234.
LaTeX Warning: Citation 'kosugi2018' on page 150 undefined on input line 253.
LaTeX Warning: Citation 'kosugi2018' on page 170 undefined on input line 182.
LaTeX Warning: Citation 'Shiina2013' on page 217 undefined on input line 92.
LaTeX Warning: Citation 'wasserstein2016asa' on page 233 undefined on input lin
LaTeX Warning: Citation 'amrhein2019scientists' on page 233 undefined on input 
LaTeX Warning: Citation 'Toyoda202003' on page 233 undefined on input line 19.
LaTeX Warning: Citation 'Haebara200206' on page 238 undefined on input line 157
LaTeX Warning: Citation 'Hirakawa2021' on page 238 undefined on input line 157.
LaTeX Warning: Citation 'BA33892274' on page 247 undefined on input line 97.
LaTeX Warning: Citation 'Mizumoto2010' on page 249 undefined on input line 146.
LaTeX Warning: Citation 'effsize' on page 264 undefined on input line 351.
LaTeX Warning: Citation 'BA33892274' on page 278 undefined on input line 393.
LaTeX Warning: Citation 'Haebara200206' on page 291 undefined on input line 196
LaTeX Warning: Citation 'lambert2018student' on page 308 undefined on input lin
LaTeX Warning: Citation 'Gilboa2014' on page 329 undefined on input line 157.
LaTeX Warning: Citation 'shigemasu2019' on page 329 undefined on input line 157
LaTeX Warning: Citation 'mcgrayne2011theory' on page 336 undefined on input lin
LaTeX Warning: Citation 'Hamada201912' on page 337 undefined on input line 56.
LaTeX Warning: Citation 'bayestestR' on page 340 undefined on input line 111.
LaTeX Warning: Citation 'Lee201709' on page 343 undefined on input line 155.
LaTeX Warning: Citation 'Maeda2017' on page 348 undefined on input line 32.
LaTeX Warning: Citation 'Toyoda2009' on page 350 undefined on input line 65.
LaTeX Warning: Citation 'kruschke2018rejecting' on page 351 undefined on input 
LaTeX Warning: Citation 'kruschke2018rejecting' on page 351 undefined on input 
LaTeX Warning: Citation 'kruschke2018rejecting' on page 351 undefined on input 
LaTeX Warning: Citation 'Hamada201912' on page 353 undefined on input line 118.
LaTeX Warning: Citation 'Lee201709' on page 353 undefined on input line 120.
LaTeX Warning: Citation 'JAGS' on page 360 undefined on input line 67.
LaTeX Warning: Citation 'stan2017' on page 360 undefined on input line 67.
LaTeX Warning: Citation 'Lee201709' on page 360 undefined on input line 67.
LaTeX Warning: Citation 'brmsCite1' on page 361 undefined on input line 77.
LaTeX Warning: Citation 'brmsCite2' on page 361 undefined on input line 77.
LaTeX Warning: Citation 'blavaanCite1' on page 361 undefined on input line 77.
LaTeX Warning: Citation 'blavaanCite2' on page 361 undefined on input line 77.
LaTeX Warning: Citation 'Lee201709' on page 370 undefined on input line 314.
LaTeX Warning: Citation 'brmsCite1' on page 373 undefined on input line 12.
LaTeX Warning: Citation 'brmsCite2' on page 373 undefined on input line 12.
LaTeX Warning: Citation 'Baba201907' on page 374 undefined on input line 21.
LaTeX Warning: Citation 'bayestestR' on page 377 undefined on input line 151.
LaTeX Warning: Citation 'UserIlluision2002' on page 390 undefined on input line
LaTeX Warning: Citation 'Isaacson2012' on page 390 undefined on input line 31.
LaTeX Warning: Citation 'Miura201705' on page 419 undefined on input line 15.
LaTeX Warning: Citation 'Shimoyama2001' on page 419 undefined on input line 21.
LaTeX Warning: Citation 'Miura201705' on page 420 undefined on input line 26.
LaTeX Warning: Citation 'Kawabata201408' on page 420 undefined on input line 27
LaTeX Warning: Citation 'Daihiko201507' on page 420 undefined on input line 46.
LaTeX Warning: Citation 'Michimata200903' on page 420 undefined on input line 4
LaTeX Warning: Citation 'Kikuchi2018' on page 420 undefined on input line 46.
LaTeX Warning: Citation 'Ohashi201610' on page 420 undefined on input line 46.
LaTeX Warning: Citation 'Yamada2004' on page 421 undefined on input line 15.
LaTeX Warning: Citation 'Yamauchi201001' on page 421 undefined on input line 20
LaTeX Warning: Citation 'Miura201705' on page 421 undefined on input line 20.
LaTeX Warning: Citation 'Toyoda1992' on page 421 undefined on input line 20.
LaTeX Warning: Citation 'Kawabata201408' on page 421 undefined on input line 25
LaTeX Warning: Citation 'Yamada2004' on page 421 undefined on input line 25.
LaTeX Warning: Citation 'Kinosady2021' on page 421 undefined on input line 30.
LaTeX Warning: Citation 'Kieran2018' on page 421 undefined on input line 30.
LaTeX Warning: Citation 'Rosling2019' on page 422 undefined on input line 49.
LaTeX Warning: Citation 'Miura201705' on page 422 undefined on input line 49.
LaTeX Warning: Citation 'Kawabata201408' on page 422 undefined on input line 49
LaTeX Warning: Citation 'Yamada2004' on page 422 undefined on input line 49.
LaTeX Warning: Citation 'kosugi2018' on page 422 undefined on input line 49.
LaTeX Warning: Citation 'kosugi2019' on page 422 undefined on input line 49.
LaTeX Warning: Citation 'kosugi2019' on page 423 undefined on input line 20.
LaTeX Warning: Citation 'kosugi2019' on page 423 undefined on input line 20.
LaTeX Warning: Citation 'kosugi2019' on page 424 undefined on input line 19.
LaTeX Warning: Citation 'Takahashi201805' on page 424 undefined on input line 1
LaTeX Warning: Citation 'Kinosady2021' on page 424 undefined on input line 31.
LaTeX Warning: Citation 'Nagao200305' on page 425 undefined on input line 50.
LaTeX Warning: Citation 'kosugi2019' on page 425 undefined on input line 52.
LaTeX Warning: Citation 'Yamauchi201001' on page 426 undefined on input line 18
LaTeX Warning: Citation 'Yamada2004' on page 426 undefined on input line 18.
LaTeX Warning: Citation 'Kawabata201408' on page 426 undefined on input line 18
LaTeX Warning: Citation 'Yamauchi201001' on page 426 undefined on input line 23
LaTeX Warning: Citation 'Yamada2004' on page 426 undefined on input line 23.
LaTeX Warning: Citation 'Kawabata201408' on page 426 undefined on input line 23
LaTeX Warning: Citation 'Yamauchi201001' on page 426 undefined on input line 28
LaTeX Warning: Citation 'Yamada2004' on page 426 undefined on input line 28.
LaTeX Warning: Citation 'Kawabata201408' on page 426 undefined on input line 28
LaTeX Warning: Citation 'Matia201201' on page 426 undefined on input line 34.
LaTeX Warning: Citation 'Yamada2004' on page 427 undefined on input line 55.
LaTeX Warning: Citation 'Kawabata201408' on page 427 undefined on input line 55
LaTeX Warning: Citation 'Yamada2004' on page 427 undefined on input line 55.
LaTeX Warning: Citation 'Yamauchi201001' on page 427 undefined on input line 55
LaTeX Warning: Citation 'Yamauchi201001' on page 427 undefined on input line 57
LaTeX Warning: Citation 'kosugi2016b' on page 427 undefined on input line 16.
LaTeX Warning: Citation 'Kumagai201508' on page 428 undefined on input line 21.
LaTeX Warning: Citation 'kosugi2016b' on page 428 undefined on input line 28.
LaTeX Warning: Citation 'Maeda2017' on page 429 undefined on input line 21.
LaTeX Warning: Citation 'Nojima201903' on page 429 undefined on input line 26.
LaTeX Warning: Citation 'Naganuma2201611' on page 429 undefined on input line 3
LaTeX Warning: Citation 'Nishiuchi201712' on page 429 undefined on input line 3
LaTeX Warning: Citation 'Kawabata201408' on page 430 undefined on input line 36
LaTeX Warning: Citation 'Yamada2004' on page 430 undefined on input line 36.
LaTeX Warning: Citation 'Hamada201812' on page 430 undefined on input line 73.
LaTeX Warning: Citation 'Maeda2017' on page 430 undefined on input line 73.
LaTeX Warning: Citation 'Naganuma2201611' on page 430 undefined on input line 7
LaTeX Warning: Citation 'Maeda2017' on page 430 undefined on input line 75.
LaTeX Warning: Citation 'Yamauchi201001' on page 431 undefined on input line 19
LaTeX Warning: Citation 'Yamada2004' on page 431 undefined on input line 19.
LaTeX Warning: Citation 'Kawabata201408' on page 431 undefined on input line 19
LaTeX Warning: Citation 'Kieran2018' on page 431 undefined on input line 24.
LaTeX Warning: Citation 'Toyoda1992' on page 431 undefined on input line 29.
LaTeX Warning: Citation 'Yasui2019' on page 431 undefined on input line 34.
LaTeX Warning: Citation 'kosugi2018' on page 432 undefined on input line 16.
LaTeX Warning: Citation 'Toyoda201706' on page 432 undefined on input line 21.
LaTeX Warning: Citation 'Toyoda201706' on page 433 undefined on input line 26.
LaTeX Warning: Citation 'Nojima201903' on page 433 undefined on input line 31.
LaTeX Warning: Citation 'Yamauchi201001' on page 433 undefined on input line 50
LaTeX Warning: Citation 'kosugi2018' on page 433 undefined on input line 50.
LaTeX Warning: Citation 'Nishiuchi201712' on page 433 undefined on input line 5
LaTeX Warning: Citation 'kosugi2018' on page 433 undefined on input line 50.
LaTeX Warning: Citation 'kosugi2019' on page 434 undefined on input line 18.
LaTeX Warning: Citation 'kosugi2018' on page 434 undefined on input line 26.
LaTeX Warning: Citation 'kosugi2018' on page 434 undefined on input line 31.
LaTeX Warning: Citation 'Yuki201810' on page 435 undefined on input line 57.
LaTeX Warning: Citation 'Okada200804' on page 435 undefined on input line 57.
LaTeX Warning: Citation 'Toyoda201706' on page 435 undefined on input line 59.
LaTeX Warning: Citation 'kosugi2016a' on page 435 undefined on input line 59.
LaTeX Warning: Citation 'Kinosady2021' on page 435 undefined on input line 16.
LaTeX Warning: Citation 'kosugi2018' on page 436 undefined on input line 21.
LaTeX Warning: Citation 'kosugi2018' on page 436 undefined on input line 24.
LaTeX Warning: Citation 'kosugi2018' on page 436 undefined on input line 26.
LaTeX Warning: Citation 'kosugi2018' on page 436 undefined on input line 31.
LaTeX Warning: Citation 'kosugi2019' on page 436 undefined on input line 50.
LaTeX Warning: Citation 'Nishiuchi201301' on page 437 undefined on input line 1
LaTeX Warning: Citation 'Ohmura201301' on page 437 undefined on input line 15.
LaTeX Warning: Citation 'Yamada2004' on page 437 undefined on input line 20.
LaTeX Warning: Citation 'Ohmura201301' on page 437 undefined on input line 20.
LaTeX Warning: Citation 'Yamada2004' on page 437 undefined on input line 23.
LaTeX Warning: Citation 'Ohmura201301' on page 437 undefined on input line 25.
LaTeX Warning: Citation 'Yamada2004' on page 437 undefined on input line 25.
LaTeX Warning: Citation 'Ohmura201301' on page 437 undefined on input line 30.
LaTeX Warning: Citation 'Yamada2004' on page 438 undefined on input line 50.
LaTeX Warning: Citation 'Yamada2004' on page 439 undefined on input line 16.
LaTeX Warning: Citation 'Yamada2004' on page 439 undefined on input line 21.
LaTeX Warning: Citation 'Yamada2004' on page 439 undefined on input line 26.
LaTeX Warning: Citation 'kosugi2019' on page 439 undefined on input line 26.
LaTeX Warning: Citation 'Yamada2004' on page 440 undefined on input line 13.
LaTeX Warning: Citation 'Yamada2004' on page 440 undefined on input line 17.
LaTeX Warning: Citation 'Yamada2004' on page 440 undefined on input line 22.
LaTeX Warning: Citation 'kosugi2018' on page 441 undefined on input line 27.
LaTeX Warning: Citation 'Yamada2004' on page 442 undefined on input line 15.
LaTeX Warning: Citation 'Yamada2004' on page 443 undefined on input line 20.
LaTeX Warning: Citation 'Minamoto2015' on page 443 undefined on input line 25.
LaTeX Warning: Citation 'Yamada2004' on page 443 undefined on input line 30.
LaTeX Warning: Citation 'Yamada2004' on page 443 undefined on input line 48.
LaTeX Warning: Citation 'Yamada2004' on page 443 undefined on input line 50.
LaTeX Warning: Citation 'Yamada2004' on page 444 undefined on input line 16.
LaTeX Warning: Citation 'Kawabata201408' on page 444 undefined on input line 21
LaTeX Warning: Citation 'Yamada2004' on page 444 undefined on input line 26.
LaTeX Warning: Citation 'Yamada2004' on page 444 undefined on input line 32.
LaTeX Warning: Citation 'Kawabata201408' on page 444 undefined on input line 38
LaTeX Warning: Citation 'Yamada2004' on page 446 undefined on input line 16.
LaTeX Warning: Citation 'Yamada2004' on page 446 undefined on input line 21.
LaTeX Warning: Citation 'Kawabata201408' on page 446 undefined on input line 26
LaTeX Warning: Citation 'Yamada2004' on page 446 undefined on input line 26.
LaTeX Warning: Citation 'Kawabata201408' on page 446 undefined on input line 31
LaTeX Warning: Citation 'Shimizu2021' on page 446 undefined on input line 41.
LaTeX Warning: Citation 'Yamada2004' on page 447 undefined on input line 19.
LaTeX Warning: Citation 'Yamauchi201001' on page 447 undefined on input line 19
LaTeX Warning: Citation 'Yamada2004' on page 447 undefined on input line 24.
LaTeX Warning: Citation 'Matia201201' on page 447 undefined on input line 24.
LaTeX Warning: Citation 'Yamada2004' on page 448 undefined on input line 29.
LaTeX Warning: Citation 'Kawabata201408' on page 448 undefined on input line 29
LaTeX Warning: Citation 'Hashimoto201607' on page 449 undefined on input line 1
LaTeX Warning: Citation 'Hashimoto201607' on page 449 undefined on input line 2
LaTeX Warning: Citation 'Hashimoto201607' on page 449 undefined on input line 3
LaTeX Warning: Citation 'Hashimoto201607' on page 449 undefined on input line 3
LaTeX Warning: Citation 'Hashimoto201607' on page 450 undefined on input line 5
LaTeX Warning: Citation 'Yamada2004' on page 450 undefined on input line 58.
LaTeX Warning: Citation 'kosugi2019' on page 450 undefined on input line 58.
LaTeX Warning: Citation 'Matia201201' on page 450 undefined on input line 59.
LaTeX Warning: Citation 'Hashimoto201607' on page 451 undefined on input line 2
LaTeX Warning: Citation 'Yamada2004' on page 451 undefined on input line 28.
LaTeX Warning: Citation 'Ohmura201301' on page 451 undefined on input line 46.
LaTeX Warning: Citation 'Hashimoto201607' on page 452 undefined on input line 1
LaTeX Warning: Citation 'Matia201201' on page 452 undefined on input line 18.
LaTeX Warning: Citation 'Hashimoto201607' on page 452 undefined on input line 2
LaTeX Warning: Citation 'Matia201201' on page 452 undefined on input line 24.
LaTeX Warning: Citation 'Hashimoto201607' on page 453 undefined on input line 4
LaTeX Warning: Citation 'Yamada2004' on page 453 undefined on input line 46.
LaTeX Warning: Citation 'kosugi2019' on page 453 undefined on input line 46.
LaTeX Warning: Citation 'Nojima201903' on page 453 undefined on input line 18.
LaTeX Warning: Citation 'kosugi2018' on page 453 undefined on input line 18.
LaTeX Warning: Citation 'Toyoda201706' on page 455 undefined on input line 17.
LaTeX Warning: Citation 'kosugi2018' on page 455 undefined on input line 22.
LaTeX Warning: Citation 'kosugi2018' on page 455 undefined on input line 27.
LaTeX Warning: Citation 'Hamada201912' on page 455 undefined on input line 27.
LaTeX Warning: Citation 'Maeda2017' on page 456 undefined on input line 14.
LaTeX Warning: Citation 'Toyoda201506' on page 456 undefined on input line 14.
LaTeX Warning: Citation 'Maeda2017' on page 456 undefined on input line 19.
LaTeX Warning: Citation 'Lambert201805' on page 456 undefined on input line 19.
LaTeX Warning: Citation 'Maeda2017' on page 457 undefined on input line 24.
LaTeX Warning: Citation 'Toyoda201506' on page 457 undefined on input line 24.
LaTeX Warning: Citation 'Nojima201903' on page 457 undefined on input line 43.
LaTeX Warning: Citation 'Gerd200309' on page 457 undefined on input line 47.
LaTeX Warning: Citation 'Hiraoka200910' on page 457 undefined on input line 48.
LaTeX Warning: Citation 'Ishida201801' on page 457 undefined on input line 48.
LaTeX Warning: Citation 'Ishida201902' on page 457 undefined on input line 48.
LaTeX Warning: Citation 'Maeda2017' on page 458 undefined on input line 18.
LaTeX Warning: Citation 'Toyoda201606' on page 458 undefined on input line 18.
LaTeX Warning: Citation 'Toyoda201506' on page 458 undefined on input line 23.
LaTeX Warning: Citation 'Maeda2017' on page 458 undefined on input line 23.
LaTeX Warning: Citation 'Maeda2017' on page 458 undefined on input line 28.
LaTeX Warning: Citation 'Toyoda201606' on page 459 undefined on input line 21.
LaTeX Warning: Citation 'Maeda2017' on page 459 undefined on input line 26.
LaTeX Warning: Citation 'Lee201709' on page 460 undefined on input line 31.
LaTeX Warning: Citation 'Maeda2017' on page 461 undefined on input line 18.
LaTeX Warning: Citation 'Baba201907' on page 461 undefined on input line 18.
LaTeX Warning: Citation 'Baba201907' on page 462 undefined on input line 19.
LaTeX Warning: Citation 'Baba201907' on page 462 undefined on input line 24.
LaTeX Warning: Citation 'Baba201907' on page 463 undefined on input line 44.
LaTeX Warning: Citation 'Ashida2019' on page 465 undefined on input line 12.
LaTeX Warning: Citation 'Ashida2019' on page 465 undefined on input line 15.
LaTeX Font Warning: Font shape `OMS/TeXGyreTermes(0)/m/n' undefined
LaTeX Warning: There were undefined references.
LaTeX Warning: Label `fig:24_02' multiply defined.
LaTeX Warning: There were multiply-defined labels.
LaTeX Warning: Citation 'Michimata200903' on page 15 undefined on input line 25
LaTeX Warning: Citation 'Shimoyama2001' on page 16 undefined on input line 45.
LaTeX Warning: Citation 'Shimoyama2001' on page 16 undefined on input line 49.
LaTeX Warning: Citation 'Shimoyama2001' on page 16 undefined on input line 49.
LaTeX Warning: Citation 'IkeuchiR2014' on page 17 undefined on input line 84.
LaTeX Warning: Citation 'Hebizo2016' on page 17 undefined on input line 84.
LaTeX Warning: Citation 'Descartes' on page 18 undefined on input line 89.
LaTeX Warning: Citation 'Suenaga1987' on page 24 undefined on input line 54.
LaTeX Warning: Citation 'Suenaga1987' on page 24 undefined on input line 54.
LaTeX Warning: Citation 'stevens1946' on page 27 undefined on input line 124.
LaTeX Warning: Citation 'stevens1946' on page 29 undefined on input line 161.
LaTeX Warning: Citation 'stevens1946' on page 29 undefined on input line 161.
LaTeX Warning: Citation 'Yoshino2007' on page 29 undefined on input line 161.
LaTeX Warning: Citation 'ggplot2' on page 31 undefined on input line 188.
LaTeX Warning: Citation 'Kieran2018' on page 31 undefined on input line 216.
LaTeX Warning: Citation 'Kinosady2021' on page 31 undefined on input line 216.
LaTeX Warning: Citation 'Takagi196807' on page 33 undefined on input line 235.
LaTeX Warning: Citation 'Kieran2018' on page 33 undefined on input line 236.
LaTeX Warning: Citation 'Kieran2018' on page 33 undefined on input line 237.
LaTeX Warning: Citation 'kosugi2019' on page 41 undefined on input line 83.
LaTeX Warning: Citation 'tidyverse' on page 50 undefined on input line 265.
LaTeX Warning: Citation 'Ikeda2016' on page 56 undefined on input line 457.
LaTeX Warning: Citation 'Takahashi201805' on page 63 undefined on input line 10
LaTeX Warning: Citation 'Kinosady2021' on page 63 undefined on input line 105.
LaTeX Warning: Citation 'kosugi2019' on page 63 undefined on input line 105.
LaTeX Warning: Citation 'Kinosady2021' on page 65 undefined on input line 183.
LaTeX Warning: Citation 'Kieran2018' on page 70 undefined on input line 332.
LaTeX Warning: Citation 'ggplot2' on page 70 undefined on input line 334.
LaTeX Warning: Citation 'soumu' on page 77 undefined on input line 514.
LaTeX Warning: Citation 'Hadley2014' on page 78 undefined on input line 575.
LaTeX Warning: Citation 'Kinosady2021' on page 80 undefined on input line 660.
LaTeX Warning: Citation 'TDE2022' on page 88 undefined on input line 207.
LaTeX Warning: Citation 'Hanage2017' on page 91 undefined on input line 267.
LaTeX Warning: Citation 'Kant1961' on page 95 undefined on input line 11.
LaTeX Warning: Citation 'Kurosaki2000' on page 95 undefined on input line 11.
LaTeX Warning: Citation 'Watanabe2019' on page 96 undefined on input line 27.
LaTeX Warning: Citation 'Oshio2020' on page 96 undefined on input line 27.
LaTeX Warning: Citation 'Jerry2019' on page 98 undefined on input line 50.
LaTeX Warning: Citation 'kosugi2016b' on page 104 undefined on input line 157.
LaTeX Warning: Citation 'kosugi2018' on page 104 undefined on input line 172.
LaTeX Warning: Citation 'Minaka2018' on page 114 undefined on input line 212.
LaTeX Warning: Citation 'Naganuma2201611' on page 118 undefined on input line 2
LaTeX Warning: Citation 'Naganuma2201611' on page 118 undefined on input line 2
LaTeX Warning: Citation 'Naganuma2201611' on page 118 undefined on input line 2
LaTeX Warning: Citation 'Maor_Eli2019-01-10' on page 125 undefined on input lin
LaTeX Warning: Citation 'Nishiuchi201712' on page 125 undefined on input line 4
LaTeX Warning: Citation 'Naganuma2201611' on page 125 undefined on input line 4
LaTeX Warning: Citation 'matejka2017same' on page 133 undefined on input line 9
LaTeX Warning: Citation 'Yasui2019' on page 139 undefined on input line 228.
LaTeX Warning: Citation 'Yasui2019' on page 139 undefined on input line 230.
LaTeX Warning: Citation 'Takahashi20220210' on page 139 undefined on input line
LaTeX Warning: Citation 'kosugi2018' on page 146 undefined on input line 149.
LaTeX Warning: Citation 'Nishiuchi201712' on page 146 undefined on input line 1
LaTeX Warning: Citation 'kosugi2018' on page 149 undefined on input line 234.
LaTeX Warning: Citation 'kosugi2018' on page 150 undefined on input line 253.
LaTeX Warning: Citation 'kosugi2018' on page 170 undefined on input line 182.
LaTeX Warning: Citation 'Shiina2013' on page 217 undefined on input line 92.
LaTeX Warning: Citation 'wasserstein2016asa' on page 233 undefined on input lin
LaTeX Warning: Citation 'amrhein2019scientists' on page 233 undefined on input 
LaTeX Warning: Citation 'Toyoda202003' on page 233 undefined on input line 19.
LaTeX Warning: Citation 'Haebara200206' on page 238 undefined on input line 157
LaTeX Warning: Citation 'Hirakawa2021' on page 238 undefined on input line 157.
LaTeX Warning: Citation 'BA33892274' on page 247 undefined on input line 97.
LaTeX Warning: Citation 'Mizumoto2010' on page 249 undefined on input line 146.
LaTeX Warning: Citation 'effsize' on page 264 undefined on input line 351.
LaTeX Warning: Citation 'BA33892274' on page 278 undefined on input line 393.
LaTeX Warning: Citation 'Haebara200206' on page 291 undefined on input line 196
LaTeX Warning: Citation 'lambert2018student' on page 308 undefined on input lin
LaTeX Warning: Citation 'Gilboa2014' on page 329 undefined on input line 157.
LaTeX Warning: Citation 'shigemasu2019' on page 329 undefined on input line 157
LaTeX Warning: Citation 'mcgrayne2011theory' on page 336 undefined on input lin
LaTeX Warning: Citation 'Hamada201912' on page 337 undefined on input line 56.
LaTeX Warning: Citation 'bayestestR' on page 340 undefined on input line 111.
LaTeX Warning: Citation 'Lee201709' on page 343 undefined on input line 155.
LaTeX Warning: Citation 'Maeda2017' on page 348 undefined on input line 32.
LaTeX Warning: Citation 'Toyoda2009' on page 350 undefined on input line 65.
LaTeX Warning: Citation 'kruschke2018rejecting' on page 351 undefined on input 
LaTeX Warning: Citation 'kruschke2018rejecting' on page 351 undefined on input 
LaTeX Warning: Citation 'kruschke2018rejecting' on page 351 undefined on input 
LaTeX Warning: Citation 'Hamada201912' on page 353 undefined on input line 118.
LaTeX Warning: Citation 'Lee201709' on page 353 undefined on input line 120.
LaTeX Warning: Citation 'JAGS' on page 360 undefined on input line 67.
LaTeX Warning: Citation 'stan2017' on page 360 undefined on input line 67.
LaTeX Warning: Citation 'Lee201709' on page 360 undefined on input line 67.
LaTeX Warning: Citation 'brmsCite1' on page 361 undefined on input line 77.
LaTeX Warning: Citation 'brmsCite2' on page 361 undefined on input line 77.
LaTeX Warning: Citation 'blavaanCite1' on page 361 undefined on input line 77.
LaTeX Warning: Citation 'blavaanCite2' on page 361 undefined on input line 77.
LaTeX Warning: Citation 'Lee201709' on page 370 undefined on input line 314.
LaTeX Warning: Citation 'brmsCite1' on page 373 undefined on input line 12.
LaTeX Warning: Citation 'brmsCite2' on page 373 undefined on input line 12.
LaTeX Warning: Citation 'Baba201907' on page 374 undefined on input line 21.
LaTeX Warning: Citation 'bayestestR' on page 377 undefined on input line 151.
LaTeX Warning: Citation 'UserIlluision2002' on page 390 undefined on input line
LaTeX Warning: Citation 'Isaacson2012' on page 390 undefined on input line 31.
LaTeX Warning: Citation 'Miura201705' on page 419 undefined on input line 15.
LaTeX Warning: Citation 'Shimoyama2001' on page 419 undefined on input line 21.
LaTeX Warning: Citation 'Miura201705' on page 420 undefined on input line 26.
LaTeX Warning: Citation 'Kawabata201408' on page 420 undefined on input line 27
LaTeX Warning: Citation 'Daihiko201507' on page 420 undefined on input line 46.
LaTeX Warning: Citation 'Michimata200903' on page 420 undefined on input line 4
LaTeX Warning: Citation 'Kikuchi2018' on page 420 undefined on input line 46.
LaTeX Warning: Citation 'Ohashi201610' on page 420 undefined on input line 46.
LaTeX Warning: Citation 'Yamada2004' on page 421 undefined on input line 15.
LaTeX Warning: Citation 'Yamauchi201001' on page 421 undefined on input line 20
LaTeX Warning: Citation 'Miura201705' on page 421 undefined on input line 20.
LaTeX Warning: Citation 'Toyoda1992' on page 421 undefined on input line 20.
LaTeX Warning: Citation 'Kawabata201408' on page 421 undefined on input line 25
LaTeX Warning: Citation 'Yamada2004' on page 421 undefined on input line 25.
LaTeX Warning: Citation 'Kinosady2021' on page 421 undefined on input line 30.
LaTeX Warning: Citation 'Kieran2018' on page 421 undefined on input line 30.
LaTeX Warning: Citation 'Rosling2019' on page 422 undefined on input line 49.
LaTeX Warning: Citation 'Miura201705' on page 422 undefined on input line 49.
LaTeX Warning: Citation 'Kawabata201408' on page 422 undefined on input line 49
LaTeX Warning: Citation 'Yamada2004' on page 422 undefined on input line 49.
LaTeX Warning: Citation 'kosugi2018' on page 422 undefined on input line 49.
LaTeX Warning: Citation 'kosugi2019' on page 422 undefined on input line 49.
LaTeX Warning: Citation 'kosugi2019' on page 423 undefined on input line 20.
LaTeX Warning: Citation 'kosugi2019' on page 423 undefined on input line 20.
LaTeX Warning: Citation 'kosugi2019' on page 424 undefined on input line 19.
LaTeX Warning: Citation 'Takahashi201805' on page 424 undefined on input line 1
LaTeX Warning: Citation 'Kinosady2021' on page 424 undefined on input line 31.
LaTeX Warning: Citation 'Nagao200305' on page 425 undefined on input line 50.
LaTeX Warning: Citation 'kosugi2019' on page 425 undefined on input line 52.
LaTeX Warning: Citation 'Yamauchi201001' on page 426 undefined on input line 18
LaTeX Warning: Citation 'Yamada2004' on page 426 undefined on input line 18.
LaTeX Warning: Citation 'Kawabata201408' on page 426 undefined on input line 18
LaTeX Warning: Citation 'Yamauchi201001' on page 426 undefined on input line 23
LaTeX Warning: Citation 'Yamada2004' on page 426 undefined on input line 23.
LaTeX Warning: Citation 'Kawabata201408' on page 426 undefined on input line 23
LaTeX Warning: Citation 'Yamauchi201001' on page 426 undefined on input line 28
LaTeX Warning: Citation 'Yamada2004' on page 426 undefined on input line 28.
LaTeX Warning: Citation 'Kawabata201408' on page 426 undefined on input line 28
LaTeX Warning: Citation 'Matia201201' on page 426 undefined on input line 34.
LaTeX Warning: Citation 'Yamada2004' on page 427 undefined on input line 55.
LaTeX Warning: Citation 'Kawabata201408' on page 427 undefined on input line 55
LaTeX Warning: Citation 'Yamada2004' on page 427 undefined on input line 55.
LaTeX Warning: Citation 'Yamauchi201001' on page 427 undefined on input line 55
LaTeX Warning: Citation 'Yamauchi201001' on page 427 undefined on input line 57
LaTeX Warning: Citation 'kosugi2016b' on page 427 undefined on input line 16.
LaTeX Warning: Citation 'Kumagai201508' on page 428 undefined on input line 21.
LaTeX Warning: Citation 'kosugi2016b' on page 428 undefined on input line 28.
LaTeX Warning: Citation 'Maeda2017' on page 429 undefined on input line 21.
LaTeX Warning: Citation 'Nojima201903' on page 429 undefined on input line 26.
LaTeX Warning: Citation 'Naganuma2201611' on page 429 undefined on input line 3
LaTeX Warning: Citation 'Nishiuchi201712' on page 429 undefined on input line 3
LaTeX Warning: Citation 'Kawabata201408' on page 430 undefined on input line 36
LaTeX Warning: Citation 'Yamada2004' on page 430 undefined on input line 36.
LaTeX Warning: Citation 'Hamada201812' on page 430 undefined on input line 73.
LaTeX Warning: Citation 'Maeda2017' on page 430 undefined on input line 73.
LaTeX Warning: Citation 'Naganuma2201611' on page 430 undefined on input line 7
LaTeX Warning: Citation 'Maeda2017' on page 430 undefined on input line 75.
LaTeX Warning: Citation 'Yamauchi201001' on page 431 undefined on input line 19
LaTeX Warning: Citation 'Yamada2004' on page 431 undefined on input line 19.
LaTeX Warning: Citation 'Kawabata201408' on page 431 undefined on input line 19
LaTeX Warning: Citation 'Kieran2018' on page 431 undefined on input line 24.
LaTeX Warning: Citation 'Toyoda1992' on page 431 undefined on input line 29.
LaTeX Warning: Citation 'Yasui2019' on page 431 undefined on input line 34.
LaTeX Warning: Citation 'kosugi2018' on page 432 undefined on input line 16.
LaTeX Warning: Citation 'Toyoda201706' on page 432 undefined on input line 21.
LaTeX Warning: Citation 'Toyoda201706' on page 433 undefined on input line 26.
LaTeX Warning: Citation 'Nojima201903' on page 433 undefined on input line 31.
LaTeX Warning: Citation 'Yamauchi201001' on page 433 undefined on input line 50
LaTeX Warning: Citation 'kosugi2018' on page 433 undefined on input line 50.
LaTeX Warning: Citation 'Nishiuchi201712' on page 433 undefined on input line 5
LaTeX Warning: Citation 'kosugi2018' on page 433 undefined on input line 50.
LaTeX Warning: Citation 'kosugi2019' on page 434 undefined on input line 18.
LaTeX Warning: Citation 'kosugi2018' on page 434 undefined on input line 26.
LaTeX Warning: Citation 'kosugi2018' on page 434 undefined on input line 31.
LaTeX Warning: Citation 'Yuki201810' on page 435 undefined on input line 57.
LaTeX Warning: Citation 'Okada200804' on page 435 undefined on input line 57.
LaTeX Warning: Citation 'Toyoda201706' on page 435 undefined on input line 59.
LaTeX Warning: Citation 'kosugi2016a' on page 435 undefined on input line 59.
LaTeX Warning: Citation 'Kinosady2021' on page 435 undefined on input line 16.
LaTeX Warning: Citation 'kosugi2018' on page 436 undefined on input line 21.
LaTeX Warning: Citation 'kosugi2018' on page 436 undefined on input line 24.
LaTeX Warning: Citation 'kosugi2018' on page 436 undefined on input line 26.
LaTeX Warning: Citation 'kosugi2018' on page 436 undefined on input line 31.
LaTeX Warning: Citation 'kosugi2019' on page 436 undefined on input line 50.
LaTeX Warning: Citation 'Nishiuchi201301' on page 437 undefined on input line 1
LaTeX Warning: Citation 'Ohmura201301' on page 437 undefined on input line 15.
LaTeX Warning: Citation 'Yamada2004' on page 437 undefined on input line 20.
LaTeX Warning: Citation 'Ohmura201301' on page 437 undefined on input line 20.
LaTeX Warning: Citation 'Yamada2004' on page 437 undefined on input line 23.
LaTeX Warning: Citation 'Ohmura201301' on page 437 undefined on input line 25.
LaTeX Warning: Citation 'Yamada2004' on page 437 undefined on input line 25.
LaTeX Warning: Citation 'Ohmura201301' on page 437 undefined on input line 30.
LaTeX Warning: Citation 'Yamada2004' on page 438 undefined on input line 50.
LaTeX Warning: Citation 'Yamada2004' on page 439 undefined on input line 16.
LaTeX Warning: Citation 'Yamada2004' on page 439 undefined on input line 21.
LaTeX Warning: Citation 'Yamada2004' on page 439 undefined on input line 26.
LaTeX Warning: Citation 'kosugi2019' on page 439 undefined on input line 26.
LaTeX Warning: Citation 'Yamada2004' on page 440 undefined on input line 13.
LaTeX Warning: Citation 'Yamada2004' on page 440 undefined on input line 17.
LaTeX Warning: Citation 'Yamada2004' on page 440 undefined on input line 22.
LaTeX Warning: Citation 'kosugi2018' on page 441 undefined on input line 27.
LaTeX Warning: Citation 'Yamada2004' on page 442 undefined on input line 15.
LaTeX Warning: Citation 'Yamada2004' on page 443 undefined on input line 20.
LaTeX Warning: Citation 'Minamoto2015' on page 443 undefined on input line 25.
LaTeX Warning: Citation 'Yamada2004' on page 443 undefined on input line 30.
LaTeX Warning: Citation 'Yamada2004' on page 443 undefined on input line 48.
LaTeX Warning: Citation 'Yamada2004' on page 443 undefined on input line 50.
LaTeX Warning: Citation 'Yamada2004' on page 444 undefined on input line 16.
LaTeX Warning: Citation 'Kawabata201408' on page 444 undefined on input line 21
LaTeX Warning: Citation 'Yamada2004' on page 444 undefined on input line 26.
LaTeX Warning: Citation 'Yamada2004' on page 444 undefined on input line 32.
LaTeX Warning: Citation 'Kawabata201408' on page 444 undefined on input line 38
LaTeX Warning: Citation 'Yamada2004' on page 446 undefined on input line 16.
LaTeX Warning: Citation 'Yamada2004' on page 446 undefined on input line 21.
LaTeX Warning: Citation 'Kawabata201408' on page 446 undefined on input line 26
LaTeX Warning: Citation 'Yamada2004' on page 446 undefined on input line 26.
LaTeX Warning: Citation 'Kawabata201408' on page 446 undefined on input line 31
LaTeX Warning: Citation 'Shimizu2021' on page 446 undefined on input line 41.
LaTeX Warning: Citation 'Yamada2004' on page 447 undefined on input line 19.
LaTeX Warning: Citation 'Yamauchi201001' on page 447 undefined on input line 19
LaTeX Warning: Citation 'Yamada2004' on page 447 undefined on input line 24.
LaTeX Warning: Citation 'Matia201201' on page 447 undefined on input line 24.
LaTeX Warning: Citation 'Yamada2004' on page 448 undefined on input line 29.
LaTeX Warning: Citation 'Kawabata201408' on page 448 undefined on input line 29
LaTeX Warning: Citation 'Hashimoto201607' on page 449 undefined on input line 1
LaTeX Warning: Citation 'Hashimoto201607' on page 449 undefined on input line 2
LaTeX Warning: Citation 'Hashimoto201607' on page 449 undefined on input line 3
LaTeX Warning: Citation 'Hashimoto201607' on page 449 undefined on input line 3
LaTeX Warning: Citation 'Hashimoto201607' on page 450 undefined on input line 5
LaTeX Warning: Citation 'Yamada2004' on page 450 undefined on input line 58.
LaTeX Warning: Citation 'kosugi2019' on page 450 undefined on input line 58.
LaTeX Warning: Citation 'Matia201201' on page 450 undefined on input line 59.
LaTeX Warning: Citation 'Hashimoto201607' on page 451 undefined on input line 2
LaTeX Warning: Citation 'Yamada2004' on page 451 undefined on input line 28.
LaTeX Warning: Citation 'Ohmura201301' on page 451 undefined on input line 46.
LaTeX Warning: Citation 'Hashimoto201607' on page 452 undefined on input line 1
LaTeX Warning: Citation 'Matia201201' on page 452 undefined on input line 18.
LaTeX Warning: Citation 'Hashimoto201607' on page 452 undefined on input line 2
LaTeX Warning: Citation 'Matia201201' on page 452 undefined on input line 24.
LaTeX Warning: Citation 'Hashimoto201607' on page 453 undefined on input line 4
LaTeX Warning: Citation 'Yamada2004' on page 453 undefined on input line 46.
LaTeX Warning: Citation 'kosugi2019' on page 453 undefined on input line 46.
LaTeX Warning: Citation 'Nojima201903' on page 453 undefined on input line 18.
LaTeX Warning: Citation 'kosugi2018' on page 453 undefined on input line 18.
LaTeX Warning: Citation 'Toyoda201706' on page 455 undefined on input line 17.
LaTeX Warning: Citation 'kosugi2018' on page 455 undefined on input line 22.
LaTeX Warning: Citation 'kosugi2018' on page 455 undefined on input line 27.
LaTeX Warning: Citation 'Hamada201912' on page 455 undefined on input line 27.
LaTeX Warning: Citation 'Maeda2017' on page 456 undefined on input line 14.
LaTeX Warning: Citation 'Toyoda201506' on page 456 undefined on input line 14.
LaTeX Warning: Citation 'Maeda2017' on page 456 undefined on input line 19.
LaTeX Warning: Citation 'Lambert201805' on page 456 undefined on input line 19.
LaTeX Warning: Citation 'Maeda2017' on page 457 undefined on input line 24.
LaTeX Warning: Citation 'Toyoda201506' on page 457 undefined on input line 24.
LaTeX Warning: Citation 'Nojima201903' on page 457 undefined on input line 43.
LaTeX Warning: Citation 'Gerd200309' on page 457 undefined on input line 47.
LaTeX Warning: Citation 'Hiraoka200910' on page 457 undefined on input line 48.
LaTeX Warning: Citation 'Ishida201801' on page 457 undefined on input line 48.
LaTeX Warning: Citation 'Ishida201902' on page 457 undefined on input line 48.
LaTeX Warning: Citation 'Maeda2017' on page 458 undefined on input line 18.
LaTeX Warning: Citation 'Toyoda201606' on page 458 undefined on input line 18.
LaTeX Warning: Citation 'Toyoda201506' on page 458 undefined on input line 23.
LaTeX Warning: Citation 'Maeda2017' on page 458 undefined on input line 23.
LaTeX Warning: Citation 'Maeda2017' on page 458 undefined on input line 28.
LaTeX Warning: Citation 'Toyoda201606' on page 459 undefined on input line 21.
LaTeX Warning: Citation 'Maeda2017' on page 459 undefined on input line 26.
LaTeX Warning: Citation 'Lee201709' on page 460 undefined on input line 31.
LaTeX Warning: Citation 'Maeda2017' on page 461 undefined on input line 18.
LaTeX Warning: Citation 'Baba201907' on page 461 undefined on input line 18.
LaTeX Warning: Citation 'Baba201907' on page 462 undefined on input line 19.
LaTeX Warning: Citation 'Baba201907' on page 462 undefined on input line 24.
LaTeX Warning: Citation 'Baba201907' on page 463 undefined on input line 44.
LaTeX Warning: Citation 'Ashida2019' on page 465 undefined on input line 12.
LaTeX Warning: Citation 'Ashida2019' on page 465 undefined on input line 15.
Overfull \hbox (18.86032pt too wide) in paragraph at lines 198--198
Overfull \hbox (83.61374pt too wide) in paragraph at lines 204--204
Overfull \hbox (36.59764pt too wide) in paragraph at lines 210--211
Overfull \hbox (351.48798pt too wide) in paragraph at lines 219--219
Overfull \hbox (25.96194pt too wide) in paragraph at lines 228--229
Overfull \vbox (2.58307pt too high) has occurred while \output is active []
Overfull \hbox (3.63173pt too wide) detected at line 401
Overfull \vbox (78.2202pt too high) has occurred while \output is active []
Overfull \hbox (2.26993pt too wide) in paragraph at lines 404--404
Overfull \hbox (1.20369pt too wide) in paragraph at lines 295--315
Overfull \hbox (19.79832pt too wide) in paragraph at lines 14--21
Overfull \hbox (12.85297pt too wide) in paragraph at lines 34--65
