\BOOKMARK [-1][]{part.1}{\376\377\173\054\000I\220\350\000\040\137\303\164\006\133\146\060\307\060\374\060\277\211\343\147\220\137\334\165\050\0001}{}% 1
\BOOKMARK [0][]{chapter.1}{\376\377\173\054\0001\172\340\000\040\134\016\121\145\377\033\131\032\131\011\221\317\060\307\060\374\060\277\060\150\137\303\164\006\133\146}{part.1}% 2
\BOOKMARK [1][]{section.1.1}{\376\377\0001\000.\0001\000\040\153\143\211\217\175\332\137\142\060\342\060\307\060\353\060\156\116\026\165\114}{chapter.1}% 3
\BOOKMARK [1][]{section.1.2}{\376\377\0001\000.\0002\000\040\134\072\136\246\060\156\126\333\154\064\156\226}{chapter.1}% 4
\BOOKMARK [1][]{section.1.3}{\376\377\0001\000.\0003\000\040\136\163\127\107\060\150\122\006\145\143}{chapter.1}% 5
\BOOKMARK [1][]{section.1.4}{\376\377\0001\000.\0004\000\040\121\161\122\006\145\143\060\150\166\370\225\242\117\302\145\160}{chapter.1}% 6
\BOOKMARK [1][]{section.1.5}{\376\377\0001\000.\0005\000\040\212\262\230\114}{chapter.1}% 7
\BOOKMARK [0][]{chapter.2}{\376\377\173\054\0002\172\340\000\040\137\303\164\006\134\072\136\246\060\222\117\134\060\213}{part.1}% 8
\BOOKMARK [1][]{section.2.1}{\376\377\0002\000.\0001\000\040\060\157\060\130\060\201\060\153}{chapter.2}% 9
\BOOKMARK [1][]{section.2.2}{\376\377\0002\000.\0002\000\040\060\265\060\374\060\271\060\310\060\363\060\156\173\111\163\376\225\223\226\224\154\325}{chapter.2}% 10
\BOOKMARK [1][]{section.2.3}{\376\377\0002\000.\0003\000\040\060\352\060\303\060\253\060\374\060\310\060\156\060\267\060\260\060\336\154\325}{chapter.2}% 11
\BOOKMARK [1][]{section.2.4}{\376\377\0002\000.\0004\000\040\137\303\164\006\134\072\136\246\060\156\226\120\165\114}{chapter.2}% 12
\BOOKMARK [1][]{section.2.5}{\376\377\0002\000.\0005\000\040\212\262\230\114}{chapter.2}% 13
\BOOKMARK [0][]{chapter.3}{\376\377\173\054\0003\172\340\000\040\060\306\060\271\060\310\164\006\212\326\060\150\126\340\133\120\122\006\147\220}{part.1}% 14
\BOOKMARK [1][]{section.3.1}{\376\377\0003\000.\0001\000\040\123\344\121\170\166\204\060\306\060\271\060\310\164\006\212\326\060\150\117\341\230\074\140\047}{chapter.3}% 15
\BOOKMARK [1][]{section.3.2}{\376\377\0003\000.\0002\000\040\126\340\133\120\122\006\147\220\060\342\060\307\060\353}{chapter.3}% 16
\BOOKMARK [1][]{section.3.3}{\376\377\0003\000.\0003\000\040\126\340\133\120\122\006\147\220\060\156\133\232\164\006}{chapter.3}% 17
\BOOKMARK [1][]{section.3.4}{\376\377\0003\000.\0004\000\040\212\262\230\114}{chapter.3}% 18
\BOOKMARK [0][]{chapter.4}{\376\377\173\054\0004\172\340\000\040\163\376\116\343\060\306\060\271\060\310\164\006\212\326}{part.1}% 19
\BOOKMARK [1][]{section.4.1}{\376\377\0004\000.\0001\000\040\126\340\133\120\122\006\147\220\060\150\060\306\060\271\060\310\164\006\212\326}{chapter.4}% 20
\BOOKMARK [1][]{section.4.2}{\376\377\0004\000.\0002\000\040\220\032\220\116\163\207\060\150\175\057\172\115\153\143\211\217\122\006\136\003}{chapter.4}% 21
\BOOKMARK [1][]{section.4.3}{\376\377\0004\000.\0003\000\040\230\005\166\356\153\315\145\160\060\156\162\171\137\264}{chapter.4}% 22
\BOOKMARK [1][]{section.4.4}{\376\377\0004\000.\0004\000\040\210\253\232\023\200\005\153\315\145\160\060\156\143\250\133\232}{chapter.4}% 23
\BOOKMARK [1][]{section.4.5}{\376\377\0004\000.\0005\000\040\212\262\230\114}{chapter.4}% 24
\BOOKMARK [0][]{chapter.5}{\376\377\173\054\0005\172\340\000\040\163\376\116\343\060\306\060\271\060\310\164\006\212\326\060\135\060\156\0002}{part.1}% 25
\BOOKMARK [1][]{section.5.1}{\376\377\0005\000.\0001\000\040\163\376\116\343\060\306\060\271\060\310\164\006\212\326\060\156\162\171\137\264}{chapter.5}% 26
\BOOKMARK [1][]{section.5.2}{\376\377\0005\000.\0002\000\040\153\265\226\216\123\315\137\334\060\342\060\307\060\353}{chapter.5}% 27
\BOOKMARK [1][]{section.5.3}{\376\377\0005\000.\0003\000\040\126\340\133\120\122\006\147\220\060\156\153\164\123\362\060\150\134\125\225\213}{chapter.5}% 28
\BOOKMARK [1][]{section.5.4}{\376\377\0005\000.\0004\000\040\212\262\230\114}{chapter.5}% 29
\BOOKMARK [0][]{chapter.6}{\376\377\173\054\0006\172\340\000\040\210\114\122\027\212\010\173\227\060\156\127\372\171\016}{part.1}% 30
\BOOKMARK [1][]{section.6.1}{\376\377\0006\000.\0001\000\040\210\114\122\027\060\150\060\331\060\257\060\310\060\353}{chapter.6}% 31
\BOOKMARK [1][]{section.6.2}{\376\377\0006\000.\0002\000\040\210\114\122\027\060\156\126\333\122\107\157\024\173\227\060\150\144\315\117\134}{chapter.6}% 32
\BOOKMARK [1][]{section.6.3}{\376\377\0006\000.\0003\000\040\210\114\122\027\060\222\117\177\060\106\060\150\117\277\122\051\060\152\060\123\060\150}{chapter.6}% 33
\BOOKMARK [1][]{section.6.4}{\376\377\0006\000.\0004\000\040\212\262\230\114}{chapter.6}% 34
\BOOKMARK [0][]{chapter.7}{\376\377\173\054\0007\172\340\000\040\210\114\122\027\060\153\060\210\060\213\225\242\117\302\060\156\210\150\163\376}{part.1}% 35
\BOOKMARK [1][]{section.7.1}{\376\377\0007\000.\0001\000\040\060\307\060\374\060\277\060\156\210\114\122\027\210\150\163\376}{chapter.7}% 36
\BOOKMARK [1][]{section.7.2}{\376\377\0007\000.\0002\000\040\175\332\137\142\060\342\060\307\060\353\060\156\210\114\122\027\210\150\163\376}{chapter.7}% 37
\BOOKMARK [1][]{section.7.3}{\376\377\0007\000.\0003\000\040\060\307\060\266\060\244\060\363\210\114\122\027}{chapter.7}% 38
\BOOKMARK [1][]{section.7.4}{\376\377\0007\000.\0004\000\040\000\040\126\340\133\120\122\006\147\220\060\342\060\307\060\353\060\156\210\114\122\027\210\150\163\376}{chapter.7}% 39
\BOOKMARK [1][]{section.7.5}{\376\377\0007\000.\0005\000\040\212\262\230\114}{chapter.7}% 40
\BOOKMARK [0][]{chapter.8}{\376\377\173\054\0008\172\340\000\040\126\372\147\011\120\044\060\150\126\372\147\011\060\331\060\257\060\310\060\353\060\150\126\340\133\120\122\006\147\220\060\342\060\307\060\353\060\156\225\242\117\302}{part.1}% 41
\BOOKMARK [1][]{section.8.1}{\376\377\0008\000.\0001\000\040\126\372\147\011\120\044\060\150\126\372\147\011\060\331\060\257\060\310\060\353}{chapter.8}% 42
\BOOKMARK [1][]{section.8.2}{\376\377\0008\000.\0002\000\040\126\372\147\011\120\044\060\150\126\372\147\011\060\331\060\257\060\310\060\353\060\222\154\102\060\201\060\213}{chapter.8}% 43
\BOOKMARK [1][]{section.8.3}{\376\377\0008\000.\0003\000\040\126\372\147\011\120\044\060\150\126\372\147\011\060\331\060\257\060\310\060\353\060\156\136\176\117\125\133\146\166\204\141\017\124\163}{chapter.8}% 44
\BOOKMARK [1][]{section.8.4}{\376\377\0008\000.\0004\000\040\126\340\133\120\122\006\147\220\060\156\145\160\133\146\166\204\164\006\211\343}{chapter.8}% 45
\BOOKMARK [1][]{section.8.5}{\376\377\0008\000.\0005\000\040\212\262\230\114}{chapter.8}% 46
\BOOKMARK [0][]{chapter.9}{\376\377\173\054\0009\172\340\000\040\000R\060\222\060\144\060\113\060\143\060\146\060\156\210\114\122\027\212\010\173\227}{part.1}% 47
\BOOKMARK [1][]{section.9.1}{\376\377\0009\000.\0001\000\040\000R\060\153\060\210\060\213\210\114\122\027\212\010\173\227}{chapter.9}% 48
\BOOKMARK [1][]{section.9.2}{\376\377\0009\000.\0002\000\040\060\307\060\374\060\277\060\156\210\114\122\027\210\150\163\376}{chapter.9}% 49
\BOOKMARK [1][]{section.9.3}{\376\377\0009\000.\0003\000\040\000R\060\153\060\210\060\213\126\372\147\011\120\044\212\010\173\227}{chapter.9}% 50
\BOOKMARK [1][]{section.9.4}{\376\377\0009\000.\0004\000\040\212\262\230\114}{chapter.9}% 51
\BOOKMARK [0][]{chapter.10}{\376\377\173\054\0001\0000\172\340\000\040\000R\060\222\060\144\060\113\060\143\060\137\126\340\133\120\122\006\147\220\060\150\134\072\136\246\117\134\142\020\154\325}{part.1}% 52
\BOOKMARK [1][]{section.10.1}{\376\377\0001\0000\000.\0001\000\040\212\277\147\373\170\024\172\166\060\156\142\113\230\006}{chapter.10}% 53
\BOOKMARK [1][]{section.10.2}{\376\377\0001\0000\000.\0002\000\040\121\161\220\032\140\047\060\156\143\250\133\232}{chapter.10}% 54
\BOOKMARK [1][]{section.10.3}{\376\377\0001\0000\000.\0003\000\040\126\340\133\120\145\160\060\156\154\172\133\232}{chapter.10}% 55
\BOOKMARK [1][]{section.10.4}{\376\377\0001\0000\000.\0004\000\040\143\242\175\042\166\204\126\340\133\120\122\006\147\220\060\156\133\237\226\233}{chapter.10}% 56
\BOOKMARK [1][]{section.10.5}{\376\377\0001\0000\000.\0005\000\040\126\340\133\120\122\006\147\220\060\156\137\214\060\147}{chapter.10}% 57
\BOOKMARK [1][]{section.10.6}{\376\377\0001\0000\000.\0006\000\040\060\125\060\104\060\124\060\153}{chapter.10}% 58
\BOOKMARK [1][]{section.10.7}{\376\377\0001\0000\000.\0007\000\040\212\262\230\114}{chapter.10}% 59
\BOOKMARK [0][]{chapter.11}{\376\377\173\054\0001\0001\172\340\000\040\000R\060\222\060\144\060\113\060\143\060\137\230\005\166\356\123\315\137\334\164\006\212\326}{part.1}% 60
\BOOKMARK [1][]{section.11.1}{\376\377\0001\0001\000.\0001\000\040\230\005\166\356\123\315\137\334\164\006\212\326\060\156\133\237\226\233}{chapter.11}% 61
\BOOKMARK [1][]{section.11.2}{\376\377\0001\0001\000.\0002\000\040\153\265\226\216\123\315\137\334\060\342\060\307\060\353\060\156\133\237\226\233}{chapter.11}% 62
\BOOKMARK [1][]{section.11.3}{\376\377\0001\0001\000.\0003\000\040\060\253\060\306\060\264\060\352\060\253\060\353\126\340\133\120\122\006\147\220\060\150\060\156\133\376\137\334}{chapter.11}% 63
\BOOKMARK [1][]{section.11.4}{\376\377\0001\0001\000.\0004\000\040\212\262\230\114}{chapter.11}% 64
\BOOKMARK [0][]{chapter.12}{\376\377\173\054\0001\0002\172\340\000\040\151\313\220\040\145\271\172\013\137\017\060\342\060\307\060\352\060\363\060\260}{part.1}% 65
\BOOKMARK [1][]{section.12.1}{\376\377\0001\0002\000.\0001\000\040\060\321\060\271\060\300\060\244\060\242\060\260\060\351\060\340\060\156\146\370\060\115\145\271}{chapter.12}% 66
\BOOKMARK [1][]{section.12.2}{\376\377\0001\0002\000.\0002\000\040\060\321\060\271\060\300\060\244\060\242\060\260\060\351\060\340\060\153\060\210\060\213\060\125\060\176\060\126\060\176\060\152\060\342\060\307\060\353}{chapter.12}% 67
\BOOKMARK [1][]{section.12.3}{\376\377\0001\0002\000.\0003\000\040\151\313\220\040\145\271\172\013\137\017\060\342\060\307\060\353\060\153\060\210\060\213\147\052\167\345\145\160\060\156\143\250\133\232}{chapter.12}% 68
\BOOKMARK [1][]{section.12.4}{\376\377\0001\0002\000.\0004\000\040\220\151\124\010\136\246\060\153\060\210\060\213\060\342\060\307\060\353\060\156\212\125\117\241}{chapter.12}% 69
\BOOKMARK [1][]{section.12.5}{\376\377\0001\0002\000.\0005\000\040\212\262\230\114}{chapter.12}% 70
\BOOKMARK [0][]{chapter.13}{\376\377\173\054\0001\0003\172\340\000\040\000R\060\153\060\210\060\213\151\313\220\040\145\271\172\013\137\017\060\342\060\307\060\352\060\363\060\260}{part.1}% 71
\BOOKMARK [1][]{section.13.1}{\376\377\0001\0003\000.\0001\000\040\060\342\060\307\060\353\137\017\060\156\121\145\122\233}{chapter.13}% 72
\BOOKMARK [1][]{section.13.2}{\376\377\0001\0003\000.\0002\000\040\133\237\215\365\116\012\060\156\154\350\141\017\160\271}{chapter.13}% 73
\BOOKMARK [1][]{section.13.3}{\376\377\0001\0003\000.\0003\000\040\060\135\060\156\060\173\060\113\060\156\175\161\212\010\060\321\060\303\060\261\060\374\060\270}{chapter.13}% 74
\BOOKMARK [1][]{section.13.4}{\376\377\0001\0003\000.\0004\000\040\212\262\230\114}{chapter.13}% 75
\BOOKMARK [0][]{chapter.14}{\376\377\173\054\0001\0004\172\340\000\040\123\314\133\376\134\072\136\246\154\325}{part.1}% 76
\BOOKMARK [1][]{section.14.1}{\376\377\0001\0004\000.\0001\000\040\166\364\175\332\166\204\060\147\060\157\060\152\060\104\225\242\117\302}{chapter.14}% 77
\BOOKMARK [1][]{section.14.2}{\376\377\0001\0004\000.\0002\000\040\147\227\060\156\145\160\221\317\123\026\164\006\212\326}{chapter.14}% 78
\BOOKMARK [1][]{section.14.3}{\376\377\0001\0004\000.\0003\000\040\123\314\133\376\134\072\136\246\154\325\060\153\060\210\060\213\122\006\147\220}{chapter.14}% 79
\BOOKMARK [1][]{section.14.4}{\376\377\0001\0004\000.\0004\000\040\060\306\060\255\060\271\060\310\060\336\060\244\060\313\060\363\060\260\060\170\060\156\137\334\165\050}{chapter.14}% 80
\BOOKMARK [1][]{section.14.5}{\376\377\0001\0004\000.\0005\000\040\212\262\230\114}{chapter.14}% 81
\BOOKMARK [0][]{chapter.15}{\376\377\173\054\0001\0005\172\340\000\040\131\032\153\041\121\103\134\072\136\246\151\313\142\020\154\325}{part.1}% 82
\BOOKMARK [1][]{section.15.1}{\376\377\0001\0005\000.\0001\000\040\131\032\153\041\121\103\134\072\136\246\151\313\142\020\154\325}{chapter.15}% 83
\BOOKMARK [1][]{section.15.2}{\376\377\0001\0005\000.\0002\000\040\215\335\226\342\060\150\137\303\164\006\133\146\060\156\060\307\060\374\060\277}{chapter.15}% 84
\BOOKMARK [1][]{section.15.3}{\376\377\0001\0005\000.\0003\000\040\227\136\212\010\221\317\131\032\153\041\121\103\134\072\136\246\154\325}{chapter.15}% 85
\BOOKMARK [1][]{section.15.4}{\376\377\0001\0005\000.\0004\000\040\131\032\153\041\121\103\134\072\136\246\154\325\060\156\134\125\225\213}{chapter.15}% 86
\BOOKMARK [1][]{section.15.5}{\376\377\0001\0005\000.\0005\000\040\212\262\230\114}{chapter.15}% 87
\BOOKMARK [0][]{appendix.A}{\376\377\116\330\223\062\000A\000\040\060\210\060\117\060\102\060\213\214\352\125\117\060\150\060\337\060\271\060\156\117\213}{part.1}% 88
\BOOKMARK [1][]{section.A.1}{\376\377\000A\000.\0001\000\040\000F\000r\000e\000q\000u\000e\000n\000t\000l\000y\000\040\000M\000i\000s\000s\000\040\000a\000n\000d\000\040\000C\000o\000m\000m\000e\000n\000t\000s}{appendix.A}% 89
\BOOKMARK [1][]{section.A.2}{\376\377\000A\000.\0002\000\040\000F\000r\000e\000q\000u\000e\000n\000t\000l\000y\000\040\000A\000s\000k\000e\000d\000\040\000Q\000u\000e\000s\000t\000i\000o\000n\000s\377\033\060\210\060\117\060\102\060\213\214\352\125\117\060\150\173\124\060\110}{appendix.A}% 90
\BOOKMARK [0][]{appendix.B}{\376\377\116\330\223\062\000B\000\040\152\031\156\226\153\143\211\217\122\006\136\003\060\113\060\211\134\072\136\246\120\044\060\222\154\102\060\201\060\213\212\010\173\227\145\271\154\325}{part.1}% 91
\BOOKMARK [0][]{appendix.C}{\376\377\116\330\223\062\000C\000\040\226\373\133\120\212\010\173\227\152\137\060\156\060\244\060\355\060\317}{part.1}% 92
\BOOKMARK [1][]{section.C.1}{\376\377\000C\000.\0001\000\040\122\115\177\156\060\115}{appendix.C}% 93
\BOOKMARK [1][]{section.C.2}{\376\377\000C\000.\0002\000\040\060\263\060\363\060\324\060\345\060\374\060\277\060\156\127\372\171\016}{appendix.C}% 94
\BOOKMARK [1][]{section.C.3}{\376\377\000C\000.\0003\000\040\060\263\060\363\060\324\060\345\060\374\060\277\060\156\153\164\123\362}{appendix.C}% 95
\BOOKMARK [1][]{section.C.4}{\376\377\000C\000.\0004\000\040\140\305\130\061\060\156\123\130\117\115}{appendix.C}% 96
\BOOKMARK [1][]{section.C.5}{\376\377\000C\000.\0005\000\040\060\325\060\241\060\244\060\353\060\156\172\056\230\136\060\150\142\341\137\065\133\120}{appendix.C}% 97
\BOOKMARK [1][]{section.C.6}{\376\377\000C\000.\0006\000\040\060\257\060\351\060\246\060\311\060\150\060\157}{appendix.C}% 98
\BOOKMARK [1][]{section.C.7}{\376\377\000C\000.\0007\000\040\060\325\060\241\060\244\060\353\060\156\117\115\177\156\060\156\143\007\133\232}{appendix.C}% 99
\BOOKMARK [1][]{section.C.8}{\376\377\000C\000.\0008\000\040\060\325\060\241\060\244\060\353\060\156\060\320\060\374\060\270\060\347\060\363\173\241\164\006}{appendix.C}% 100
\BOOKMARK [1][]{section.C.9}{\376\377\000C\000.\0009\000\040\060\112\060\217\060\212\060\153}{appendix.C}% 101
\BOOKMARK [0][]{appendix.D}{\376\377\116\330\223\062\000D\000\040\060\256\060\352\060\267\060\242\145\207\133\127\116\000\211\247}{part.1}% 102
\BOOKMARK [0][]{appendix.E}{\376\377\116\330\223\062\000E\000\040\212\030\123\367\060\156\121\145\122\233\060\150\060\255\060\374\060\334\060\374\060\311\060\156\130\064\142\100}{part.1}% 103
\BOOKMARK [0][]{appendix.F}{\376\377\116\330\223\062\000F\000\040\147\054\213\033\177\251\060\153\133\376\137\334\060\131\060\213\212\163\175\060\060\267\060\351\060\320\060\271}{part.1}% 104
\BOOKMARK [1][]{section.F.1}{\376\377\000F\000.\0001\000\040\060\244\060\363\060\310\060\355\060\300\060\257\060\267\060\347\060\363}{appendix.F}% 105
\BOOKMARK [1][]{section.F.2}{\376\377\000F\000.\0002\000\040\137\303\164\006\134\072\136\246\060\222\117\134\060\213}{appendix.F}% 106
\BOOKMARK [1][]{section.F.3}{\376\377\000F\000.\0003\000\040\060\306\060\271\060\310\164\006\212\326\060\150\126\340\133\120\122\006\147\220}{appendix.F}% 107
\BOOKMARK [1][]{section.F.4}{\376\377\000F\000.\0004\000\040\163\376\116\343\060\306\060\271\060\310\164\006\212\326}{appendix.F}% 108
\BOOKMARK [1][]{section.F.5}{\376\377\000F\000.\0005\000\040\163\376\116\343\060\306\060\271\060\310\164\006\212\326\060\135\060\156\0002}{appendix.F}% 109
\BOOKMARK [1][]{section.F.6}{\376\377\000F\000.\0006\000\040\210\114\122\027\212\010\173\227\060\156\127\372\171\016}{appendix.F}% 110
\BOOKMARK [1][]{section.F.7}{\376\377\000F\000.\0007\000\040\210\114\122\027\060\153\060\210\060\213\225\242\117\302\060\156\210\150\163\376}{appendix.F}% 111
\BOOKMARK [1][]{section.F.8}{\376\377\000F\000.\0008\000\040\126\372\147\011\120\044\060\150\126\372\147\011\060\331\060\257\060\310\060\353\060\150\126\340\133\120\122\006\147\220\060\342\060\307\060\353\060\156\225\242\117\302}{appendix.F}% 112
\BOOKMARK [1][]{section.F.9}{\376\377\000F\000.\0009\000\040\000R\060\222\060\144\060\113\060\143\060\146\060\156\210\114\122\027\212\010\173\227}{appendix.F}% 113
\BOOKMARK [1][]{section.F.10}{\376\377\000F\000.\0001\0000\000\040\000R\060\222\060\144\060\113\060\143\060\137\126\340\133\120\122\006\147\220\060\150\134\072\136\246\117\134\142\020\154\325}{appendix.F}% 114
\BOOKMARK [1][]{section.F.11}{\376\377\000F\000.\0001\0001\000\040\000R\060\222\060\144\060\113\060\143\060\137\230\005\166\356\123\315\137\334\164\006\212\326}{appendix.F}% 115
\BOOKMARK [1][]{section.F.12}{\376\377\000F\000.\0001\0002\000\040\151\313\220\040\145\271\172\013\137\017\060\342\060\307\060\352\060\363\060\260}{appendix.F}% 116
\BOOKMARK [1][]{section.F.13}{\376\377\000F\000.\0001\0003\000\040\000R\060\153\060\210\060\213\151\313\220\040\145\271\172\013\137\017\060\342\060\307\060\352\060\363\060\260}{appendix.F}% 117
\BOOKMARK [1][]{section.F.14}{\376\377\000F\000.\0001\0004\000\040\123\314\133\376\134\072\136\246\154\325}{appendix.F}% 118
\BOOKMARK [1][]{section.F.15}{\376\377\000F\000.\0001\0005\000\040\131\032\153\041\121\103\134\072\136\246\151\313\142\020\154\325}{appendix.F}% 119
\BOOKMARK [0][]{section*.208}{\376\377\137\025\165\050\145\207\163\056}{part.1}% 120
\BOOKMARK [0][]{appendix*.209}{\376\377\175\042\137\025}{part.1}% 121
