LaTeX Warning: Citation 'Miyagawa1997' on page 13 undefined on input line 46.
LaTeX Warning: Citation 'NetworkPsychometrics' on page 13 undefined on input li
LaTeX Warning: Citation 'Toyoda2008' on page 13 undefined on input line 54.
LaTeX Warning: Citation 'Toyoda2023' on page 13 undefined on input line 54.
LaTeX Warning: Citation 'stevens1946' on page 15 undefined on input line 73.
LaTeX Warning: Citation 'Nishisato2010' on page 15 undefined on input line 91.
LaTeX Warning: Citation 'Toyoda2007' on page 18 undefined on input line 146.
LaTeX Warning: Citation 'Allport1935' on page 21 undefined on input line 15.
LaTeX Warning: Citation 'Fujihara2001' on page 22 undefined on input line 29.
LaTeX Warning: Citation 'Jerry2019' on page 27 undefined on input line 124.
LaTeX Warning: Citation 'Nagatani202292' on page 27 undefined on input line 128
LaTeX Warning: Citation 'MiuraAsako2015' on page 29 undefined on input line 163
LaTeX Warning: Citation 'likert1932technique' on page 30 undefined on input lin
LaTeX Warning: Citation 'Nishisato2010' on page 32 undefined on input line 206.
LaTeX Warning: Citation 'Takane198002' on page 32 undefined on input line 206.
LaTeX Warning: Citation 'clusterAnalysis' on page 32 undefined on input line 20
LaTeX Warning: Citation 'kosugi2016b' on page 32 undefined on input line 214.
LaTeX Warning: Citation 'Oshio2020' on page 39 undefined on input line 97.
LaTeX Warning: Citation 'kosugi2018' on page 40 undefined on input line 113.
LaTeX Warning: Citation 'Yamauchi201001' on page 45 undefined on input line 24.
LaTeX Warning: Citation 'kosugi120005596041' on page 56 undefined on input line
LaTeX Warning: Citation 'samejima1997graded' on page 57 undefined on input line
LaTeX Warning: Citation 'muraki1992generalized' on page 57 undefined on input l
LaTeX Warning: Citation 'Toyoda20120824' on page 57 undefined on input line 84.
LaTeX Warning: Citation 'Katoken2014' on page 57 undefined on input line 84.
LaTeX Warning: Citation 'kosugi2018' on page 63 undefined on input line 15.
LaTeX Warning: Citation 'Murakami20160301' on page 63 undefined on input line 1
LaTeX Warning: Citation 'Nagata20050401' on page 63 undefined on input line 15.
LaTeX Warning: Citation 'Okada200804' on page 63 undefined on input line 15.
LaTeX Warning: Citation 'Murakami20160301' on page 83 undefined on input line 1
LaTeX Warning: Citation 'kosugi2016a' on page 100 undefined on input line 19.
LaTeX Warning: Citation 'psych' on page 102 undefined on input line 70.
LaTeX Warning: Citation 'kosugi2018' on page 110 undefined on input line 380.
LaTeX Warning: Citation 'ltm' on page 113 undefined on input line 34.
LaTeX Warning: Citation 'partchev2017package' on page 113 undefined on input li
LaTeX Warning: Citation 'mirt' on page 124 undefined on input line 403.
LaTeX Warning: Citation 'Kosugi2014Mplus' on page 132 undefined on input line 2
LaTeX Warning: Citation 'holzinger1939study' on page 135 undefined on input lin
LaTeX Warning: Citation 'Charles2013' on page 138 undefined on input line 144.
LaTeX Warning: Citation 'tidySEM' on page 138 undefined on input line 144.
LaTeX Warning: Citation 'Onoshima2021' on page 138 undefined on input line 168.
LaTeX Warning: Citation 'Higuchu20200406' on page 151 undefined on input line 2
LaTeX Warning: Citation 'Okada19940115' on page 153 undefined on input line 42.
LaTeX Warning: Citation 'Takane198002' on page 156 undefined on input line 108.
LaTeX Warning: Citation 'kruskal1964' on page 159 undefined on input line 233.
LaTeX Warning: Citation 'kruskal1964multidimensional' on page 159 undefined on 
LaTeX Warning: Citation 'abelson1954technique' on page 162 undefined on input l
LaTeX Warning: Citation 'Chino2012' on page 163 undefined on input line 329.
LaTeX Warning: Citation 'shimizu2018' on page 163 undefined on input line 331.
LaTeX Warning: Citation 'JPGuilfod' on page 179 undefined on input line 100.
LaTeX Warning: Citation '1390001205397311616' on page 179 undefined on input li
LaTeX Warning: Citation 'UserIlluision2002' on page 182 undefined on input line
LaTeX Warning: Citation 'Isaacson2012' on page 182 undefined on input line 31.
LaTeX Warning: Citation 'Minaka2018' on page 201 undefined on input line 10.
LaTeX Warning: Citation 'stevens1946' on page 201 undefined on input line 15.
LaTeX Warning: Citation 'Kawabata201408' on page 201 undefined on input line 15
LaTeX Warning: Citation 'Yamada2004' on page 201 undefined on input line 15.
LaTeX Warning: Citation 'Kawabata201408' on page 202 undefined on input line 23
LaTeX Warning: Citation 'Suenaga1987' on page 203 undefined on input line 9.
LaTeX Warning: Citation 'Miyatani2009' on page 203 undefined on input line 15.
LaTeX Warning: Citation 'Tanaka197701' on page 203 undefined on input line 15.
LaTeX Warning: Citation 'Miyatani2009' on page 203 undefined on input line 32.
LaTeX Warning: Citation 'Suenaga1987' on page 204 undefined on input line 13.
LaTeX Warning: Citation 'kosugi2016b' on page 204 undefined on input line 13.
LaTeX Warning: Citation 'kosugi2018' on page 204 undefined on input line 19.
LaTeX Warning: Citation 'kosugi2018' on page 204 undefined on input line 26.
LaTeX Warning: Citation 'Takahashi200211' on page 205 undefined on input line 1
LaTeX Warning: Citation 'Toyoda20120824' on page 205 undefined on input line 21
LaTeX Warning: Citation 'Katoken2014' on page 205 undefined on input line 21.
LaTeX Warning: Citation 'Toyoda20120824' on page 205 undefined on input line 27
LaTeX Warning: Citation 'Katoken2014' on page 205 undefined on input line 27.
LaTeX Warning: Citation 'Kosugi2014Mplus' on page 206 undefined on input line 3
LaTeX Warning: Citation 'Katoken2014' on page 207 undefined on input line 17.
LaTeX Warning: Citation 'Toyoda20120824' on page 207 undefined on input line 17
LaTeX Warning: Citation 'Toyoda20120824' on page 207 undefined on input line 24
LaTeX Warning: Citation 'Murakami20160301' on page 208 undefined on input line 
LaTeX Warning: Citation 'Okada200804' on page 209 undefined on input line 15.
LaTeX Warning: Citation 'Annette_J_Dobson2008-09-08' on page 209 undefined on i
LaTeX Warning: Citation 'Toyoda20000401' on page 209 undefined on input line 23
LaTeX Warning: Citation 'Shibasuke197901' on page 209 undefined on input line 2
LaTeX Warning: Citation 'kosugi2018' on page 209 undefined on input line 28.
LaTeX Warning: Citation 'Hiraoka20041001' on page 211 undefined on input line 1
LaTeX Warning: Citation 'Naganuma20110920' on page 211 undefined on input line 
LaTeX Warning: Citation 'kosugi2018' on page 213 undefined on input line 17.
LaTeX Warning: Citation 'kosugi2018' on page 213 undefined on input line 24.
LaTeX Warning: Citation 'Kosugi2014Mplus' on page 216 undefined on input line 1
LaTeX Warning: Citation 'kosugi2018' on page 216 undefined on input line 25.
LaTeX Warning: Citation 'Kosugi2014Mplus' on page 217 undefined on input line 3
LaTeX Warning: Citation 'Kosugi2014Mplus' on page 218 undefined on input line 1
LaTeX Warning: Citation 'Kosugi2014Mplus' on page 218 undefined on input line 2
LaTeX Warning: Citation 'Nishisato2010' on page 219 undefined on input line 16.
LaTeX Warning: Citation 'kosugi2019b' on page 219 undefined on input line 21.
LaTeX Warning: Citation 'kosugi2019b' on page 220 undefined on input line 26.
LaTeX Warning: Citation 'Higuchu20200406' on page 220 undefined on input line 3
LaTeX Warning: Citation 'Takane198002' on page 221 undefined on input line 20.
LaTeX Warning: Citation 'Okada19940115' on page 221 undefined on input line 24.
LaTeX Warning: Citation 'Adachi200607' on page 221 undefined on input line 24.
LaTeX Warning: Citation 'kosugi2019b' on page 221 undefined on input line 24.
LaTeX Warning: Citation 'shimizu2018' on page 222 undefined on input line 29.
LaTeX Warning: There were undefined references.
LaTeX Warning: Citation 'Miyagawa1997' on page 13 undefined on input line 46.
LaTeX Warning: Citation 'NetworkPsychometrics' on page 13 undefined on input li
LaTeX Warning: Citation 'Toyoda2008' on page 13 undefined on input line 54.
LaTeX Warning: Citation 'Toyoda2023' on page 13 undefined on input line 54.
LaTeX Warning: Citation 'stevens1946' on page 15 undefined on input line 73.
LaTeX Warning: Citation 'Nishisato2010' on page 15 undefined on input line 91.
LaTeX Warning: Citation 'Toyoda2007' on page 18 undefined on input line 146.
LaTeX Warning: Citation 'Allport1935' on page 21 undefined on input line 15.
LaTeX Warning: Citation 'Fujihara2001' on page 22 undefined on input line 29.
LaTeX Warning: Citation 'Jerry2019' on page 27 undefined on input line 124.
LaTeX Warning: Citation 'Nagatani202292' on page 27 undefined on input line 128
LaTeX Warning: Citation 'MiuraAsako2015' on page 29 undefined on input line 163
LaTeX Warning: Citation 'likert1932technique' on page 30 undefined on input lin
LaTeX Warning: Citation 'Nishisato2010' on page 32 undefined on input line 206.
LaTeX Warning: Citation 'Takane198002' on page 32 undefined on input line 206.
LaTeX Warning: Citation 'clusterAnalysis' on page 32 undefined on input line 20
LaTeX Warning: Citation 'kosugi2016b' on page 32 undefined on input line 214.
LaTeX Warning: Citation 'Oshio2020' on page 39 undefined on input line 97.
LaTeX Warning: Citation 'kosugi2018' on page 40 undefined on input line 113.
LaTeX Warning: Citation 'Yamauchi201001' on page 45 undefined on input line 24.
LaTeX Warning: Citation 'kosugi120005596041' on page 56 undefined on input line
LaTeX Warning: Citation 'samejima1997graded' on page 57 undefined on input line
LaTeX Warning: Citation 'muraki1992generalized' on page 57 undefined on input l
LaTeX Warning: Citation 'Toyoda20120824' on page 57 undefined on input line 84.
LaTeX Warning: Citation 'Katoken2014' on page 57 undefined on input line 84.
LaTeX Warning: Citation 'kosugi2018' on page 63 undefined on input line 15.
LaTeX Warning: Citation 'Murakami20160301' on page 63 undefined on input line 1
LaTeX Warning: Citation 'Nagata20050401' on page 63 undefined on input line 15.
LaTeX Warning: Citation 'Okada200804' on page 63 undefined on input line 15.
LaTeX Warning: Citation 'Murakami20160301' on page 83 undefined on input line 1
LaTeX Warning: Citation 'kosugi2016a' on page 100 undefined on input line 19.
LaTeX Warning: Citation 'psych' on page 102 undefined on input line 70.
LaTeX Warning: Citation 'kosugi2018' on page 110 undefined on input line 380.
LaTeX Warning: Citation 'ltm' on page 113 undefined on input line 34.
LaTeX Warning: Citation 'partchev2017package' on page 113 undefined on input li
LaTeX Warning: Citation 'mirt' on page 124 undefined on input line 403.
LaTeX Warning: Citation 'Kosugi2014Mplus' on page 132 undefined on input line 2
LaTeX Warning: Citation 'holzinger1939study' on page 135 undefined on input lin
LaTeX Warning: Citation 'Charles2013' on page 138 undefined on input line 144.
LaTeX Warning: Citation 'tidySEM' on page 138 undefined on input line 144.
LaTeX Warning: Citation 'Onoshima2021' on page 138 undefined on input line 168.
LaTeX Warning: Citation 'Higuchu20200406' on page 151 undefined on input line 2
LaTeX Warning: Citation 'Okada19940115' on page 153 undefined on input line 42.
LaTeX Warning: Citation 'Takane198002' on page 156 undefined on input line 108.
LaTeX Warning: Citation 'kruskal1964' on page 159 undefined on input line 233.
LaTeX Warning: Citation 'kruskal1964multidimensional' on page 159 undefined on 
LaTeX Warning: Citation 'abelson1954technique' on page 162 undefined on input l
LaTeX Warning: Citation 'Chino2012' on page 163 undefined on input line 329.
LaTeX Warning: Citation 'shimizu2018' on page 163 undefined on input line 331.
LaTeX Warning: Citation 'JPGuilfod' on page 179 undefined on input line 100.
LaTeX Warning: Citation '1390001205397311616' on page 179 undefined on input li
LaTeX Warning: Citation 'UserIlluision2002' on page 182 undefined on input line
LaTeX Warning: Citation 'Isaacson2012' on page 182 undefined on input line 31.
LaTeX Warning: Citation 'Minaka2018' on page 201 undefined on input line 10.
LaTeX Warning: Citation 'stevens1946' on page 201 undefined on input line 15.
LaTeX Warning: Citation 'Kawabata201408' on page 201 undefined on input line 15
LaTeX Warning: Citation 'Yamada2004' on page 201 undefined on input line 15.
LaTeX Warning: Citation 'Kawabata201408' on page 202 undefined on input line 23
LaTeX Warning: Citation 'Suenaga1987' on page 203 undefined on input line 9.
LaTeX Warning: Citation 'Miyatani2009' on page 203 undefined on input line 15.
LaTeX Warning: Citation 'Tanaka197701' on page 203 undefined on input line 15.
LaTeX Warning: Citation 'Miyatani2009' on page 203 undefined on input line 32.
LaTeX Warning: Citation 'Suenaga1987' on page 204 undefined on input line 13.
LaTeX Warning: Citation 'kosugi2016b' on page 204 undefined on input line 13.
LaTeX Warning: Citation 'kosugi2018' on page 204 undefined on input line 19.
LaTeX Warning: Citation 'kosugi2018' on page 204 undefined on input line 26.
LaTeX Warning: Citation 'Takahashi200211' on page 205 undefined on input line 1
LaTeX Warning: Citation 'Toyoda20120824' on page 205 undefined on input line 21
LaTeX Warning: Citation 'Katoken2014' on page 205 undefined on input line 21.
LaTeX Warning: Citation 'Toyoda20120824' on page 205 undefined on input line 27
LaTeX Warning: Citation 'Katoken2014' on page 205 undefined on input line 27.
LaTeX Warning: Citation 'Kosugi2014Mplus' on page 206 undefined on input line 3
LaTeX Warning: Citation 'Katoken2014' on page 207 undefined on input line 17.
LaTeX Warning: Citation 'Toyoda20120824' on page 207 undefined on input line 17
LaTeX Warning: Citation 'Toyoda20120824' on page 207 undefined on input line 24
LaTeX Warning: Citation 'Murakami20160301' on page 208 undefined on input line 
LaTeX Warning: Citation 'Okada200804' on page 209 undefined on input line 15.
LaTeX Warning: Citation 'Annette_J_Dobson2008-09-08' on page 209 undefined on i
LaTeX Warning: Citation 'Toyoda20000401' on page 209 undefined on input line 23
LaTeX Warning: Citation 'Shibasuke197901' on page 209 undefined on input line 2
LaTeX Warning: Citation 'kosugi2018' on page 209 undefined on input line 28.
LaTeX Warning: Citation 'Hiraoka20041001' on page 211 undefined on input line 1
LaTeX Warning: Citation 'Naganuma20110920' on page 211 undefined on input line 
LaTeX Warning: Citation 'kosugi2018' on page 213 undefined on input line 17.
LaTeX Warning: Citation 'kosugi2018' on page 213 undefined on input line 24.
LaTeX Warning: Citation 'Kosugi2014Mplus' on page 216 undefined on input line 1
LaTeX Warning: Citation 'kosugi2018' on page 216 undefined on input line 25.
LaTeX Warning: Citation 'Kosugi2014Mplus' on page 217 undefined on input line 3
LaTeX Warning: Citation 'Kosugi2014Mplus' on page 218 undefined on input line 1
LaTeX Warning: Citation 'Kosugi2014Mplus' on page 218 undefined on input line 2
LaTeX Warning: Citation 'Nishisato2010' on page 219 undefined on input line 16.
LaTeX Warning: Citation 'kosugi2019b' on page 219 undefined on input line 21.
LaTeX Warning: Citation 'kosugi2019b' on page 220 undefined on input line 26.
LaTeX Warning: Citation 'Higuchu20200406' on page 220 undefined on input line 3
LaTeX Warning: Citation 'Takane198002' on page 221 undefined on input line 20.
LaTeX Warning: Citation 'Okada19940115' on page 221 undefined on input line 24.
LaTeX Warning: Citation 'Adachi200607' on page 221 undefined on input line 24.
LaTeX Warning: Citation 'kosugi2019b' on page 221 undefined on input line 24.
LaTeX Warning: Citation 'shimizu2018' on page 222 undefined on input line 29.
Overfull \hbox (18.15721pt too wide) detected at line 140
Overfull \vbox (1.29533pt too high) has occurred while \output is active []
Overfull \hbox (46.77382pt too wide) detected at line 374
Overfull \hbox (9.94478pt too wide) in paragraph at lines 112--112
Overfull \hbox (9.94478pt too wide) in paragraph at lines 113--113
Overfull \hbox (9.94478pt too wide) in paragraph at lines 114--114
Overfull \hbox (52.37631pt too wide) in paragraph at lines 23--36
Overfull \hbox (44.15285pt too wide) in paragraph at lines 34--65
