LaTeX Warning: Citation 'kosugi2023' on page 2 undefined on input line 12.
LaTeX Warning: Citation 'kosugi2023' on page 2 undefined on input line 12.
LaTeX Warning: Citation 'UserIlluision2002' on page 10 undefined on input line 
LaTeX Warning: Citation 'Matsuura201610' on page 11 undefined on input line 49.
LaTeX Warning: Citation 'Matsuura201610' on page 12 undefined on input line 94.
LaTeX Warning: Citation 'HAD' on page 18 undefined on input line 31.
LaTeX Warning: Citation 'Language2016' on page 18 undefined on input line 31.
LaTeX Warning: Citation 'kosugi2019' on page 23 undefined on input line 96.
LaTeX Warning: Citation 'Maeda2017' on page 32 undefined on input line 393.
LaTeX Warning: Citation 'Yamada2004' on page 35 undefined on input line 19.
LaTeX Warning: Citation 'Shimizu2021' on page 35 undefined on input line 19.
LaTeX Warning: Citation 'Haebara1987' on page 51 undefined on input line 117.
LaTeX Warning: Reference `x16_Programming2' on page 84 undefined on input line 
LaTeX Warning: Reference `if_statement' on page 84 undefined on input line 318.
LaTeX Warning: Reference `if_statement' on page 84 undefined on input line 318.
LaTeX Warning: Citation 'shimizu2018' on page 84 undefined on input line 358.
LaTeX Warning: Label `lesson2_26' multiply defined.
LaTeX Warning: Citation 'kosugi2023' on page 2 undefined on input line 12.
LaTeX Warning: Citation 'kosugi2023' on page 2 undefined on input line 12.
LaTeX Warning: Citation 'UserIlluision2002' on page 10 undefined on input line 
LaTeX Warning: Citation 'Matsuura201610' on page 11 undefined on input line 49.
LaTeX Warning: Citation 'Matsuura201610' on page 12 undefined on input line 94.
LaTeX Warning: Citation 'HAD' on page 18 undefined on input line 31.
LaTeX Warning: Citation 'Language2016' on page 18 undefined on input line 31.
LaTeX Warning: Citation 'kosugi2019' on page 23 undefined on input line 96.
LaTeX Warning: Citation 'Maeda2017' on page 32 undefined on input line 393.
LaTeX Warning: Citation 'Yamada2004' on page 35 undefined on input line 19.
LaTeX Warning: Citation 'Shimizu2021' on page 35 undefined on input line 19.
LaTeX Warning: Citation 'Haebara1987' on page 51 undefined on input line 117.
LaTeX Warning: Citation 'shimizu2018' on page 84 undefined on input line 358.
Overfull \hbox (62.6863pt too wide) in paragraph at lines 325--330
Overfull \hbox (19.9506pt too wide) in paragraph at lines 164--166
Overfull \hbox (62.6863pt too wide) in paragraph at lines 356--361
Overfull \hbox (23.343pt too wide) detected at line 106
Overfull \hbox (9.1505pt too wide) in paragraph at lines 307--308
Overfull \hbox (25.35066pt too wide) in paragraph at lines 385--386
