LaTeX Warning: Citation 'Minaka2018' on page 3 undefined on input line 10.
LaTeX Warning: Citation 'stevens1946' on page 3 undefined on input line 15.
LaTeX Warning: Citation 'Kawabata201408' on page 3 undefined on input line 15.
LaTeX Warning: Citation 'Yamada2004' on page 3 undefined on input line 15.
LaTeX Warning: Citation 'Kawabata201408' on page 3 undefined on input line 23.
LaTeX Warning: Citation 'Suenaga1987' on page 5 undefined on input line 9.
LaTeX Warning: Citation 'Miyatani2009' on page 5 undefined on input line 15.
LaTeX Warning: Citation 'Tanaka197701' on page 5 undefined on input line 15.
LaTeX Warning: Citation 'Suenaga1987' on page 5 undefined on input line 21.
LaTeX Warning: Citation 'kosugi2016b' on page 5 undefined on input line 21.
LaTeX Warning: Citation '' on page 6 undefined on input line 36.
LaTeX Warning: Citation 'kosugi2018' on page 7 undefined on input line 14.
LaTeX Warning: Citation 'kosugi2018' on page 7 undefined on input line 21.
LaTeX Warning: Citation 'Takahashi200211' on page 9 undefined on input line 16.
LaTeX Warning: Citation 'Toyoda20120824' on page 9 undefined on input line 21.
LaTeX Warning: Citation 'Katoken2014' on page 9 undefined on input line 21.
LaTeX Warning: Citation 'Toyoda20120824' on page 9 undefined on input line 27.
LaTeX Warning: Citation 'Katoken2014' on page 9 undefined on input line 27.
LaTeX Warning: Citation 'Kosugi2014Mplus' on page 10 undefined on input line 32
LaTeX Warning: Citation 'Katoken2014' on page 11 undefined on input line 17.
LaTeX Warning: Citation 'Toyoda20120824' on page 11 undefined on input line 17.
LaTeX Warning: Citation 'Toyoda20120824' on page 11 undefined on input line 24.
LaTeX Warning: Citation 'Murakami20160301' on page 13 undefined on input line 2
LaTeX Warning: Citation 'Okada200804' on page 15 undefined on input line 15.
LaTeX Warning: Citation 'Annette_J_Dobson2008-09-08' on page 15 undefined on in
LaTeX Warning: Citation 'Toyoda20000401' on page 15 undefined on input line 23.
LaTeX Warning: Citation 'Shibasuke197901' on page 16 undefined on input line 28
LaTeX Warning: Citation 'kosugi2018' on page 16 undefined on input line 28.
LaTeX Warning: Citation 'Hiraoka20041001' on page 17 undefined on input line 19
LaTeX Warning: Citation 'Naganuma20110920' on page 17 undefined on input line 1
LaTeX Warning: Citation 'kosugi2018' on page 21 undefined on input line 17.
LaTeX Warning: Citation 'kosugi2018' on page 21 undefined on input line 24.
LaTeX Warning: Citation 'Kosugi2014Mplus' on page 25 undefined on input line 18
LaTeX Warning: Citation 'kosugi2018' on page 26 undefined on input line 25.
LaTeX Warning: Citation 'Kosugi2014Mplus' on page 26 undefined on input line 32
LaTeX Warning: Citation 'Kosugi2014Mplus' on page 27 undefined on input line 17
LaTeX Warning: Citation 'Kosugi2014Mplus' on page 27 undefined on input line 23
LaTeX Warning: Citation 'Takane198002' on page 29 undefined on input line 20.
LaTeX Warning: Citation 'Okada19940115' on page 29 undefined on input line 24.
LaTeX Warning: Citation 'Adachi200607' on page 29 undefined on input line 24.
LaTeX Warning: Citation 'kosugi2019b' on page 29 undefined on input line 24.
LaTeX Warning: Citation 'shimizu2018' on page 30 undefined on input line 29.
LaTeX Warning: There were undefined references.
LaTeX Warning: Citation 'Minaka2018' on page 3 undefined on input line 10.
LaTeX Warning: Citation 'stevens1946' on page 3 undefined on input line 15.
LaTeX Warning: Citation 'Kawabata201408' on page 3 undefined on input line 15.
LaTeX Warning: Citation 'Yamada2004' on page 3 undefined on input line 15.
LaTeX Warning: Citation 'Kawabata201408' on page 3 undefined on input line 23.
LaTeX Warning: Citation 'Suenaga1987' on page 5 undefined on input line 9.
LaTeX Warning: Citation 'Miyatani2009' on page 5 undefined on input line 15.
LaTeX Warning: Citation 'Tanaka197701' on page 5 undefined on input line 15.
LaTeX Warning: Citation 'Suenaga1987' on page 5 undefined on input line 21.
LaTeX Warning: Citation 'kosugi2016b' on page 5 undefined on input line 21.
LaTeX Warning: Citation '' on page 6 undefined on input line 36.
LaTeX Warning: Citation 'kosugi2018' on page 7 undefined on input line 14.
LaTeX Warning: Citation 'kosugi2018' on page 7 undefined on input line 21.
LaTeX Warning: Citation 'Takahashi200211' on page 9 undefined on input line 16.
LaTeX Warning: Citation 'Toyoda20120824' on page 9 undefined on input line 21.
LaTeX Warning: Citation 'Katoken2014' on page 9 undefined on input line 21.
LaTeX Warning: Citation 'Toyoda20120824' on page 9 undefined on input line 27.
LaTeX Warning: Citation 'Katoken2014' on page 9 undefined on input line 27.
LaTeX Warning: Citation 'Kosugi2014Mplus' on page 10 undefined on input line 32
LaTeX Warning: Citation 'Katoken2014' on page 11 undefined on input line 17.
LaTeX Warning: Citation 'Toyoda20120824' on page 11 undefined on input line 17.
LaTeX Warning: Citation 'Toyoda20120824' on page 11 undefined on input line 24.
LaTeX Warning: Citation 'Murakami20160301' on page 13 undefined on input line 2
LaTeX Warning: Citation 'Okada200804' on page 15 undefined on input line 15.
LaTeX Warning: Citation 'Annette_J_Dobson2008-09-08' on page 15 undefined on in
LaTeX Warning: Citation 'Toyoda20000401' on page 15 undefined on input line 23.
LaTeX Warning: Citation 'Shibasuke197901' on page 16 undefined on input line 28
LaTeX Warning: Citation 'kosugi2018' on page 16 undefined on input line 28.
LaTeX Warning: Citation 'Hiraoka20041001' on page 17 undefined on input line 19
LaTeX Warning: Citation 'Naganuma20110920' on page 17 undefined on input line 1
LaTeX Warning: Citation 'kosugi2018' on page 21 undefined on input line 17.
LaTeX Warning: Citation 'kosugi2018' on page 21 undefined on input line 24.
LaTeX Warning: Citation 'Kosugi2014Mplus' on page 25 undefined on input line 18
LaTeX Warning: Citation 'kosugi2018' on page 26 undefined on input line 25.
LaTeX Warning: Citation 'Kosugi2014Mplus' on page 26 undefined on input line 32
LaTeX Warning: Citation 'Kosugi2014Mplus' on page 27 undefined on input line 17
LaTeX Warning: Citation 'Kosugi2014Mplus' on page 27 undefined on input line 23
LaTeX Warning: Citation 'Takane198002' on page 29 undefined on input line 20.
LaTeX Warning: Citation 'Okada19940115' on page 29 undefined on input line 24.
LaTeX Warning: Citation 'Adachi200607' on page 29 undefined on input line 24.
LaTeX Warning: Citation 'kosugi2019b' on page 29 undefined on input line 24.
LaTeX Warning: Citation 'shimizu2018' on page 30 undefined on input line 29.
