LaTeX Warning: Citation 'kosugi2023' on page 5 undefined on input line 7.
LaTeX Warning: Citation 'Yamada2004' on page 6 undefined on input line 14.
LaTeX Warning: Citation 'Lee201709' on page 8 undefined on input line 19.
LaTeX Warning: Citation 'Toyoda201606' on page 8 undefined on input line 25.
LaTeX Warning: Citation 'Matsuura201610' on page 8 undefined on input line 31.
LaTeX Warning: Citation 'Matsuura201610' on page 11 undefined on input line 12.
LaTeX Warning: Citation 'Yamauchi201001' on page 11 undefined on input line 19.
LaTeX Warning: Citation 'Toyoda201606' on page 11 undefined on input line 26.
LaTeX Warning: Citation 'Lee201709' on page 12 undefined on input line 32.
LaTeX Warning: Citation 'Kubo2012' on page 13 undefined on input line 4.
LaTeX Warning: Citation 'Matsuura201610' on page 15 undefined on input line 14.
LaTeX Warning: Citation 'Matsuura201610' on page 15 undefined on input line 19.
LaTeX Warning: Citation 'Matsuura201610' on page 15 undefined on input line 23.
LaTeX Warning: Citation 'Maeda2017' on page 17 undefined on input line 11.
LaTeX Warning: Citation 'Hamada201912' on page 17 undefined on input line 15.
LaTeX Warning: Citation 'Lee201709' on page 19 undefined on input line 15.
LaTeX Warning: Citation 'Matsuura201610' on page 19 undefined on input line 15.
LaTeX Warning: Citation 'Matsuura201610' on page 20 undefined on input line 17.
LaTeX Warning: Citation 'Baba201907' on page 20 undefined on input line 17.
LaTeX Warning: There were undefined references.
LaTeX Warning: Citation 'kosugi2023' on page 5 undefined on input line 7.
LaTeX Warning: Citation 'Yamada2004' on page 6 undefined on input line 14.
LaTeX Warning: Citation 'Lee201709' on page 8 undefined on input line 19.
LaTeX Warning: Citation 'Toyoda201606' on page 8 undefined on input line 25.
LaTeX Warning: Citation 'Matsuura201610' on page 8 undefined on input line 31.
LaTeX Warning: Citation 'Matsuura201610' on page 11 undefined on input line 12.
LaTeX Warning: Citation 'Yamauchi201001' on page 11 undefined on input line 19.
LaTeX Warning: Citation 'Toyoda201606' on page 11 undefined on input line 26.
LaTeX Warning: Citation 'Lee201709' on page 12 undefined on input line 32.
LaTeX Warning: Citation 'Kubo2012' on page 13 undefined on input line 4.
LaTeX Warning: Citation 'Matsuura201610' on page 15 undefined on input line 14.
LaTeX Warning: Citation 'Matsuura201610' on page 15 undefined on input line 19.
LaTeX Warning: Citation 'Matsuura201610' on page 15 undefined on input line 23.
LaTeX Warning: Citation 'Maeda2017' on page 17 undefined on input line 11.
LaTeX Warning: Citation 'Hamada201912' on page 17 undefined on input line 15.
LaTeX Warning: Citation 'Lee201709' on page 19 undefined on input line 15.
LaTeX Warning: Citation 'Matsuura201610' on page 19 undefined on input line 15.
LaTeX Warning: Citation 'Matsuura201610' on page 20 undefined on input line 17.
LaTeX Warning: Citation 'Baba201907' on page 20 undefined on input line 17.
