2024-12-15 14:21:03,023 - INFO - TeXファイルフォーマットプログラムを開始します
2024-12-15 14:21:03,023 - INFO - リファレンスリスト '/Users/napier3/Library/CloudStorage/Dropbox/Git/psychometrics_syllabus/SocialPsychology/tex/referencelist.csv' の読み込みを開始
2024-12-15 14:21:03,040 - INFO - リファレンスリストから 153 件のエントリを読み込みました
2024-12-15 14:21:03,040 - INFO - ディレクトリ '/Users/napier3/Library/CloudStorage/Dropbox/Git/psychometrics_syllabus/SocialPsychology/tex' の処理を開始
2024-12-15 14:21:03,040 - INFO - 既存の出力ディレクトリを使用します: /Users/napier3/Library/CloudStorage/Dropbox/Git/psychometrics_syllabus/SocialPsychology/tex_formatted
2024-12-15 14:21:03,041 - INFO - TeXファイルの検出結果:
2024-12-15 14:21:03,041 - INFO -   - 処理対象: 10個
2024-12-15 14:21:03,041 - INFO -   - 除外ファイル: SocialPsychology_SP.tex
2024-12-15 14:21:03,041 - INFO - 
ファイル 'sp07_currentSocialPsychology.tex' の処理を開始
2024-12-15 14:21:03,041 - INFO - ファイル 'sp07_currentSocialPsychology.tex' の処理を開始
2024-12-15 14:21:03,559 - INFO - ファイル 'sp07_currentSocialPsychology.tex' の処理が完了しました
2024-12-15 14:21:03,560 - INFO - 保存先: '/Users/napier3/Library/CloudStorage/Dropbox/Git/psychometrics_syllabus/SocialPsychology/tex_formatted/sp07_currentSocialPsychology.tex'
2024-12-15 14:21:03,560 - INFO - 
ファイル 'sp10_sysytem03.tex' の処理を開始
2024-12-15 14:21:03,560 - INFO - ファイル 'sp10_sysytem03.tex' の処理を開始
2024-12-15 14:21:03,910 - INFO - ファイル 'sp10_sysytem03.tex' の処理が完了しました
2024-12-15 14:21:03,910 - INFO - 保存先: '/Users/napier3/Library/CloudStorage/Dropbox/Git/psychometrics_syllabus/SocialPsychology/tex_formatted/sp10_sysytem03.tex'
2024-12-15 14:21:03,910 - INFO - 
ファイル 'sp05_History02.tex' の処理を開始
2024-12-15 14:21:03,910 - INFO - ファイル 'sp05_History02.tex' の処理を開始
2024-12-15 14:21:04,387 - INFO - ファイル 'sp05_History02.tex' の処理が完了しました
2024-12-15 14:21:04,388 - INFO - 保存先: '/Users/napier3/Library/CloudStorage/Dropbox/Git/psychometrics_syllabus/SocialPsychology/tex_formatted/sp05_History02.tex'
2024-12-15 14:21:04,388 - INFO - 
ファイル 'sp03_humanities.tex' の処理を開始
2024-12-15 14:21:04,388 - INFO - ファイル 'sp03_humanities.tex' の処理を開始
2024-12-15 14:21:04,808 - INFO - ファイル 'sp03_humanities.tex' の処理が完了しました
2024-12-15 14:21:04,809 - INFO - 保存先: '/Users/napier3/Library/CloudStorage/Dropbox/Git/psychometrics_syllabus/SocialPsychology/tex_formatted/sp03_humanities.tex'
2024-12-15 14:21:04,809 - INFO - 
ファイル 'sp09_sysytem02.tex' の処理を開始
2024-12-15 14:21:04,809 - INFO - ファイル 'sp09_sysytem02.tex' の処理を開始
2024-12-15 14:21:05,141 - INFO - ファイル 'sp09_sysytem02.tex' の処理が完了しました
2024-12-15 14:21:05,141 - INFO - 保存先: '/Users/napier3/Library/CloudStorage/Dropbox/Git/psychometrics_syllabus/SocialPsychology/tex_formatted/sp09_sysytem02.tex'
2024-12-15 14:21:05,141 - INFO - 
ファイル 'sp06_History03.tex' の処理を開始
2024-12-15 14:21:05,141 - INFO - ファイル 'sp06_History03.tex' の処理を開始
2024-12-15 14:21:05,487 - INFO - ファイル 'sp06_History03.tex' の処理が完了しました
2024-12-15 14:21:05,487 - INFO - 保存先: '/Users/napier3/Library/CloudStorage/Dropbox/Git/psychometrics_syllabus/SocialPsychology/tex_formatted/sp06_History03.tex'
2024-12-15 14:21:05,487 - INFO - 
ファイル 'sp08_sysytem01.tex' の処理を開始
2024-12-15 14:21:05,488 - INFO - ファイル 'sp08_sysytem01.tex' の処理を開始
2024-12-15 14:21:05,847 - INFO - ファイル 'sp08_sysytem01.tex' の処理が完了しました
2024-12-15 14:21:05,847 - INFO - 保存先: '/Users/napier3/Library/CloudStorage/Dropbox/Git/psychometrics_syllabus/SocialPsychology/tex_formatted/sp08_sysytem01.tex'
2024-12-15 14:21:05,847 - INFO - 
ファイル 'sp04_History01.tex' の処理を開始
2024-12-15 14:21:05,847 - INFO - ファイル 'sp04_History01.tex' の処理を開始
2024-12-15 14:21:06,267 - INFO - ファイル 'sp04_History01.tex' の処理が完了しました
2024-12-15 14:21:06,267 - INFO - 保存先: '/Users/napier3/Library/CloudStorage/Dropbox/Git/psychometrics_syllabus/SocialPsychology/tex_formatted/sp04_History01.tex'
2024-12-15 14:21:06,267 - INFO - 
ファイル 'sp02_science.tex' の処理を開始
2024-12-15 14:21:06,267 - INFO - ファイル 'sp02_science.tex' の処理を開始
2024-12-15 14:21:06,651 - INFO - ファイル 'sp02_science.tex' の処理が完了しました
2024-12-15 14:21:06,651 - INFO - 保存先: '/Users/napier3/Library/CloudStorage/Dropbox/Git/psychometrics_syllabus/SocialPsychology/tex_formatted/sp02_science.tex'
2024-12-15 14:21:06,651 - INFO - 
ファイル 'sp01_introduction.tex' の処理を開始
2024-12-15 14:21:06,651 - INFO - ファイル 'sp01_introduction.tex' の処理を開始
2024-12-15 14:21:06,950 - INFO - ファイル 'sp01_introduction.tex' の処理が完了しました
2024-12-15 14:21:06,950 - INFO - 保存先: '/Users/napier3/Library/CloudStorage/Dropbox/Git/psychometrics_syllabus/SocialPsychology/tex_formatted/sp01_introduction.tex'
2024-12-15 14:21:06,950 - INFO - 
全ての処理が完了しました
