2024-11-16 17:52:15,467 - INFO - TeXファイルフォーマットプログラムを開始します
2024-11-16 17:52:15,467 - INFO - リファレンスリスト '/Users/napier3/Library/CloudStorage/Dropbox/Git/psychometrics_syllabus/SocialPsychology/tex/referencelist.csv' の読み込みを開始
2024-11-16 17:52:15,472 - INFO - リファレンスリストから 88 件のエントリを読み込みました
2024-11-16 17:52:15,472 - INFO - ディレクトリ '/Users/napier3/Library/CloudStorage/Dropbox/Git/psychometrics_syllabus/SocialPsychology/tex' の処理を開始
2024-11-16 17:52:15,473 - INFO - 既存の出力ディレクトリを使用します: /Users/napier3/Library/CloudStorage/Dropbox/Git/psychometrics_syllabus/SocialPsychology/tex_formatted
2024-11-16 17:52:15,473 - INFO - TeXファイルの検出結果:
2024-11-16 17:52:15,473 - INFO -   - 処理対象: 7個
2024-11-16 17:52:15,473 - INFO -   - 除外ファイル: SocialPsychology_SP.tex
2024-11-16 17:52:15,473 - INFO - 
ファイル 'sp07_currentSocialPsychology.tex' の処理を開始
2024-11-16 17:52:15,473 - INFO - ファイル 'sp07_currentSocialPsychology.tex' の処理を開始
2024-11-16 17:52:15,711 - INFO - ファイル 'sp07_currentSocialPsychology.tex' の処理が完了しました
2024-11-16 17:52:15,711 - INFO - 保存先: '/Users/napier3/Library/CloudStorage/Dropbox/Git/psychometrics_syllabus/SocialPsychology/tex_formatted/sp07_currentSocialPsychology.tex'
2024-11-16 17:52:15,711 - INFO - 
ファイル 'sp05_History02.tex' の処理を開始
2024-11-16 17:52:15,711 - INFO - ファイル 'sp05_History02.tex' の処理を開始
2024-11-16 17:52:15,947 - INFO - ファイル 'sp05_History02.tex' の処理が完了しました
2024-11-16 17:52:15,948 - INFO - 保存先: '/Users/napier3/Library/CloudStorage/Dropbox/Git/psychometrics_syllabus/SocialPsychology/tex_formatted/sp05_History02.tex'
2024-11-16 17:52:15,948 - INFO - 
ファイル 'sp03_humanities.tex' の処理を開始
2024-11-16 17:52:15,948 - INFO - ファイル 'sp03_humanities.tex' の処理を開始
2024-11-16 17:52:16,160 - INFO - ファイル 'sp03_humanities.tex' の処理が完了しました
2024-11-16 17:52:16,160 - INFO - 保存先: '/Users/napier3/Library/CloudStorage/Dropbox/Git/psychometrics_syllabus/SocialPsychology/tex_formatted/sp03_humanities.tex'
2024-11-16 17:52:16,160 - INFO - 
ファイル 'sp06_History03.tex' の処理を開始
2024-11-16 17:52:16,160 - INFO - ファイル 'sp06_History03.tex' の処理を開始
2024-11-16 17:52:16,343 - INFO - ファイル 'sp06_History03.tex' の処理が完了しました
2024-11-16 17:52:16,343 - INFO - 保存先: '/Users/napier3/Library/CloudStorage/Dropbox/Git/psychometrics_syllabus/SocialPsychology/tex_formatted/sp06_History03.tex'
2024-11-16 17:52:16,343 - INFO - 
ファイル 'sp04_History01.tex' の処理を開始
2024-11-16 17:52:16,343 - INFO - ファイル 'sp04_History01.tex' の処理を開始
2024-11-16 17:52:16,561 - INFO - ファイル 'sp04_History01.tex' の処理が完了しました
2024-11-16 17:52:16,561 - INFO - 保存先: '/Users/napier3/Library/CloudStorage/Dropbox/Git/psychometrics_syllabus/SocialPsychology/tex_formatted/sp04_History01.tex'
2024-11-16 17:52:16,561 - INFO - 
ファイル 'sp02_science.tex' の処理を開始
2024-11-16 17:52:16,562 - INFO - ファイル 'sp02_science.tex' の処理を開始
2024-11-16 17:52:16,780 - INFO - ファイル 'sp02_science.tex' の処理が完了しました
2024-11-16 17:52:16,780 - INFO - 保存先: '/Users/napier3/Library/CloudStorage/Dropbox/Git/psychometrics_syllabus/SocialPsychology/tex_formatted/sp02_science.tex'
2024-11-16 17:52:16,780 - INFO - 
ファイル 'sp01_introduction.tex' の処理を開始
2024-11-16 17:52:16,780 - INFO - ファイル 'sp01_introduction.tex' の処理を開始
2024-11-16 17:52:16,948 - INFO - ファイル 'sp01_introduction.tex' の処理が完了しました
2024-11-16 17:52:16,948 - INFO - 保存先: '/Users/napier3/Library/CloudStorage/Dropbox/Git/psychometrics_syllabus/SocialPsychology/tex_formatted/sp01_introduction.tex'
2024-11-16 17:52:16,948 - INFO - 
全ての処理が完了しました
