2024-12-11 12:39:02,994 - INFO - TeXファイルフォーマットプログラムを開始します
2024-12-11 12:39:02,995 - INFO - リファレンスリスト '/Users/napier3/Library/CloudStorage/Dropbox/Git/psychometrics_syllabus/SocialPsychology/tex/referencelist.csv' の読み込みを開始
2024-12-11 12:39:03,009 - INFO - リファレンスリストから 133 件のエントリを読み込みました
2024-12-11 12:39:03,009 - INFO - ディレクトリ '/Users/napier3/Library/CloudStorage/Dropbox/Git/psychometrics_syllabus/SocialPsychology/tex' の処理を開始
2024-12-11 12:39:03,009 - INFO - 既存の出力ディレクトリを使用します: /Users/napier3/Library/CloudStorage/Dropbox/Git/psychometrics_syllabus/SocialPsychology/tex_formatted
2024-12-11 12:39:03,010 - INFO - TeXファイルの検出結果:
2024-12-11 12:39:03,010 - INFO -   - 処理対象: 9個
2024-12-11 12:39:03,010 - INFO -   - 除外ファイル: SocialPsychology_SP.tex
2024-12-11 12:39:03,010 - INFO - 
ファイル 'sp07_currentSocialPsychology.tex' の処理を開始
2024-12-11 12:39:03,011 - INFO - ファイル 'sp07_currentSocialPsychology.tex' の処理を開始
2024-12-11 12:39:03,373 - INFO - ファイル 'sp07_currentSocialPsychology.tex' の処理が完了しました
2024-12-11 12:39:03,373 - INFO - 保存先: '/Users/napier3/Library/CloudStorage/Dropbox/Git/psychometrics_syllabus/SocialPsychology/tex_formatted/sp07_currentSocialPsychology.tex'
2024-12-11 12:39:03,373 - INFO - 
ファイル 'sp05_History02.tex' の処理を開始
2024-12-11 12:39:03,374 - INFO - ファイル 'sp05_History02.tex' の処理を開始
2024-12-11 12:39:03,763 - INFO - ファイル 'sp05_History02.tex' の処理が完了しました
2024-12-11 12:39:03,763 - INFO - 保存先: '/Users/napier3/Library/CloudStorage/Dropbox/Git/psychometrics_syllabus/SocialPsychology/tex_formatted/sp05_History02.tex'
2024-12-11 12:39:03,763 - INFO - 
ファイル 'sp03_humanities.tex' の処理を開始
2024-12-11 12:39:03,764 - INFO - ファイル 'sp03_humanities.tex' の処理を開始
2024-12-11 12:39:04,083 - INFO - ファイル 'sp03_humanities.tex' の処理が完了しました
2024-12-11 12:39:04,083 - INFO - 保存先: '/Users/napier3/Library/CloudStorage/Dropbox/Git/psychometrics_syllabus/SocialPsychology/tex_formatted/sp03_humanities.tex'
2024-12-11 12:39:04,083 - INFO - 
ファイル 'sp09_sysytem02.tex' の処理を開始
2024-12-11 12:39:04,083 - INFO - ファイル 'sp09_sysytem02.tex' の処理を開始
2024-12-11 12:39:04,334 - INFO - ファイル 'sp09_sysytem02.tex' の処理が完了しました
2024-12-11 12:39:04,334 - INFO - 保存先: '/Users/napier3/Library/CloudStorage/Dropbox/Git/psychometrics_syllabus/SocialPsychology/tex_formatted/sp09_sysytem02.tex'
2024-12-11 12:39:04,334 - INFO - 
ファイル 'sp06_History03.tex' の処理を開始
2024-12-11 12:39:04,335 - INFO - ファイル 'sp06_History03.tex' の処理を開始
2024-12-11 12:39:04,614 - INFO - ファイル 'sp06_History03.tex' の処理が完了しました
2024-12-11 12:39:04,614 - INFO - 保存先: '/Users/napier3/Library/CloudStorage/Dropbox/Git/psychometrics_syllabus/SocialPsychology/tex_formatted/sp06_History03.tex'
2024-12-11 12:39:04,614 - INFO - 
ファイル 'sp08_sysytem01.tex' の処理を開始
2024-12-11 12:39:04,615 - INFO - ファイル 'sp08_sysytem01.tex' の処理を開始
2024-12-11 12:39:04,891 - INFO - ファイル 'sp08_sysytem01.tex' の処理が完了しました
2024-12-11 12:39:04,891 - INFO - 保存先: '/Users/napier3/Library/CloudStorage/Dropbox/Git/psychometrics_syllabus/SocialPsychology/tex_formatted/sp08_sysytem01.tex'
2024-12-11 12:39:04,891 - INFO - 
ファイル 'sp04_History01.tex' の処理を開始
2024-12-11 12:39:04,892 - INFO - ファイル 'sp04_History01.tex' の処理を開始
2024-12-11 12:39:05,208 - INFO - ファイル 'sp04_History01.tex' の処理が完了しました
2024-12-11 12:39:05,208 - INFO - 保存先: '/Users/napier3/Library/CloudStorage/Dropbox/Git/psychometrics_syllabus/SocialPsychology/tex_formatted/sp04_History01.tex'
2024-12-11 12:39:05,208 - INFO - 
ファイル 'sp02_science.tex' の処理を開始
2024-12-11 12:39:05,208 - INFO - ファイル 'sp02_science.tex' の処理を開始
2024-12-11 12:39:05,507 - INFO - ファイル 'sp02_science.tex' の処理が完了しました
2024-12-11 12:39:05,507 - INFO - 保存先: '/Users/napier3/Library/CloudStorage/Dropbox/Git/psychometrics_syllabus/SocialPsychology/tex_formatted/sp02_science.tex'
2024-12-11 12:39:05,507 - INFO - 
ファイル 'sp01_introduction.tex' の処理を開始
2024-12-11 12:39:05,507 - INFO - ファイル 'sp01_introduction.tex' の処理を開始
2024-12-11 12:39:05,742 - INFO - ファイル 'sp01_introduction.tex' の処理が完了しました
2024-12-11 12:39:05,742 - INFO - 保存先: '/Users/napier3/Library/CloudStorage/Dropbox/Git/psychometrics_syllabus/SocialPsychology/tex_formatted/sp01_introduction.tex'
2024-12-11 12:39:05,742 - INFO - 
全ての処理が完了しました
