2024-11-30 16:00:41,512 - INFO - TeXファイルフォーマットプログラムを開始します
2024-11-30 16:00:41,512 - INFO - リファレンスリスト '/Users/napier3/Library/CloudStorage/Dropbox/Git/psychometrics_syllabus/SocialPsychology/tex/referencelist.csv' の読み込みを開始
2024-11-30 16:00:41,519 - INFO - リファレンスリストから 108 件のエントリを読み込みました
2024-11-30 16:00:41,519 - INFO - ディレクトリ '/Users/napier3/Library/CloudStorage/Dropbox/Git/psychometrics_syllabus/SocialPsychology/tex' の処理を開始
2024-11-30 16:00:41,519 - INFO - 既存の出力ディレクトリを使用します: /Users/napier3/Library/CloudStorage/Dropbox/Git/psychometrics_syllabus/SocialPsychology/tex_formatted
2024-11-30 16:00:41,519 - INFO - TeXファイルの検出結果:
2024-11-30 16:00:41,519 - INFO -   - 処理対象: 8個
2024-11-30 16:00:41,519 - INFO -   - 除外ファイル: SocialPsychology_SP.tex
2024-11-30 16:00:41,519 - INFO - 
ファイル 'sp07_currentSocialPsychology.tex' の処理を開始
2024-11-30 16:00:41,520 - INFO - ファイル 'sp07_currentSocialPsychology.tex' の処理を開始
2024-11-30 16:00:41,848 - INFO - ファイル 'sp07_currentSocialPsychology.tex' の処理が完了しました
2024-11-30 16:00:41,848 - INFO - 保存先: '/Users/napier3/Library/CloudStorage/Dropbox/Git/psychometrics_syllabus/SocialPsychology/tex_formatted/sp07_currentSocialPsychology.tex'
2024-11-30 16:00:41,848 - INFO - 
ファイル 'sp05_History02.tex' の処理を開始
2024-11-30 16:00:41,848 - INFO - ファイル 'sp05_History02.tex' の処理を開始
2024-11-30 16:00:42,173 - INFO - ファイル 'sp05_History02.tex' の処理が完了しました
2024-11-30 16:00:42,173 - INFO - 保存先: '/Users/napier3/Library/CloudStorage/Dropbox/Git/psychometrics_syllabus/SocialPsychology/tex_formatted/sp05_History02.tex'
2024-11-30 16:00:42,173 - INFO - 
ファイル 'sp03_humanities.tex' の処理を開始
2024-11-30 16:00:42,174 - INFO - ファイル 'sp03_humanities.tex' の処理を開始
2024-11-30 16:00:42,448 - INFO - ファイル 'sp03_humanities.tex' の処理が完了しました
2024-11-30 16:00:42,448 - INFO - 保存先: '/Users/napier3/Library/CloudStorage/Dropbox/Git/psychometrics_syllabus/SocialPsychology/tex_formatted/sp03_humanities.tex'
2024-11-30 16:00:42,448 - INFO - 
ファイル 'sp06_History03.tex' の処理を開始
2024-11-30 16:00:42,449 - INFO - ファイル 'sp06_History03.tex' の処理を開始
2024-11-30 16:00:42,686 - INFO - ファイル 'sp06_History03.tex' の処理が完了しました
2024-11-30 16:00:42,686 - INFO - 保存先: '/Users/napier3/Library/CloudStorage/Dropbox/Git/psychometrics_syllabus/SocialPsychology/tex_formatted/sp06_History03.tex'
2024-11-30 16:00:42,687 - INFO - 
ファイル 'sp08_sysytem01.tex' の処理を開始
2024-11-30 16:00:42,687 - INFO - ファイル 'sp08_sysytem01.tex' の処理を開始
2024-11-30 16:00:42,959 - INFO - ファイル 'sp08_sysytem01.tex' の処理が完了しました
2024-11-30 16:00:42,959 - INFO - 保存先: '/Users/napier3/Library/CloudStorage/Dropbox/Git/psychometrics_syllabus/SocialPsychology/tex_formatted/sp08_sysytem01.tex'
2024-11-30 16:00:42,959 - INFO - 
ファイル 'sp04_History01.tex' の処理を開始
2024-11-30 16:00:42,960 - INFO - ファイル 'sp04_History01.tex' の処理を開始
2024-11-30 16:00:43,232 - INFO - ファイル 'sp04_History01.tex' の処理が完了しました
2024-11-30 16:00:43,232 - INFO - 保存先: '/Users/napier3/Library/CloudStorage/Dropbox/Git/psychometrics_syllabus/SocialPsychology/tex_formatted/sp04_History01.tex'
2024-11-30 16:00:43,232 - INFO - 
ファイル 'sp02_science.tex' の処理を開始
2024-11-30 16:00:43,232 - INFO - ファイル 'sp02_science.tex' の処理を開始
2024-11-30 16:00:43,485 - INFO - ファイル 'sp02_science.tex' の処理が完了しました
2024-11-30 16:00:43,485 - INFO - 保存先: '/Users/napier3/Library/CloudStorage/Dropbox/Git/psychometrics_syllabus/SocialPsychology/tex_formatted/sp02_science.tex'
2024-11-30 16:00:43,485 - INFO - 
ファイル 'sp01_introduction.tex' の処理を開始
2024-11-30 16:00:43,486 - INFO - ファイル 'sp01_introduction.tex' の処理を開始
2024-11-30 16:00:43,684 - INFO - ファイル 'sp01_introduction.tex' の処理が完了しました
2024-11-30 16:00:43,684 - INFO - 保存先: '/Users/napier3/Library/CloudStorage/Dropbox/Git/psychometrics_syllabus/SocialPsychology/tex_formatted/sp01_introduction.tex'
2024-11-30 16:00:43,684 - INFO - 
全ての処理が完了しました
