2024-12-11 12:44:40,654 - INFO - TeXファイルフォーマットプログラムを開始します
2024-12-11 12:44:40,654 - INFO - リファレンスリスト '/Users/napier3/Library/CloudStorage/Dropbox/Git/psychometrics_syllabus/SocialPsychology/tex/referencelist.csv' の読み込みを開始
2024-12-11 12:44:40,668 - INFO - リファレンスリストから 133 件のエントリを読み込みました
2024-12-11 12:44:40,668 - INFO - ディレクトリ '/Users/napier3/Library/CloudStorage/Dropbox/Git/psychometrics_syllabus/SocialPsychology/tex' の処理を開始
2024-12-11 12:44:40,668 - INFO - 既存の出力ディレクトリを使用します: /Users/napier3/Library/CloudStorage/Dropbox/Git/psychometrics_syllabus/SocialPsychology/tex_formatted
2024-12-11 12:44:40,669 - INFO - TeXファイルの検出結果:
2024-12-11 12:44:40,669 - INFO -   - 処理対象: 9個
2024-12-11 12:44:40,669 - INFO -   - 除外ファイル: SocialPsychology_SP.tex
2024-12-11 12:44:40,669 - INFO - 
ファイル 'sp07_currentSocialPsychology.tex' の処理を開始
2024-12-11 12:44:40,669 - INFO - ファイル 'sp07_currentSocialPsychology.tex' の処理を開始
2024-12-11 12:44:41,053 - INFO - ファイル 'sp07_currentSocialPsychology.tex' の処理が完了しました
2024-12-11 12:44:41,054 - INFO - 保存先: '/Users/napier3/Library/CloudStorage/Dropbox/Git/psychometrics_syllabus/SocialPsychology/tex_formatted/sp07_currentSocialPsychology.tex'
2024-12-11 12:44:41,054 - INFO - 
ファイル 'sp05_History02.tex' の処理を開始
2024-12-11 12:44:41,054 - INFO - ファイル 'sp05_History02.tex' の処理を開始
2024-12-11 12:44:41,444 - INFO - ファイル 'sp05_History02.tex' の処理が完了しました
2024-12-11 12:44:41,444 - INFO - 保存先: '/Users/napier3/Library/CloudStorage/Dropbox/Git/psychometrics_syllabus/SocialPsychology/tex_formatted/sp05_History02.tex'
2024-12-11 12:44:41,444 - INFO - 
ファイル 'sp03_humanities.tex' の処理を開始
2024-12-11 12:44:41,445 - INFO - ファイル 'sp03_humanities.tex' の処理を開始
2024-12-11 12:44:41,786 - INFO - ファイル 'sp03_humanities.tex' の処理が完了しました
2024-12-11 12:44:41,786 - INFO - 保存先: '/Users/napier3/Library/CloudStorage/Dropbox/Git/psychometrics_syllabus/SocialPsychology/tex_formatted/sp03_humanities.tex'
2024-12-11 12:44:41,786 - INFO - 
ファイル 'sp09_sysytem02.tex' の処理を開始
2024-12-11 12:44:41,787 - INFO - ファイル 'sp09_sysytem02.tex' の処理を開始
2024-12-11 12:44:42,057 - INFO - ファイル 'sp09_sysytem02.tex' の処理が完了しました
2024-12-11 12:44:42,057 - INFO - 保存先: '/Users/napier3/Library/CloudStorage/Dropbox/Git/psychometrics_syllabus/SocialPsychology/tex_formatted/sp09_sysytem02.tex'
2024-12-11 12:44:42,057 - INFO - 
ファイル 'sp06_History03.tex' の処理を開始
2024-12-11 12:44:42,057 - INFO - ファイル 'sp06_History03.tex' の処理を開始
2024-12-11 12:44:42,354 - INFO - ファイル 'sp06_History03.tex' の処理が完了しました
2024-12-11 12:44:42,355 - INFO - 保存先: '/Users/napier3/Library/CloudStorage/Dropbox/Git/psychometrics_syllabus/SocialPsychology/tex_formatted/sp06_History03.tex'
2024-12-11 12:44:42,355 - INFO - 
ファイル 'sp08_sysytem01.tex' の処理を開始
2024-12-11 12:44:42,355 - INFO - ファイル 'sp08_sysytem01.tex' の処理を開始
2024-12-11 12:44:42,687 - INFO - ファイル 'sp08_sysytem01.tex' の処理が完了しました
2024-12-11 12:44:42,687 - INFO - 保存先: '/Users/napier3/Library/CloudStorage/Dropbox/Git/psychometrics_syllabus/SocialPsychology/tex_formatted/sp08_sysytem01.tex'
2024-12-11 12:44:42,687 - INFO - 
ファイル 'sp04_History01.tex' の処理を開始
2024-12-11 12:44:42,688 - INFO - ファイル 'sp04_History01.tex' の処理を開始
2024-12-11 12:44:43,082 - INFO - ファイル 'sp04_History01.tex' の処理が完了しました
2024-12-11 12:44:43,082 - INFO - 保存先: '/Users/napier3/Library/CloudStorage/Dropbox/Git/psychometrics_syllabus/SocialPsychology/tex_formatted/sp04_History01.tex'
2024-12-11 12:44:43,082 - INFO - 
ファイル 'sp02_science.tex' の処理を開始
2024-12-11 12:44:43,083 - INFO - ファイル 'sp02_science.tex' の処理を開始
2024-12-11 12:44:43,415 - INFO - ファイル 'sp02_science.tex' の処理が完了しました
2024-12-11 12:44:43,415 - INFO - 保存先: '/Users/napier3/Library/CloudStorage/Dropbox/Git/psychometrics_syllabus/SocialPsychology/tex_formatted/sp02_science.tex'
2024-12-11 12:44:43,415 - INFO - 
ファイル 'sp01_introduction.tex' の処理を開始
2024-12-11 12:44:43,416 - INFO - ファイル 'sp01_introduction.tex' の処理を開始
2024-12-11 12:44:43,684 - INFO - ファイル 'sp01_introduction.tex' の処理が完了しました
2024-12-11 12:44:43,685 - INFO - 保存先: '/Users/napier3/Library/CloudStorage/Dropbox/Git/psychometrics_syllabus/SocialPsychology/tex_formatted/sp01_introduction.tex'
2024-12-11 12:44:43,685 - INFO - 
全ての処理が完了しました
