2024-11-10 16:43:47,144 - INFO - TeXファイルフォーマットプログラムを開始します
2024-11-10 16:43:47,145 - INFO - リファレンスリスト '/Users/napier3/Library/CloudStorage/Dropbox/Git/psychometrics_syllabus/SocialPsychology/tex/referencelist.csv' の読み込みを開始
2024-11-10 16:43:47,151 - INFO - リファレンスリストから 84 件のエントリを読み込みました
2024-11-10 16:43:47,151 - INFO - 処理を開始します: /Users/napier3/Library/CloudStorage/Dropbox/Git/psychometrics_syllabus/SocialPsychology/tex
2024-11-10 16:43:47,151 - INFO - 出力ディレクトリを作成しました: /Users/napier3/Library/CloudStorage/Dropbox/Git/psychometrics_syllabus/SocialPsychology/tex_formatted
2024-11-10 16:43:47,152 - INFO - TeXファイルを検索中... 7個のファイルを発見
2024-11-10 16:43:47,152 - INFO - 除外ファイル: SocialPsychology_SP.tex
2024-11-10 16:43:47,152 - INFO - 処理対象: sp05_History02.tex
2024-11-10 16:43:47,152 - INFO - 処理対象: sp03_humanities.tex
2024-11-10 16:43:47,152 - INFO - 処理対象: sp06_History03.tex
2024-11-10 16:43:47,152 - INFO - 処理対象: sp04_History01.tex
2024-11-10 16:43:47,152 - INFO - 処理対象: sp02_science.tex
2024-11-10 16:43:47,152 - INFO - 処理対象: sp01_introduction.tex
2024-11-10 16:43:47,152 - INFO - 
TeXファイルの検出結果:
2024-11-10 16:43:47,153 - INFO -   - 処理対象: 6個
2024-11-10 16:43:47,153 - INFO -   - 除外ファイル: SocialPsychology_SP.tex
2024-11-10 16:43:47,153 - INFO - 
==================================================
2024-11-10 16:43:47,153 - INFO - ファイル 'sp05_History02.tex' の処理を開始
2024-11-10 16:43:47,153 - INFO - ファイルの読み込み完了: 35468バイト
2024-11-10 16:43:47,153 - INFO - ファイル 'sp05_History02.tex' の内容を処理中...
2024-11-10 16:43:47,160 - INFO - 
処理されたインデックス:
2024-11-10 16:43:47,160 - INFO -   - 'ウィリアム・ジェームズ' を 1 箇所インデックス化しました
2024-11-10 16:43:47,160 - INFO -   - 'ウィトゲンシュタイン' を 2 箇所インデックス化しました
2024-11-10 16:43:47,160 - INFO -   - 'アクション・リサーチ' を 1 箇所インデックス化しました
2024-11-10 16:43:47,160 - INFO -   - 'ゲシュタルト心理学' を 5 箇所インデックス化しました
2024-11-10 16:43:47,160 - INFO -   - 'クルト・レヴィン' を 1 箇所インデックス化しました
2024-11-10 16:43:47,160 - INFO -   - 'フェスティンガー' を 3 箇所インデックス化しました
2024-11-10 16:43:47,161 - INFO -   - '認知的均衡理論' を 3 箇所インデックス化しました
2024-11-10 16:43:47,161 - INFO -   - 'オールポート' を 4 箇所インデックス化しました
2024-11-10 16:43:47,161 - INFO -   - '論理実証主義' を 3 箇所インデックス化しました
2024-11-10 16:43:47,161 - INFO -   - 'ニューカム' を 2 箇所インデックス化しました
2024-11-10 16:43:47,161 - INFO -   - 'システム論' を 1 箇所インデックス化しました
2024-11-10 16:43:47,161 - INFO -   - '社会心理学' を 43 箇所インデックス化しました
2024-11-10 16:43:47,161 - INFO -   - '民族心理学' を 1 箇所インデックス化しました
2024-11-10 16:43:47,161 - INFO -   - 'アッシュ' を 1 箇所インデックス化しました
2024-11-10 16:43:47,161 - INFO -   - 'アドルノ' を 1 箇所インデックス化しました
2024-11-10 16:43:47,161 - INFO -   - 'ル・ボン' を 1 箇所インデックス化しました
2024-11-10 16:43:47,161 - INFO -   - 'ワトソン' を 1 箇所インデックス化しました
2024-11-10 16:43:47,161 - INFO -   - '状況主義' を 1 箇所インデックス化しました
2024-11-10 16:43:47,161 - INFO -   - '精神分析' を 2 箇所インデックス化しました
2024-11-10 16:43:47,161 - INFO -   - 'ユング' を 1 箇所インデックス化しました
2024-11-10 16:43:47,161 - INFO -   - 'ヴント' を 2 箇所インデックス化しました
2024-11-10 16:43:47,161 - INFO - 
スキップされた箇所:
2024-11-10 16:43:47,161 - INFO -   - 'アクション・リサーチ' （理由: footnote内）
2024-11-10 16:43:47,161 - INFO -   - 'ゲシュタルト心理学' （理由: section内）
2024-11-10 16:43:47,161 - INFO -   - 'ゲシュタルト心理学' （理由: 既存のインデックス）
2024-11-10 16:43:47,161 - INFO -   - 'ゲシュタルト心理学' （理由: 重複）
2024-11-10 16:43:47,161 - INFO -   - 'ゲシュタルト心理学' （理由: footnote内）
2024-11-10 16:43:47,161 - INFO -   - 'ゲシュタルト心理学' （理由: footnote内）
2024-11-10 16:43:47,161 - INFO -   - 'ゲシュタルト心理学' （理由: footnote内）
2024-11-10 16:43:47,161 - INFO -   - 'ゲシュタルト心理学' （理由: footnote内）
2024-11-10 16:43:47,161 - INFO -   - 'ゲシュタルト心理学' （理由: footnote内）
2024-11-10 16:43:47,161 - INFO -   - 'クルト・レヴィン' （理由: footnote内）
2024-11-10 16:43:47,162 - INFO -   - 'フェスティンガー' （理由: 重複）
2024-11-10 16:43:47,162 - INFO -   - '認知的均衡理論' （理由: footnote内）
2024-11-10 16:43:47,162 - INFO -   - '認知的均衡理論' （理由: 重複）
2024-11-10 16:43:47,162 - INFO -   - 'オールポート' （理由: 重複）
2024-11-10 16:43:47,162 - INFO -   - 'オールポート' （理由: 既存のインデックス）
2024-11-10 16:43:47,162 - INFO -   - 'ニューカム' （理由: 重複）
2024-11-10 16:43:47,162 - INFO -   - '社会心理学' （理由: chapter内）
2024-11-10 16:43:47,162 - INFO -   - '社会心理学' （理由: chapter内）
2024-11-10 16:43:47,162 - INFO -   - '社会心理学' （理由: 重複）
2024-11-10 16:43:47,162 - INFO -   - '社会心理学' （理由: 既存のインデックス）
2024-11-10 16:43:47,162 - INFO -   - '社会心理学' （理由: 既存のインデックス）
2024-11-10 16:43:47,162 - INFO -   - '社会心理学' （理由: 既存のインデックス）
2024-11-10 16:43:47,162 - INFO -   - '社会心理学' （理由: 既存のインデックス）
2024-11-10 16:43:47,162 - INFO -   - '社会心理学' （理由: 既存のインデックス）
2024-11-10 16:43:47,162 - INFO -   - '社会心理学' （理由: 重複）
2024-11-10 16:43:47,162 - INFO -   - '社会心理学' （理由: footnote内）
2024-11-10 16:43:47,162 - INFO -   - '社会心理学' （理由: footnote内）
2024-11-10 16:43:47,162 - INFO -   - '社会心理学' （理由: footnote内）
2024-11-10 16:43:47,162 - INFO -   - '社会心理学' （理由: footnote内）
2024-11-10 16:43:47,162 - INFO -   - '社会心理学' （理由: footnote内）
2024-11-10 16:43:47,162 - INFO -   - '社会心理学' （理由: 重複）
2024-11-10 16:43:47,162 - INFO -   - '社会心理学' （理由: 既存のインデックス）
2024-11-10 16:43:47,162 - INFO -   - '社会心理学' （理由: footnote内）
2024-11-10 16:43:47,162 - INFO -   - '社会心理学' （理由: footnote内）
2024-11-10 16:43:47,162 - INFO -   - '社会心理学' （理由: footnote内）
2024-11-10 16:43:47,162 - INFO -   - '社会心理学' （理由: 重複）
2024-11-10 16:43:47,162 - INFO -   - '社会心理学' （理由: 重複）
2024-11-10 16:43:47,163 - INFO -   - '社会心理学' （理由: 既存のインデックス）
2024-11-10 16:43:47,163 - INFO -   - '社会心理学' （理由: 既存のインデックス）
2024-11-10 16:43:47,163 - INFO -   - '社会心理学' （理由: 既存のインデックス）
2024-11-10 16:43:47,163 - INFO -   - '社会心理学' （理由: footnote内）
2024-11-10 16:43:47,163 - INFO -   - '社会心理学' （理由: 重複）
2024-11-10 16:43:47,163 - INFO -   - '社会心理学' （理由: 既存のインデックス）
2024-11-10 16:43:47,163 - INFO -   - '社会心理学' （理由: 重複）
2024-11-10 16:43:47,163 - INFO -   - '社会心理学' （理由: 既存のインデックス）
2024-11-10 16:43:47,163 - INFO -   - '社会心理学' （理由: 重複）
2024-11-10 16:43:47,163 - INFO -   - '社会心理学' （理由: 既存のインデックス）
2024-11-10 16:43:47,163 - INFO -   - '社会心理学' （理由: 重複）
2024-11-10 16:43:47,163 - INFO -   - '社会心理学' （理由: 重複）
2024-11-10 16:43:47,163 - INFO -   - '社会心理学' （理由: 重複）
2024-11-10 16:43:47,163 - INFO -   - '社会心理学' （理由: 既存のインデックス）
2024-11-10 16:43:47,163 - INFO -   - '社会心理学' （理由: 既存のインデックス）
2024-11-10 16:43:47,163 - INFO -   - '社会心理学' （理由: 重複）
2024-11-10 16:43:47,163 - INFO -   - '社会心理学' （理由: 既存のインデックス）
2024-11-10 16:43:47,163 - INFO -   - '社会心理学' （理由: 既存のインデックス）
2024-11-10 16:43:47,163 - INFO -   - '社会心理学' （理由: 既存のインデックス）
2024-11-10 16:43:47,163 - INFO -   - '社会心理学' （理由: 既存のインデックス）
2024-11-10 16:43:47,163 - INFO -   - '社会心理学' （理由: 既存のインデックス）
2024-11-10 16:43:47,163 - INFO -   - '社会心理学' （理由: 既存のインデックス）
2024-11-10 16:43:47,163 - INFO -   - '社会心理学' （理由: 既存のインデックス）
2024-11-10 16:43:47,163 - INFO -   - '社会的認知' （理由: footnote内）
2024-11-10 16:43:47,163 - INFO -   - '認知心理学' （理由: footnote内）
2024-11-10 16:43:47,163 - INFO -   - 'アッシュ' （理由: 重複）
2024-11-10 16:43:47,163 - INFO -   - 'アッシュ' （理由: footnote内）
2024-11-10 16:43:47,163 - INFO -   - 'アドルノ' （理由: 重複）
2024-11-10 16:43:47,164 - INFO -   - 'ル・ボン' （理由: 重複）
2024-11-10 16:43:47,164 - INFO -   - 'ワトソン' （理由: 重複）
2024-11-10 16:43:47,164 - INFO -   - 'ワトソン' （理由: 重複）
2024-11-10 16:43:47,164 - INFO -   - '精神分析' （理由: footnote内）
2024-11-10 16:43:47,164 - INFO -   - '精神分析' （理由: footnote内）
2024-11-10 16:43:47,164 - INFO -   - '精神分析' （理由: footnote内）
2024-11-10 16:43:47,164 - INFO -   - '精神分析' （理由: 重複）
2024-11-10 16:43:47,164 - INFO -   - '精神分析' （理由: 重複）
2024-11-10 16:43:47,164 - INFO -   - '精神分析' （理由: footnote内）
2024-11-10 16:43:47,164 - INFO -   - 'ユング' （理由: 重複）
2024-11-10 16:43:47,164 - INFO -   - 'ユング' （理由: footnote内）
2024-11-10 16:43:47,165 - INFO - ファイル 'sp05_History02.tex' の処理が完了
2024-11-10 16:43:47,165 - INFO - 保存先: '/Users/napier3/Library/CloudStorage/Dropbox/Git/psychometrics_syllabus/SocialPsychology/tex_formatted/sp05_History02.tex'
2024-11-10 16:43:47,165 - INFO - 
==================================================
2024-11-10 16:43:47,165 - INFO - ファイル 'sp03_humanities.tex' の処理を開始
2024-11-10 16:43:47,165 - INFO - ファイルの読み込み完了: 31761バイト
2024-11-10 16:43:47,165 - INFO - ファイル 'sp03_humanities.tex' の内容を処理中...
2024-11-10 16:43:47,169 - INFO - 
処理されたインデックス:
2024-11-10 16:43:47,169 - INFO -   - 'ウィトゲンシュタイン' を 4 箇所インデックス化しました
2024-11-10 16:43:47,169 - INFO -   - 'アインシュタイン' を 5 箇所インデックス化しました
2024-11-10 16:43:47,169 - INFO -   - 'ネットワーク科学' を 1 箇所インデックス化しました
2024-11-10 16:43:47,169 - INFO -   - 'パラダイム論' を 2 箇所インデックス化しました
2024-11-10 16:43:47,169 - INFO -   - '論理実証主義' を 2 箇所インデックス化しました
2024-11-10 16:43:47,169 - INFO -   - 'ドゥルーズ' を 1 箇所インデックス化しました
2024-11-10 16:43:47,169 - INFO -   - 'ニュートン' を 7 箇所インデックス化しました
2024-11-10 16:43:47,169 - INFO -   - 'ロジャーズ' を 1 箇所インデックス化しました
2024-11-10 16:43:47,169 - INFO -   - '社会心理学' を 18 箇所インデックス化しました
2024-11-10 16:43:47,169 - INFO -   - '相対性理論' を 3 箇所インデックス化しました
2024-11-10 16:43:47,169 - INFO -   - 'アドラー' を 2 箇所インデックス化しました
2024-11-10 16:43:47,169 - INFO -   - 'デカルト' を 6 箇所インデックス化しました
2024-11-10 16:43:47,170 - INFO -   - 'ニーチェ' を 2 箇所インデックス化しました
2024-11-10 16:43:47,170 - INFO -   - 'パブロフ' を 1 箇所インデックス化しました
2024-11-10 16:43:47,170 - INFO -   - 'フロイド' を 4 箇所インデックス化しました
2024-11-10 16:43:47,170 - INFO -   - 'マズロー' を 2 箇所インデックス化しました
2024-11-10 16:43:47,170 - INFO -   - 'ラッセル' を 2 箇所インデックス化しました
2024-11-10 16:43:47,170 - INFO -   - 'ワトソン' を 3 箇所インデックス化しました
2024-11-10 16:43:47,170 - INFO -   - '精神分析' を 1 箇所インデックス化しました
2024-11-10 16:43:47,170 - INFO -   - 'ユング' を 1 箇所インデックス化しました
2024-11-10 16:43:47,170 - INFO -   - 'ヴント' を 1 箇所インデックス化しました
2024-11-10 16:43:47,170 - INFO -   - '内観法' を 1 箇所インデックス化しました
2024-11-10 16:43:47,170 - INFO - 
スキップされた箇所:
2024-11-10 16:43:47,170 - INFO -   - 'ウィトゲンシュタイン' （理由: 重複）
2024-11-10 16:43:47,170 - INFO -   - 'ウィトゲンシュタイン' （理由: 既存のインデックス）
2024-11-10 16:43:47,170 - INFO -   - 'アインシュタイン' （理由: 既存のインデックス）
2024-11-10 16:43:47,170 - INFO -   - 'アインシュタイン' （理由: footnote内）
2024-11-10 16:43:47,170 - INFO -   - 'アインシュタイン' （理由: footnote内）
2024-11-10 16:43:47,170 - INFO -   - 'パラダイム論' （理由: subsection内）
2024-11-10 16:43:47,170 - INFO -   - 'ニュートン' （理由: footnote内）
2024-11-10 16:43:47,170 - INFO -   - 'ニュートン' （理由: footnote内）
2024-11-10 16:43:47,170 - INFO -   - 'ロジャーズ' （理由: 重複）
2024-11-10 16:43:47,170 - INFO -   - 'ゲーム理論' （理由: footnote内）
2024-11-10 16:43:47,170 - INFO -   - '社会心理学' （理由: chapter内）
2024-11-10 16:43:47,170 - INFO -   - '社会心理学' （理由: subsection内）
2024-11-10 16:43:47,170 - INFO -   - '社会心理学' （理由: 重複）
2024-11-10 16:43:47,170 - INFO -   - '社会心理学' （理由: 既存のインデックス）
2024-11-10 16:43:47,171 - INFO -   - '社会心理学' （理由: 既存のインデックス）
2024-11-10 16:43:47,171 - INFO -   - '社会心理学' （理由: 重複）
2024-11-10 16:43:47,171 - INFO -   - '社会心理学' （理由: 既存のインデックス）
2024-11-10 16:43:47,171 - INFO -   - '社会心理学' （理由: 既存のインデックス）
2024-11-10 16:43:47,171 - INFO -   - '社会心理学' （理由: 既存のインデックス）
2024-11-10 16:43:47,171 - INFO -   - '社会心理学' （理由: 既存のインデックス）
2024-11-10 16:43:47,171 - INFO -   - '社会心理学' （理由: 重複）
2024-11-10 16:43:47,171 - INFO -   - '社会心理学' （理由: 重複）
2024-11-10 16:43:47,171 - INFO -   - '社会心理学' （理由: 既存のインデックス）
2024-11-10 16:43:47,171 - INFO -   - '社会心理学' （理由: 既存のインデックス）
2024-11-10 16:43:47,171 - INFO -   - '社会的実在' （理由: section内）
2024-11-10 16:43:47,171 - INFO -   - 'アドラー' （理由: 重複）
2024-11-10 16:43:47,171 - INFO -   - 'ガリレオ' （理由: 重複）
2024-11-10 16:43:47,171 - INFO -   - 'デカルト' （理由: footnote内）
2024-11-10 16:43:47,171 - INFO -   - 'ニーチェ' （理由: 重複）
2024-11-10 16:43:47,171 - INFO -   - 'ニーチェ' （理由: 既存のインデックス）
2024-11-10 16:43:47,171 - INFO -   - 'ニーチェ' （理由: 既存のインデックス）
2024-11-10 16:43:47,171 - INFO -   - 'フロイド' （理由: 既存のインデックス）
2024-11-10 16:43:47,171 - INFO -   - 'フロイド' （理由: 既存のインデックス）
2024-11-10 16:43:47,171 - INFO -   - 'プラトン' （理由: footnote内）
2024-11-10 16:43:47,171 - INFO -   - 'マズロー' （理由: 重複）
2024-11-10 16:43:47,171 - INFO -   - 'マズロー' （理由: 既存のインデックス）
2024-11-10 16:43:47,171 - INFO -   - 'ラッセル' （理由: 重複）
2024-11-10 16:43:47,171 - INFO -   - 'ラッセル' （理由: 重複）
2024-11-10 16:43:47,171 - INFO -   - 'ラッセル' （理由: 既存のインデックス）
2024-11-10 16:43:47,172 - INFO -   - 'エポケー' （理由: footnote内）
2024-11-10 16:43:47,172 - INFO -   - '精神分析' （理由: 重複）
2024-11-10 16:43:47,172 - INFO -   - '精神分析' （理由: 重複）
2024-11-10 16:43:47,172 - INFO -   - '精神分析' （理由: footnote内）
2024-11-10 16:43:47,172 - INFO -   - 'ユング' （理由: footnote内）
2024-11-10 16:43:47,172 - INFO -   - 'ヴント' （理由: 既存のインデックス）
2024-11-10 16:43:47,172 - INFO - ファイル 'sp03_humanities.tex' の処理が完了
2024-11-10 16:43:47,172 - INFO - 保存先: '/Users/napier3/Library/CloudStorage/Dropbox/Git/psychometrics_syllabus/SocialPsychology/tex_formatted/sp03_humanities.tex'
2024-11-10 16:43:47,172 - INFO - 
==================================================
2024-11-10 16:43:47,172 - INFO - ファイル 'sp06_History03.tex' の処理を開始
2024-11-10 16:43:47,173 - INFO - ファイルの読み込み完了: 27577バイト
2024-11-10 16:43:47,173 - INFO - ファイル 'sp06_History03.tex' の内容を処理中...
2024-11-10 16:43:47,177 - INFO - 
処理されたインデックス:
2024-11-10 16:43:47,177 - INFO -   - '社会的アイデンティティ理論' を 3 箇所インデックス化しました
2024-11-10 16:43:47,177 - INFO -   - 'グループダイナミックス' を 4 箇所インデックス化しました
2024-11-10 16:43:47,177 - INFO -   - 'ウィトゲンシュタイン' を 1 箇所インデックス化しました
2024-11-10 16:43:47,178 - INFO -   - 'アイデンティティ理論' を 4 箇所インデックス化しました
2024-11-10 16:43:47,178 - INFO -   - 'エスノメソドロジー' を 2 箇所インデックス化しました
2024-11-10 16:43:47,178 - INFO -   - 'ゲシュタルト心理学' を 1 箇所インデックス化しました
2024-11-10 16:43:47,178 - INFO -   - 'フェスティンガー' を 2 箇所インデックス化しました
2024-11-10 16:43:47,178 - INFO -   - 'アクセルロッド' を 1 箇所インデックス化しました
2024-11-10 16:43:47,178 - INFO -   - '社会的表象理論' を 1 箇所インデックス化しました
2024-11-10 16:43:47,178 - INFO -   - 'モスコビッチ' を 4 箇所インデックス化しました
2024-11-10 16:43:47,178 - INFO -   - '論理実証主義' を 2 箇所インデックス化しました
2024-11-10 16:43:47,178 - INFO -   - 'タジフェル' を 6 箇所インデックス化しました
2024-11-10 16:43:47,178 - INFO -   - 'ニューカム' を 1 箇所インデックス化しました
2024-11-10 16:43:47,178 - INFO -   - 'ロジャーズ' を 4 箇所インデックス化しました
2024-11-10 16:43:47,178 - INFO -   - 'ゲーム理論' を 1 箇所インデックス化しました
2024-11-10 16:43:47,178 - INFO -   - '社会心理学' を 44 箇所インデックス化しました
2024-11-10 16:43:47,178 - INFO -   - '社会的実在' を 1 箇所インデックス化しました
2024-11-10 16:43:47,178 - INFO -   - '集団凝集性' を 5 箇所インデックス化しました
2024-11-10 16:43:47,178 - INFO -   - '相対性理論' を 1 箇所インデックス化しました
2024-11-10 16:43:47,178 - INFO -   - '認知心理学' を 11 箇所インデックス化しました
2024-11-10 16:43:47,178 - INFO -   - 'アッシュ' を 1 箇所インデックス化しました
2024-11-10 16:43:47,178 - INFO -   - 'ガーゲン' を 4 箇所インデックス化しました
2024-11-10 16:43:47,178 - INFO -   - 'ターナー' を 2 箇所インデックス化しました
2024-11-10 16:43:47,178 - INFO -   - 'フロイド' を 1 箇所インデックス化しました
2024-11-10 16:43:47,178 - INFO -   - 'ホーガン' を 1 箇所インデックス化しました
2024-11-10 16:43:47,178 - INFO -   - 'マズロー' を 4 箇所インデックス化しました
2024-11-10 16:43:47,178 - INFO -   - 'ワトソン' を 1 箇所インデックス化しました
2024-11-10 16:43:47,178 - INFO -   - '集団力学' を 1 箇所インデックス化しました
2024-11-10 16:43:47,179 - INFO -   - '精神分析' を 3 箇所インデックス化しました
2024-11-10 16:43:47,179 - INFO -   - '認知革命' を 2 箇所インデックス化しました
2024-11-10 16:43:47,179 - INFO - 
スキップされた箇所:
2024-11-10 16:43:47,179 - INFO -   - '社会的アイデンティティ理論' （理由: subsection内）
2024-11-10 16:43:47,179 - INFO -   - '社会的アイデンティティ理論' （理由: footnote内）
2024-11-10 16:43:47,179 - INFO -   - 'グループダイナミックス' （理由: 重複）
2024-11-10 16:43:47,179 - INFO -   - 'グループダイナミックス' （理由: footnote内）
2024-11-10 16:43:47,179 - INFO -   - 'アイデンティティ理論' （理由: subsection内）
2024-11-10 16:43:47,179 - INFO -   - 'アイデンティティ理論' （理由: footnote内）
2024-11-10 16:43:47,179 - INFO -   - 'アイデンティティ理論' （理由: 重複）
2024-11-10 16:43:47,179 - INFO -   - 'アイデンティティ理論' （理由: 重複）
2024-11-10 16:43:47,179 - INFO -   - 'アイデンティティ理論' （理由: 既存のインデックス）
2024-11-10 16:43:47,179 - INFO -   - 'アイデンティティ理論' （理由: 重複）
2024-11-10 16:43:47,179 - INFO -   - 'エスノメソドロジー' （理由: 重複）
2024-11-10 16:43:47,179 - INFO -   - 'ゲシュタルト心理学' （理由: 重複）
2024-11-10 16:43:47,179 - INFO -   - '社会的表象理論' （理由: 重複）
2024-11-10 16:43:47,179 - INFO -   - 'モスコビッチ' （理由: subsection内）
2024-11-10 16:43:47,179 - INFO -   - 'タジフェル' （理由: subsection内）
2024-11-10 16:43:47,179 - INFO -   - 'タジフェル' （理由: 重複）
2024-11-10 16:43:47,179 - INFO -   - 'タジフェル' （理由: footnote内）
2024-11-10 16:43:47,179 - INFO -   - 'ラパポート' （理由: footnote内）
2024-11-10 16:43:47,179 - INFO -   - 'ラパポート' （理由: footnote内）
2024-11-10 16:43:47,179 - INFO -   - 'ロジャーズ' （理由: 重複）
2024-11-10 16:43:47,179 - INFO -   - 'ロジャーズ' （理由: 既存のインデックス）
2024-11-10 16:43:47,179 - INFO -   - 'ロジャーズ' （理由: 既存のインデックス）
2024-11-10 16:43:47,179 - INFO -   - 'ゲーム理論' （理由: subsection内）
2024-11-10 16:43:47,179 - INFO -   - 'ゲーム理論' （理由: 重複）
2024-11-10 16:43:47,179 - INFO -   - 'ゲーム理論' （理由: footnote内）
2024-11-10 16:43:47,179 - INFO -   - '社会心理学' （理由: chapter内）
2024-11-10 16:43:47,180 - INFO -   - '社会心理学' （理由: chapter内）
2024-11-10 16:43:47,180 - INFO -   - '社会心理学' （理由: 重複）
2024-11-10 16:43:47,180 - INFO -   - '社会心理学' （理由: 重複）
2024-11-10 16:43:47,180 - INFO -   - '社会心理学' （理由: section内）
2024-11-10 16:43:47,180 - INFO -   - '社会心理学' （理由: 既存のインデックス）
2024-11-10 16:43:47,180 - INFO -   - '社会心理学' （理由: 既存のインデックス）
2024-11-10 16:43:47,180 - INFO -   - '社会心理学' （理由: footnote内）
2024-11-10 16:43:47,180 - INFO -   - '社会心理学' （理由: 既存のインデックス）
2024-11-10 16:43:47,180 - INFO -   - '社会心理学' （理由: 既存のインデックス）
2024-11-10 16:43:47,180 - INFO -   - '社会心理学' （理由: 重複）
2024-11-10 16:43:47,180 - INFO -   - '社会心理学' （理由: 既存のインデックス）
2024-11-10 16:43:47,180 - INFO -   - '社会心理学' （理由: 重複）
2024-11-10 16:43:47,180 - INFO -   - '社会心理学' （理由: 既存のインデックス）
2024-11-10 16:43:47,180 - INFO -   - '社会心理学' （理由: 既存のインデックス）
2024-11-10 16:43:47,180 - INFO -   - '社会心理学' （理由: 重複）
2024-11-10 16:43:47,180 - INFO -   - '社会心理学' （理由: 既存のインデックス）
2024-11-10 16:43:47,180 - INFO -   - '社会心理学' （理由: 重複）
2024-11-10 16:43:47,180 - INFO -   - '社会心理学' （理由: 既存のインデックス）
2024-11-10 16:43:47,180 - INFO -   - '社会心理学' （理由: 重複）
2024-11-10 16:43:47,180 - INFO -   - '社会心理学' （理由: 重複）
2024-11-10 16:43:47,180 - INFO -   - '社会心理学' （理由: 既存のインデックス）
2024-11-10 16:43:47,180 - INFO -   - '社会心理学' （理由: 既存のインデックス）
2024-11-10 16:43:47,180 - INFO -   - '社会心理学' （理由: 既存のインデックス）
2024-11-10 16:43:47,180 - INFO -   - '社会心理学' （理由: 既存のインデックス）
2024-11-10 16:43:47,180 - INFO -   - '社会心理学' （理由: 既存のインデックス）
2024-11-10 16:43:47,181 - INFO -   - '社会心理学' （理由: 既存のインデックス）
2024-11-10 16:43:47,181 - INFO -   - '社会心理学' （理由: 既存のインデックス）
2024-11-10 16:43:47,181 - INFO -   - '社会心理学' （理由: 既存のインデックス）
2024-11-10 16:43:47,181 - INFO -   - '集団凝集性' （理由: 重複）
2024-11-10 16:43:47,181 - INFO -   - '集団凝集性' （理由: 既存のインデックス）
2024-11-10 16:43:47,181 - INFO -   - '認知心理学' （理由: 重複）
2024-11-10 16:43:47,181 - INFO -   - '認知心理学' （理由: 既存のインデックス）
2024-11-10 16:43:47,181 - INFO -   - '認知心理学' （理由: 重複）
2024-11-10 16:43:47,181 - INFO -   - '認知心理学' （理由: 重複）
2024-11-10 16:43:47,181 - INFO -   - 'ガーゲン' （理由: 既存のインデックス）
2024-11-10 16:43:47,181 - INFO -   - 'ターナー' （理由: 既存のインデックス）
2024-11-10 16:43:47,181 - INFO -   - 'マズロー' （理由: 重複）
2024-11-10 16:43:47,181 - INFO -   - 'マズロー' （理由: 既存のインデックス）
2024-11-10 16:43:47,181 - INFO -   - 'マズロー' （理由: 重複）
2024-11-10 16:43:47,181 - INFO -   - '認知革命' （理由: 重複）
2024-11-10 16:43:47,181 - INFO - ファイル 'sp06_History03.tex' の処理が完了
2024-11-10 16:43:47,181 - INFO - 保存先: '/Users/napier3/Library/CloudStorage/Dropbox/Git/psychometrics_syllabus/SocialPsychology/tex_formatted/sp06_History03.tex'
2024-11-10 16:43:47,182 - INFO - 
==================================================
2024-11-10 16:43:47,182 - INFO - ファイル 'sp04_History01.tex' の処理を開始
2024-11-10 16:43:47,182 - INFO - ファイルの読み込み完了: 31693バイト
2024-11-10 16:43:47,182 - INFO - ファイル 'sp04_History01.tex' の内容を処理中...
2024-11-10 16:43:47,186 - INFO - 
処理されたインデックス:
2024-11-10 16:43:47,186 - INFO -   - 'カルチュラル・スタディーズ' を 3 箇所インデックス化しました
2024-11-10 16:43:47,186 - INFO -   - '社会的アイデンティティ理論' を 1 箇所インデックス化しました
2024-11-10 16:43:47,186 - INFO -   - 'ウィリアム・ジェームズ' を 3 箇所インデックス化しました
2024-11-10 16:43:47,186 - INFO -   - 'グループダイナミックス' を 2 箇所インデックス化しました
2024-11-10 16:43:47,186 - INFO -   - 'ウィトゲンシュタイン' を 12 箇所インデックス化しました
2024-11-10 16:43:47,186 - INFO -   - 'アイデンティティ理論' を 1 箇所インデックス化しました
2024-11-10 16:43:47,186 - INFO -   - 'レヴィ＝ストロース' を 7 箇所インデックス化しました
2024-11-10 16:43:47,186 - INFO -   - 'インセスト・タブー' を 2 箇所インデックス化しました
2024-11-10 16:43:47,186 - INFO -   - 'アインシュタイン' を 1 箇所インデックス化しました
2024-11-10 16:43:47,186 - INFO -   - '論理実証主義' を 5 箇所インデックス化しました
2024-11-10 16:43:47,186 - INFO -   - 'ドゥルーズ' を 1 箇所インデックス化しました
2024-11-10 16:43:47,186 - INFO -   - 'ニュートン' を 3 箇所インデックス化しました
2024-11-10 16:43:47,186 - INFO -   - 'システム論' を 1 箇所インデックス化しました
2024-11-10 16:43:47,186 - INFO -   - '社会心理学' を 32 箇所インデックス化しました
2024-11-10 16:43:47,186 - INFO -   - '社会的実在' を 1 箇所インデックス化しました
2024-11-10 16:43:47,186 - INFO -   - '民族心理学' を 1 箇所インデックス化しました
2024-11-10 16:43:47,186 - INFO -   - 'ガーゲン' を 1 箇所インデックス化しました
2024-11-10 16:43:47,186 - INFO -   - 'ソーカル' を 2 箇所インデックス化しました
2024-11-10 16:43:47,187 - INFO -   - 'フロイド' を 2 箇所インデックス化しました
2024-11-10 16:43:47,187 - INFO -   - 'ラッセル' を 1 箇所インデックス化しました
2024-11-10 16:43:47,187 - INFO -   - 'ル・ボン' を 1 箇所インデックス化しました
2024-11-10 16:43:47,187 - INFO -   - 'エポケー' を 1 箇所インデックス化しました
2024-11-10 16:43:47,187 - INFO -   - '状況主義' を 1 箇所インデックス化しました
2024-11-10 16:43:47,187 - INFO -   - 'デリダ' を 1 箇所インデックス化しました
2024-11-10 16:43:47,187 - INFO -   - 'ユング' を 1 箇所インデックス化しました
2024-11-10 16:43:47,187 - INFO -   - 'ヴント' を 2 箇所インデックス化しました
2024-11-10 16:43:47,187 - INFO - 
スキップされた箇所:
2024-11-10 16:43:47,187 - INFO -   - '社会的アイデンティティ理論' （理由: 既存のインデックス）
2024-11-10 16:43:47,187 - INFO -   - 'ウィリアム・ジェームズ' （理由: 重複）
2024-11-10 16:43:47,187 - INFO -   - 'ウィリアム・ジェームズ' （理由: footnote内）
2024-11-10 16:43:47,187 - INFO -   - 'グループダイナミックス' （理由: 既存のインデックス）
2024-11-10 16:43:47,187 - INFO -   - 'シンボリック相互作用論' （理由: footnote内）
2024-11-10 16:43:47,187 - INFO -   - 'シンボリック相互作用論' （理由: footnote内）
2024-11-10 16:43:47,187 - INFO -   - 'ウィトゲンシュタイン' （理由: 重複）
2024-11-10 16:43:47,187 - INFO -   - 'ウィトゲンシュタイン' （理由: 既存のインデックス）
2024-11-10 16:43:47,187 - INFO -   - 'ウィトゲンシュタイン' （理由: 既存のインデックス）
2024-11-10 16:43:47,187 - INFO -   - 'ウィトゲンシュタイン' （理由: footnote内）
2024-11-10 16:43:47,187 - INFO -   - 'ウィトゲンシュタイン' （理由: subsection内）
2024-11-10 16:43:47,187 - INFO -   - 'ウィトゲンシュタイン' （理由: 既存のインデックス）
2024-11-10 16:43:47,187 - INFO -   - 'アイデンティティ理論' （理由: 重複）
2024-11-10 16:43:47,187 - INFO -   - 'アイデンティティ理論' （理由: 重複）
2024-11-10 16:43:47,187 - INFO -   - 'レヴィ＝ストロース' （理由: subsection内）
2024-11-10 16:43:47,187 - INFO -   - 'レヴィ＝ストロース' （理由: footnote内）
2024-11-10 16:43:47,187 - INFO -   - '方法論的個人主義' （理由: 重複）
2024-11-10 16:43:47,187 - INFO -   - '論理実証主義' （理由: subsection内）
2024-11-10 16:43:47,187 - INFO -   - '論理実証主義' （理由: 重複）
2024-11-10 16:43:47,187 - INFO -   - '論理実証主義' （理由: 既存のインデックス）
2024-11-10 16:43:47,188 - INFO -   - 'システム論' （理由: footnote内）
2024-11-10 16:43:47,188 - INFO -   - '社会心理学' （理由: chapter内）
2024-11-10 16:43:47,188 - INFO -   - '社会心理学' （理由: chapter内）
2024-11-10 16:43:47,188 - INFO -   - '社会心理学' （理由: 重複）
2024-11-10 16:43:47,188 - INFO -   - '社会心理学' （理由: 重複）
2024-11-10 16:43:47,188 - INFO -   - '社会心理学' （理由: 重複）
2024-11-10 16:43:47,188 - INFO -   - '社会心理学' （理由: 重複）
2024-11-10 16:43:47,188 - INFO -   - '社会心理学' （理由: 既存のインデックス）
2024-11-10 16:43:47,188 - INFO -   - '社会心理学' （理由: 重複）
2024-11-10 16:43:47,188 - INFO -   - '社会心理学' （理由: 既存のインデックス）
2024-11-10 16:43:47,188 - INFO -   - '社会心理学' （理由: 既存のインデックス）
2024-11-10 16:43:47,188 - INFO -   - '社会心理学' （理由: 重複）
2024-11-10 16:43:47,188 - INFO -   - '社会心理学' （理由: 重複）
2024-11-10 16:43:47,188 - INFO -   - '社会心理学' （理由: 重複）
2024-11-10 16:43:47,188 - INFO -   - '社会心理学' （理由: 既存のインデックス）
2024-11-10 16:43:47,188 - INFO -   - '社会心理学' （理由: 既存のインデックス）
2024-11-10 16:43:47,188 - INFO -   - '社会心理学' （理由: 既存のインデックス）
2024-11-10 16:43:47,188 - INFO -   - '社会心理学' （理由: 重複）
2024-11-10 16:43:47,188 - INFO -   - '社会心理学' （理由: 既存のインデックス）
2024-11-10 16:43:47,188 - INFO -   - '社会心理学' （理由: 既存のインデックス）
2024-11-10 16:43:47,188 - INFO -   - '社会心理学' （理由: 既存のインデックス）
2024-11-10 16:43:47,188 - INFO -   - '社会心理学' （理由: 重複）
2024-11-10 16:43:47,188 - INFO -   - '社会心理学' （理由: 既存のインデックス）
2024-11-10 16:43:47,188 - INFO -   - '社会心理学' （理由: 既存のインデックス）
2024-11-10 16:43:47,188 - INFO -   - '社会心理学' （理由: 既存のインデックス）
2024-11-10 16:43:47,188 - INFO -   - '社会心理学' （理由: footnote内）
2024-11-10 16:43:47,188 - INFO -   - '社会的実在' （理由: subsection内）
2024-11-10 16:43:47,188 - INFO -   - '社会的実在' （理由: 既存のインデックス）
2024-11-10 16:43:47,188 - INFO -   - '社会的自己' （理由: quote内）
2024-11-10 16:43:47,188 - INFO -   - '社会的自己' （理由: quote内）
2024-11-10 16:43:47,189 - INFO -   - 'フロイド' （理由: subsection内）
2024-11-10 16:43:47,189 - INFO -   - 'ラッセル' （理由: 重複）
2024-11-10 16:43:47,189 - INFO -   - 'ラッセル' （理由: footnote内）
2024-11-10 16:43:47,189 - INFO -   - 'エポケー' （理由: 重複）
2024-11-10 16:43:47,189 - INFO -   - '集団力学' （理由: footnote内）
2024-11-10 16:43:47,189 - INFO -   - '集団力学' （理由: footnote内）
2024-11-10 16:43:47,189 - INFO -   - '精神分析' （理由: footnote内）
2024-11-10 16:43:47,189 - INFO -   - '精神分析' （理由: 重複）
2024-11-10 16:43:47,189 - INFO -   - 'ユング' （理由: 既存のインデックス）
2024-11-10 16:43:47,189 - INFO -   - 'ヴント' （理由: 既存のインデックス）
2024-11-10 16:43:47,189 - INFO - ファイル 'sp04_History01.tex' の処理が完了
2024-11-10 16:43:47,189 - INFO - 保存先: '/Users/napier3/Library/CloudStorage/Dropbox/Git/psychometrics_syllabus/SocialPsychology/tex_formatted/sp04_History01.tex'
2024-11-10 16:43:47,189 - INFO - 
==================================================
2024-11-10 16:43:47,189 - INFO - ファイル 'sp02_science.tex' の処理を開始
2024-11-10 16:43:47,190 - INFO - ファイルの読み込み完了: 30015バイト
2024-11-10 16:43:47,190 - INFO - ファイル 'sp02_science.tex' の内容を処理中...
2024-11-10 16:43:47,194 - INFO - 
処理されたインデックス:
2024-11-10 16:43:47,194 - INFO -   - 'ゲシュタルト心理学' を 1 箇所インデックス化しました
2024-11-10 16:43:47,194 - INFO -   - 'アインシュタイン' を 13 箇所インデックス化しました
2024-11-10 16:43:47,194 - INFO -   - 'シュレディンガー' を 1 箇所インデックス化しました
2024-11-10 16:43:47,194 - INFO -   - 'ニールス・ボーア' を 1 箇所インデックス化しました
2024-11-10 16:43:47,194 - INFO -   - 'フェスティンガー' を 1 箇所インデックス化しました
2024-11-10 16:43:47,194 - INFO -   - 'アリストテレス' を 1 箇所インデックス化しました
2024-11-10 16:43:47,194 - INFO -   - 'モスコビッチ' を 1 箇所インデックス化しました
2024-11-10 16:43:47,194 - INFO -   - '論理実証主義' を 1 箇所インデックス化しました
2024-11-10 16:43:47,194 - INFO -   - 'ジンバルド' を 4 箇所インデックス化しました
2024-11-10 16:43:47,194 - INFO -   - 'ニュートン' を 3 箇所インデックス化しました
2024-11-10 16:43:47,194 - INFO -   - 'ホイヘンス' を 2 箇所インデックス化しました
2024-11-10 16:43:47,194 - INFO -   - 'ミルグラム' を 4 箇所インデックス化しました
2024-11-10 16:43:47,194 - INFO -   - 'システム論' を 3 箇所インデックス化しました
2024-11-10 16:43:47,194 - INFO -   - '社会心理学' を 35 箇所インデックス化しました
2024-11-10 16:43:47,194 - INFO -   - '相対性理論' を 2 箇所インデックス化しました
2024-11-10 16:43:47,194 - INFO -   - '統計モデル' を 3 箇所インデックス化しました
2024-11-10 16:43:47,194 - INFO -   - '認知心理学' を 7 箇所インデックス化しました
2024-11-10 16:43:47,194 - INFO -   - 'アッシュ' を 2 箇所インデックス化しました
2024-11-10 16:43:47,194 - INFO -   - 'ガリレオ' を 2 箇所インデックス化しました
2024-11-10 16:43:47,194 - INFO -   - 'ケプラー' を 1 箇所インデックス化しました
2024-11-10 16:43:47,194 - INFO -   - 'デカルト' を 5 箇所インデックス化しました
2024-11-10 16:43:47,194 - INFO -   - 'パブロフ' を 1 箇所インデックス化しました
2024-11-10 16:43:47,194 - INFO -   - 'プラトン' を 1 箇所インデックス化しました
2024-11-10 16:43:47,194 - INFO -   - 'ワトソン' を 7 箇所インデックス化しました
2024-11-10 16:43:47,195 - INFO -   - '状況主義' を 1 箇所インデックス化しました
2024-11-10 16:43:47,195 - INFO -   - '精神分析' を 4 箇所インデックス化しました
2024-11-10 16:43:47,195 - INFO -   - '認知革命' を 2 箇所インデックス化しました
2024-11-10 16:43:47,195 - INFO -   - '認知負荷' を 1 箇所インデックス化しました
2024-11-10 16:43:47,195 - INFO -   - 'ヴント' を 1 箇所インデックス化しました
2024-11-10 16:43:47,195 - INFO -   - '地動説' を 1 箇所インデックス化しました
2024-11-10 16:43:47,195 - INFO - 
スキップされた箇所:
2024-11-10 16:43:47,195 - INFO -   - 'ゲシュタルト心理学' （理由: footnote内）
2024-11-10 16:43:47,195 - INFO -   - 'ゲシュタルト心理学' （理由: 重複）
2024-11-10 16:43:47,195 - INFO -   - 'アインシュタイン' （理由: 既存のインデックス）
2024-11-10 16:43:47,195 - INFO -   - 'アインシュタイン' （理由: 既存のインデックス）
2024-11-10 16:43:47,195 - INFO -   - 'シュレディンガー' （理由: 重複）
2024-11-10 16:43:47,195 - INFO -   - 'アリストテレス' （理由: 既存のインデックス）
2024-11-10 16:43:47,195 - INFO -   - 'ビブ・ラタネ' （理由: footnote内）
2024-11-10 16:43:47,195 - INFO -   - 'ジンバルド' （理由: 重複）
2024-11-10 16:43:47,195 - INFO -   - 'ジンバルド' （理由: 既存のインデックス）
2024-11-10 16:43:47,195 - INFO -   - 'ニュートン' （理由: 既存のインデックス）
2024-11-10 16:43:47,195 - INFO -   - 'ミルグラム' （理由: 重複）
2024-11-10 16:43:47,195 - INFO -   - 'システム論' （理由: 重複）
2024-11-10 16:43:47,195 - INFO -   - '社会心理学' （理由: chapter内）
2024-11-10 16:43:47,195 - INFO -   - '社会心理学' （理由: 既存のインデックス）
2024-11-10 16:43:47,195 - INFO -   - '社会心理学' （理由: 既存のインデックス）
2024-11-10 16:43:47,195 - INFO -   - '社会心理学' （理由: 重複）
2024-11-10 16:43:47,195 - INFO -   - '社会心理学' （理由: 既存のインデックス）
2024-11-10 16:43:47,195 - INFO -   - '社会心理学' （理由: 重複）
2024-11-10 16:43:47,195 - INFO -   - '社会心理学' （理由: 既存のインデックス）
2024-11-10 16:43:47,195 - INFO -   - '社会心理学' （理由: 既存のインデックス）
2024-11-10 16:43:47,195 - INFO -   - '社会心理学' （理由: 既存のインデックス）
2024-11-10 16:43:47,195 - INFO -   - '社会心理学' （理由: 既存のインデックス）
2024-11-10 16:43:47,196 - INFO -   - '社会心理学' （理由: 既存のインデックス）
2024-11-10 16:43:47,196 - INFO -   - '社会心理学' （理由: 既存のインデックス）
2024-11-10 16:43:47,196 - INFO -   - '社会心理学' （理由: 重複）
2024-11-10 16:43:47,196 - INFO -   - '社会心理学' （理由: 重複）
2024-11-10 16:43:47,196 - INFO -   - '社会心理学' （理由: footnote内）
2024-11-10 16:43:47,196 - INFO -   - '社会心理学' （理由: footnote内）
2024-11-10 16:43:47,196 - INFO -   - '社会心理学' （理由: footnote内）
2024-11-10 16:43:47,196 - INFO -   - '社会心理学' （理由: footnote内）
2024-11-10 16:43:47,196 - INFO -   - '社会心理学' （理由: 既存のインデックス）
2024-11-10 16:43:47,196 - INFO -   - '社会心理学' （理由: 重複）
2024-11-10 16:43:47,196 - INFO -   - '社会心理学' （理由: 既存のインデックス）
2024-11-10 16:43:47,196 - INFO -   - '社会心理学' （理由: 重複）
2024-11-10 16:43:47,196 - INFO -   - '社会心理学' （理由: 既存のインデックス）
2024-11-10 16:43:47,196 - INFO -   - '社会心理学' （理由: 重複）
2024-11-10 16:43:47,196 - INFO -   - '社会心理学' （理由: 既存のインデックス）
2024-11-10 16:43:47,196 - INFO -   - '社会心理学' （理由: footnote内）
2024-11-10 16:43:47,196 - INFO -   - '社会心理学' （理由: footnote内）
2024-11-10 16:43:47,196 - INFO -   - '社会心理学' （理由: footnote内）
2024-11-10 16:43:47,196 - INFO -   - '社会心理学' （理由: 既存のインデックス）
2024-11-10 16:43:47,196 - INFO -   - '社会心理学' （理由: 既存のインデックス）
2024-11-10 16:43:47,196 - INFO -   - '社会心理学' （理由: 既存のインデックス）
2024-11-10 16:43:47,196 - INFO -   - '社会心理学' （理由: 既存のインデックス）
2024-11-10 16:43:47,196 - INFO -   - '社会心理学' （理由: footnote内）
2024-11-10 16:43:47,196 - INFO -   - '相対性理論' （理由: 重複）
2024-11-10 16:43:47,196 - INFO -   - '統計モデル' （理由: 重複）
2024-11-10 16:43:47,196 - INFO -   - '統計モデル' （理由: 既存のインデックス）
2024-11-10 16:43:47,196 - INFO -   - '認知心理学' （理由: 重複）
2024-11-10 16:43:47,196 - INFO -   - '認知心理学' （理由: 重複）
2024-11-10 16:43:47,196 - INFO -   - '認知心理学' （理由: 重複）
2024-11-10 16:43:47,197 - INFO -   - 'アッシュ' （理由: footnote内）
2024-11-10 16:43:47,197 - INFO -   - 'デカルト' （理由: 重複）
2024-11-10 16:43:47,197 - INFO -   - 'デカルト' （理由: 既存のインデックス）
2024-11-10 16:43:47,197 - INFO -   - 'パブロフ' （理由: 重複）
2024-11-10 16:43:47,197 - INFO -   - 'プラトン' （理由: 既存のインデックス）
2024-11-10 16:43:47,197 - INFO -   - 'ワトソン' （理由: 重複）
2024-11-10 16:43:47,197 - INFO -   - '精神分析' （理由: footnote内）
2024-11-10 16:43:47,197 - INFO -   - '精神分析' （理由: 重複）
2024-11-10 16:43:47,197 - INFO -   - '認知革命' （理由: subsection内）
2024-11-10 16:43:47,197 - INFO -   - 'ヴント' （理由: 既存のインデックス）
2024-11-10 16:43:47,197 - INFO -   - '内観法' （理由: 重複）
2024-11-10 16:43:47,198 - INFO - ファイル 'sp02_science.tex' の処理が完了
2024-11-10 16:43:47,198 - INFO - 保存先: '/Users/napier3/Library/CloudStorage/Dropbox/Git/psychometrics_syllabus/SocialPsychology/tex_formatted/sp02_science.tex'
2024-11-10 16:43:47,198 - INFO - 
==================================================
2024-11-10 16:43:47,198 - INFO - ファイル 'sp01_introduction.tex' の処理を開始
2024-11-10 16:43:47,198 - INFO - ファイルの読み込み完了: 23975バイト
2024-11-10 16:43:47,199 - INFO - ファイル 'sp01_introduction.tex' の内容を処理中...
2024-11-10 16:43:47,202 - INFO - 
処理されたインデックス:
2024-11-10 16:43:47,203 - INFO -   - 'グループダイナミックス' を 9 箇所インデックス化しました
2024-11-10 16:43:47,203 - INFO -   - 'ウィトゲンシュタイン' を 2 箇所インデックス化しました
2024-11-10 16:43:47,203 - INFO -   - 'オートポイエーシス' を 2 箇所インデックス化しました
2024-11-10 16:43:47,203 - INFO -   - 'クルト・レヴィン' を 1 箇所インデックス化しました
2024-11-10 16:43:47,203 - INFO -   - 'ネットワーク科学' を 1 箇所インデックス化しました
2024-11-10 16:43:47,203 - INFO -   - 'プロスペクト理論' を 1 箇所インデックス化しました
2024-11-10 16:43:47,203 - INFO -   - '方法論的個人主義' を 2 箇所インデックス化しました
2024-11-10 16:43:47,203 - INFO -   - 'ベルタランフィ' を 1 箇所インデックス化しました
2024-11-10 16:43:47,203 - INFO -   - 'オールポート' を 3 箇所インデックス化しました
2024-11-10 16:43:47,203 - INFO -   - 'デュルケーム' を 1 箇所インデックス化しました
2024-11-10 16:43:47,203 - INFO -   - '論理実証主義' を 3 箇所インデックス化しました
2024-11-10 16:43:47,203 - INFO -   - 'システム論' を 3 箇所インデックス化しました
2024-11-10 16:43:47,203 - INFO -   - '社会心理学' を 92 箇所インデックス化しました
2024-11-10 16:43:47,203 - INFO -   - '社会的認知' を 3 箇所インデックス化しました
2024-11-10 16:43:47,203 - INFO -   - '認知心理学' を 1 箇所インデックス化しました
2024-11-10 16:43:47,203 - INFO -   - '集団力学' を 1 箇所インデックス化しました
2024-11-10 16:43:47,203 - INFO -   - '状況主義' を 2 箇所インデックス化しました
2024-11-10 16:43:47,203 - INFO -   - '複雑系' を 2 箇所インデックス化しました
2024-11-10 16:43:47,203 - INFO - 
スキップされた箇所:
2024-11-10 16:43:47,203 - INFO -   - 'グループダイナミックス' （理由: 重複）
2024-11-10 16:43:47,203 - INFO -   - 'グループダイナミックス' （理由: 既存のインデックス）
2024-11-10 16:43:47,203 - INFO -   - 'グループダイナミックス' （理由: 既存のインデックス）
2024-11-10 16:43:47,203 - INFO -   - 'グループダイナミックス' （理由: 既存のインデックス）
2024-11-10 16:43:47,203 - INFO -   - 'グループダイナミックス' （理由: 既存のインデックス）
2024-11-10 16:43:47,203 - INFO -   - 'グループダイナミックス' （理由: footnote内）
2024-11-10 16:43:47,203 - INFO -   - 'ウィトゲンシュタイン' （理由: 既存のインデックス）
2024-11-10 16:43:47,203 - INFO -   - 'ウィトゲンシュタイン' （理由: 既存のインデックス）
2024-11-10 16:43:47,204 - INFO -   - 'プロスペクト理論' （理由: footnote内）
2024-11-10 16:43:47,204 - INFO -   - 'プロスペクト理論' （理由: 重複）
2024-11-10 16:43:47,204 - INFO -   - '方法論的個人主義' （理由: 既存のインデックス）
2024-11-10 16:43:47,204 - INFO -   - 'ベルタランフィ' （理由: 重複）
2024-11-10 16:43:47,204 - INFO -   - 'デュルケーム' （理由: 重複）
2024-11-10 16:43:47,204 - INFO -   - '自己組織化系' （理由: 重複）
2024-11-10 16:43:47,204 - INFO -   - '自己組織化系' （理由: 重複）
2024-11-10 16:43:47,204 - INFO -   - '論理実証主義' （理由: 既存のインデックス）
2024-11-10 16:43:47,204 - INFO -   - '論理実証主義' （理由: 重複）
2024-11-10 16:43:47,204 - INFO -   - '論理実証主義' （理由: 重複）
2024-11-10 16:43:47,204 - INFO -   - 'システム論' （理由: 重複）
2024-11-10 16:43:47,204 - INFO -   - 'システム論' （理由: footnote内）
2024-11-10 16:43:47,204 - INFO -   - '社会心理学' （理由: chapter内）
2024-11-10 16:43:47,204 - INFO -   - '社会心理学' （理由: 重複）
2024-11-10 16:43:47,204 - INFO -   - '社会心理学' （理由: 既存のインデックス）
2024-11-10 16:43:47,204 - INFO -   - '社会心理学' （理由: 重複）
2024-11-10 16:43:47,204 - INFO -   - '社会心理学' （理由: 重複）
2024-11-10 16:43:47,204 - INFO -   - '社会心理学' （理由: 既存のインデックス）
2024-11-10 16:43:47,204 - INFO -   - '社会心理学' （理由: 既存のインデックス）
2024-11-10 16:43:47,204 - INFO -   - '社会心理学' （理由: 既存のインデックス）
2024-11-10 16:43:47,204 - INFO -   - '社会心理学' （理由: 既存のインデックス）
2024-11-10 16:43:47,204 - INFO -   - '社会心理学' （理由: 既存のインデックス）
2024-11-10 16:43:47,204 - INFO -   - '社会心理学' （理由: 重複）
2024-11-10 16:43:47,204 - INFO -   - '社会心理学' （理由: 既存のインデックス）
2024-11-10 16:43:47,204 - INFO -   - '社会心理学' （理由: 重複）
2024-11-10 16:43:47,204 - INFO -   - '社会心理学' （理由: 既存のインデックス）
2024-11-10 16:43:47,204 - INFO -   - '社会心理学' （理由: 既存のインデックス）
2024-11-10 16:43:47,204 - INFO -   - '社会心理学' （理由: 重複）
2024-11-10 16:43:47,204 - INFO -   - '社会心理学' （理由: 既存のインデックス）
2024-11-10 16:43:47,205 - INFO -   - '社会心理学' （理由: 既存のインデックス）
2024-11-10 16:43:47,205 - INFO -   - '社会心理学' （理由: 重複）
2024-11-10 16:43:47,205 - INFO -   - '社会心理学' （理由: 既存のインデックス）
2024-11-10 16:43:47,205 - INFO -   - '社会心理学' （理由: 既存のインデックス）
2024-11-10 16:43:47,205 - INFO -   - '社会心理学' （理由: 既存のインデックス）
2024-11-10 16:43:47,205 - INFO -   - '社会心理学' （理由: 既存のインデックス）
2024-11-10 16:43:47,205 - INFO -   - '社会心理学' （理由: 既存のインデックス）
2024-11-10 16:43:47,205 - INFO -   - '社会心理学' （理由: 既存のインデックス）
2024-11-10 16:43:47,205 - INFO -   - '社会心理学' （理由: 既存のインデックス）
2024-11-10 16:43:47,205 - INFO -   - '社会心理学' （理由: 既存のインデックス）
2024-11-10 16:43:47,205 - INFO -   - '社会心理学' （理由: 重複）
2024-11-10 16:43:47,205 - INFO -   - '社会心理学' （理由: 重複）
2024-11-10 16:43:47,205 - INFO -   - '社会心理学' （理由: 既存のインデックス）
2024-11-10 16:43:47,205 - INFO -   - '社会心理学' （理由: footnote内）
2024-11-10 16:43:47,205 - INFO -   - '社会心理学' （理由: footnote内）
2024-11-10 16:43:47,205 - INFO -   - '社会心理学' （理由: footnote内）
2024-11-10 16:43:47,205 - INFO -   - '社会心理学' （理由: 重複）
2024-11-10 16:43:47,205 - INFO -   - '社会心理学' （理由: 重複）
2024-11-10 16:43:47,205 - INFO -   - '社会心理学' （理由: 既存のインデックス）
2024-11-10 16:43:47,205 - INFO -   - '社会心理学' （理由: 既存のインデックス）
2024-11-10 16:43:47,205 - INFO -   - '社会心理学' （理由: 重複）
2024-11-10 16:43:47,205 - INFO -   - '社会心理学' （理由: 既存のインデックス）
2024-11-10 16:43:47,205 - INFO -   - '社会心理学' （理由: 既存のインデックス）
2024-11-10 16:43:47,205 - INFO -   - '社会心理学' （理由: 既存のインデックス）
2024-11-10 16:43:47,205 - INFO -   - '社会心理学' （理由: 既存のインデックス）
2024-11-10 16:43:47,205 - INFO -   - '社会心理学' （理由: 重複）
2024-11-10 16:43:47,205 - INFO -   - '社会心理学' （理由: 既存のインデックス）
2024-11-10 16:43:47,205 - INFO -   - '社会心理学' （理由: 既存のインデックス）
2024-11-10 16:43:47,205 - INFO -   - '社会心理学' （理由: 既存のインデックス）
2024-11-10 16:43:47,205 - INFO -   - '社会心理学' （理由: 既存のインデックス）
2024-11-10 16:43:47,206 - INFO -   - '社会心理学' （理由: 既存のインデックス）
2024-11-10 16:43:47,206 - INFO -   - '社会心理学' （理由: 既存のインデックス）
2024-11-10 16:43:47,206 - INFO -   - '社会心理学' （理由: 既存のインデックス）
2024-11-10 16:43:47,206 - INFO -   - '社会心理学' （理由: 既存のインデックス）
2024-11-10 16:43:47,206 - INFO -   - '社会心理学' （理由: 重複）
2024-11-10 16:43:47,206 - INFO -   - '社会心理学' （理由: 既存のインデックス）
2024-11-10 16:43:47,206 - INFO -   - '社会心理学' （理由: 既存のインデックス）
2024-11-10 16:43:47,206 - INFO -   - '社会心理学' （理由: 既存のインデックス）
2024-11-10 16:43:47,206 - INFO -   - '社会心理学' （理由: 重複）
2024-11-10 16:43:47,206 - INFO -   - '社会心理学' （理由: 既存のインデックス）
2024-11-10 16:43:47,206 - INFO -   - '社会心理学' （理由: 既存のインデックス）
2024-11-10 16:43:47,206 - INFO -   - '社会心理学' （理由: 既存のインデックス）
2024-11-10 16:43:47,206 - INFO -   - '社会心理学' （理由: 重複）
2024-11-10 16:43:47,206 - INFO -   - '社会心理学' （理由: 既存のインデックス）
2024-11-10 16:43:47,206 - INFO -   - '社会心理学' （理由: 既存のインデックス）
2024-11-10 16:43:47,206 - INFO -   - '社会心理学' （理由: 重複）
2024-11-10 16:43:47,206 - INFO -   - '社会心理学' （理由: 重複）
2024-11-10 16:43:47,206 - INFO -   - '社会心理学' （理由: 既存のインデックス）
2024-11-10 16:43:47,206 - INFO -   - '社会心理学' （理由: 重複）
2024-11-10 16:43:47,206 - INFO -   - '社会心理学' （理由: 既存のインデックス）
2024-11-10 16:43:47,206 - INFO -   - '社会心理学' （理由: 既存のインデックス）
2024-11-10 16:43:47,206 - INFO -   - '社会心理学' （理由: 重複）
2024-11-10 16:43:47,206 - INFO -   - '社会心理学' （理由: 既存のインデックス）
2024-11-10 16:43:47,206 - INFO -   - '社会心理学' （理由: 重複）
2024-11-10 16:43:47,206 - INFO -   - '社会心理学' （理由: 既存のインデックス）
2024-11-10 16:43:47,206 - INFO -   - '社会心理学' （理由: 重複）
2024-11-10 16:43:47,206 - INFO -   - '社会心理学' （理由: 既存のインデックス）
2024-11-10 16:43:47,206 - INFO -   - '社会心理学' （理由: 既存のインデックス）
2024-11-10 16:43:47,206 - INFO -   - '社会心理学' （理由: 重複）
2024-11-10 16:43:47,206 - INFO -   - '社会心理学' （理由: 重複）
2024-11-10 16:43:47,207 - INFO -   - '社会心理学' （理由: 既存のインデックス）
2024-11-10 16:43:47,207 - INFO -   - '社会心理学' （理由: footnote内）
2024-11-10 16:43:47,207 - INFO -   - '社会心理学' （理由: 重複）
2024-11-10 16:43:47,207 - INFO -   - '社会心理学' （理由: 既存のインデックス）
2024-11-10 16:43:47,207 - INFO -   - '社会心理学' （理由: 重複）
2024-11-10 16:43:47,207 - INFO -   - '社会心理学' （理由: 重複）
2024-11-10 16:43:47,207 - INFO -   - '社会心理学' （理由: 重複）
2024-11-10 16:43:47,207 - INFO -   - '社会心理学' （理由: 既存のインデックス）
2024-11-10 16:43:47,207 - INFO -   - '社会心理学' （理由: 重複）
2024-11-10 16:43:47,207 - INFO -   - '社会心理学' （理由: 重複）
2024-11-10 16:43:47,207 - INFO -   - '社会心理学' （理由: 重複）
2024-11-10 16:43:47,207 - INFO -   - '社会心理学' （理由: 既存のインデックス）
2024-11-10 16:43:47,207 - INFO -   - '社会心理学' （理由: 既存のインデックス）
2024-11-10 16:43:47,207 - INFO -   - '社会心理学' （理由: 既存のインデックス）
2024-11-10 16:43:47,207 - INFO -   - '社会心理学' （理由: 既存のインデックス）
2024-11-10 16:43:47,207 - INFO -   - '社会心理学' （理由: 重複）
2024-11-10 16:43:47,207 - INFO -   - '社会心理学' （理由: 重複）
2024-11-10 16:43:47,207 - INFO -   - '社会心理学' （理由: 既存のインデックス）
2024-11-10 16:43:47,207 - INFO -   - '社会心理学' （理由: 重複）
2024-11-10 16:43:47,207 - INFO -   - '社会心理学' （理由: 既存のインデックス）
2024-11-10 16:43:47,207 - INFO -   - '社会心理学' （理由: 既存のインデックス）
2024-11-10 16:43:47,207 - INFO -   - '社会心理学' （理由: 重複）
2024-11-10 16:43:47,207 - INFO -   - '社会心理学' （理由: 既存のインデックス）
2024-11-10 16:43:47,207 - INFO -   - '社会心理学' （理由: 既存のインデックス）
2024-11-10 16:43:47,207 - INFO -   - '社会心理学' （理由: 既存のインデックス）
2024-11-10 16:43:47,207 - INFO -   - '社会心理学' （理由: 既存のインデックス）
2024-11-10 16:43:47,207 - INFO -   - '社会心理学' （理由: 既存のインデックス）
2024-11-10 16:43:47,207 - INFO -   - '社会心理学' （理由: 既存のインデックス）
2024-11-10 16:43:47,207 - INFO -   - '社会心理学' （理由: 重複）
2024-11-10 16:43:47,208 - INFO -   - '社会心理学' （理由: 既存のインデックス）
2024-11-10 16:43:47,208 - INFO -   - '社会心理学' （理由: 既存のインデックス）
2024-11-10 16:43:47,208 - INFO -   - '認知心理学' （理由: 重複）
2024-11-10 16:43:47,208 - INFO -   - '複雑系' （理由: 重複）
2024-11-10 16:43:47,208 - INFO -   - '複雑系' （理由: footnote内）
2024-11-10 16:43:47,208 - INFO -   - '複雑系' （理由: 重複）
2024-11-10 16:43:47,208 - INFO - ファイル 'sp01_introduction.tex' の処理が完了
2024-11-10 16:43:47,208 - INFO - 保存先: '/Users/napier3/Library/CloudStorage/Dropbox/Git/psychometrics_syllabus/SocialPsychology/tex_formatted/sp01_introduction.tex'
2024-11-10 16:43:47,208 - INFO - 
==================================================
2024-11-10 16:43:47,208 - INFO - 全てのファイルの処理が完了しました
2024-11-10 16:43:47,208 - INFO - 
全ての処理が完了しました
