2024-11-10 16:50:42,176 - INFO - TeXファイルフォーマットプログラムを開始します
2024-11-10 16:50:42,176 - INFO - リファレンスリスト '/Users/napier3/Library/CloudStorage/Dropbox/Git/psychometrics_syllabus/SocialPsychology/tex/referencelist.csv' の読み込みを開始
2024-11-10 16:50:42,181 - INFO - リファレンスリストから 84 件のエントリを読み込みました
2024-11-10 16:50:42,181 - INFO - ディレクトリ '/Users/napier3/Library/CloudStorage/Dropbox/Git/psychometrics_syllabus/SocialPsychology/tex' の処理を開始
2024-11-10 16:50:42,181 - INFO - 既存の出力ディレクトリを使用します: /Users/napier3/Library/CloudStorage/Dropbox/Git/psychometrics_syllabus/SocialPsychology/tex_formatted
2024-11-10 16:50:42,182 - INFO - TeXファイルの検出結果:
2024-11-10 16:50:42,182 - INFO -   - 処理対象: 6個
2024-11-10 16:50:42,182 - INFO -   - 除外ファイル: SocialPsychology_SP.tex
2024-11-10 16:50:42,182 - INFO - 
ファイル 'sp05_History02.tex' の処理を開始
2024-11-10 16:50:42,182 - INFO - ファイル 'sp05_History02.tex' の処理を開始
2024-11-10 16:50:42,411 - INFO -   - '社会心理学' を 89 箇所インデックス化しました
2024-11-10 16:50:42,412 - INFO -   - 'ウィリアム・ジェームズ' を 1 箇所インデックス化しました
2024-11-10 16:50:42,412 - INFO -   - 'ウィトゲンシュタイン' を 2 箇所インデックス化しました
2024-11-10 16:50:42,412 - INFO -   - '論理実証主義' を 3 箇所インデックス化しました
2024-11-10 16:50:42,412 - INFO -   - 'ヴント' を 2 箇所インデックス化しました
2024-11-10 16:50:42,412 - INFO -   - '民族心理学' を 1 箇所インデックス化しました
2024-11-10 16:50:42,412 - INFO -   - 'ル・ボン' を 2 箇所インデックス化しました
2024-11-10 16:50:42,412 - INFO -   - 'ゲシュタルト心理学' を 13 箇所インデックス化しました
2024-11-10 16:50:42,412 - INFO -   - 'システム論' を 1 箇所インデックス化しました
2024-11-10 16:50:42,412 - INFO -   - '認知心理学' を 1 箇所インデックス化しました
2024-11-10 16:50:42,412 - INFO -   - '社会的認知' を 1 箇所インデックス化しました
2024-11-10 16:50:42,412 - INFO -   - '認知的均衡理論' を 5 箇所インデックス化しました
2024-11-10 16:50:42,412 - INFO -   - 'クルト・レヴィン' を 2 箇所インデックス化しました
2024-11-10 16:50:42,412 - INFO -   - 'アクション・リサーチ' を 2 箇所インデックス化しました
2024-11-10 16:50:42,412 - INFO -   - 'オールポート' を 6 箇所インデックス化しました
2024-11-10 16:50:42,412 - INFO -   - 'アドルノ' を 2 箇所インデックス化しました
2024-11-10 16:50:42,412 - INFO -   - '精神分析' を 8 箇所インデックス化しました
2024-11-10 16:50:42,412 - INFO -   - 'ワトソン' を 3 箇所インデックス化しました
2024-11-10 16:50:42,412 - INFO -   - '状況主義' を 1 箇所インデックス化しました
2024-11-10 16:50:42,412 - INFO -   - 'アッシュ' を 3 箇所インデックス化しました
2024-11-10 16:50:42,412 - INFO -   - 'フェスティンガー' を 4 箇所インデックス化しました
2024-11-10 16:50:42,412 - INFO -   - 'ユング' を 3 箇所インデックス化しました
2024-11-10 16:50:42,412 - INFO -   - 'ニューカム' を 3 箇所インデックス化しました
2024-11-10 16:50:42,415 - INFO - ファイル 'sp05_History02.tex' の処理が完了しました
2024-11-10 16:50:42,415 - INFO - 保存先: '/Users/napier3/Library/CloudStorage/Dropbox/Git/psychometrics_syllabus/SocialPsychology/tex_formatted/sp05_History02.tex'
2024-11-10 16:50:42,415 - INFO - 
ファイル 'sp03_humanities.tex' の処理を開始
2024-11-10 16:50:42,415 - INFO - ファイル 'sp03_humanities.tex' の処理を開始
2024-11-10 16:50:42,623 - INFO -   - '社会心理学' を 32 箇所インデックス化しました
2024-11-10 16:50:42,623 - INFO -   - 'ワトソン' を 3 箇所インデックス化しました
2024-11-10 16:50:42,623 - INFO -   - 'ニュートン' を 9 箇所インデックス化しました
2024-11-10 16:50:42,623 - INFO -   - 'デカルト' を 8 箇所インデックス化しました
2024-11-10 16:50:42,623 - INFO -   - 'アインシュタイン' を 8 箇所インデックス化しました
2024-11-10 16:50:42,623 - INFO -   - '相対性理論' を 3 箇所インデックス化しました
2024-11-10 16:50:42,623 - INFO -   - '社会的実在' を 1 箇所インデックス化しました
2024-11-10 16:50:42,623 - INFO -   - 'ガリレオ' を 1 箇所インデックス化しました
2024-11-10 16:50:42,623 - INFO -   - 'ニーチェ' を 5 箇所インデックス化しました
2024-11-10 16:50:42,623 - INFO -   - 'ドゥルーズ' を 1 箇所インデックス化しました
2024-11-10 16:50:42,623 - INFO -   - 'パラダイム論' を 3 箇所インデックス化しました
2024-11-10 16:50:42,624 - INFO -   - 'エポケー' を 1 箇所インデックス化しました
2024-11-10 16:50:42,624 - INFO -   - '論理実証主義' を 2 箇所インデックス化しました
2024-11-10 16:50:42,624 - INFO -   - 'ヴント' を 2 箇所インデックス化しました
2024-11-10 16:50:42,624 - INFO -   - '内観法' を 1 箇所インデックス化しました
2024-11-10 16:50:42,624 - INFO -   - 'パブロフ' を 1 箇所インデックス化しました
2024-11-10 16:50:42,624 - INFO -   - 'ネットワーク科学' を 1 箇所インデックス化しました
2024-11-10 16:50:42,624 - INFO -   - 'フロイド' を 6 箇所インデックス化しました
2024-11-10 16:50:42,624 - INFO -   - 'ユング' を 2 箇所インデックス化しました
2024-11-10 16:50:42,624 - INFO -   - '精神分析' を 5 箇所インデックス化しました
2024-11-10 16:50:42,624 - INFO -   - 'ロジャーズ' を 2 箇所インデックス化しました
2024-11-10 16:50:42,624 - INFO -   - 'マズロー' を 4 箇所インデックス化しました
2024-11-10 16:50:42,624 - INFO -   - 'アドラー' を 3 箇所インデックス化しました
2024-11-10 16:50:42,624 - INFO -   - 'ゲーム理論' を 1 箇所インデックス化しました
2024-11-10 16:50:42,624 - INFO -   - 'プラトン' を 1 箇所インデックス化しました
2024-11-10 16:50:42,624 - INFO -   - 'ラッセル' を 6 箇所インデックス化しました
2024-11-10 16:50:42,624 - INFO -   - 'ウィトゲンシュタイン' を 6 箇所インデックス化しました
2024-11-10 16:50:42,626 - INFO - ファイル 'sp03_humanities.tex' の処理が完了しました
2024-11-10 16:50:42,626 - INFO - 保存先: '/Users/napier3/Library/CloudStorage/Dropbox/Git/psychometrics_syllabus/SocialPsychology/tex_formatted/sp03_humanities.tex'
2024-11-10 16:50:42,626 - INFO - 
ファイル 'sp06_History03.tex' の処理を開始
2024-11-10 16:50:42,626 - INFO - ファイル 'sp06_History03.tex' の処理を開始
2024-11-10 16:50:42,819 - INFO -   - '社会心理学' を 73 箇所インデックス化しました
2024-11-10 16:50:42,819 - INFO -   - 'グループダイナミックス' を 6 箇所インデックス化しました
2024-11-10 16:50:42,819 - INFO -   - '集団力学' を 1 箇所インデックス化しました
2024-11-10 16:50:42,819 - INFO -   - 'ガーゲン' を 5 箇所インデックス化しました
2024-11-10 16:50:42,819 - INFO -   - '認知革命' を 3 箇所インデックス化しました
2024-11-10 16:50:42,819 - INFO -   - '認知心理学' を 16 箇所インデックス化しました
2024-11-10 16:50:42,819 - INFO -   - 'ワトソン' を 1 箇所インデックス化しました
2024-11-10 16:50:42,819 - INFO -   - 'ニューカム' を 1 箇所インデックス化しました
2024-11-10 16:50:42,819 - INFO -   - 'フェスティンガー' を 2 箇所インデックス化しました
2024-11-10 16:50:42,819 - INFO -   - '論理実証主義' を 2 箇所インデックス化しました
2024-11-10 16:50:42,819 - INFO -   - 'マズロー' を 8 箇所インデックス化しました
2024-11-10 16:50:42,820 - INFO -   - 'ロジャーズ' を 7 箇所インデックス化しました
2024-11-10 16:50:42,820 - INFO -   - 'フロイド' を 1 箇所インデックス化しました
2024-11-10 16:50:42,820 - INFO -   - '精神分析' を 3 箇所インデックス化しました
2024-11-10 16:50:42,820 - INFO -   - 'ウィトゲンシュタイン' を 1 箇所インデックス化しました
2024-11-10 16:50:42,820 - INFO -   - 'エスノメソドロジー' を 3 箇所インデックス化しました
2024-11-10 16:50:42,820 - INFO -   - '社会的実在' を 1 箇所インデックス化しました
2024-11-10 16:50:42,820 - INFO -   - 'モスコビッチ' を 5 箇所インデックス化しました
2024-11-10 16:50:42,820 - INFO -   - '社会的表象理論' を 2 箇所インデックス化しました
2024-11-10 16:50:42,820 - INFO -   - 'アッシュ' を 1 箇所インデックス化しました
2024-11-10 16:50:42,820 - INFO -   - 'タジフェル' を 9 箇所インデックス化しました
2024-11-10 16:50:42,820 - INFO -   - '社会的アイデンティティ理論' を 5 箇所インデックス化しました
2024-11-10 16:50:42,820 - INFO -   - 'ターナー' を 3 箇所インデックス化しました
2024-11-10 16:50:42,820 - INFO -   - '集団凝集性' を 7 箇所インデックス化しました
2024-11-10 16:50:42,820 - INFO -   - 'ゲシュタルト心理学' を 2 箇所インデックス化しました
2024-11-10 16:50:42,820 - INFO -   - 'ホーガン' を 1 箇所インデックス化しました
2024-11-10 16:50:42,820 - INFO -   - '相対性理論' を 1 箇所インデックス化しました
2024-11-10 16:50:42,820 - INFO -   - 'ゲーム理論' を 4 箇所インデックス化しました
2024-11-10 16:50:42,820 - INFO -   - 'アクセルロッド' を 1 箇所インデックス化しました
2024-11-10 16:50:42,820 - INFO -   - 'ラパポート' を 2 箇所インデックス化しました
2024-11-10 16:50:42,822 - INFO - ファイル 'sp06_History03.tex' の処理が完了しました
2024-11-10 16:50:42,822 - INFO - 保存先: '/Users/napier3/Library/CloudStorage/Dropbox/Git/psychometrics_syllabus/SocialPsychology/tex_formatted/sp06_History03.tex'
2024-11-10 16:50:42,822 - INFO - 
ファイル 'sp04_History01.tex' の処理を開始
2024-11-10 16:50:42,822 - INFO - ファイル 'sp04_History01.tex' の処理を開始
2024-11-10 16:50:43,095 - INFO -   - '社会心理学' を 57 箇所インデックス化しました
2024-11-10 16:50:43,096 - INFO -   - 'ニュートン' を 3 箇所インデックス化しました
2024-11-10 16:50:43,096 - INFO -   - 'アインシュタイン' を 1 箇所インデックス化しました
2024-11-10 16:50:43,096 - INFO -   - 'エポケー' を 2 箇所インデックス化しました
2024-11-10 16:50:43,096 - INFO -   - '社会的アイデンティティ理論' を 2 箇所インデックス化しました
2024-11-10 16:50:43,096 - INFO -   - 'グループダイナミックス' を 3 箇所インデックス化しました
2024-11-10 16:50:43,096 - INFO -   - '集団力学' を 2 箇所インデックス化しました
2024-11-10 16:50:43,096 - INFO -   - 'システム論' を 2 箇所インデックス化しました
2024-11-10 16:50:43,096 - INFO -   - '社会的実在' を 3 箇所インデックス化しました
2024-11-10 16:50:43,096 - INFO -   - '論理実証主義' を 8 箇所インデックス化しました
2024-11-10 16:50:43,096 - INFO -   - 'ウィトゲンシュタイン' を 18 箇所インデックス化しました
2024-11-10 16:50:43,096 - INFO -   - '方法論的個人主義' を 1 箇所インデックス化しました
2024-11-10 16:50:43,096 - INFO -   - '状況主義' を 1 箇所インデックス化しました
2024-11-10 16:50:43,096 - INFO -   - 'ラッセル' を 3 箇所インデックス化しました
2024-11-10 16:50:43,096 - INFO -   - 'ガーゲン' を 1 箇所インデックス化しました
2024-11-10 16:50:43,096 - INFO -   - 'レヴィ＝ストロース' を 9 箇所インデックス化しました
2024-11-10 16:50:43,096 - INFO -   - 'インセスト・タブー' を 2 箇所インデックス化しました
2024-11-10 16:50:43,096 - INFO -   - 'カルチュラル・スタディーズ' を 3 箇所インデックス化しました
2024-11-10 16:50:43,097 - INFO -   - 'デリダ' を 1 箇所インデックス化しました
2024-11-10 16:50:43,097 - INFO -   - 'ドゥルーズ' を 1 箇所インデックス化しました
2024-11-10 16:50:43,097 - INFO -   - 'ソーカル' を 2 箇所インデックス化しました
2024-11-10 16:50:43,097 - INFO -   - 'ヴント' を 3 箇所インデックス化しました
2024-11-10 16:50:43,097 - INFO -   - '民族心理学' を 1 箇所インデックス化しました
2024-11-10 16:50:43,097 - INFO -   - 'ル・ボン' を 1 箇所インデックス化しました
2024-11-10 16:50:43,097 - INFO -   - 'フロイド' を 3 箇所インデックス化しました
2024-11-10 16:50:43,097 - INFO -   - '精神分析' を 2 箇所インデックス化しました
2024-11-10 16:50:43,097 - INFO -   - 'ユング' を 2 箇所インデックス化しました
2024-11-10 16:50:43,097 - INFO -   - 'ウィリアム・ジェームズ' を 5 箇所インデックス化しました
2024-11-10 16:50:43,097 - INFO -   - 'シンボリック相互作用論' を 2 箇所インデックス化しました
2024-11-10 16:50:43,097 - INFO -   - '社会的自己' を 2 箇所インデックス化しました
2024-11-10 16:50:43,099 - INFO - ファイル 'sp04_History01.tex' の処理が完了しました
2024-11-10 16:50:43,099 - INFO - 保存先: '/Users/napier3/Library/CloudStorage/Dropbox/Git/psychometrics_syllabus/SocialPsychology/tex_formatted/sp04_History01.tex'
2024-11-10 16:50:43,099 - INFO - 
ファイル 'sp02_science.tex' の処理を開始
2024-11-10 16:50:43,100 - INFO - ファイル 'sp02_science.tex' の処理を開始
2024-11-10 16:50:43,369 - INFO -   - '社会心理学' を 68 箇所インデックス化しました
2024-11-10 16:50:43,369 - INFO -   - 'システム論' を 4 箇所インデックス化しました
2024-11-10 16:50:43,370 - INFO -   - 'モスコビッチ' を 1 箇所インデックス化しました
2024-11-10 16:50:43,370 - INFO -   - '認知革命' を 3 箇所インデックス化しました
2024-11-10 16:50:43,370 - INFO -   - 'ワトソン' を 8 箇所インデックス化しました
2024-11-10 16:50:43,370 - INFO -   - 'ヴント' を 2 箇所インデックス化しました
2024-11-10 16:50:43,370 - INFO -   - '内観法' を 1 箇所インデックス化しました
2024-11-10 16:50:43,370 - INFO -   - 'パブロフ' を 2 箇所インデックス化しました
2024-11-10 16:50:43,370 - INFO -   - '認知心理学' を 10 箇所インデックス化しました
2024-11-10 16:50:43,370 - INFO -   - '認知負荷' を 1 箇所インデックス化しました
2024-11-10 16:50:43,370 - INFO -   - '統計モデル' を 5 箇所インデックス化しました
2024-11-10 16:50:43,370 - INFO -   - 'アッシュ' を 3 箇所インデックス化しました
2024-11-10 16:50:43,370 - INFO -   - 'ミルグラム' を 5 箇所インデックス化しました
2024-11-10 16:50:43,370 - INFO -   - 'ジンバルド' を 6 箇所インデックス化しました
2024-11-10 16:50:43,370 - INFO -   - 'ゲシュタルト心理学' を 3 箇所インデックス化しました
2024-11-10 16:50:43,370 - INFO -   - '状況主義' を 1 箇所インデックス化しました
2024-11-10 16:50:43,370 - INFO -   - 'フェスティンガー' を 1 箇所インデックス化しました
2024-11-10 16:50:43,370 - INFO -   - 'ビブ・ラタネ' を 1 箇所インデックス化しました
2024-11-10 16:50:43,370 - INFO -   - 'プラトン' を 2 箇所インデックス化しました
2024-11-10 16:50:43,371 - INFO -   - 'アリストテレス' を 2 箇所インデックス化しました
2024-11-10 16:50:43,371 - INFO -   - '地動説' を 1 箇所インデックス化しました
2024-11-10 16:50:43,371 - INFO -   - 'ケプラー' を 1 箇所インデックス化しました
2024-11-10 16:50:43,371 - INFO -   - 'ガリレオ' を 2 箇所インデックス化しました
2024-11-10 16:50:43,371 - INFO -   - 'ニュートン' を 4 箇所インデックス化しました
2024-11-10 16:50:43,371 - INFO -   - 'デカルト' を 7 箇所インデックス化しました
2024-11-10 16:50:43,371 - INFO -   - '精神分析' を 6 箇所インデックス化しました
2024-11-10 16:50:43,371 - INFO -   - '論理実証主義' を 1 箇所インデックス化しました
2024-11-10 16:50:43,371 - INFO -   - 'アインシュタイン' を 15 箇所インデックス化しました
2024-11-10 16:50:43,371 - INFO -   - '相対性理論' を 3 箇所インデックス化しました
2024-11-10 16:50:43,371 - INFO -   - 'ホイヘンス' を 2 箇所インデックス化しました
2024-11-10 16:50:43,371 - INFO -   - 'ニールス・ボーア' を 1 箇所インデックス化しました
2024-11-10 16:50:43,371 - INFO -   - 'シュレディンガー' を 2 箇所インデックス化しました
2024-11-10 16:50:43,373 - INFO - ファイル 'sp02_science.tex' の処理が完了しました
2024-11-10 16:50:43,373 - INFO - 保存先: '/Users/napier3/Library/CloudStorage/Dropbox/Git/psychometrics_syllabus/SocialPsychology/tex_formatted/sp02_science.tex'
2024-11-10 16:50:43,373 - INFO - 
ファイル 'sp01_introduction.tex' の処理を開始
2024-11-10 16:50:43,374 - INFO - ファイル 'sp01_introduction.tex' の処理を開始
2024-11-10 16:50:43,550 - INFO -   - '社会心理学' を 203 箇所インデックス化しました
2024-11-10 16:50:43,550 - INFO -   - 'グループダイナミックス' を 15 箇所インデックス化しました
2024-11-10 16:50:43,550 - INFO -   - '社会的認知' を 3 箇所インデックス化しました
2024-11-10 16:50:43,550 - INFO -   - 'オールポート' を 3 箇所インデックス化しました
2024-11-10 16:50:43,550 - INFO -   - '集団力学' を 1 箇所インデックス化しました
2024-11-10 16:50:43,550 - INFO -   - 'クルト・レヴィン' を 1 箇所インデックス化しました
2024-11-10 16:50:43,550 - INFO -   - '認知心理学' を 2 箇所インデックス化しました
2024-11-10 16:50:43,550 - INFO -   - 'プロスペクト理論' を 3 箇所インデックス化しました
2024-11-10 16:50:43,551 - INFO -   - '論理実証主義' を 6 箇所インデックス化しました
2024-11-10 16:50:43,551 - INFO -   - '方法論的個人主義' を 3 箇所インデックス化しました
2024-11-10 16:50:43,551 - INFO -   - '状況主義' を 2 箇所インデックス化しました
2024-11-10 16:50:43,551 - INFO -   - 'ウィトゲンシュタイン' を 4 箇所インデックス化しました
2024-11-10 16:50:43,551 - INFO -   - 'デュルケーム' を 2 箇所インデックス化しました
2024-11-10 16:50:43,551 - INFO -   - 'システム論' を 5 箇所インデックス化しました
2024-11-10 16:50:43,551 - INFO -   - '複雑系' を 5 箇所インデックス化しました
2024-11-10 16:50:43,551 - INFO -   - 'ベルタランフィ' を 2 箇所インデックス化しました
2024-11-10 16:50:43,551 - INFO -   - '自己組織化系' を 2 箇所インデックス化しました
2024-11-10 16:50:43,551 - INFO -   - 'オートポイエーシス' を 2 箇所インデックス化しました
2024-11-10 16:50:43,551 - INFO -   - 'ネットワーク科学' を 1 箇所インデックス化しました
2024-11-10 16:50:43,552 - INFO - ファイル 'sp01_introduction.tex' の処理が完了しました
2024-11-10 16:50:43,552 - INFO - 保存先: '/Users/napier3/Library/CloudStorage/Dropbox/Git/psychometrics_syllabus/SocialPsychology/tex_formatted/sp01_introduction.tex'
2024-11-10 16:50:43,552 - INFO - 
全ての処理が完了しました
