2024-11-30 15:14:01,378 - INFO - TeXファイルフォーマットプログラムを開始します
2024-11-30 15:14:01,378 - INFO - リファレンスリスト '/Users/napier3/Library/CloudStorage/Dropbox/Git/psychometrics_syllabus/SocialPsychology/tex/referencelist.csv' の読み込みを開始
2024-11-30 15:14:01,384 - INFO - リファレンスリストから 105 件のエントリを読み込みました
2024-11-30 15:14:01,384 - INFO - ディレクトリ '/Users/napier3/Library/CloudStorage/Dropbox/Git/psychometrics_syllabus/SocialPsychology/tex' の処理を開始
2024-11-30 15:14:01,385 - INFO - 既存の出力ディレクトリを使用します: /Users/napier3/Library/CloudStorage/Dropbox/Git/psychometrics_syllabus/SocialPsychology/tex_formatted
2024-11-30 15:14:01,385 - INFO - TeXファイルの検出結果:
2024-11-30 15:14:01,385 - INFO -   - 処理対象: 8個
2024-11-30 15:14:01,385 - INFO -   - 除外ファイル: SocialPsychology_SP.tex
2024-11-30 15:14:01,385 - INFO - 
ファイル 'sp07_currentSocialPsychology.tex' の処理を開始
2024-11-30 15:14:01,386 - INFO - ファイル 'sp07_currentSocialPsychology.tex' の処理を開始
2024-11-30 15:14:01,673 - INFO - ファイル 'sp07_currentSocialPsychology.tex' の処理が完了しました
2024-11-30 15:14:01,673 - INFO - 保存先: '/Users/napier3/Library/CloudStorage/Dropbox/Git/psychometrics_syllabus/SocialPsychology/tex_formatted/sp07_currentSocialPsychology.tex'
2024-11-30 15:14:01,673 - INFO - 
ファイル 'sp05_History02.tex' の処理を開始
2024-11-30 15:14:01,674 - INFO - ファイル 'sp05_History02.tex' の処理を開始
2024-11-30 15:14:01,961 - INFO - ファイル 'sp05_History02.tex' の処理が完了しました
2024-11-30 15:14:01,961 - INFO - 保存先: '/Users/napier3/Library/CloudStorage/Dropbox/Git/psychometrics_syllabus/SocialPsychology/tex_formatted/sp05_History02.tex'
2024-11-30 15:14:01,961 - INFO - 
ファイル 'sp03_humanities.tex' の処理を開始
2024-11-30 15:14:01,961 - INFO - ファイル 'sp03_humanities.tex' の処理を開始
2024-11-30 15:14:02,220 - INFO - ファイル 'sp03_humanities.tex' の処理が完了しました
2024-11-30 15:14:02,220 - INFO - 保存先: '/Users/napier3/Library/CloudStorage/Dropbox/Git/psychometrics_syllabus/SocialPsychology/tex_formatted/sp03_humanities.tex'
2024-11-30 15:14:02,220 - INFO - 
ファイル 'sp06_History03.tex' の処理を開始
2024-11-30 15:14:02,220 - INFO - ファイル 'sp06_History03.tex' の処理を開始
2024-11-30 15:14:02,439 - INFO - ファイル 'sp06_History03.tex' の処理が完了しました
2024-11-30 15:14:02,439 - INFO - 保存先: '/Users/napier3/Library/CloudStorage/Dropbox/Git/psychometrics_syllabus/SocialPsychology/tex_formatted/sp06_History03.tex'
2024-11-30 15:14:02,439 - INFO - 
ファイル 'sp08_sysytem01.tex' の処理を開始
2024-11-30 15:14:02,440 - INFO - ファイル 'sp08_sysytem01.tex' の処理を開始
2024-11-30 15:14:02,654 - INFO - ファイル 'sp08_sysytem01.tex' の処理が完了しました
2024-11-30 15:14:02,654 - INFO - 保存先: '/Users/napier3/Library/CloudStorage/Dropbox/Git/psychometrics_syllabus/SocialPsychology/tex_formatted/sp08_sysytem01.tex'
2024-11-30 15:14:02,654 - INFO - 
ファイル 'sp04_History01.tex' の処理を開始
2024-11-30 15:14:02,655 - INFO - ファイル 'sp04_History01.tex' の処理を開始
2024-11-30 15:14:02,908 - INFO - ファイル 'sp04_History01.tex' の処理が完了しました
2024-11-30 15:14:02,908 - INFO - 保存先: '/Users/napier3/Library/CloudStorage/Dropbox/Git/psychometrics_syllabus/SocialPsychology/tex_formatted/sp04_History01.tex'
2024-11-30 15:14:02,908 - INFO - 
ファイル 'sp02_science.tex' の処理を開始
2024-11-30 15:14:02,909 - INFO - ファイル 'sp02_science.tex' の処理を開始
2024-11-30 15:14:03,157 - INFO - ファイル 'sp02_science.tex' の処理が完了しました
2024-11-30 15:14:03,157 - INFO - 保存先: '/Users/napier3/Library/CloudStorage/Dropbox/Git/psychometrics_syllabus/SocialPsychology/tex_formatted/sp02_science.tex'
2024-11-30 15:14:03,157 - INFO - 
ファイル 'sp01_introduction.tex' の処理を開始
2024-11-30 15:14:03,158 - INFO - ファイル 'sp01_introduction.tex' の処理を開始
2024-11-30 15:14:03,368 - INFO - ファイル 'sp01_introduction.tex' の処理が完了しました
2024-11-30 15:14:03,368 - INFO - 保存先: '/Users/napier3/Library/CloudStorage/Dropbox/Git/psychometrics_syllabus/SocialPsychology/tex_formatted/sp01_introduction.tex'
2024-11-30 15:14:03,368 - INFO - 
全ての処理が完了しました
