2025-01-21 21:35:38,477 - INFO - TeXファイルフォーマットプログラムを開始します
2025-01-21 21:35:38,477 - INFO - リファレンスリスト '/Users/napier3/Library/CloudStorage/Dropbox/Git/psychometrics_syllabus/SocialPsychology/tex/referencelist.csv' の読み込みを開始
2025-01-21 21:35:38,487 - INFO - リファレンスリストから 176 件のエントリを読み込みました
2025-01-21 21:35:38,487 - INFO - ディレクトリ '/Users/napier3/Library/CloudStorage/Dropbox/Git/psychometrics_syllabus/SocialPsychology/tex' の処理を開始
2025-01-21 21:35:38,487 - INFO - 既存の出力ディレクトリを使用します: /Users/napier3/Library/CloudStorage/Dropbox/Git/psychometrics_syllabus/SocialPsychology/tex_formatted
2025-01-21 21:35:38,488 - INFO - TeXファイルの検出結果:
2025-01-21 21:35:38,488 - INFO -   - 処理対象: 12個
2025-01-21 21:35:38,488 - INFO -   - 除外ファイル: SocialPsychology_SP.tex
2025-01-21 21:35:38,488 - INFO -   - パターン不一致: socion_tikz.tex
2025-01-21 21:35:38,488 - INFO - 
ファイル 'sp12_scaling.tex' の処理を開始
2025-01-21 21:35:38,488 - INFO - ファイル 'sp12_scaling.tex' の処理を開始
2025-01-21 21:35:38,962 - INFO - ファイル 'sp12_scaling.tex' の処理が完了しました
2025-01-21 21:35:38,962 - INFO - 保存先: '/Users/napier3/Library/CloudStorage/Dropbox/Git/psychometrics_syllabus/SocialPsychology/tex_formatted/sp12_scaling.tex'
2025-01-21 21:35:38,962 - INFO - 
ファイル 'sp07_currentSocialPsychology.tex' の処理を開始
2025-01-21 21:35:38,963 - INFO - ファイル 'sp07_currentSocialPsychology.tex' の処理を開始
2025-01-21 21:35:39,548 - INFO - ファイル 'sp07_currentSocialPsychology.tex' の処理が完了しました
2025-01-21 21:35:39,548 - INFO - 保存先: '/Users/napier3/Library/CloudStorage/Dropbox/Git/psychometrics_syllabus/SocialPsychology/tex_formatted/sp07_currentSocialPsychology.tex'
2025-01-21 21:35:39,548 - INFO - 
ファイル 'sp10_sysytem03.tex' の処理を開始
2025-01-21 21:35:39,548 - INFO - ファイル 'sp10_sysytem03.tex' の処理を開始
2025-01-21 21:35:39,981 - INFO - ファイル 'sp10_sysytem03.tex' の処理が完了しました
2025-01-21 21:35:39,981 - INFO - 保存先: '/Users/napier3/Library/CloudStorage/Dropbox/Git/psychometrics_syllabus/SocialPsychology/tex_formatted/sp10_sysytem03.tex'
2025-01-21 21:35:39,981 - INFO - 
ファイル 'sp05_History02.tex' の処理を開始
2025-01-21 21:35:39,981 - INFO - ファイル 'sp05_History02.tex' の処理を開始
2025-01-21 21:35:40,578 - INFO - ファイル 'sp05_History02.tex' の処理が完了しました
2025-01-21 21:35:40,578 - INFO - 保存先: '/Users/napier3/Library/CloudStorage/Dropbox/Git/psychometrics_syllabus/SocialPsychology/tex_formatted/sp05_History02.tex'
2025-01-21 21:35:40,578 - INFO - 
ファイル 'sp03_humanities.tex' の処理を開始
2025-01-21 21:35:40,579 - INFO - ファイル 'sp03_humanities.tex' の処理を開始
2025-01-21 21:35:41,130 - INFO - ファイル 'sp03_humanities.tex' の処理が完了しました
2025-01-21 21:35:41,131 - INFO - 保存先: '/Users/napier3/Library/CloudStorage/Dropbox/Git/psychometrics_syllabus/SocialPsychology/tex_formatted/sp03_humanities.tex'
2025-01-21 21:35:41,131 - INFO - 
ファイル 'sp09_sysytem02.tex' の処理を開始
2025-01-21 21:35:41,131 - INFO - ファイル 'sp09_sysytem02.tex' の処理を開始
2025-01-21 21:35:41,574 - INFO - ファイル 'sp09_sysytem02.tex' の処理が完了しました
2025-01-21 21:35:41,574 - INFO - 保存先: '/Users/napier3/Library/CloudStorage/Dropbox/Git/psychometrics_syllabus/SocialPsychology/tex_formatted/sp09_sysytem02.tex'
2025-01-21 21:35:41,574 - INFO - 
ファイル 'sp06_History03.tex' の処理を開始
2025-01-21 21:35:41,574 - INFO - ファイル 'sp06_History03.tex' の処理を開始
2025-01-21 21:35:42,039 - INFO - ファイル 'sp06_History03.tex' の処理が完了しました
2025-01-21 21:35:42,040 - INFO - 保存先: '/Users/napier3/Library/CloudStorage/Dropbox/Git/psychometrics_syllabus/SocialPsychology/tex_formatted/sp06_History03.tex'
2025-01-21 21:35:42,040 - INFO - 
ファイル 'sp08_sysytem01.tex' の処理を開始
2025-01-21 21:35:42,040 - INFO - ファイル 'sp08_sysytem01.tex' の処理を開始
2025-01-21 21:35:42,510 - INFO - ファイル 'sp08_sysytem01.tex' の処理が完了しました
2025-01-21 21:35:42,511 - INFO - 保存先: '/Users/napier3/Library/CloudStorage/Dropbox/Git/psychometrics_syllabus/SocialPsychology/tex_formatted/sp08_sysytem01.tex'
2025-01-21 21:35:42,511 - INFO - 
ファイル 'sp04_History01.tex' の処理を開始
2025-01-21 21:35:42,511 - INFO - ファイル 'sp04_History01.tex' の処理を開始
2025-01-21 21:35:43,041 - INFO - ファイル 'sp04_History01.tex' の処理が完了しました
2025-01-21 21:35:43,041 - INFO - 保存先: '/Users/napier3/Library/CloudStorage/Dropbox/Git/psychometrics_syllabus/SocialPsychology/tex_formatted/sp04_History01.tex'
2025-01-21 21:35:43,041 - INFO - 
ファイル 'sp02_science.tex' の処理を開始
2025-01-21 21:35:43,042 - INFO - ファイル 'sp02_science.tex' の処理を開始
2025-01-21 21:35:43,532 - INFO - ファイル 'sp02_science.tex' の処理が完了しました
2025-01-21 21:35:43,532 - INFO - 保存先: '/Users/napier3/Library/CloudStorage/Dropbox/Git/psychometrics_syllabus/SocialPsychology/tex_formatted/sp02_science.tex'
2025-01-21 21:35:43,532 - INFO - 
ファイル 'sp01_introduction.tex' の処理を開始
2025-01-21 21:35:43,533 - INFO - ファイル 'sp01_introduction.tex' の処理を開始
2025-01-21 21:35:43,912 - INFO - ファイル 'sp01_introduction.tex' の処理が完了しました
2025-01-21 21:35:43,913 - INFO - 保存先: '/Users/napier3/Library/CloudStorage/Dropbox/Git/psychometrics_syllabus/SocialPsychology/tex_formatted/sp01_introduction.tex'
2025-01-21 21:35:43,913 - INFO - 
ファイル 'sp11_sysytem04.tex' の処理を開始
2025-01-21 21:35:43,913 - INFO - ファイル 'sp11_sysytem04.tex' の処理を開始
2025-01-21 21:35:44,374 - INFO - ファイル 'sp11_sysytem04.tex' の処理が完了しました
2025-01-21 21:35:44,374 - INFO - 保存先: '/Users/napier3/Library/CloudStorage/Dropbox/Git/psychometrics_syllabus/SocialPsychology/tex_formatted/sp11_sysytem04.tex'
2025-01-21 21:35:44,374 - INFO - 
全ての処理が完了しました
