2024-12-24 16:54:44,558 - INFO - TeXファイルフォーマットプログラムを開始します
2024-12-24 16:54:44,558 - INFO - リファレンスリスト '/Users/napier3/Library/CloudStorage/Dropbox/Git/psychometrics_syllabus/SocialPsychology/tex/referencelist.csv' の読み込みを開始
2024-12-24 16:54:44,568 - INFO - リファレンスリストから 165 件のエントリを読み込みました
2024-12-24 16:54:44,568 - INFO - ディレクトリ '/Users/napier3/Library/CloudStorage/Dropbox/Git/psychometrics_syllabus/SocialPsychology/tex' の処理を開始
2024-12-24 16:54:44,568 - INFO - 既存の出力ディレクトリを使用します: /Users/napier3/Library/CloudStorage/Dropbox/Git/psychometrics_syllabus/SocialPsychology/tex_formatted
2024-12-24 16:54:44,569 - INFO - TeXファイルの検出結果:
2024-12-24 16:54:44,569 - INFO -   - 処理対象: 11個
2024-12-24 16:54:44,569 - INFO -   - 除外ファイル: SocialPsychology_SP.tex
2024-12-24 16:54:44,569 - INFO -   - パターン不一致: socion_tikz.tex
2024-12-24 16:54:44,570 - INFO - 
ファイル 'sp07_currentSocialPsychology.tex' の処理を開始
2024-12-24 16:54:44,570 - INFO - ファイル 'sp07_currentSocialPsychology.tex' の処理を開始
2024-12-24 16:54:45,054 - INFO - ファイル 'sp07_currentSocialPsychology.tex' の処理が完了しました
2024-12-24 16:54:45,054 - INFO - 保存先: '/Users/napier3/Library/CloudStorage/Dropbox/Git/psychometrics_syllabus/SocialPsychology/tex_formatted/sp07_currentSocialPsychology.tex'
2024-12-24 16:54:45,054 - INFO - 
ファイル 'sp10_sysytem03.tex' の処理を開始
2024-12-24 16:54:45,055 - INFO - ファイル 'sp10_sysytem03.tex' の処理を開始
2024-12-24 16:54:45,401 - INFO - ファイル 'sp10_sysytem03.tex' の処理が完了しました
2024-12-24 16:54:45,401 - INFO - 保存先: '/Users/napier3/Library/CloudStorage/Dropbox/Git/psychometrics_syllabus/SocialPsychology/tex_formatted/sp10_sysytem03.tex'
2024-12-24 16:54:45,401 - INFO - 
ファイル 'sp05_History02.tex' の処理を開始
2024-12-24 16:54:45,402 - INFO - ファイル 'sp05_History02.tex' の処理を開始
2024-12-24 16:54:45,879 - INFO - ファイル 'sp05_History02.tex' の処理が完了しました
2024-12-24 16:54:45,879 - INFO - 保存先: '/Users/napier3/Library/CloudStorage/Dropbox/Git/psychometrics_syllabus/SocialPsychology/tex_formatted/sp05_History02.tex'
2024-12-24 16:54:45,879 - INFO - 
ファイル 'sp03_humanities.tex' の処理を開始
2024-12-24 16:54:45,880 - INFO - ファイル 'sp03_humanities.tex' の処理を開始
2024-12-24 16:54:46,316 - INFO - ファイル 'sp03_humanities.tex' の処理が完了しました
2024-12-24 16:54:46,316 - INFO - 保存先: '/Users/napier3/Library/CloudStorage/Dropbox/Git/psychometrics_syllabus/SocialPsychology/tex_formatted/sp03_humanities.tex'
2024-12-24 16:54:46,316 - INFO - 
ファイル 'sp09_sysytem02.tex' の処理を開始
2024-12-24 16:54:46,316 - INFO - ファイル 'sp09_sysytem02.tex' の処理を開始
2024-12-24 16:54:46,714 - INFO - ファイル 'sp09_sysytem02.tex' の処理が完了しました
2024-12-24 16:54:46,714 - INFO - 保存先: '/Users/napier3/Library/CloudStorage/Dropbox/Git/psychometrics_syllabus/SocialPsychology/tex_formatted/sp09_sysytem02.tex'
2024-12-24 16:54:46,714 - INFO - 
ファイル 'sp06_History03.tex' の処理を開始
2024-12-24 16:54:46,714 - INFO - ファイル 'sp06_History03.tex' の処理を開始
2024-12-24 16:54:47,077 - INFO - ファイル 'sp06_History03.tex' の処理が完了しました
2024-12-24 16:54:47,077 - INFO - 保存先: '/Users/napier3/Library/CloudStorage/Dropbox/Git/psychometrics_syllabus/SocialPsychology/tex_formatted/sp06_History03.tex'
2024-12-24 16:54:47,078 - INFO - 
ファイル 'sp08_sysytem01.tex' の処理を開始
2024-12-24 16:54:47,078 - INFO - ファイル 'sp08_sysytem01.tex' の処理を開始
2024-12-24 16:54:47,442 - INFO - ファイル 'sp08_sysytem01.tex' の処理が完了しました
2024-12-24 16:54:47,442 - INFO - 保存先: '/Users/napier3/Library/CloudStorage/Dropbox/Git/psychometrics_syllabus/SocialPsychology/tex_formatted/sp08_sysytem01.tex'
2024-12-24 16:54:47,442 - INFO - 
ファイル 'sp04_History01.tex' の処理を開始
2024-12-24 16:54:47,442 - INFO - ファイル 'sp04_History01.tex' の処理を開始
2024-12-24 16:54:47,850 - INFO - ファイル 'sp04_History01.tex' の処理が完了しました
2024-12-24 16:54:47,850 - INFO - 保存先: '/Users/napier3/Library/CloudStorage/Dropbox/Git/psychometrics_syllabus/SocialPsychology/tex_formatted/sp04_History01.tex'
2024-12-24 16:54:47,850 - INFO - 
ファイル 'sp02_science.tex' の処理を開始
2024-12-24 16:54:47,851 - INFO - ファイル 'sp02_science.tex' の処理を開始
2024-12-24 16:54:48,246 - INFO - ファイル 'sp02_science.tex' の処理が完了しました
2024-12-24 16:54:48,246 - INFO - 保存先: '/Users/napier3/Library/CloudStorage/Dropbox/Git/psychometrics_syllabus/SocialPsychology/tex_formatted/sp02_science.tex'
2024-12-24 16:54:48,246 - INFO - 
ファイル 'sp01_introduction.tex' の処理を開始
2024-12-24 16:54:48,246 - INFO - ファイル 'sp01_introduction.tex' の処理を開始
2024-12-24 16:54:48,571 - INFO - ファイル 'sp01_introduction.tex' の処理が完了しました
2024-12-24 16:54:48,571 - INFO - 保存先: '/Users/napier3/Library/CloudStorage/Dropbox/Git/psychometrics_syllabus/SocialPsychology/tex_formatted/sp01_introduction.tex'
2024-12-24 16:54:48,571 - INFO - 
ファイル 'sp11_sysytem04.tex' の処理を開始
2024-12-24 16:54:48,572 - INFO - ファイル 'sp11_sysytem04.tex' の処理を開始
2024-12-24 16:54:48,950 - INFO - ファイル 'sp11_sysytem04.tex' の処理が完了しました
2024-12-24 16:54:48,950 - INFO - 保存先: '/Users/napier3/Library/CloudStorage/Dropbox/Git/psychometrics_syllabus/SocialPsychology/tex_formatted/sp11_sysytem04.tex'
2024-12-24 16:54:48,950 - INFO - 
全ての処理が完了しました
