2024-11-16 17:43:37,234 - INFO - TeXファイルフォーマットプログラムを開始します
2024-11-16 17:43:37,234 - INFO - リファレンスリスト '/Users/napier3/Library/CloudStorage/Dropbox/Git/psychometrics_syllabus/SocialPsychology/tex/referencelist.csv' の読み込みを開始
2024-11-16 17:43:37,241 - INFO - リファレンスリストから 88 件のエントリを読み込みました
2024-11-16 17:43:37,241 - INFO - ディレクトリ '/Users/napier3/Library/CloudStorage/Dropbox/Git/psychometrics_syllabus/SocialPsychology/tex' の処理を開始
2024-11-16 17:43:37,241 - INFO - 既存の出力ディレクトリを使用します: /Users/napier3/Library/CloudStorage/Dropbox/Git/psychometrics_syllabus/SocialPsychology/tex_formatted
2024-11-16 17:43:37,242 - INFO - TeXファイルの検出結果:
2024-11-16 17:43:37,242 - INFO -   - 処理対象: 7個
2024-11-16 17:43:37,242 - INFO -   - 除外ファイル: SocialPsychology_SP.tex
2024-11-16 17:43:37,242 - INFO - 
ファイル 'sp07_currentSocialPsychology.tex' の処理を開始
2024-11-16 17:43:37,242 - INFO - ファイル 'sp07_currentSocialPsychology.tex' の処理を開始
2024-11-16 17:43:37,490 - INFO - ファイル 'sp07_currentSocialPsychology.tex' の処理が完了しました
2024-11-16 17:43:37,490 - INFO - 保存先: '/Users/napier3/Library/CloudStorage/Dropbox/Git/psychometrics_syllabus/SocialPsychology/tex_formatted/sp07_currentSocialPsychology.tex'
2024-11-16 17:43:37,490 - INFO - 
ファイル 'sp05_History02.tex' の処理を開始
2024-11-16 17:43:37,491 - INFO - ファイル 'sp05_History02.tex' の処理を開始
2024-11-16 17:43:37,742 - INFO - ファイル 'sp05_History02.tex' の処理が完了しました
2024-11-16 17:43:37,743 - INFO - 保存先: '/Users/napier3/Library/CloudStorage/Dropbox/Git/psychometrics_syllabus/SocialPsychology/tex_formatted/sp05_History02.tex'
2024-11-16 17:43:37,743 - INFO - 
ファイル 'sp03_humanities.tex' の処理を開始
2024-11-16 17:43:37,743 - INFO - ファイル 'sp03_humanities.tex' の処理を開始
2024-11-16 17:43:37,979 - INFO - ファイル 'sp03_humanities.tex' の処理が完了しました
2024-11-16 17:43:37,979 - INFO - 保存先: '/Users/napier3/Library/CloudStorage/Dropbox/Git/psychometrics_syllabus/SocialPsychology/tex_formatted/sp03_humanities.tex'
2024-11-16 17:43:37,979 - INFO - 
ファイル 'sp06_History03.tex' の処理を開始
2024-11-16 17:43:37,979 - INFO - ファイル 'sp06_History03.tex' の処理を開始
2024-11-16 17:43:38,173 - INFO - ファイル 'sp06_History03.tex' の処理が完了しました
2024-11-16 17:43:38,173 - INFO - 保存先: '/Users/napier3/Library/CloudStorage/Dropbox/Git/psychometrics_syllabus/SocialPsychology/tex_formatted/sp06_History03.tex'
2024-11-16 17:43:38,173 - INFO - 
ファイル 'sp04_History01.tex' の処理を開始
2024-11-16 17:43:38,173 - INFO - ファイル 'sp04_History01.tex' の処理を開始
2024-11-16 17:43:38,397 - INFO - ファイル 'sp04_History01.tex' の処理が完了しました
2024-11-16 17:43:38,397 - INFO - 保存先: '/Users/napier3/Library/CloudStorage/Dropbox/Git/psychometrics_syllabus/SocialPsychology/tex_formatted/sp04_History01.tex'
2024-11-16 17:43:38,397 - INFO - 
ファイル 'sp02_science.tex' の処理を開始
2024-11-16 17:43:38,398 - INFO - ファイル 'sp02_science.tex' の処理を開始
2024-11-16 17:43:38,607 - INFO - ファイル 'sp02_science.tex' の処理が完了しました
2024-11-16 17:43:38,607 - INFO - 保存先: '/Users/napier3/Library/CloudStorage/Dropbox/Git/psychometrics_syllabus/SocialPsychology/tex_formatted/sp02_science.tex'
2024-11-16 17:43:38,608 - INFO - 
ファイル 'sp01_introduction.tex' の処理を開始
2024-11-16 17:43:38,608 - INFO - ファイル 'sp01_introduction.tex' の処理を開始
2024-11-16 17:43:38,772 - INFO - ファイル 'sp01_introduction.tex' の処理が完了しました
2024-11-16 17:43:38,772 - INFO - 保存先: '/Users/napier3/Library/CloudStorage/Dropbox/Git/psychometrics_syllabus/SocialPsychology/tex_formatted/sp01_introduction.tex'
2024-11-16 17:43:38,772 - INFO - 
全ての処理が完了しました
