\BOOKMARK [0][]{chapter.1}{\376\377\173\054\0001\172\340\000\040\137\303\164\006\175\161\212\010\060\222\131\313\060\201\060\213\122\115\060\153}{}% 1
\BOOKMARK [1][]{section.1.1}{\376\377\0001\000.\0001\000\040\060\157\060\130\060\201\060\153}{chapter.1}% 2
\BOOKMARK [1][]{section.1.2}{\376\377\0001\000.\0002\000\040\137\303\164\006\133\146\060\150\060\157\060\151\060\106\060\104\060\106\133\146\125\117\060\113}{chapter.1}% 3
\BOOKMARK [1][]{section.1.3}{\376\377\0001\000.\0003\000\040\217\321\116\343\171\321\133\146\060\156\162\171\137\264}{chapter.1}% 4
\BOOKMARK [1][]{section.1.4}{\376\377\0001\000.\0004\000\040\137\303\164\006\133\146\060\156\060\104\060\150\060\152\060\177}{chapter.1}% 5
\BOOKMARK [1][]{section.1.5}{\376\377\0001\000.\0005\000\040\212\262\230\114}{chapter.1}% 6
\BOOKMARK [0][]{chapter.2}{\376\377\173\054\0002\172\340\000\040\145\160\120\044\060\307\060\374\060\277\060\156\172\056\230\136}{}% 7
\BOOKMARK [1][]{section.2.1}{\376\377\0002\000.\0001\000\040\060\307\060\374\060\277\060\150\131\011\145\160}{chapter.2}% 8
\BOOKMARK [1][]{section.2.2}{\376\377\0002\000.\0002\000\040\131\011\145\160\060\156\122\006\230\136}{chapter.2}% 9
\BOOKMARK [1][]{section.2.3}{\376\377\0002\000.\0003\000\040\134\072\136\246\154\064\156\226\060\153\060\210\060\213\122\006\230\136}{chapter.2}% 10
\BOOKMARK [1][]{section.2.4}{\376\377\0002\000.\0004\000\040\060\307\060\374\060\277\060\156\123\357\211\226\123\026}{chapter.2}% 11
\BOOKMARK [1][]{section.2.5}{\376\377\0002\000.\0005\000\040\116\330\223\062}{chapter.2}% 12
\BOOKMARK [1][]{section.2.6}{\376\377\0002\000.\0006\000\040\212\262\230\114}{chapter.2}% 13
\BOOKMARK [0][]{chapter.3}{\376\377\173\054\0003\172\340\000\040\175\161\212\010\164\260\130\203\000R\060\156\134\016\121\145}{}% 14
\BOOKMARK [1][]{section.3.1}{\376\377\0003\000.\0001\000\040\060\321\060\275\060\263\060\363\060\156\060\325\060\241\060\244\060\353\151\313\220\040}{chapter.3}% 15
\BOOKMARK [1][]{section.3.2}{\376\377\0003\000.\0002\000\040\175\161\212\010\164\260\130\203\000R\000/\000R\000S\000t\000u\000d\000i\000o\060\156\156\226\120\231}{chapter.3}% 16
\BOOKMARK [1][]{section.3.3}{\376\377\0003\000.\0003\000\040\000R\000/\000R\000S\000t\000u\000d\000i\000o\060\156\127\372\147\054\144\315\117\134}{chapter.3}% 17
\BOOKMARK [1][]{section.3.4}{\376\377\0003\000.\0004\000\040\000R\060\156\127\372\147\054\144\315\117\134}{chapter.3}% 18
\BOOKMARK [1][]{section.3.5}{\376\377\0003\000.\0005\000\040\121\215\163\376\140\047\060\156\060\102\060\213\170\024\172\166\133\237\215\365\060\170}{chapter.3}% 19
\BOOKMARK [1][]{section.3.6}{\376\377\0003\000.\0006\000\040\212\262\230\114}{chapter.3}% 20
\BOOKMARK [0][]{chapter.4}{\376\377\173\054\0004\172\340\000\040\175\161\212\010\164\260\130\203\000R\060\156\122\051\165\050}{}% 21
\BOOKMARK [1][]{section.4.1}{\376\377\0004\000.\0001\000\040\000R\000m\000a\000r\000k\000d\000o\000w\000n\060\153\060\210\060\213\145\207\146\370\117\134\142\020}{chapter.4}% 22
\BOOKMARK [1][]{section.4.2}{\376\377\0004\000.\0002\000\040\131\026\220\350\060\307\060\374\060\277\060\156\212\255\060\177\217\274\060\177}{chapter.4}% 23
\BOOKMARK [1][]{section.4.3}{\376\377\0004\000.\0003\000\040\145\164\161\066\060\307\060\374\060\277}{chapter.4}% 24
\BOOKMARK [1][]{section.4.4}{\376\377\0004\000.\0004\000\040\060\260\060\351\060\325\060\156\145\207\154\325}{chapter.4}% 25
\BOOKMARK [1][]{section.4.5}{\376\377\0004\000.\0005\000\040\212\262\230\114}{chapter.4}% 26
\BOOKMARK [0][]{chapter.5}{\376\377\173\054\0005\172\340\000\040\212\030\217\360\175\161\212\010\221\317}{}% 27
\BOOKMARK [1][]{section.5.1}{\376\377\0005\000.\0001\000\040\060\157\060\130\060\201\060\153}{chapter.5}% 28
\BOOKMARK [1][]{section.5.2}{\376\377\0005\000.\0002\000\040\116\055\137\303\123\026\120\276\124\021\060\156\143\007\152\031}{chapter.5}% 29
\BOOKMARK [1][]{section.5.3}{\376\377\0005\000.\0003\000\040\145\143\060\211\060\160\060\212\060\156\143\007\152\031}{chapter.5}% 30
\BOOKMARK [1][]{section.5.4}{\376\377\0005\000.\0004\000\040\060\307\060\374\060\277\060\156\166\370\133\376\166\204\117\115\177\156}{chapter.5}% 31
\BOOKMARK [1][]{section.5.5}{\376\377\0005\000.\0005\000\040\131\011\145\160\225\223\225\242\117\302\060\156\143\007\152\031}{chapter.5}% 32
\BOOKMARK [1][]{section.5.6}{\376\377\0005\000.\0006\000\040\212\262\230\114}{chapter.5}% 33
\BOOKMARK [0][]{chapter.6}{\376\377\173\054\0006\172\340\000\040\123\344\121\170\166\204\060\306\060\271\060\310\164\006\212\326}{}% 34
\BOOKMARK [1][]{section.6.1}{\376\377\0006\000.\0001\000\040\060\306\060\271\060\310\060\150\137\303\164\006\133\146}{chapter.6}% 35
\BOOKMARK [1][]{section.6.2}{\376\377\0006\000.\0002\000\040\156\054\133\232\060\156\060\342\060\307\060\353}{chapter.6}% 36
\BOOKMARK [1][]{section.6.3}{\376\377\0006\000.\0003\000\040\212\244\135\356\060\156\127\372\147\054\166\204\140\047\214\352}{chapter.6}% 37
\BOOKMARK [1][]{section.6.4}{\376\377\0006\000.\0004\000\040\060\306\060\271\060\310\060\156\122\006\145\143\060\150\117\341\230\074\140\047\060\373\131\245\137\123\140\047\060\156\225\242\117\302}{chapter.6}% 38
\BOOKMARK [1][]{section.6.5}{\376\377\0006\000.\0005\000\040\212\262\230\114}{chapter.6}% 39
\BOOKMARK [0][]{chapter.7}{\376\377\173\054\0007\172\340\000\040\170\272\163\207\122\006\136\003}{}% 40
\BOOKMARK [1][]{section.7.1}{\376\377\0007\000.\0001\000\040\170\272\163\207\060\150\124\174\060\160\060\214\060\213\145\160\133\127}{chapter.7}% 41
\BOOKMARK [1][]{section.7.2}{\376\377\0007\000.\0002\000\040\170\272\163\207\122\006\136\003}{chapter.7}% 42
\BOOKMARK [1][]{section.7.3}{\376\377\0007\000.\0003\000\040\060\331\060\353\060\314\060\374\060\244\122\006\136\003\060\150\116\214\230\005\122\006\136\003}{chapter.7}% 43
\BOOKMARK [1][]{section.7.4}{\376\377\0007\000.\0004\000\040\170\272\163\207\225\242\145\160\060\156\147\037\137\205\120\044}{chapter.7}% 44
\BOOKMARK [1][]{section.7.5}{\376\377\0007\000.\0005\000\040\212\262\230\114}{chapter.7}% 45
\BOOKMARK [0][]{chapter.8}{\376\377\173\054\0008\172\340\000\040\153\143\211\217\122\006\136\003\060\150\143\250\156\054\175\161\212\010\133\146}{}% 46
\BOOKMARK [1][]{section.8.1}{\376\377\0008\000.\0001\000\040\153\143\211\217\122\006\136\003\060\156\137\142}{chapter.8}% 47
\BOOKMARK [1][]{section.8.2}{\376\377\0008\000.\0002\000\040\153\143\211\217\122\006\136\003\060\156\225\242\145\160}{chapter.8}% 48
\BOOKMARK [1][]{section.8.3}{\376\377\0008\000.\0003\000\040\152\031\156\226\153\143\211\217\122\006\136\003\060\156\227\142\172\115\060\222\156\054\060\213}{chapter.8}% 49
\BOOKMARK [1][]{section.8.4}{\376\377\0008\000.\0004\000\040\152\031\156\226\153\143\211\217\122\006\136\003\060\156\122\051\165\050}{chapter.8}% 50
\BOOKMARK [1][]{section.8.5}{\376\377\0008\000.\0005\000\040\060\176\060\150\060\201\060\153\060\113\060\110\060\146}{chapter.8}% 51
\BOOKMARK [1][]{section.8.6}{\376\377\0008\000.\0006\000\040\212\262\230\114}{chapter.8}% 52
\BOOKMARK [0][]{chapter.9}{\376\377\173\054\0009\172\340\000\040\175\332\137\142\060\342\060\307\060\353\060\156\127\372\171\016}{}% 53
\BOOKMARK [1][]{section.9.1}{\376\377\0009\000.\0001\000\040\166\370\225\242\225\242\117\302\060\150\060\342\060\307\060\353}{chapter.9}% 54
\BOOKMARK [1][]{section.9.2}{\376\377\0009\000.\0002\000\040\116\210\156\054\060\150\175\332\137\142\060\342\060\307\060\353}{chapter.9}% 55
\BOOKMARK [1][]{section.9.3}{\376\377\0009\000.\0003\000\040\147\000\134\017\116\214\116\127\154\325}{chapter.9}% 56
\BOOKMARK [1][]{section.9.4}{\376\377\0009\000.\0004\000\040\116\210\156\054\060\156\212\125\117\241}{chapter.9}% 57
\BOOKMARK [1][]{section.9.5}{\376\377\0009\000.\0005\000\040\212\262\230\114}{chapter.9}% 58
\BOOKMARK [0][]{chapter.10}{\376\377\173\054\0001\0000\172\340\000\040\221\315\126\336\136\060\122\006\147\220}{}% 59
\BOOKMARK [1][]{section.10.1}{\376\377\0001\0000\000.\0001\000\040\221\315\126\336\136\060\122\006\147\220}{chapter.10}% 60
\BOOKMARK [1][]{section.10.2}{\376\377\0001\0000\000.\0002\000\040\120\117\126\336\136\060\117\302\145\160}{chapter.10}% 61
\BOOKMARK [1][]{section.10.3}{\376\377\0001\0000\000.\0003\000\040\152\031\156\226\123\026\060\125\060\214\060\137\117\302\145\160}{chapter.10}% 62
\BOOKMARK [1][]{section.10.4}{\376\377\0001\0000\000.\0004\000\040\116\312\145\345\060\156\060\176\060\150\060\201}{chapter.10}% 63
\BOOKMARK [1][]{section.10.5}{\376\377\0001\0000\000.\0005\000\040\212\262\230\114}{chapter.10}% 64
\BOOKMARK [0][]{chapter.11}{\376\377\173\054\0001\0001\172\340\000\040\000R\060\222\060\144\060\113\060\143\060\137\126\336\136\060\122\006\147\220}{}% 65
\BOOKMARK [1][]{section.11.1}{\376\377\0001\0001\000.\0001\000\040\000R\060\156\164\260\130\203\121\215\170\272\212\215}{chapter.11}% 66
\BOOKMARK [1][]{section.11.2}{\376\377\0001\0001\000.\0002\000\040\175\332\137\142\126\336\136\060\060\156\133\237\210\114}{chapter.11}% 67
\BOOKMARK [1][]{section.11.3}{\376\377\0001\0001\000.\0003\000\040\153\213\135\356\060\113\060\211\060\217\060\113\060\213\060\123\060\150}{chapter.11}% 68
\BOOKMARK [1][]{section.11.4}{\376\377\0001\0001\000.\0004\000\040\221\315\126\336\136\060\122\006\147\220}{chapter.11}% 69
\BOOKMARK [1][]{section.11.5}{\376\377\0001\0001\000.\0005\000\040\212\262\230\114}{chapter.11}% 70
\BOOKMARK [0][]{chapter.12}{\376\377\173\054\0001\0002\172\340\000\040\133\237\232\023\212\010\165\073\154\325\0001\377\033\133\237\232\023\212\010\165\073\154\325\060\150\060\157}{}% 71
\BOOKMARK [1][]{section.12.1}{\376\377\0001\0002\000.\0001\000\040\060\351\060\363\060\300\060\340\123\026}{chapter.12}% 72
\BOOKMARK [1][]{section.12.2}{\376\377\0001\0002\000.\0002\000\040\165\050\212\236\060\156\145\164\164\006}{chapter.12}% 73
\BOOKMARK [1][]{section.12.3}{\376\377\0001\0002\000.\0003\000\040\133\237\232\023\060\147\060\152\060\134\122\271\147\234\060\114\060\217\060\113\060\213\060\156\060\113}{chapter.12}% 74
\BOOKMARK [1][]{section.12.4}{\376\377\0001\0002\000.\0004\000\040\122\271\147\234\060\157\060\151\060\156\060\210\060\106\060\153\212\125\117\241\060\131\060\213\060\156\060\113}{chapter.12}% 75
\BOOKMARK [1][]{section.12.5}{\376\377\0001\0002\000.\0005\000\040\212\262\230\114}{chapter.12}% 76
\BOOKMARK [0][]{chapter.13}{\376\377\173\054\0001\0003\172\340\000\040\133\237\232\023\212\010\165\073\154\325\0002\377\033\000B\000e\000t\000w\000e\000e\000n\212\010\165\073}{}% 77
\BOOKMARK [1][]{section.13.1}{\376\377\0001\0003\000.\0001\000\040\175\332\137\142\060\342\060\307\060\353\060\153\060\210\060\213\116\214\211\201\126\340\212\010\165\073\060\156\210\150\163\376\060\150\201\352\165\061\136\246}{chapter.13}% 78
\BOOKMARK [1][]{section.13.2}{\376\377\0001\0003\000.\0002\000\040\116\214\211\201\126\340\060\156\130\064\124\010}{chapter.13}% 79
\BOOKMARK [1][]{section.13.3}{\376\377\0001\0003\000.\0003\000\040\122\271\147\234\060\156\131\047\060\115\060\125\060\222\173\227\121\372\060\131\060\213}{chapter.13}% 80
\BOOKMARK [1][]{section.13.4}{\376\377\0001\0003\000.\0004\000\040\116\244\116\222\117\134\165\050\060\156\121\372\163\376}{chapter.13}% 81
\BOOKMARK [1][]{section.13.5}{\376\377\0001\0003\000.\0005\000\040\212\262\230\114}{chapter.13}% 82
\BOOKMARK [0][]{chapter.14}{\376\377\173\054\0001\0004\172\340\000\040\133\237\232\023\212\010\165\073\154\325\0003\377\033\116\000\211\201\126\340\060\342\060\307\060\353\000\050\000W\000i\000t\000h\000i\000n\000\051}{}% 83
\BOOKMARK [1][]{section.14.1}{\376\377\0001\0004\000.\0001\000\040\000W\000i\000t\000h\000i\000n\212\010\165\073\060\156\130\064\124\010}{chapter.14}% 84
\BOOKMARK [1][]{section.14.2}{\376\377\0001\0004\000.\0002\000\040\177\244\225\223\212\010\165\073\060\150\177\244\121\205\212\010\165\073\060\156\153\324\217\003}{chapter.14}% 85
\BOOKMARK [1][]{section.14.3}{\376\377\0001\0004\000.\0003\000\040\122\006\136\003\060\113\060\211\200\003\060\110\060\213}{chapter.14}% 86
\BOOKMARK [1][]{section.14.4}{\376\377\0001\0004\000.\0004\000\040\212\262\230\114}{chapter.14}% 87
\BOOKMARK [0][]{chapter.15}{\376\377\173\054\0001\0005\172\340\000\040\122\115\147\037\060\156\060\176\060\150\060\201}{}% 88
\BOOKMARK [0][]{chapter.16}{\376\377\173\054\0001\0006\172\340\000\040\170\272\163\207\060\150\175\161\212\010\166\204\143\250\212\326}{}% 89
\BOOKMARK [1][]{section.16.1}{\376\377\0001\0006\000.\0001\000\040\153\315\226\306\126\343\060\150\152\031\147\054}{chapter.16}% 90
\BOOKMARK [1][]{section.16.2}{\376\377\0001\0006\000.\0002\000\040\153\315\226\306\126\343\122\006\136\003\060\150\060\342\060\307\060\353}{chapter.16}% 91
\BOOKMARK [1][]{section.16.3}{\376\377\0001\0006\000.\0003\000\040\152\031\147\054\122\006\136\003\060\150\152\031\156\226\212\244\135\356}{chapter.16}% 92
\BOOKMARK [1][]{section.16.4}{\376\377\0001\0006\000.\0004\000\040\060\176\060\150\060\201}{chapter.16}% 93
\BOOKMARK [1][]{section.16.5}{\376\377\0001\0006\000.\0005\000\040\212\262\230\114}{chapter.16}% 94
\BOOKMARK [0][]{chapter.17}{\376\377\173\054\0001\0007\172\340\000\040\143\250\212\326\060\150\122\044\145\255}{}% 95
\BOOKMARK [1][]{section.17.1}{\376\377\0001\0007\000.\0001\000\040\116\015\120\117\143\250\133\232\221\317}{chapter.17}% 96
\BOOKMARK [1][]{section.17.2}{\376\377\0001\0007\000.\0002\000\040\152\031\147\054\136\163\127\107\060\156\123\072\225\223\143\250\133\232}{chapter.17}% 97
\BOOKMARK [1][]{section.17.3}{\376\377\0001\0007\000.\0003\000\040\152\031\147\054\060\140\060\121\060\113\060\211\143\250\156\054\060\127\060\137\060\104}{chapter.17}% 98
\BOOKMARK [1][]{section.17.4}{\376\377\0001\0007\000.\0004\000\040\143\250\133\232\060\150\151\034\133\232}{chapter.17}% 99
\BOOKMARK [1][]{section.17.5}{\376\377\0001\0007\000.\0005\000\040\212\262\230\114}{chapter.17}% 100
\BOOKMARK [0][]{chapter.18}{\376\377\173\054\0001\0008\172\340\000\040\136\060\161\041\116\356\212\254\151\034\133\232}{}% 101
\BOOKMARK [1][]{section.18.1}{\376\377\0001\0008\000.\0001\000\040\136\060\161\041\116\356\212\254\151\034\133\232\060\156\142\113\175\232\060\115}{chapter.18}% 102
\BOOKMARK [1][]{section.18.2}{\376\377\0001\0008\000.\0002\000\040\0001\060\144\060\156\136\163\127\107\120\044\060\156\151\034\133\232}{chapter.18}% 103
\BOOKMARK [1][]{section.18.3}{\376\377\0001\0008\000.\0003\000\040\166\370\225\242\117\302\145\160\060\156\151\034\133\232}{chapter.18}% 104
\BOOKMARK [1][]{section.18.4}{\376\377\0001\0008\000.\0004\000\040\212\262\230\114}{chapter.18}% 105
\BOOKMARK [0][]{chapter.19}{\376\377\173\054\0001\0009\172\340\000\040\136\060\161\041\116\356\212\254\151\034\133\232\060\156\154\350\141\017\160\271}{}% 106
\BOOKMARK [1][]{section.19.1}{\376\377\0001\0009\000.\0001\000\040\175\120\147\234\060\156\130\061\124\112\060\156\116\325\145\271}{chapter.19}% 107
\BOOKMARK [1][]{section.19.2}{\376\377\0001\0009\000.\0002\000\040\175\161\212\010\166\204\060\153\147\011\141\017\060\150\060\157}{chapter.19}% 108
\BOOKMARK [1][]{section.19.3}{\376\377\0001\0009\000.\0003\000\040\151\034\133\232\060\153\060\112\060\121\060\213\0002\172\056\230\136\060\156\225\223\220\125\060\104}{chapter.19}% 109
\BOOKMARK [1][]{section.19.4}{\376\377\0001\0009\000.\0004\000\040\122\271\147\234\221\317\060\150\117\213\145\160\212\055\212\010}{chapter.19}% 110
\BOOKMARK [1][]{section.19.5}{\376\377\0001\0009\000.\0005\000\040\212\262\230\114}{chapter.19}% 111
\BOOKMARK [0][]{chapter.20}{\376\377\173\054\0002\0000\172\340\000\040\116\214\177\244\060\156\136\163\127\107\120\044\135\356}{}% 112
\BOOKMARK [1][]{section.20.1}{\376\377\0002\0000\000.\0001\000\040\116\000\211\201\126\340\000W\000i\000t\000h\000i\000n\060\307\060\266\060\244\060\363\377\014\0002\154\064\156\226}{chapter.20}% 113
\BOOKMARK [1][]{section.20.2}{\376\377\0002\0000\000.\0002\000\040\000R\060\153\060\210\060\213\133\237\215\365\377\033\133\376\137\334\060\156\060\102\060\213\000t\151\034\133\232}{chapter.20}% 114
\BOOKMARK [1][]{section.20.3}{\376\377\0002\0000\000.\0003\000\040\116\000\211\201\126\340\000B\000e\000t\000w\000e\000e\000n\060\307\060\266\060\244\060\363\377\014\0002\154\064\156\226}{chapter.20}% 115
\BOOKMARK [1][]{section.20.4}{\376\377\0002\0000\000.\0004\000\040\000R\060\153\060\210\060\213\133\237\215\365\377\033\133\376\137\334\060\156\060\152\060\104\000t\151\034\133\232}{chapter.20}% 116
\BOOKMARK [1][]{section.20.5}{\376\377\0002\0000\000.\0005\000\040\212\262\230\114}{chapter.20}% 117
\BOOKMARK [0][]{chapter.21}{\376\377\173\054\0002\0001\172\340\000\040\211\201\126\340\212\010\165\073\060\150\136\163\127\107\120\044\135\356\060\156\15