\BOOKMARK [0][]{chapter.1}{\376\377\173\054\0001\172\340\000\040\171\076\117\032\137\303\164\006\133\146\060\156\060\263\060\242}{}% 1
\BOOKMARK [1][]{section.1.1}{\376\377\0001\000.\0001\000\040\060\124\143\050\142\366}{chapter.1}% 2
\BOOKMARK [1][]{section.1.2}{\376\377\0001\000.\0002\000\040\201\352\135\361\175\071\116\313\060\222\060\125\060\133\060\146\060\117\060\140\060\125\060\104}{chapter.1}% 3
\BOOKMARK [1][]{section.1.3}{\376\377\0001\000.\0003\000\040\171\076\117\032\137\303\164\006\133\146\060\156\060\264\060\374\060\353\060\157\060\151\060\123\060\153\060\102\060\213\060\156\060\113}{chapter.1}% 4
\BOOKMARK [1][]{section.1.4}{\376\377\0001\000.\0004\000\040\116\000\202\054\166\204\060\152\134\016\121\145}{chapter.1}% 5
\BOOKMARK [1][]{section.1.5}{\376\377\0001\000.\0005\000\040\171\076\117\032\137\303\164\006\133\146\060\156\122\006\230\136}{chapter.1}% 6
\BOOKMARK [1][]{section.1.6}{\376\377\0001\000.\0006\000\040\171\076\117\032\137\303\164\006\133\146\060\156\116\011\131\047\116\073\177\251}{chapter.1}% 7
\BOOKMARK [0][]{chapter.2}{\376\377\173\054\0002\172\340\000\040\171\076\117\032\137\303\164\006\133\146\060\156\153\164\123\362\0001\000;\173\304\060\150\060\131\060\213\171\321\133\146\060\156\060\102\060\212\145\271}{}% 8
\BOOKMARK [1][]{section.2.1}{\376\377\0002\000.\0001\000\040\134\016\121\145}{chapter.2}% 9
\BOOKMARK [1][]{section.2.2}{\376\377\0002\000.\0002\000\040\171\321\133\146\060\150\060\157}{chapter.2}% 10
\BOOKMARK [1][]{section.2.3}{\376\377\0002\000.\0003\000\040\171\076\117\032\137\303\164\006\133\146\060\156\170\024\172\166\154\325}{chapter.2}% 11
\BOOKMARK [1][]{section.2.4}{\376\377\0002\000.\0004\000\040\217\321\116\343\171\321\133\146\060\156\060\152\060\212\060\137\060\141}{chapter.2}% 12
\BOOKMARK [1][]{section.2.5}{\376\377\0002\000.\0005\000\040\162\151\164\006\133\146\060\150\133\242\211\263\140\047}{chapter.2}% 13
\BOOKMARK [1][]{section.2.6}{\376\377\0002\000.\0006\000\040\060\112\060\217\060\212\060\153}{chapter.2}% 14
\BOOKMARK [0][]{chapter.3}{\376\377\173\054\0003\172\340\000\040\171\076\117\032\137\303\164\006\133\146\060\156\153\164\123\362\0002\000;\116\272\145\207\171\321\133\146\060\156\167\345}{}% 15
\BOOKMARK [1][]{section.3.1}{\376\377\0003\000.\0001\000\040\143\057\060\212\217\324\060\212}{chapter.3}% 16
\BOOKMARK [1][]{section.3.2}{\376\377\0003\000.\0002\000\040\217\321\116\343\171\321\133\146\060\156\153\151\060\177\060\150\116\272\145\207\171\076\117\032\171\321\133\146\060\156\211\226\136\247}{chapter.3}% 17
\BOOKMARK [1][]{section.3.3}{\376\377\0003\000.\0003\000\040\171\076\117\032\166\204\133\237\127\050\377\033\163\376\214\141\133\146\060\150\060\352\060\242\060\352\060\306\060\243\060\374\060\373\060\353\060\374\060\327}{chapter.3}% 18
\BOOKMARK [1][]{section.3.4}{\376\377\0003\000.\0004\000\040\171\321\133\146\060\263\060\337\060\345\060\313\060\306\060\243\060\156\151\313\220\040}{chapter.3}% 19
\BOOKMARK [1][]{section.3.5}{\376\377\0003\000.\0005\000\040\146\102\116\343\200\314\146\157\377\033\167\345\060\156\166\370\133\376\123\026\060\156\220\123\060\156\060\212}{chapter.3}% 20
\BOOKMARK [1][]{section.3.6}{\376\377\0003\000.\0006\000\040\060\176\060\150\060\201\060\153\060\113\060\110\060\146}{chapter.3}% 21
\BOOKMARK [0][]{chapter.4}{\376\377\173\054\0004\172\340\000\040\171\076\117\032\137\303\164\006\133\146\060\156\153\164\123\362\0003\000;\171\076\117\032\137\303\164\006\133\146\060\156\204\014\202\275}{}% 22
\BOOKMARK [1][]{section.4.1}{\376\377\0004\000.\0001\000\040\122\115\126\336\060\156\143\057\060\212\217\324\060\212\377\033\116\272\145\207\167\345\060\150\133\242\211\263\140\047}{chapter.4}% 23
\BOOKMARK [1][]{section.4.2}{\376\377\0004\000.\0002\000\040\171\076\117\032\137\303\164\006\133\146\060\156\202\275\060\150\060\127\060\146\060\156\212\000\212\236\124\362\133\146}{chapter.4}% 24
\BOOKMARK [1][]{section.4.3}{\376\377\0004\000.\0003\000\040\151\313\220\040\116\073\177\251\060\156\200\003\060\110\060\113\060\137}{chapter.4}% 25
\BOOKMARK [1][]{section.4.4}{\376\377\0004\000.\0004\000\040\171\076\117\032\137\303\164\006\133\146\060\156\153\164\123\362\377\033\156\226\120\231\147\037}{chapter.4}% 26
\BOOKMARK [0][]{chapter.5}{\376\377\173\054\0005\172\340\000\040\171\076\117\032\137\303\164\006\133\146\060\156\153\164\123\362\0004\000;\171\076\117\032\137\303\164\006\133\146\060\156\142\020\172\313}{}% 27
\BOOKMARK [1][]{section.5.1}{\376\377\0005\000.\0001\000\040\060\157\060\130\060\201\060\153}{chapter.5}% 28
\BOOKMARK [1][]{section.5.2}{\376\377\0005\000.\0002\000\040\060\262\060\267\060\345\060\277\060\353\060\310\137\303\164\006\133\146\060\156\137\161\227\377}{chapter.5}% 29
\BOOKMARK [1][]{section.5.3}{\376\377\0005\000.\0003\000\040\060\342\060\354\060\316\060\150\060\333\060\374\060\275\060\363\133\237\232\023}{chapter.5}% 30
\BOOKMARK [1][]{section.5.4}{\376\377\0005\000.\0004\000\040\060\104\060\223\060\137\060\374\060\177\060\143\060\127\060\207\060\223\377\033\116\312\220\061\060\156\212\255\146\370\150\110\121\205}{chapter.5}% 31
\BOOKMARK [1][]{section.5.5}{\376\377\0005\000.\0005\000\040\171\076\117\032\137\303\164\006\133\146\060\156\142\020\172\313}{chapter.5}% 32
\BOOKMARK [1][]{section.5.6}{\376\377\0005\000.\0006\000\040\060\354\060\364\060\243\060\363\060\156\060\260\060\353\060\374\060\327\060\373\060\300\060\244\060\312\060\337\060\303\060\257\060\271}{chapter.5}% 33
\BOOKMARK [1][]{section.5.7}{\376\377\0005\000.\0007\000\040\060\135\060\156\060\173\060\113\060\156\212\370\170\024\172\166}{chapter.5}% 34
\BOOKMARK [0][]{chapter.6}{\376\377\173\054\0006\172\340\000\040\171\076\117\032\137\303\164\006\133\146\060\156\153\164\123\362\0005\000;\171\076\117\032\137\303\164\006\133\146\060\156\166\172\134\125\377\014\216\342\143\333\377\014\155\367\154\214\147\037}{}% 35
\BOOKMARK [1][]{section.6.1}{\376\377\0006\000.\0001\000\040\216\342\143\333\147\037\060\170\060\156\136\217\212\254}{chapter.6}% 36
\BOOKMARK [1][]{section.6.2}{\376\377\0006\000.\0002\000\040\122\115\126\336\060\156\143\057\060\212\217\324\060\212}{chapter.6}% 37
\BOOKMARK [1][]{section.6.3}{\376\377\0006\000.\0003\000\040\216\342\143\333\147\037\377\014\121\215\165\037\147\037\060\102\060\213\060\104\060\157\155\367\154\214\147\037\060\156\060\157\060\130\060\176\060\212}{chapter.6}% 38
\BOOKMARK [1][]{section.6.4}{\376\377\0006\000.\0004\000\040\171\076\117\032\137\303\164\006\133\146\060\157\153\164\123\362\060\156\133\146\060\113}{chapter.6}% 39
\BOOKMARK [1][]{section.6.5}{\376\377\0006\000.\0005\000\040\060\350\060\374\060\355\060\303\060\321\060\156\171\076\117\032\137\303\164\006\133\146}{chapter.6}% 40
\BOOKMARK [1][]{section.6.6}{\376\377\0006\000.\0006\000\040\060\260\060\353\060\374\060\327\060\300\060\244\060\312\060\337\060\303\060\257\060\271\060\156\131\011\220\167}{chapter.6}% 41
\BOOKMARK [1][]{section.6.7}{\376\377\0006\000.\0007\000\040\060\104\060\223\060\137\060\374\060\177\060\143\060\127\060\207\060\223\377\033\171\321\133\146\060\156\175\102\161\011}{chapter.6}% 42
\BOOKMARK [1][]{section.6.8}{\376\377\0006\000.\0008\000\040\145\260\060\127\060\104\170\024\172\166\060\242\060\327\060\355\060\374\060\301\060\156\166\173\130\064}{chapter.6}% 43
\BOOKMARK [0][]{chapter.7}{\376\377\173\054\0007\172\340\000\040\163\376\116\343\060\156\171\076\117\032\137\303\164\006\133\146\377\033\171\076\117\032\137\303\164\006\133\146\060\156\152\137\126\150}{}% 44
\BOOKMARK [1][]{section.7.1}{\376\377\0007\000.\0001\000\040\153\164\123\362\146\102\116\343\060\156\143\057\060\212\217\324\060\212}{chapter.7}% 45
\BOOKMARK [1][]{section.7.2}{\376\377\0007\000.\0002\000\040\171\076\117\032\137\303\164\006\133\146\060\156\123\161\152\137}{chapter.7}% 46
\BOOKMARK [1][]{section.7.3}{\376\377\0007\000.\0003\000\040\123\161\152\137\060\156\151\313\220\040\166\204\211\201\126\340}{chapter.7}% 47
\BOOKMARK [1][]{section.7.4}{\376\377\0007\000.\0004\000\040\145\260\060\127\060\104\060\242\060\327\060\355\060\374\060\301\377\032\123\161\152\137\060\170\060\156\133\376\137\334}{chapter.7}% 48
\BOOKMARK [1][]{section.7.5}{\376\377\0007\000.\0005\000\040\060\176\060\150\060\201\060\153\060\113\060\110\060\146}{chapter.7}% 49
\BOOKMARK [0][]{chapter.8}{\376\377\173\054\0008\172\340\000\040\060\267\060\271\060\306\060\340\212\326\060\113\060\211\060\177\060\137\171\076\117\032\137\303\164\006\133\146}{}% 50
\BOOKMARK [1][]{section.8.1}{\376\377\0008\000.\0001\000\040\060\157\060\130\060\201\060\153}{chapter.8}% 51
\BOOKMARK [1][]{section.8.2}{\376\377\0008\000.\0002\000\040\060\267\060\271\060\306\060\340\212\326\060\156\200\314\146\157}{chapter.8}% 52
\BOOKMARK [1][]{section.8.3}{\376\377\0008\000.\0003\000\040\060\267\060\271\060\306\060\340\060\147\200\003\060\110\060\210\060\106}{chapter.8}% 53
\BOOKMARK [1][]{section.8.4}{\376\377\0008\000.\0004\000\040\060\267\060\271\060\306\060\340\212\326\060\156\174\373\213\134}{chapter.8}% 54
\BOOKMARK [1][]{section.8.5}{\376\377\0008\000.\0005\000\040\173\054\116\000\116\026\116\343\060\267\060\271\060\306\060\340\377\033\122\325\166\204\136\163\210\141\174\373}{chapter.8}% 55
\BOOKMARK [0][]{chapter.8}{\376\377\173\054\0008\172\340\000\040\060\267\060\271\060\306\060\340\212\326\060\113\060\211\060\177\060\137\171\076\117\032\137\303\164\006\133\146\000;\173\054\116\214\377\014\173\054\116\011\116\026\116\343\060\267\060\271\060\306\060\340}{}% 56
\BOOKMARK [1][]{section.8.1}{\376\377\0008\000.\0001\000\040\000B\000e\000l\000o\000u\000s\000o\000v\040\023\000Z\000h\000a\000b\000o\000t\000i\000n\000s\000k\000y\123\315\137\334}{chapter.8}% 57
\BOOKMARK [1][]{section.8.2}{\376\377\0008\000.\0002\000\040\173\054\116\214\116\026\116\343\060\267\060\271\060\306\060\340}{chapter.8}% 58
\BOOKMARK [1][]{section.8.3}{\376\377\0008\000.\0003\000\040\122\325\166\204\227\136\136\163\210\141\174\373\060\102\060\213\060\104\060\157\201\352\135\361\175\104\176\124\123\026\174\373}{chapter.8}% 59
\BOOKMARK [1][]{section.8.4}{\376\377\0008\000.\0004\000\040\173\054\116\011\116\026\116\343\060\267\060\271\060\306\060\340\377\033\060\252\060\374\060\310\060\335\060\244\060\250\060\374\060\267\060\271}{chapter.8}% 60
\BOOKMARK [1][]{section.8.5}{\376\377\0008\000.\0005\000\040\060\176\060\150\060\201\060\153\060\113\060\110\060\146}{chapter.8}% 61
