This is e-upTeX, Version 3.14159265-p3.8.2-u1.25-190131-2.6 (utf8.uptex) (TeX Live 2019) (preloaded format=uplatex 2020.2.6)  20 FEB 2020 15:59
entering extended mode
 restricted \write18 enabled.
 file:line:error style messages enabled.
 %&-line parsing enabled.
**/Users/kosugitti445/Dropbox/Git/psychometrtics_syllabus/tex_source/syllabus.tex
(/Users/kosugitti445/Dropbox/Git/psychometrtics_syllabus/tex_source/syllabus.tex
pLaTeX2e <2020-02-02u03>+1 (based on LaTeX2e <2020-02-02>)
L3 programming layer <2020-02-03> (/usr/local/texlive/2019/texmf-dist/tex/platex/jsclasses/jsarticle.cls
Document Class: jsarticle 2020/02/02 jsclasses (okumura, texjporg)
\jsc@mpt=\dimen150
\jsc@mmm=\dimen151
\jsc@smallskipamount=\skip47
LaTeX Info: Redefining \textmc on input line 496.
LaTeX Info: Redefining \textgt on input line 498.
\symmincho=\mathgroup4
LaTeX Font Info:    Overwriting symbol font `mincho' in version `bold'
(Font)                  JY2/mc/m/n --> JY2/gt/m/n on input line 560.
LaTeX Font Info:    Font shape `JT2/mc/m/n' will be
(Font)              scaled to size 9.24683pt on input line 751.
LaTeX Font Info:    Font shape `JY2/mc/m/n' will be
(Font)              scaled to size 9.24683pt on input line 751.
\fullwidth=\dimen152
LaTeX Font Info:    Font shape `JT2/mc/m/n' will be
(Font)              scaled to size 7.39746pt on input line 904.
LaTeX Font Info:    Font shape `JY2/mc/m/n' will be
(Font)              scaled to size 7.39746pt on input line 904.
\c@part=\count166
\c@section=\count167
\c@subsection=\count168
\c@subsubsection=\count169
\c@paragraph=\count170
\c@subparagraph=\count171
\@abstractbox=\box61
\c@figure=\count172
\c@table=\count173
\abovecaptionskip=\skip48
\belowcaptionskip=\skip49
\jsc@tocl@width=\dimen153
\@lnumwidth=\dimen154
\bibindent=\dimen155
(/usr/local/texlive/2019/texmf-dist/tex/platex/jsclasses/jslogo.sty
Package: jslogo 2019/07/25 okumura, texjporg
LaTeX Info: Redefining \TeX on input line 94.
LaTeX Info: Redefining \LaTeX on input line 147.
LaTeX Info: Redefining \LaTeXe on input line 200.
)
\heisei=\count174
) (/usr/local/texlive/2019/texmf-dist/tex/latex/natbib/natbib.sty
Package: natbib 2010/09/13 8.31b (PWD, AO)
\bibhang=\skip50
\bibsep=\skip51
LaTeX Info: Redefining \cite on input line 694.
\c@NAT@ctr=\count175
) (/usr/local/texlive/2019/texmf-dist/tex/latex/url/url.sty
\Urlmuskip=\muskip16
Package: url 2013/09/16  ver 3.4  Verb mode for urls, etc.
) (/usr/local/texlive/2019/texmf-dist/tex/latex/ascmac/ascmac.sty
Package: ascmac 2020/01/15 v2.1 ascmac wrapper (community edition) 
 (/usr/local/texlive/2019/texmf-dist/tex/latex/ascmac/tascmac.sty
Package: tascmac 2020/01/15 v2.1 ascmac package (community edition) 
\@savetbaselineshift=\dimen156
\@saveybaselineshift=\dimen157
\scb@x=\box62
\scscb@x=\box63
\@bw=\dimen158
\@nbox=\box64
\@nbody=\box65
\@scw=\dimen159
\ascmac@hoboxa=\box66
\ascmac@hoboxb=\box67
\@itemh=\dimen160
\@iboxpos=\toks15
\@iboxstr=\box68
\@bwsp=\box69
\@@bwsp=\box70
\@bcal=\count176
\shaderule=\dimen161
)) (/usr/local/texlive/2019/texmf-dist/tex/latex/l3backend/l3backend-dvips.def
File: l3backend-dvips.def 2020-02-03 L3 backend support: dvips
\l__pdf_internal_box=\box71
\g__pdf_backend_object_int=\count177
\l__pdf_backend_content_box=\box72
\l__pdf_backend_model_box=\box73
\g__pdf_backend_annotation_int=\count178
\g__pdf_backend_link_int=\count179
\g__pdf_backend_link_sf_int=\count180
) (./syllabus.aux)
\openout1 = `syllabus.aux'.

LaTeX Font Info:    Checking defaults for OML/cmm/m/it on input line 6.
LaTeX Font Info:    ... okay on input line 6.
LaTeX Font Info:    Checking defaults for OMS/cmsy/m/n on input line 6.
LaTeX Font Info:    ... okay on input line 6.
LaTeX Font Info:    Checking defaults for OT1/cmr/m/n on input line 6.
LaTeX Font Info:    ... okay on input line 6.
LaTeX Font Info:    Checking defaults for T1/cmr/m/n on input line 6.
LaTeX Font Info:    ... okay on input line 6.
LaTeX Font Info:    Checking defaults for TS1/cmr/m/n on input line 6.
LaTeX Font Info:    ... okay on input line 6.
LaTeX Font Info:    Checking defaults for OMX/cmex/m/n on input line 6.
LaTeX Font Info:    ... okay on input line 6.
LaTeX Font Info:    Checking defaults for U/cmr/m/n on input line 6.
LaTeX Font Info:    ... okay on input line 6.
LaTeX Font Info:    Checking defaults for JY2/mc/m/n on input line 6.
LaTeX Font Info:    ... okay on input line 6.
LaTeX Font Info:    Checking defaults for JT2/mc/m/n on input line 6.
LaTeX Font Info:    ... okay on input line 6.
LaTeX Font Info:    Font shape `JT2/mc/m/n' will be
(Font)              scaled to size 15.9785pt on input line 9.
LaTeX Font Info:    Font shape `JY2/mc/m/n' will be
(Font)              scaled to size 15.9785pt on input line 9.
LaTeX Font Info:    Font shape `JT2/mc/m/n' will be
(Font)              scaled to size 11.09619pt on input line 9.
LaTeX Font Info:    Font shape `JY2/mc/m/n' will be
(Font)              scaled to size 11.09619pt on input line 9.
LaTeX Font Info:    External font `cmex10' loaded for size
(Font)              <12> on input line 9.
LaTeX Font Info:    External font `cmex10' loaded for size
(Font)              <8> on input line 9.
LaTeX Font Info:    External font `cmex10' loaded for size
(Font)              <6> on input line 9.
LaTeX Font Info:    Font shape `JY2/mc/m/n' will be
(Font)              scaled to size 5.5481pt on input line 9.
LaTeX Font Info:    Font shape `JT2/gt/m/n' will be
(Font)              scaled to size 9.24683pt on input line 11.
LaTeX Font Info:    Font shape `JY2/gt/m/n' will be
(Font)              scaled to size 9.24683pt on input line 11.
LaTeX Font Info:    Font shape `JT2/mc/m/n' will be
(Font)              scaled to size 13.31541pt on input line 11.
LaTeX Font Info:    Font shape `JY2/mc/m/n' will be
(Font)              scaled to size 13.31541pt on input line 11.
LaTeX Font Info:    Font shape `JT2/gt/m/n' will be
(Font)              scaled to size 13.31541pt on input line 11.
LaTeX Font Info:    Font shape `JY2/gt/m/n' will be
(Font)              scaled to size 13.31541pt on input line 11.

No file syllabus.toc.
\tf@toc=\write3
\openout3 = `syllabus.toc'.

[1

]
LaTeX Font Info:    Font shape `JT2/gt/m/n' will be
(Font)              scaled to size 11.09619pt on input line 14.
LaTeX Font Info:    Font shape `JY2/gt/m/n' will be
(Font)              scaled to size 11.09619pt on input line 14.
LaTeX Font Info:    External font `cmex10' loaded for size
(Font)              <7> on input line 27.
LaTeX Font Info:    External font `cmex10' loaded for size
(Font)              <5> on input line 27.
LaTeX Font Info:    Font shape `JY2/mc/m/n' will be
(Font)              scaled to size 6.47278pt on input line 27.
LaTeX Font Info:    Font shape `JY2/mc/m/n' will be
(Font)              scaled to size 4.62341pt on input line 27.
LaTeX Font Info:    Font shape `JT2/mc/m/n' will be
(Font)              scaled to size 6.47278pt on input line 27.
LaTeX Font Info:    Font shape `JT2/mc/m/n' will be
(Font)              scaled to size 5.5481pt on input line 27.
LaTeX Font Info:    Font shape `JT2/mc/b/n' in size <10> not available
(Font)              Font shape `JT2/mc/bx/n' tried instead on input line 33.
LaTeX Font Info:    Font shape `JT2/mc/bx/n' in size <10> not available
(Font)              Font shape `JT2/gt/m/n' tried instead on input line 33.
LaTeX Font Info:    Font shape `JT2/gt/m/n' will be
(Font)              scaled to size 9.24683pt on input line 33.
LaTeX Font Info:    Font shape `JY2/mc/b/n' in size <10> not available
(Font)              Font shape `JY2/mc/bx/n' tried instead on input line 33.
LaTeX Font Info:    Font shape `JY2/mc/bx/n' in size <10> not available
(Font)              Font shape `JY2/gt/m/n' tried instead on input line 33.
LaTeX Font Info:    Font shape `JY2/gt/m/n' will be
(Font)              scaled to size 9.24683pt on input line 33.


LaTeX Warning: Reference `processTable' on page 2 undefined on input line 33.

LaTeX Font Info:    Font shape `JT2/mc/m/n' will be
(Font)              scaled to size 8.32214pt on input line 37.
LaTeX Font Info:    Font shape `JY2/mc/m/n' will be
(Font)              scaled to size 8.32214pt on input line 37.

LaTeX Warning: Reference `lesson01' on page 2 undefined on input line 41.


LaTeX Warning: Reference `lesson02' on page 2 undefined on input line 42.


LaTeX Warning: Reference `lesson03' on page 2 undefined on input line 43.


LaTeX Warning: Reference `lesson04' on page 2 undefined on input line 44.


LaTeX Warning: Reference `lesson05' on page 2 undefined on input line 45.


LaTeX Warning: Reference `lesson06' on page 2 undefined on input line 46.


LaTeX Warning: Reference `lesson07' on page 2 undefined on input line 47.


LaTeX Warning: Reference `lesson08' on page 2 undefined on input line 48.


LaTeX Warning: Reference `lesson09' on page 2 undefined on input line 49.


LaTeX Warning: Reference `lesson10' on page 2 undefined on input line 50.


LaTeX Warning: Reference `lesson11' on page 2 undefined on input line 51.


LaTeX Warning: Reference `lesson12' on page 2 undefined on input line 52.


LaTeX Warning: Reference `lesson13' on page 2 undefined on input line 53.


LaTeX Warning: Reference `lesson14' on page 2 undefined on input line 54.


LaTeX Warning: Reference `lesson16' on page 2 undefined on input line 55.


LaTeX Warning: Reference `lesson17' on page 2 undefined on input line 56.


LaTeX Warning: Reference `lesson18' on page 2 undefined on input line 57.


LaTeX Warning: Reference `lesson19' on page 2 undefined on input line 58.


LaTeX Warning: Reference `lesson20' on page 2 undefined on input line 59.


LaTeX Warning: Reference `lesson21' on page 2 undefined on input line 60.


LaTeX Warning: Reference `lesson22' on page 2 undefined on input line 61.


LaTeX Warning: Reference `lesson23' on page 2 undefined on input line 62.


LaTeX Warning: Reference `lesson24' on page 2 undefined on input line 63.


LaTeX Warning: Reference `lesson25' on page 2 undefined on input line 64.


LaTeX Warning: Reference `lesson26' on page 2 undefined on input line 65.


LaTeX Warning: Reference `lesson27' on page 2 undefined on input line 66.


LaTeX Warning: Reference `lesson28' on page 2 undefined on input line 67.


LaTeX Warning: Reference `lesson29' on page 2 undefined on input line 68.

LaTeX Font Info:    Font shape `JT2/gt/m/n' will be
(Font)              scaled to size 7.39746pt on input line 72.
LaTeX Font Info:    Font shape `JY2/gt/m/n' will be
(Font)              scaled to size 7.39746pt on input line 72.
[2] [3]
\openout2 = `lesson01.aux'.

 (./lesson01.tex

Package natbib Warning: Citation `下山2001' on page 4 undefined on input line 14.


Package natbib Warning: Citation `三浦201705' on page 4 undefined on input line 19.


Package natbib Warning: Citation `三浦201705' on page 4 undefined on input line 24.


Package natbib Warning: Citation `川端201408' on page 4 undefined on input line 29.

[4

]

Package natbib Warning: Citation `中西201507' on page 5 undefined on input line 50.


Package natbib Warning: Citation `道又200903' on page 5 undefined on input line 50.


Package natbib Warning: Citation `菊池2018' on page 5 undefined on input line 50.


Package natbib Warning: Citation `大芦201610' on page 5 undefined on input line 50.

) [5]
\openout2 = `lesson02.aux'.

 (./lesson02.tex

Package natbib Warning: Citation `Yamada2004' on page 6 undefined on input line 15.


Package natbib Warning: Citation `山内201001' on page 6 undefined on input line 20.


Package natbib Warning: Citation `三浦201705' on page 6 undefined on input line 20.


Package natbib Warning: Citation `豊田1992' on page 6 undefined on input line 20.


Package natbib Warning: Citation `川端201408' on page 6 undefined on input line 25.


Package natbib Warning: Citation `Yamada2004' on page 6 undefined on input line 25.


Package natbib Warning: Citation `紀ノ定201806' on page 6 undefined on input line 30.

[6


]

Package natbib Warning: Citation `高木196807' on page 7 undefined on input line 35.


Package natbib Warning: Citation `谷岡200006' on page 7 undefined on input line 35.


Package natbib Warning: Citation `Rosling2019' on page 7 undefined on input line 53.


Package natbib Warning: Citation `三浦201705' on page 7 undefined on input line 53.


Package natbib Warning: Citation `川端201408' on page 7 undefined on input line 53.


Package natbib Warning: Citation `Yamada2004' on page 7 undefined on input line 53.


Package natbib Warning: Citation `kosugi2018' on page 7 undefined on input line 53.


Package natbib Warning: Citation `kosugi2019' on page 7 undefined on input line 53.

) [7]
\openout2 = `lesson03.aux'.

 (./lesson03.tex

Package natbib Warning: Citation `山内201001' on page 8 undefined on input line 18.


Package natbib Warning: Citation `Yamada2004' on page 8 undefined on input line 18.


Package natbib Warning: Citation `川端201408' on page 8 undefined on input line 18.


Package natbib Warning: Citation `山内201001' on page 8 undefined on input line 23.


Package natbib Warning: Citation `Yamada2004' on page 8 undefined on input line 23.


Package natbib Warning: Citation `川端201408' on page 8 undefined on input line 23.


Package natbib Warning: Citation `山内201001' on page 8 undefined on input line 29.


Package natbib Warning: Citation `Yamada2004' on page 8 undefined on input line 29.


Package natbib Warning: Citation `川端201408' on page 8 undefined on input line 29.


Package natbib Warning: Citation `山内201001' on page 8 undefined on input line 34.


Package natbib Warning: Citation `Yamada2004' on page 8 undefined on input line 34.


Package natbib Warning: Citation `川端201408' on page 8 undefined on input line 34.

[8


]

Package natbib Warning: Citation `Yamada2004' on page 9 undefined on input line 55.


Package natbib Warning: Citation `川端201408' on page 9 undefined on input line 55.


Package natbib Warning: Citation `Yamada2004' on page 9 undefined on input line 55.


Package natbib Warning: Citation `山内201001' on page 9 undefined on input line 55.


Package natbib Warning: Citation `山内201001' on page 9 undefined on input line 57.

) [9]
\openout2 = `lesson04.aux'.

 (./lesson04.tex

Package natbib Warning: Citation `kosugi2019' on page 10 undefined on input line 15.


Package natbib Warning: Citation `kosugi2019' on page 10 undefined on input line 19.


Package natbib Warning: Citation `kosugi2019' on page 10 undefined on input line 24.


Package natbib Warning: Citation `高橋201805' on page 10 undefined on input line 24.

[10


]

Package natbib Warning: Citation `紀ノ定201806' on page 11 undefined on input line 34.


Package natbib Warning: Citation `長尾200305' on page 11 undefined on input line 52.


Package natbib Warning: Citation `kosugi2019' on page 11 undefined on input line 54.

) [11]
\openout2 = `lesson05.aux'.

 (./lesson05.tex

Package natbib Warning: Citation `kosugi2016b' on page 12 undefined on input line 15.


Package natbib Warning: Citation `熊谷201508' on page 12 undefined on input line 20.


Package natbib Warning: Citation `長沼201611' on page 12 undefined on input line 25.


Package natbib Warning: Citation `西内201712' on page 12 undefined on input line 25.

[12


]

Package natbib Warning: Citation `kosugi2016b' on page 13 undefined on input line 32.

) [13] [14]
\openout2 = `lesson06.aux'.

 (./lesson06.tex

Package natbib Warning: Citation `Maeda2017' on page 15 undefined on input line 16.


Package natbib Warning: Citation `Maeda2017' on page 15 undefined on input line 21.


Package natbib Warning: Citation `野島201903' on page 15 undefined on input line 26.

[15


]

Package natbib Warning: Citation `浜田201812' on page 16 undefined on input line 45.


Package natbib Warning: Citation `Maeda2017' on page 16 undefined on input line 47.

) [16]
\openout2 = `lesson07.aux'.

 (./lesson07.tex

Package natbib Warning: Citation `野島201903' on page 17 undefined on input line 16.


Package natbib Warning: Citation `Yamada2004' on page 17 undefined on input line 16.


Package natbib Warning: Citation `長沼201611' on page 17 undefined on input line 16.


Package natbib Warning: Citation `長沼201611' on page 17 undefined on input line 21.


Package natbib Warning: Citation `Maeda2017' on page 17 undefined on input line 26.

[17


]

Package natbib Warning: Citation `川端201408' on page 18 undefined on input line 31.


Package natbib Warning: Citation `Yamada2004' on page 18 undefined on input line 31.


Package natbib Warning: Citation `長沼201611' on page 18 undefined on input line 49.


Package natbib Warning: Citation `Maeda2017' on page 18 undefined on input line 49.

) [18]
\openout2 = `lesson08.aux'.

 (./lesson08.tex

Package natbib Warning: Citation `kosugi2018' on page 19 undefined on input line 16.


Package natbib Warning: Citation `豊田201706' on page 19 undefined on input line 23.


Package natbib Warning: Citation `豊田201706' on page 19 undefined on input line 28.

[19


]

Package natbib Warning: Citation `山内201001' on page 20 undefined on input line 47.


Package natbib Warning: Citation `kosugi2018' on page 20 undefined on input line 47.


Package natbib Warning: Citation `西内201712' on page 20 undefined on input line 47.


Package natbib Warning: Citation `kosugi2018' on page 20 undefined on input line 47.

) [20]
\openout2 = `lesson09.aux'.

 (./lesson09.tex

Package natbib Warning: Citation `野島201903' on page 21 undefined on input line 16.


Package natbib Warning: Citation `kosugi2019' on page 21 undefined on input line 21.


Package natbib Warning: Citation `kosugi2018' on page 21 undefined on input line 26.


Package natbib Warning: Citation `kosugi2018' on page 21 undefined on input line 31.

[21


]

Package natbib Warning: Citation `結城201810' on page 22 undefined on input line 51.


Package natbib Warning: Citation `岡太200804' on page 22 undefined on input line 51.


Package natbib Warning: Citation `豊田201706' on page 22 undefined on input line 53.


Package natbib Warning: Citation `kosugi2016a' on page 22 undefined on input line 53.

) [22]
\openout2 = `lesson10.aux'.

 (./lesson10.tex

Package natbib Warning: Citation `紀ノ定201806' on page 23 undefined on input line 15.


Package natbib Warning: Citation `kosugi2019' on page 23 undefined on input line 15.


LaTeX Warning: Reference `lesson04' on page 23 undefined on input line 18.


Package natbib Warning: Citation `紀ノ定201806' on page 23 undefined on input line 20.


Package natbib Warning: Citation `kosugi2018' on page 23 undefined on input line 25.


Package natbib Warning: Citation `kosugi2018' on page 23 undefined on input line 28.


Package natbib Warning: Citation `kosugi2018' on page 23 undefined on input line 30.

[23


]

Package natbib Warning: Citation `kosugi2018' on page 24 undefined on input line 35.


LaTeX Warning: Reference `lesson04' on page 24 undefined on input line 54.


Package natbib Warning: Citation `kosugi2019' on page 24 undefined on input line 54.

) [24]
\openout2 = `lesson11.aux'.

 (./lesson11.tex

Package natbib Warning: Citation `西内201301' on page 25 undefined on input line 15.


Package natbib Warning: Citation `大村201301' on page 25 undefined on input line 15.


Package natbib Warning: Citation `Yamada2004' on page 25 undefined on input line 20.


Package natbib Warning: Citation `大村201301' on page 25 undefined on input line 20.


Package natbib Warning: Citation `kosugi2019' on page 25 undefined on input line 25.


Package natbib Warning: Citation `大村201301' on page 25 undefined on input line 30.

[25


]

Package natbib Warning: Citation `Yamada2004' on page 26 undefined on input line 50.

) [26]
\openout2 = `lesson12.aux'.

 (./lesson12.tex

Package natbib Warning: Citation `Yamada2004' on page 27 undefined on input line 15.


Package natbib Warning: Citation `Yamada2004' on page 27 undefined on input line 18.


Package natbib Warning: Citation `大村201301' on page 27 undefined on input line 20.


Package natbib Warning: Citation `Yamada2004' on page 27 undefined on input line 20.


Package natbib Warning: Citation `kosugi2018' on page 27 undefined on input line 25.

[27


]) [28]
\openout2 = `lesson13.aux'.

 (./lesson13.tex

Package natbib Warning: Citation `Yamada2004' on page 29 undefined on input line 15.


Package natbib Warning: Citation `Yamada2004' on page 29 undefined on input line 20.


Package natbib Warning: Citation `Yamada2004' on page 29 undefined on input line 25.


Package natbib Warning: Citation `kosugi2019' on page 29 undefined on input line 25.


Package natbib Warning: Citation `清水201705' on page 29 undefined on input line 30.


Package natbib Warning: Citation `南風原200206' on page 29 undefined on input line 30.


Package natbib Warning: Citation `松浦201610' on page 29 undefined on input line 30.

[29


]) [30]
\openout2 = `lesson14.aux'.

 (./lesson14.tex

Package natbib Warning: Citation `Yamada2004' on page 31 undefined on input line 13.


Package natbib Warning: Citation `Yamada2004' on page 31 undefined on input line 17.


Package natbib Warning: Citation `Yamada2004' on page 31 undefined on input line 22.

[31


]) [32]
\openout2 = `lesson15.aux'.

 (./lesson15.tex) [33


]
\openout2 = `lesson16.aux'.

 (./lesson16.tex

Package natbib Warning: Citation `Yamada2004' on page 34 undefined on input line 15.


Package natbib Warning: Citation `Yamada2004' on page 34 undefined on input line 20.


Package natbib Warning: Citation `Yamada2004' on page 34 undefined on input line 25.


Package natbib Warning: Citation `Yamada2004' on page 34 undefined on input line 30.

[34


]

Package natbib Warning: Citation `Yamada2004' on page 35 undefined on input line 49.


Package natbib Warning: Citation `Yamada2004' on page 35 undefined on input line 51.

) [35]
\openout2 = `lesson17.aux'.

 (./lesson17.tex

Package natbib Warning: Citation `川端201408' on page 36 undefined on input line 15.


Package natbib Warning: Citation `Yamada2004' on page 36 undefined on input line 20.


Package natbib Warning: Citation `川端201408' on page 36 undefined on input line 25.


Package natbib Warning: Citation `Yamada2004' on page 36 undefined on input line 30.

[36


]

Package natbib Warning: Citation `Yamada2004' on page 37 undefined on input line 35.

) [37]
\openout2 = `lesson18.aux'.

 (./lesson18.tex

Package natbib Warning: Citation `川端201408' on page 38 undefined on input line 15.


Package natbib Warning: Citation `Yamada2004' on page 38 undefined on input line 15.


Package natbib Warning: Citation `川端201408' on page 38 undefined on input line 20.


Package natbib Warning: Citation `Yamada2004' on page 38 undefined on input line 25.


Package natbib Warning: Citation `山内201001' on page 38 undefined on input line 25.


Package natbib Warning: Citation `Yamada2004' on page 38 undefined on input line 30.


Package natbib Warning: Citation `大久保201201' on page 38 undefined on input line 30.

[38


]

Package natbib Warning: Citation `Yamada2004' on page 39 undefined on input line 36.


Package natbib Warning: Citation `川端201408' on page 39 undefined on input line 36.

) [39]
\openout2 = `lesson19.aux'.

 (./lesson19.tex

Package natbib Warning: Citation `橋本201607' on page 40 undefined on input line 17.


Package natbib Warning: Citation `橋本201607' on page 40 undefined on input line 22.


Package natbib Warning: Citation `Yamada2004' on page 40 undefined on input line 27.

[40


]) [41]
\openout2 = `lesson20.aux'.

 (./lesson20.tex

Package natbib Warning: Citation `橋本201607' on page 42 undefined on input line 21.

[42


]

Package natbib Warning: Citation `橋本201607' on page 43 undefined on input line 42.


Package natbib Warning: Citation `Yamada2004' on page 43 undefined on input line 42.


Package natbib Warning: Citation `kosugi2019' on page 43 undefined on input line 42.


Package natbib Warning: Citation `大久保201201' on page 43 undefined on input line 43.

) [43]
\openout2 = `lesson21.aux'.

 (./lesson21.tex

Package natbib Warning: Citation `橋本201607' on page 44 undefined on input line 18.


LaTeX Warning: Reference `lesson13' on page 44 undefined on input line 21.


Package natbib Warning: Citation `橋本201607' on page 44 undefined on input line 23.


Package natbib Warning: Citation `Yamada2004' on page 44 undefined on input line 23.

[44


]

Package natbib Warning: Citation `大村201301' on page 45 undefined on input line 40.

) [45]
\openout2 = `lesson22.aux'.

 (./lesson22.tex

Package natbib Warning: Citation `橋本201607' on page 46 undefined on input line 18.


Package natbib Warning: Citation `大久保201201' on page 46 undefined on input line 18.


Package natbib Warning: Citation `橋本201607' on page 46 undefined on input line 24.


Package natbib Warning: Citation `大久保201201' on page 46 undefined on input line 24.

[46


]

Package natbib Warning: Citation `橋本201607' on page 47 undefined on input line 44.


Package natbib Warning: Citation `Yamada2004' on page 47 undefined on input line 44.


Package natbib Warning: Citation `kosugi2019' on page 47 undefined on input line 44.

) [47]
\openout2 = `lesson23.aux'.

 (./lesson23.tex

Package natbib Warning: Citation `野島201903' on page 48 undefined on input line 18.


Package natbib Warning: Citation `kosugi2018' on page 48 undefined on input line 18.

[48


]

LaTeX Warning: Reference `lesson06' on page 49 undefined on input line 41.


LaTeX Warning: Reference `lesson06' on page 49 undefined on input line 41.

) [49]
\openout2 = `lesson24.aux'.

 (./lesson24.tex

LaTeX Warning: Reference `lesson08' on page 50 undefined on input line 15.


Package natbib Warning: Citation `豊田201706' on page 50 undefined on input line 17.


Package natbib Warning: Citation `kosugi2018' on page 50 undefined on input line 22.


Package natbib Warning: Citation `kosugi2018' on page 50 undefined on input line 27.


Package natbib Warning: Citation `浜田201912' on page 50 undefined on input line 27.

[50


]

LaTeX Warning: Reference `lesson08' on page 51 undefined on input line 45.


LaTeX Warning: Reference `lesson09' on page 51 undefined on input line 45.

) [51]
\openout2 = `lesson25.aux'.

 (./lesson25.tex

Package natbib Warning: Citation `Maeda2017' on page 52 undefined on input line 14.


Package natbib Warning: Citation `豊田201506' on page 52 undefined on input line 14.


Package natbib Warning: Citation `Maeda2017' on page 52 undefined on input line 19.


Package natbib Warning: Citation `Lambert201805' on page 52 undefined on input line 19.


Package natbib Warning: Citation `Maeda2017' on page 52 undefined on input line 24.


Package natbib Warning: Citation `豊田201506' on page 52 undefined on input line 24.

[52


]

Package natbib Warning: Citation `野島201903' on page 53 undefined on input line 43.


LaTeX Warning: Reference `lesson06' on page 53 undefined on input line 44.


Package natbib Warning: Citation `Gerd200309' on page 53 undefined on input line 47.


Package natbib Warning: Citation `平岡200910' on page 53 undefined on input line 48.


Package natbib Warning: Citation `石田201801' on page 53 undefined on input line 48.


Package natbib Warning: Citation `石田石田201902' on page 53 undefined on input line 48.

) [53]
\openout2 = `lesson26.aux'.

 (./lesson26.tex

Package natbib Warning: Citation `Maeda2017' on page 54 undefined on input line 16.


Package natbib Warning: Citation `豊田201606' on page 54 undefined on input line 16.


Package natbib Warning: Citation `豊田201606' on page 54 undefined on input line 21.


Package natbib Warning: Citation `kosugi2018' on page 54 undefined on input line 21.


Package natbib Warning: Citation `馬場201907' on page 54 undefined on input line 26.


Package natbib Warning: Citation `Maeda2017' on page 54 undefined on input line 31.


Package natbib Warning: Citation `馬場201907' on page 54 undefined on input line 31.

[54


]

Package natbib Warning: Citation `Maeda2017' on page 55 undefined on input line 50.


Package natbib Warning: Citation `Maeda2017' on page 55 undefined on input line 52.


Package natbib Warning: Citation `豊田201606' on page 55 undefined on input line 52.

) [55]
\openout2 = `lesson27.aux'.

 (./lesson27.tex

Package natbib Warning: Citation `Lee201709' on page 56 undefined on input line 17.


Package natbib Warning: Citation `Maeda2017' on page 56 undefined on input line 17.


Package natbib Warning: Citation `Maeda2017' on page 56 undefined on input line 22.


Package natbib Warning: Citation `豊田201506' on page 56 undefined on input line 27.


Package natbib Warning: Citation `Maeda2017' on page 56 undefined on input line 27.

[56


]) [57]
\openout2 = `lesson28.aux'.

 (./lesson28.tex

Package natbib Warning: Citation `馬場201907' on page 58 undefined on input line 15.


Package natbib Warning: Citation `馬場201907' on page 58 undefined on input line 20.


Package natbib Warning: Citation `豊田201606' on page 58 undefined on input line 25.

[58


]

LaTeX Warning: Reference `lesson19' on page 59 undefined on input line 44.


LaTeX Warning: Reference `lesson21' on page 59 undefined on input line 44.


LaTeX Warning: Reference `lesson23' on page 59 undefined on input line 44.

) [59]
\openout2 = `lesson29.aux'.

 (./lesson29.tex

Package natbib Warning: Citation `馬場201907' on page 60 undefined on input line 15.


Package natbib Warning: Citation `馬場201907' on page 60 undefined on input line 20.


Package natbib Warning: Citation `馬場201907' on page 60 undefined on input line 25.

[60


]

Package natbib Warning: Citation `馬場201907' on page 61 undefined on input line 44.

) [61]
\openout2 = `lesson30.aux'.

 (./lesson30.tex) [62


]
No file syllabus.bbl.

Package natbib Warning: There were undefined citations.

(./syllabus.aux (./lesson01.aux) (./lesson02.aux) (./lesson03.aux) (./lesson04.aux) (./lesson05.aux) (./lesson06.aux) (./lesson07.aux) (./lesson08.aux) (./lesson09.aux) (./lesson10.aux) (./lesson11.aux) (./lesson12.aux) (./lesson13.aux) (./lesson14.aux) (./lesson15.aux) (./lesson16.aux) (./lesson17.aux) (./lesson18.aux) (./lesson19.aux) (./lesson20.aux) (./lesson21.aux) (./lesson22.aux) (./lesson23.aux) (./lesson24.aux) (./lesson25.aux) (./lesson26.aux) (./lesson27.aux) (./lesson28.aux) (./lesson29.aux) (./lesson30.aux))

LaTeX Warning: There were undefined references.


LaTeX Warning: Label(s) may have changed. Rerun to get cross-references right.

 ) 
Here is how much of TeX's memory you used:
 1399 strings out of 481779
 18436 string characters out of 5932065
 270233 words of memory out of 5000000
 16693 multiletter control sequences out of 15000+600000
 544227 words of font info for 87 fonts, out of 8000000 for 9000
 934 hyphenation exceptions out of 8191
 26i,8n,29p,1341b,352s stack positions out of 5000i,500n,10000p,200000b,80000s

Output written on syllabus.dvi (62 pages, 187680 bytes).
