LaTeX Warning: Citation 'Miura201705' on page 4 undefined on input line 11.
LaTeX Warning: Citation 'Shimoyama2001' on page 4 undefined on input line 16.
LaTeX Warning: Citation 'Miura201705' on page 4 undefined on input line 21.
LaTeX Warning: Citation 'Kawabata201408' on page 4 undefined on input line 22.
LaTeX Warning: Citation 'Daihiko201507' on page 5 undefined on input line 41.
LaTeX Warning: Citation 'Michimata200903' on page 5 undefined on input line 41.
LaTeX Warning: Citation 'Kikuchi2018' on page 5 undefined on input line 41.
LaTeX Warning: Citation 'Ohashi201610' on page 5 undefined on input line 41.
LaTeX Warning: Citation 'kosugi2019' on page 8 undefined on input line 13.
LaTeX Warning: Citation 'kosugi2019' on page 8 undefined on input line 13.
LaTeX Warning: Citation 'kosugi2019' on page 8 undefined on input line 20.
LaTeX Warning: Citation 'Yamada2004' on page 10 undefined on input line 13.
LaTeX Warning: Citation 'Baba2020' on page 10 undefined on input line 18.
LaTeX Warning: Citation 'Kawabata201408' on page 10 undefined on input line 23.
LaTeX Warning: Citation 'Yamada2004' on page 10 undefined on input line 23.
LaTeX Warning: Citation 'Miura201705' on page 11 undefined on input line 45.
LaTeX Warning: Citation 'Kawabata201408' on page 11 undefined on input line 45.
LaTeX Warning: Citation 'Yamada2004' on page 11 undefined on input line 45.
LaTeX Warning: Citation 'kosugi2018' on page 11 undefined on input line 45.
LaTeX Warning: Citation 'kosugi2019' on page 11 undefined on input line 45.
LaTeX Warning: Citation 'Yamauchi201001' on page 12 undefined on input line 11.
LaTeX Warning: Citation 'Yamada2004' on page 12 undefined on input line 11.
LaTeX Warning: Citation 'Kawabata201408' on page 12 undefined on input line 11.
LaTeX Warning: Citation 'Yamauchi201001' on page 12 undefined on input line 16.
LaTeX Warning: Citation 'Yamada2004' on page 12 undefined on input line 16.
LaTeX Warning: Citation 'Kawabata201408' on page 12 undefined on input line 16.
LaTeX Warning: Citation 'kosugi2019' on page 12 undefined on input line 21.
LaTeX Warning: Citation 'Kinosady2021' on page 12 undefined on input line 21.
LaTeX Warning: Citation 'kosugi2019' on page 13 undefined on input line 26.
LaTeX Warning: Citation 'Baba2020' on page 13 undefined on input line 26.
LaTeX Warning: Citation 'Kinosady2021' on page 13 undefined on input line 31.
LaTeX Warning: Citation 'kosugi2019' on page 13 undefined on input line 31.
LaTeX Warning: Citation 'Yamada2004' on page 13 undefined on input line 54.
LaTeX Warning: Citation 'Kawabata201408' on page 13 undefined on input line 54.
LaTeX Warning: Citation 'kosugi2019' on page 13 undefined on input line 54.
LaTeX Warning: Citation 'Yamauchi201001' on page 15 undefined on input line 13.
LaTeX Warning: Citation 'Yamada2004' on page 15 undefined on input line 13.
LaTeX Warning: Citation 'Kawabata201408' on page 15 undefined on input line 13.
LaTeX Warning: Citation 'Kawabata201408' on page 15 undefined on input line 18.
LaTeX Warning: Citation 'Yamada2004' on page 15 undefined on input line 18.
LaTeX Warning: Citation 'TDE2022' on page 15 undefined on input line 18.
LaTeX Warning: Citation 'kosugi2019' on page 15 undefined on input line 23.
LaTeX Warning: Citation 'Kieran2018' on page 16 undefined on input line 28.
LaTeX Warning: Citation 'Toyoda201706' on page 17 undefined on input line 13.
LaTeX Warning: Citation 'Toyoda201706' on page 17 undefined on input line 18.
LaTeX Warning: Citation 'Nojima201903' on page 17 undefined on input line 23.
LaTeX Warning: Citation 'Toyoda1992' on page 17 undefined on input line 28.
LaTeX Warning: Citation 'Yamauchi201001' on page 18 undefined on input line 48.
LaTeX Warning: Citation 'kosugi2018' on page 18 undefined on input line 48.
LaTeX Warning: Citation 'kosugi2019' on page 19 undefined on input line 12.
LaTeX Warning: Citation 'Toyoda1992' on page 19 undefined on input line 17.
LaTeX Warning: Citation 'Kawabata201408' on page 19 undefined on input line 22.
LaTeX Warning: Citation 'Yamada2004' on page 19 undefined on input line 22.
LaTeX Warning: Citation 'kosugi2018' on page 20 undefined on input line 27.
LaTeX Warning: Citation 'kosugi2018' on page 20 undefined on input line 32.
LaTeX Warning: Citation 'Shimizu201705' on page 20 undefined on input line 32.
LaTeX Warning: Citation 'Yuki201810' on page 20 undefined on input line 51.
LaTeX Warning: Citation 'Okada200804' on page 20 undefined on input line 51.
LaTeX Warning: Citation 'Toyoda201706' on page 20 undefined on input line 53.
LaTeX Warning: Citation 'kosugi2016a' on page 21 undefined on input line 63.
LaTeX Warning: Citation 'kosugi2019' on page 22 undefined on input line 12.
LaTeX Warning: Citation 'kosugi2018' on page 22 undefined on input line 17.
LaTeX Warning: Citation 'kosugi2018' on page 22 undefined on input line 22.
LaTeX Warning: Citation 'kosugi2018' on page 22 undefined on input line 25.
LaTeX Warning: Citation 'kosugi2018' on page 22 undefined on input line 27.
LaTeX Warning: Citation 'kosugi2018' on page 23 undefined on input line 32.
LaTeX Warning: Citation 'kosugi2019' on page 23 undefined on input line 51.
LaTeX Warning: Citation 'Yamada2004' on page 24 undefined on input line 12.
LaTeX Warning: Citation 'Yamada2004' on page 24 undefined on input line 17.
LaTeX Warning: Citation 'Minamoto2015' on page 24 undefined on input line 22.
LaTeX Warning: Citation 'Yamada2004' on page 25 undefined on input line 27.
LaTeX Warning: Citation 'Yamada2004' on page 25 undefined on input line 32.
LaTeX Warning: Citation 'Kawabata201408' on page 25 undefined on input line 32.
LaTeX Warning: Citation 'Yamada2004' on page 25 undefined on input line 49.
LaTeX Warning: Citation 'Yamada2004' on page 25 undefined on input line 51.
LaTeX Warning: Citation 'Yamada2004' on page 27 undefined on input line 12.
LaTeX Warning: Citation 'kosugi2023' on page 27 undefined on input line 12.
LaTeX Warning: Citation 'Kawabata201408' on page 27 undefined on input line 17.
LaTeX Warning: Citation 'Yamada2004' on page 27 undefined on input line 17.
LaTeX Warning: Citation 'Kawabata201408' on page 27 undefined on input line 22.
LaTeX Warning: Citation 'Yamada2004' on page 27 undefined on input line 22.
LaTeX Warning: Citation 'Kawabata201408' on page 28 undefined on input line 28.
LaTeX Warning: Citation 'Yamada2004' on page 28 undefined on input line 28.
LaTeX Warning: Citation 'Kawabata201408' on page 28 undefined on input line 59.
LaTeX Warning: Citation 'Yamada2004' on page 28 undefined on input line 59.
LaTeX Warning: Citation 'Yamada2004' on page 29 undefined on input line 12.
LaTeX Warning: Citation 'Kawabata201408' on page 29 undefined on input line 12.
LaTeX Warning: Citation 'Kawabata201408' on page 29 undefined on input line 17.
LaTeX Warning: Citation 'kosugi2018' on page 29 undefined on input line 17.
LaTeX Warning: Citation 'Shimizu2021' on page 29 undefined on input line 17.
LaTeX Warning: Citation 'Kawabata201408' on page 29 undefined on input line 22.
LaTeX Warning: Citation 'Yamada2004' on page 29 undefined on input line 22.
LaTeX Warning: Citation 'Kawabata201408' on page 30 undefined on input line 27.
LaTeX Warning: Citation 'Yamada2004' on page 30 undefined on input line 27.
LaTeX Warning: Citation 'Yamada2004' on page 31 undefined on input line 13.
LaTeX Warning: Citation 'Kawabata201408' on page 31 undefined on input line 13.
LaTeX Warning: Citation 'Yamada2004' on page 31 undefined on input line 18.
LaTeX Warning: Citation 'Yamauchi201001' on page 31 undefined on input line 18.
LaTeX Warning: Citation 'Yamada2004' on page 31 undefined on input line 23.
LaTeX Warning: Citation 'Kawabata201408' on page 31 undefined on input line 23.
LaTeX Warning: Citation 'Matia201201' on page 32 undefined on input line 28.
LaTeX Warning: Citation 'Kawabata201408' on page 32 undefined on input line 28.
LaTeX Warning: Citation 'Yamada2004' on page 32 undefined on input line 34.
LaTeX Warning: Citation 'Kawabata201408' on page 32 undefined on input line 34.
LaTeX Warning: Citation 'Yamada2004' on page 32 undefined on input line 37.
LaTeX Warning: Citation 'Kawabata201408' on page 32 undefined on input line 37.
LaTeX Warning: Citation 'Kawabata201408' on page 36 undefined on input line 12.
LaTeX Warning: Citation 'Yamada2004' on page 36 undefined on input line 12.
LaTeX Warning: Citation 'kosugi2019' on page 36 undefined on input line 17.
LaTeX Warning: Citation 'Shimizu2021' on page 36 undefined on input line 17.
LaTeX Warning: Citation 'kosugi2019' on page 36 undefined on input line 22.
LaTeX Warning: Citation 'Shimizu2021' on page 36 undefined on input line 22.
LaTeX Warning: Citation 'Kawabata201408' on page 37 undefined on input line 32.
LaTeX Warning: Citation 'kosugi2023' on page 37 undefined on input line 32.
LaTeX Warning: Citation 'Matia201201' on page 37 undefined on input line 63.
LaTeX Warning: Citation 'Kawabata201408' on page 37 undefined on input line 63.
LaTeX Warning: Citation 'kosugi2023' on page 37 undefined on input line 63.
LaTeX Warning: Citation 'Yasui2019' on page 38 undefined on input line 17.
LaTeX Warning: Citation 'Toyoda201706' on page 38 undefined on input line 17.
LaTeX Warning: Citation 'Toyoda201706' on page 38 undefined on input line 27.
LaTeX Warning: Citation 'kosugi2018' on page 38 undefined on input line 27.
LaTeX Warning: Citation 'kosugi2018' on page 38 undefined on input line 32.
LaTeX Warning: Citation 'Matia201201' on page 38 undefined on input line 32.
LaTeX Warning: Citation 'Toyoda201706' on page 39 undefined on input line 64.
LaTeX Warning: Citation 'kosugi2018' on page 39 undefined on input line 64.
LaTeX Warning: Citation 'Toyoda201706' on page 40 undefined on input line 12.
LaTeX Warning: Citation 'kosugi2018' on page 40 undefined on input line 12.
LaTeX Warning: Citation 'Yamada2004' on page 40 undefined on input line 17.
LaTeX Warning: Citation 'kosugi2018' on page 40 undefined on input line 17.
LaTeX Warning: Citation 'Yamada2004' on page 40 undefined on input line 23.
LaTeX Warning: Citation 'kosugi2019' on page 40 undefined on input line 23.
LaTeX Warning: Citation 'Kawabata201408' on page 42 undefined on input line 13.
LaTeX Warning: Citation 'Yamada2004' on page 42 undefined on input line 13.
LaTeX Warning: Citation 'kosugi2019' on page 42 undefined on input line 20.
LaTeX Warning: Citation 'Kinosady2021' on page 42 undefined on input line 20.
LaTeX Warning: Citation 'kosugi2019' on page 42 undefined on input line 25.
LaTeX Warning: Citation 'Hashimoto201607' on page 42 undefined on input line 25.
LaTeX Warning: Citation 'kosugi2019' on page 43 undefined on input line 58.
LaTeX Warning: Citation 'Hashimoto201607' on page 43 undefined on input line 58.
LaTeX Warning: Citation 'kosugi2019' on page 44 undefined on input line 17.
LaTeX Warning: Citation 'Hashimoto201607' on page 44 undefined on input line 17.
LaTeX Warning: Citation 'Kinosady2021' on page 44 undefined on input line 22.
LaTeX Warning: Citation 'kosugi2019' on page 44 undefined on input line 22.
LaTeX Warning: Citation 'kosugi2019' on page 45 undefined on input line 51.
LaTeX Warning: Citation 'Hashimoto201607' on page 45 undefined on input line 51.
LaTeX Warning: Citation 'Toyoda201706' on page 46 undefined on input line 12.
LaTeX Warning: Citation 'kosugi2018' on page 46 undefined on input line 12.
LaTeX Warning: Citation 'Yamada2004' on page 46 undefined on input line 17.
LaTeX Warning: Citation 'kosugi2019' on page 46 undefined on input line 17.
LaTeX Warning: Citation 'Yamada2004' on page 46 undefined on input line 22.
LaTeX Warning: Citation 'kosugi2018' on page 46 undefined on input line 22.
LaTeX Warning: Citation 'kosugi2018' on page 47 undefined on input line 27.
LaTeX Warning: Citation 'Toyoda201706' on page 47 undefined on input line 27.
LaTeX Warning: Citation 'aoki2021' on page 49 undefined on input line 13.
LaTeX Warning: Citation 'kosugi2019' on page 49 undefined on input line 13.
LaTeX Warning: Citation 'aoki2021' on page 49 undefined on input line 18.
LaTeX Warning: Citation 'kosugi2018' on page 49 undefined on input line 18.
LaTeX Warning: Citation 'Nojima201903' on page 51 undefined on input line 18.
LaTeX Warning: Citation 'kosugi2018' on page 51 undefined on input line 18.
LaTeX Warning: Reference `s06_ctt' on page 52 undefined on input line 41.
LaTeX Warning: Reference `s07_probability' on page 52 undefined on input line 41.
LaTeX Warning: There were undefined references.
LaTeX Warning: Citation 'Miura201705' on page 4 undefined on input line 11.
LaTeX Warning: Citation 'Shimoyama2001' on page 4 undefined on input line 16.
LaTeX Warning: Citation 'Miura201705' on page 4 undefined on input line 21.
LaTeX Warning: Citation 'Kawabata201408' on page 4 undefined on input line 22.
LaTeX Warning: Citation 'Daihiko201507' on page 5 undefined on input line 41.
LaTeX Warning: Citation 'Michimata200903' on page 5 undefined on input line 41.
LaTeX Warning: Citation 'Kikuchi2018' on page 5 undefined on input line 41.
LaTeX Warning: Citation 'Ohashi201610' on page 5 undefined on input line 41.
LaTeX Warning: Citation 'kosugi2019' on page 8 undefined on input line 13.
LaTeX Warning: Citation 'kosugi2019' on page 8 undefined on input line 13.
LaTeX Warning: Citation 'kosugi2019' on page 8 undefined on input line 20.
LaTeX Warning: Citation 'Yamada2004' on page 10 undefined on input line 13.
LaTeX Warning: Citation 'Baba2020' on page 10 undefined on input line 18.
LaTeX Warning: Citation 'Kawabata201408' on page 10 undefined on input line 23.
LaTeX Warning: Citation 'Yamada2004' on page 10 undefined on input line 23.
LaTeX Warning: Citation 'Miura201705' on page 11 undefined on input line 45.
LaTeX Warning: Citation 'Kawabata201408' on page 11 undefined on input line 45.
LaTeX Warning: Citation 'Yamada2004' on page 11 undefined on input line 45.
LaTeX Warning: Citation 'kosugi2018' on page 11 undefined on input line 45.
LaTeX Warning: Citation 'kosugi2019' on page 11 undefined on input line 45.
LaTeX Warning: Citation 'Yamauchi201001' on page 12 undefined on input line 11.
LaTeX Warning: Citation 'Yamada2004' on page 12 undefined on input line 11.
LaTeX Warning: Citation 'Kawabata201408' on page 12 undefined on input line 11.
LaTeX Warning: Citation 'Yamauchi201001' on page 12 undefined on input line 16.
LaTeX Warning: Citation 'Yamada2004' on page 12 undefined on input line 16.
LaTeX Warning: Citation 'Kawabata201408' on page 12 undefined on input line 16.
LaTeX Warning: Citation 'kosugi2019' on page 12 undefined on input line 21.
LaTeX Warning: Citation 'Kinosady2021' on page 12 undefined on input line 21.
LaTeX Warning: Citation 'kosugi2019' on page 13 undefined on input line 26.
LaTeX Warning: Citation 'Baba2020' on page 13 undefined on input line 26.
LaTeX Warning: Citation 'Kinosady2021' on page 13 undefined on input line 31.
LaTeX Warning: Citation 'kosugi2019' on page 13 undefined on input line 31.
LaTeX Warning: Citation 'Yamada2004' on page 13 undefined on input line 54.
LaTeX Warning: Citation 'Kawabata201408' on page 13 undefined on input line 54.
LaTeX Warning: Citation 'kosugi2019' on page 13 undefined on input line 54.
LaTeX Warning: Citation 'Yamauchi201001' on page 15 undefined on input line 13.
LaTeX Warning: Citation 'Yamada2004' on page 15 undefined on input line 13.
LaTeX Warning: Citation 'Kawabata201408' on page 15 undefined on input line 13.
LaTeX Warning: Citation 'Kawabata201408' on page 15 undefined on input line 18.
LaTeX Warning: Citation 'Yamada2004' on page 15 undefined on input line 18.
LaTeX Warning: Citation 'TDE2022' on page 15 undefined on input line 18.
LaTeX Warning: Citation 'kosugi2019' on page 15 undefined on input line 23.
LaTeX Warning: Citation 'Kieran2018' on page 16 undefined on input line 28.
LaTeX Warning: Citation 'Toyoda201706' on page 17 undefined on input line 13.
LaTeX Warning: Citation 'Toyoda201706' on page 17 undefined on input line 18.
LaTeX Warning: Citation 'Nojima201903' on page 17 undefined on input line 23.
LaTeX Warning: Citation 'Toyoda1992' on page 17 undefined on input line 28.
LaTeX Warning: Citation 'Yamauchi201001' on page 18 undefined on input line 48.
LaTeX Warning: Citation 'kosugi2018' on page 18 undefined on input line 48.
LaTeX Warning: Citation 'kosugi2019' on page 19 undefined on input line 12.
LaTeX Warning: Citation 'Toyoda1992' on page 19 undefined on input line 17.
LaTeX Warning: Citation 'Kawabata201408' on page 19 undefined on input line 22.
LaTeX Warning: Citation 'Yamada2004' on page 19 undefined on input line 22.
LaTeX Warning: Citation 'kosugi2018' on page 20 undefined on input line 27.
LaTeX Warning: Citation 'kosugi2018' on page 20 undefined on input line 32.
LaTeX Warning: Citation 'Shimizu201705' on page 20 undefined on input line 32.
LaTeX Warning: Citation 'Yuki201810' on page 20 undefined on input line 51.
LaTeX Warning: Citation 'Okada200804' on page 20 undefined on input line 51.
LaTeX Warning: Citation 'Toyoda201706' on page 20 undefined on input line 53.
LaTeX Warning: Citation 'kosugi2016a' on page 21 undefined on input line 63.
LaTeX Warning: Citation 'kosugi2019' on page 22 undefined on input line 12.
LaTeX Warning: Citation 'kosugi2018' on page 22 undefined on input line 17.
LaTeX Warning: Citation 'kosugi2018' on page 22 undefined on input line 22.
LaTeX Warning: Citation 'kosugi2018' on page 22 undefined on input line 25.
LaTeX Warning: Citation 'kosugi2018' on page 22 undefined on input line 27.
LaTeX Warning: Citation 'kosugi2018' on page 23 undefined on input line 32.
LaTeX Warning: Citation 'kosugi2019' on page 23 undefined on input line 51.
LaTeX Warning: Citation 'Yamada2004' on page 24 undefined on input line 12.
LaTeX Warning: Citation 'Yamada2004' on page 24 undefined on input line 17.
LaTeX Warning: Citation 'Minamoto2015' on page 24 undefined on input line 22.
LaTeX Warning: Citation 'Yamada2004' on page 25 undefined on input line 27.
LaTeX Warning: Citation 'Yamada2004' on page 25 undefined on input line 32.
LaTeX Warning: Citation 'Kawabata201408' on page 25 undefined on input line 32.
LaTeX Warning: Citation 'Yamada2004' on page 25 undefined on input line 49.
LaTeX Warning: Citation 'Yamada2004' on page 25 undefined on input line 51.
LaTeX Warning: Citation 'Yamada2004' on page 27 undefined on input line 12.
LaTeX Warning: Citation 'kosugi2023' on page 27 undefined on input line 12.
LaTeX Warning: Citation 'Kawabata201408' on page 27 undefined on input line 17.
LaTeX Warning: Citation 'Yamada2004' on page 27 undefined on input line 17.
LaTeX Warning: Citation 'Kawabata201408' on page 27 undefined on input line 22.
LaTeX Warning: Citation 'Yamada2004' on page 27 undefined on input line 22.
LaTeX Warning: Citation 'Kawabata201408' on page 28 undefined on input line 28.
LaTeX Warning: Citation 'Yamada2004' on page 28 undefined on input line 28.
LaTeX Warning: Citation 'Kawabata201408' on page 28 undefined on input line 59.
LaTeX Warning: Citation 'Yamada2004' on page 28 undefined on input line 59.
LaTeX Warning: Citation 'Yamada2004' on page 29 undefined on input line 12.
LaTeX Warning: Citation 'Kawabata201408' on page 29 undefined on input line 12.
LaTeX Warning: Citation 'Kawabata201408' on page 29 undefined on input line 17.
LaTeX Warning: Citation 'kosugi2018' on page 29 undefined on input line 17.
LaTeX Warning: Citation 'Shimizu2021' on page 29 undefined on input line 17.
LaTeX Warning: Citation 'Kawabata201408' on page 29 undefined on input line 22.
LaTeX Warning: Citation 'Yamada2004' on page 29 undefined on input line 22.
LaTeX Warning: Citation 'Kawabata201408' on page 30 undefined on input line 27.
LaTeX Warning: Citation 'Yamada2004' on page 30 undefined on input line 27.
LaTeX Warning: Citation 'Yamada2004' on page 31 undefined on input line 13.
LaTeX Warning: Citation 'Kawabata201408' on page 31 undefined on input line 13.
LaTeX Warning: Citation 'Yamada2004' on page 31 undefined on input line 18.
LaTeX Warning: Citation 'Yamauchi201001' on page 31 undefined on input line 18.
LaTeX Warning: Citation 'Yamada2004' on page 31 undefined on input line 23.
LaTeX Warning: Citation 'Kawabata201408' on page 31 undefined on input line 23.
LaTeX Warning: Citation 'Matia201201' on page 32 undefined on input line 28.
LaTeX Warning: Citation 'Kawabata201408' on page 32 undefined on input line 28.
LaTeX Warning: Citation 'Yamada2004' on page 32 undefined on input line 34.
LaTeX Warning: Citation 'Kawabata201408' on page 32 undefined on input line 34.
LaTeX Warning: Citation 'Yamada2004' on page 32 undefined on input line 37.
LaTeX Warning: Citation 'Kawabata201408' on page 32 undefined on input line 37.
LaTeX Warning: Citation 'Kawabata201408' on page 36 undefined on input line 12.
LaTeX Warning: Citation 'Yamada2004' on page 36 undefined on input line 12.
LaTeX Warning: Citation 'kosugi2019' on page 36 undefined on input line 17.
LaTeX Warning: Citation 'Shimizu2021' on page 36 undefined on input line 17.
LaTeX Warning: Citation 'kosugi2019' on page 36 undefined on input line 22.
LaTeX Warning: Citation 'Shimizu2021' on page 36 undefined on input line 22.
LaTeX Warning: Citation 'Kawabata201408' on page 37 undefined on input line 32.
LaTeX Warning: Citation 'kosugi2023' on page 37 undefined on input line 32.
LaTeX Warning: Citation 'Matia201201' on page 37 undefined on input line 63.
LaTeX Warning: Citation 'Kawabata201408' on page 37 undefined on input line 63.
LaTeX Warning: Citation 'kosugi2023' on page 37 undefined on input line 63.
LaTeX Warning: Citation 'Yasui2019' on page 38 undefined on input line 17.
LaTeX Warning: Citation 'Toyoda201706' on page 38 undefined on input line 17.
LaTeX Warning: Citation 'Toyoda201706' on page 38 undefined on input line 27.
LaTeX Warning: Citation 'kosugi2018' on page 38 undefined on input line 27.
LaTeX Warning: Citation 'kosugi2018' on page 38 undefined on input line 32.
LaTeX Warning: Citation 'Matia201201' on page 38 undefined on input line 32.
LaTeX Warning: Citation 'Toyoda201706' on page 39 undefined on input line 64.
LaTeX Warning: Citation 'kosugi2018' on page 39 undefined on input line 64.
LaTeX Warning: Citation 'Toyoda201706' on page 40 undefined on input line 12.
LaTeX Warning: Citation 'kosugi2018' on page 40 undefined on input line 12.
LaTeX Warning: Citation 'Yamada2004' on page 40 undefined on input line 17.
LaTeX Warning: Citation 'kosugi2018' on page 40 undefined on input line 17.
LaTeX Warning: Citation 'Yamada2004' on page 40 undefined on input line 23.
LaTeX Warning: Citation 'kosugi2019' on page 40 undefined on input line 23.
LaTeX Warning: Citation 'Kawabata201408' on page 42 undefined on input line 13.
LaTeX Warning: Citation 'Yamada2004' on page 42 undefined on input line 13.
LaTeX Warning: Citation 'kosugi2019' on page 42 undefined on input line 20.
LaTeX Warning: Citation 'Kinosady2021' on page 42 undefined on input line 20.
LaTeX Warning: Citation 'kosugi2019' on page 42 undefined on input line 25.
LaTeX Warning: Citation 'Hashimoto201607' on page 42 undefined on input line 25.
LaTeX Warning: Citation 'kosugi2019' on page 43 undefined on input line 58.
LaTeX Warning: Citation 'Hashimoto201607' on page 43 undefined on input line 58.
LaTeX Warning: Citation 'kosugi2019' on page 44 undefined on input line 17.
LaTeX Warning: Citation 'Hashimoto201607' on page 44 undefined on input line 17.
LaTeX Warning: Citation 'Kinosady2021' on page 44 undefined on input line 22.
LaTeX Warning: Citation 'kosugi2019' on page 44 undefined on input line 22.
LaTeX Warning: Citation 'kosugi2019' on page 45 undefined on input line 51.
LaTeX Warning: Citation 'Hashimoto201607' on page 45 undefined on input line 51.
LaTeX Warning: Citation 'Toyoda201706' on page 46 undefined on input line 12.
LaTeX Warning: Citation 'kosugi2018' on page 46 undefined on input line 12.
LaTeX Warning: Citation 'Yamada2004' on page 46 undefined on input line 17.
LaTeX Warning: Citation 'kosugi2019' on page 46 undefined on input line 17.
LaTeX Warning: Citation 'Yamada2004' on page 46 undefined on input line 22.
LaTeX Warning: Citation 'kosugi2018' on page 46 undefined on input line 22.
LaTeX Warning: Citation 'kosugi2018' on page 47 undefined on input line 27.
LaTeX Warning: Citation 'Toyoda201706' on page 47 undefined on input line 27.
LaTeX Warning: Citation 'aoki2021' on page 49 undefined on input line 13.
LaTeX Warning: Citation 'kosugi2019' on page 49 undefined on input line 13.
LaTeX Warning: Citation 'aoki2021' on page 49 undefined on input line 18.
LaTeX Warning: Citation 'kosugi2018' on page 49 undefined on input line 18.
LaTeX Warning: Citation 'Nojima201903' on page 51 undefined on input line 18.
LaTeX Warning: Citation 'kosugi2018' on page 51 undefined on input line 18.
