This is LuaTeX, Version 1.13.2 (TeX Live 2021)  (format=dvilualatex 2021.10.19)  22 OCT 2021 16:03
 restricted system commands enabled.
**\makeatletter\def\HCode{\futurelet\HCode\HChar}\def\HChar{\ifx"\HCode\def\HCo
de"##1"{\Link##1}\expandafter\HCode\else\expandafter\Link\fi}\def\Link#1.a.b.c.
{\AddToHook{class/before}{\RequirePackage[#1,html]{tex4ht}\RequirePackage{tex4e
book}}\let\HCode\documentstyle\def\documentstyle{\let\documentstyle\HCode\expan
dafter\def\csname tex4ht\endcsname{#1,html}\def\HCode####1{\documentstyle[tex4h
t,}\@ifnextchar[{\HCode}{\documentstyle[tex4ht]}}}\makeatother\HCode config.cfg
,,charset=utf-8,charset=utf-8,epub,uni-html4.a.b.c.\input "\detokenize{sample.t
ex}"
Lua module: luaotfload 2021-05-21 3.18 Lua based OpenType font support
Lua module: lualibs 2021-05-20 2.74 ConTeXt Lua standard libraries.
Lua module: lualibs-extended 2021-05-20 2.74 ConTeXt Lua libraries -- extended collection.
luaotfload | conf : Root cache directory is "/Users/Napier/Library/texlive/2021/texmf-var/luatex-cache/generic/names".
luaotfload | init : Loading fontloader "fontloader-2021-05-20.lua" from kpse-resolved path "/usr/local/texlive/2021/texmf-dist/tex/luatex/luaotfload/fontloader-2021-05-20.lua".
Lua-only attribute luaotfload@noligature = 1
Lua-only attribute luaotfload@syllabe = 2
luaotfload | init : Context OpenType loader version 3.116
Inserting `luaotfload.node_processor' at position 1 in `pre_linebreak_filter'.
Inserting `luaotfload.node_processor' at position 1 in `hpack_filter'.
Inserting `luaotfload.glyph_stream' at position 1 in `glyph_stream_provider'.
Inserting `luaotfload.define_font' at position 1 in `define_font'.
Lua-only attribute luaotfload_color_attribute = 3
luaotfload | conf : Root cache directory is "/Users/Napier/Library/texlive/2021/texmf-var/luatex-cache/generic/names".
Lua-only attribute luaotfload.letterspace_done = 4
Inserting `luaotfload.aux.set_sscale_dimens' at position 1 in `luaotfload.patch_font'.
Inserting `luaotfload.aux.set_font_index' at position 2 in `luaotfload.patch_font'.
Inserting `luaotfload.aux.patch_cambria_domh' at position 3 in `luaotfload.patch_font'.
Inserting `luaotfload.aux.fixup_fontdata' at position 1 in `luaotfload.patch_font_unsafe'.
Inserting `luaotfload.aux.set_capheight' at position 4 in `luaotfload.patch_font'.
Inserting `luaotfload.aux.set_xheight' at position 5 in `luaotfload.patch_font'.
Inserting `luaotfload.rewrite_fontname' at position 6 in `luaotfload.patch_font'.
Inserting `tracingstacklevels' at position 1 in `input_level_string'.
(./sample.tex (/usr/local/texlive/2021/texmf-dist/tex/generic/tex4ht/tex4ht.sty
version 2021-09-14-14:11
Package: tex4ht 
--------------------------------------
--- Note --- for _ at preamble, use the command line option `early_'
--------------------------------------
--------------------------------------
--- Note --- for ^ at preamble, use the command line option `early^'
--------------------------------------
\tmp:toks=\toks16
) (/usr/local/texlive/2021/texmf-dist/tex/generic/tex4ht/usepackage.4ht
version 2021-08-24-17:04
) (/usr/local/texlive/2021/texmf-dist/tex/latex/tex4ebook/tex4ebook.sty
Package: tex4ebook 2016/03/31 version 0.1d
(/usr/local/texlive/2021/texmf-dist/tex/latex/etoolbox/etoolbox.sty
Package: etoolbox 2020/10/05 v2.5k e-TeX tools for LaTeX (JAW)
\etb@tempcnta=\count179
) (/usr/local/texlive/2021/texmf-dist/tex/latex/kvoptions/kvoptions.sty
Package: kvoptions 2020-10-07 v3.14 Key value format for package options (HO)
(/usr/local/texlive/2021/texmf-dist/tex/latex/graphics/keyval.sty
Package: keyval 2014/10/28 v1.15 key=value parser (DPC)
\KV@toks@=\toks17
) (/usr/local/texlive/2021/texmf-dist/tex/generic/ltxcmds/ltxcmds.sty
Package: ltxcmds 2020-05-10 v1.25 LaTeX kernel commands for general use (HO)
) (/usr/local/texlive/2021/texmf-dist/tex/generic/kvsetkeys/kvsetkeys.sty
Package: kvsetkeys 2019/12/15 v1.18 Key value parser (HO)
)) (/usr/local/texlive/2021/texmf-dist/tex/latex/graphics/graphicx.sty
Package: graphicx 2020/12/05 v1.2c Enhanced LaTeX Graphics (DPC,SPQR)
(/usr/local/texlive/2021/texmf-dist/tex/generic/tex4ht/graphics-hooks.4ht
version 2020-10-17-13:53
) (/usr/local/texlive/2021/texmf-dist/tex/latex/graphics/graphics.sty
Package: graphics 2021/03/04 v1.4d Standard LaTeX Graphics (DPC,SPQR)
(/usr/local/texlive/2021/texmf-dist/tex/latex/graphics/trig.sty
Package: trig 2016/01/03 v1.10 sin cos tan (DPC)
) (/usr/local/texlive/2021/texmf-dist/tex/latex/graphics-cfg/graphics.cfg
File: graphics.cfg 2016/06/04 v1.11 sample graphics configuration
)
Package graphics Info: Driver file: dvips.def on input line 107.
(/usr/local/texlive/2021/texmf-dist/tex/latex/graphics-def/dvips.def
File: dvips.def 2017/06/20 v3.1d Graphics/color driver for dvips
))
\Gin@req@height=\dimen138
\Gin@req@width=\dimen139
)) (/usr/local/texlive/2021/texmf-dist/tex/latex/base/book.cls
Document Class: book 2021/02/12 v1.4n Standard LaTeX document class
(/usr/local/texlive/2021/texmf-dist/tex/latex/base/bk10.clo
File: bk10.clo 2021/02/12 v1.4n Standard LaTeX file (size option)
luaotfload | db : Font names database loaded from /Users/Napier/Library/texlive/
2021/texmf-var/luatex-cache/generic/names/luaotfload-names.luc)
\c@part=\count180
\c@chapter=\count181
\c@section=\count182
\c@subsection=\count183
\c@subsubsection=\count184
\c@paragraph=\count185
\c@subparagraph=\count186
\c@figure=\count187
\c@table=\count188
\abovecaptionskip=\skip47
\belowcaptionskip=\skip48
\bibindent=\dimen140
) (/usr/local/texlive/2021/texmf-dist/tex/latex/url/url.sty
\Urlmuskip=\muskip16
Package: url 2013/09/16  ver 3.4  Verb mode for urls, etc.
) (/usr/local/texlive/2021/texmf-dist/tex/generic/tex4ht/hyperref-hooks.4ht
version 2021-05-06-14:39
) (/usr/local/texlive/2021/texmf-dist/tex/latex/hyperref/hyperref.sty
Package: hyperref 2021-06-07 v7.00m Hypertext links for LaTeX
(/usr/local/texlive/2021/texmf-dist/tex/generic/iftex/iftex.sty
Package: iftex 2020/03/06 v1.0d TeX engine tests
) (/usr/local/texlive/2021/texmf-dist/tex/generic/pdftexcmds/pdftexcmds.sty
Package: pdftexcmds 2020-06-27 v0.33 Utility functions of pdfTeX for LuaTeX (HO
)
(/usr/local/texlive/2021/texmf-dist/tex/generic/infwarerr/infwarerr.sty
Package: infwarerr 2019/12/03 v1.5 Providing info/warning/error messages (HO)
)
Package pdftexcmds Info: \pdf@primitive is available.
Package pdftexcmds Info: \pdf@ifprimitive is available.
Package pdftexcmds Info: \pdfdraftmode is ignored in DVI mode.
\pdftexcmds@toks=\toks18
) (/usr/local/texlive/2021/texmf-dist/tex/generic/kvdefinekeys/kvdefinekeys.sty
Package: kvdefinekeys 2019-12-19 v1.6 Define keys (HO)
) (/usr/local/texlive/2021/texmf-dist/tex/generic/pdfescape/pdfescape.sty
Package: pdfescape 2019/12/09 v1.15 Implements pdfTeX's escape features (HO)
) (/usr/local/texlive/2021/texmf-dist/tex/latex/hycolor/hycolor.sty
Package: hycolor 2020-01-27 v1.10 Color options for hyperref/bookmark (HO)
) (/usr/local/texlive/2021/texmf-dist/tex/latex/letltxmacro/letltxmacro.sty
Package: letltxmacro 2019/12/03 v1.6 Let assignment for LaTeX macros (HO)
) (/usr/local/texlive/2021/texmf-dist/tex/latex/auxhook/auxhook.sty
Package: auxhook 2019-12-17 v1.6 Hooks for auxiliary files (HO)

Package auxhook Warning: Cannot patch \document,
(auxhook)                using \AtBeginDocument instead.

)
\@linkdim=\dimen141
\Hy@linkcounter=\count189
\Hy@pagecounter=\count190
(/usr/local/texlive/2021/texmf-dist/tex/latex/hyperref/pd1enc.def
File: pd1enc.def 2021-06-07 v7.00m Hyperref: PDFDocEncoding definition (HO)
)
(/usr/local/texlive/2021/texmf-dist/tex/latex/hyperref/hyperref-langpatches.def
File: hyperref-langpatches.def 2021-06-07 v7.00m Hyperref: patches for babel la
nguages
) (/usr/local/texlive/2021/texmf-dist/tex/generic/intcalc/intcalc.sty
Package: intcalc 2019/12/15 v1.3 Expandable calculations with integers (HO)
) (/usr/local/texlive/2021/texmf-dist/tex/generic/etexcmds/etexcmds.sty
Package: etexcmds 2019/12/15 v1.7 Avoid name clashes with e-TeX commands (HO)
)
\Hy@SavedSpaceFactor=\count191
(/usr/local/texlive/2021/texmf-dist/tex/latex/hyperref/puenc.def
File: puenc.def 2021-06-07 v7.00m Hyperref: PDF Unicode definition (HO)
)
Package hyperref Info: Option `colorlinks' set `true' on input line 4073.
Package hyperref Info: Hyper figures OFF on input line 4192.
Package hyperref Info: Link nesting OFF on input line 4197.
Package hyperref Info: Hyper index ON on input line 4200.
Package hyperref Info: Plain pages OFF on input line 4207.
Package hyperref Info: Backreferencing OFF on input line 4212.
Package hyperref Info: Implicit mode ON; LaTeX internals redefined.
Package hyperref Info: Bookmarks ON on input line 4445.
\c@Hy@tempcnt=\count192
LaTeX Info: Redefining \url on input line 4804.
\XeTeXLinkMargin=\dimen142
(/usr/local/texlive/2021/texmf-dist/tex/generic/bitset/bitset.sty
Package: bitset 2019/12/09 v1.3 Handle bit-vector datatype (HO)
(/usr/local/texlive/2021/texmf-dist/tex/generic/bigintcalc/bigintcalc.sty
Package: bigintcalc 2019/12/15 v1.5 Expandable calculations on big integers (HO
)
))
\Fld@menulength=\count193
\Field@Width=\dimen143
\Fld@charsize=\dimen144
\Field@toks=\toks19
Package hyperref Info: Hyper figures OFF on input line 6076.
Package hyperref Info: Link nesting OFF on input line 6081.
Package hyperref Info: Hyper index ON on input line 6084.
Package hyperref Info: backreferencing OFF on input line 6091.
Package hyperref Info: Link coloring ON on input line 6094.
Package hyperref Info: Link coloring with OCG OFF on input line 6101.
Package hyperref Info: PDF/A mode OFF on input line 6106.
LaTeX Info: Redefining \ref on input line 6146.
LaTeX Info: Redefining \pageref on input line 6150.
(/usr/local/texlive/2021/texmf-dist/tex/latex/base/atbegshi-ltx.sty
Package: atbegshi-ltx 2021/01/10 v1.0c Emulation of the original atbegshi
package with kernel methods
)
\Hy@abspage=\count194

Package hyperref Message: Stopped early.

)
Package hyperref Info: Driver: htex4ht.
(/usr/local/texlive/2021/texmf-dist/tex/latex/hyperref/htex4ht.def
File: htex4ht.def 2021-06-07 v7.00m Hyperref driver for TeX4ht
Package hyperref Info: tex4ht is already loaded.
) (/usr/local/texlive/2021/texmf-dist/tex/latex/hyperref/nameref.sty
Package: nameref 2021-04-02 v2.47 Cross-referencing by name of section
(/usr/local/texlive/2021/texmf-dist/tex/latex/refcount/refcount.sty
Package: refcount 2019/12/15 v3.6 Data extraction from label references (HO)
)
(/usr/local/texlive/2021/texmf-dist/tex/generic/gettitlestring/gettitlestring.s
ty
Package: gettitlestring 2019/12/15 v1.6 Cleanup title references (HO)
)
\c@section@level=\count195
) (/usr/local/texlive/2021/texmf-dist/tex/latex/epsdice/epsdice.sty
Package: epsdice 2007/02/15 by Thomas Heim (v. 2.1)
(/usr/local/texlive/2021/texmf-dist/tex/latex/base/ifthen.sty
Package: ifthen 2020/11/24 v1.1c Standard LaTeX ifthen package (DPC)
) (/usr/local/texlive/2021/texmf-dist/tex/latex/epsdice/epsdice.cfg)
\c@eps@face=\count196
) (/usr/local/texlive/2021/texmf-dist/tex/latex/fancyvrb/fancyvrb.sty
Package: fancyvrb 2021/10/15 v3.9 verbatim text (tvz,hv)
\FV@CodeLineNo=\count197
\FV@InFile=\read2
\FV@TabBox=\box50
\c@FancyVerbLine=\count198
\FV@StepNumber=\count199
\FV@OutFile=\write3
) (/usr/local/texlive/2021/texmf-dist/tex/generic/ulem/ulem.sty
\UL@box=\box51
\UL@hyphenbox=\box52
\UL@skip=\skip49
\UL@hook=\toks20
\UL@height=\dimen145
\UL@pe=\count266
\UL@pixel=\dimen146
\ULC@box=\box53
Package: ulem 2019/11/18
\ULdepth=\dimen147
) (/usr/local/texlive/2021/texmf-dist/tex/latex/tools/bm.sty
Package: bm 2021/04/25 v1.2e Bold Symbol Support (DPC/FMi)
\symboldoperators=\mathgroup4
\symboldletters=\mathgroup5
\symboldsymbols=\mathgroup6
Package bm Info: No bold for \OMX/cmex/m/n, using \pmb.
LaTeX Font Info:    Redeclaring math alphabet \mathbf on input line 149.
) (/usr/local/texlive/2021/texmf-dist/tex/generic/tex4ht/xcolor-hooks.4ht
version 2020-10-17-13:53
) (/usr/local/texlive/2021/texmf-dist/tex/latex/xcolor/xcolor.sty
Package: xcolor 2016/05/11 v2.12 LaTeX color extensions (UK)
(/usr/local/texlive/2021/texmf-dist/tex/latex/graphics-cfg/color.cfg
File: color.cfg 2016/01/02 v1.6 sample color configuration
)
Package xcolor Info: Driver file: dvips.def on input line 225.
Package xcolor Info: Model `cmy' substituted by `cmy0' on input line 1348.
Package xcolor Info: Model `RGB' extended on input line 1364.
Package xcolor Info: Model `HTML' substituted by `rgb' on input line 1366.
Package xcolor Info: Model `Hsb' substituted by `hsb' on input line 1367.
Package xcolor Info: Model `tHsb' substituted by `hsb' on input line 1368.
Package xcolor Info: Model `HSB' substituted by `hsb' on input line 1369.
Package xcolor Info: Model `Gray' substituted by `gray' on input line 1370.
Package xcolor Info: Model `wave' substituted by `hsb' on input line 1371.
) (/usr/local/texlive/2021/texmf-dist/tex/latex/listingsutf8/listingsutf8.sty
Package: listingsutf8 2019-12-10 v1.5 Allow UTF-8 in listings input (HO)
(/usr/local/texlive/2021/texmf-dist/tex/latex/listings/listings.sty
\lst@mode=\count267
\lst@gtempboxa=\box54
\lst@token=\toks21
\lst@length=\count268
\lst@currlwidth=\dimen148
\lst@column=\count269
\lst@pos=\count270
\lst@lostspace=\dimen149
\lst@width=\dimen150
\lst@newlines=\count271
\lst@lineno=\count272
\lst@maxwidth=\dimen151
(/usr/local/texlive/2021/texmf-dist/tex/latex/listings/lstmisc.sty
File: lstmisc.sty 2020/03/24 1.8d (Carsten Heinz)
\c@lstnumber=\count273
\lst@skipnumbers=\count274
\lst@framebox=\box55
) (/usr/local/texlive/2021/texmf-dist/tex/latex/listings/listings.cfg
File: listings.cfg 2020/03/24 1.8d listings configuration
))
Package: listings 2020/03/24 1.8d (Carsten Heinz)
(/usr/local/texlive/2021/texmf-dist/tex/generic/stringenc/stringenc.sty
Package: stringenc 2019/11/29 v1.12 Convert strings between diff. encodings (HO
)
)) (/usr/local/texlive/2021/texmf-dist/tex/latex/wrapfig/wrapfig.sty
\wrapoverhang=\dimen152
\WF@size=\dimen153
\c@WF@wrappedlines=\count275
\WF@box=\box56
\WF@everypar=\toks22
Package: wrapfig 2003/01/31  v 3.6
) (/usr/local/texlive/2021/texmf-dist/tex/latex/multirow/multirow.sty
Package: multirow 2021/03/15 v2.8 Span multiple rows of a table
\multirow@colwidth=\skip50
\multirow@cntb=\count276
\multirow@dima=\skip51
\bigstrutjot=\dimen154
) (./alternative4ht.sty
Package: alternative4ht 
)
alternative4ht: no patch file for fontspec
alternative4ht: no patch file for xeCJK
alternative4ht: no patch file for xunicode
(./config.cfg (/usr/local/texlive/2021/texmf-dist/tex/generic/tex4ht/tex4ht.4ht
version 2021-06-20-15:33
--------------------------------------
--- Note --- for additional information, use the command line option `info'
--------------------------------------
::::::::::::::::::::::::::::::::::::::::::
 TeX4ht info is available in the log file 
::::::::::::::::::::::::::::::::::::::::::
) (/usr/local/texlive/2021/texmf-dist/tex/generic/tex4ht/tex4ht.sty
version 2021-09-14-14:11
l.855 --- TeX4ht warning --- nonprimitive \everypar ---
--- needs --- tex4ht sample ---
\tmp:cnt=\count277

\openout15 = sample.tmp
(./sample.tmp)
\tmp:dim=\skip52
--------------------------------------
--- Note --- for XML code, use the command line option `xml' or `xhtml'
--------------------------------------
(./sample.xref)
\:refout=\write4

\openout4 = sample.xref
(/usr/local/texlive/2021/texmf-dist/tex/generic/tex4ht/html4.4ht
version 2021-10-12-13:20
--------------------------------------
--- Note --- to remove the <?xml version=...?> processing instruction use the c
ommand line option `no-VERSION'
--------------------------------------
--------------------------------------
--- Note --- to remove the DOCTYPE declaration use the command line option `no-
DOCTYPE'
--------------------------------------
) (/usr/local/texlive/2021/texmf-dist/tex/generic/tex4ht/html4-math.4ht
version 2021-04-16-13:27
) (/usr/local/texlive/2021/texmf-dist/tex/generic/tex4ht/unicode.4ht
version 2021-06-19-14:11
)
--------------------------------------
--- Note --- for marking of the base font, use the command line option `fonts+'

--------------------------------------
--------------------------------------
--- Note --- for non active _, use the command line option `no_'
--------------------------------------
--------------------------------------
--- Note --- for _ of catcode 13, use the command line option `_13'
--------------------------------------
--------------------------------------
--- Note --- for non active ^, use the command line option `no^'
--------------------------------------
--------------------------------------
--- Note --- for ^ of catcode 13, use the command line option `^13'
--------------------------------------
(/usr/local/texlive/2021/texmf-dist/tex/generic/tex4ht/html4.4ht
version 2021-10-12-13:20
--------------------------------------
--- Note --- to ignore CSS font decoration, use the `NoFonts' command line opti
on
--------------------------------------
--------------------------------------
--- Note --- for jpg bitmaps of pictures, use the `jpg' command line option. (C
haracter bitmaps are controled only by `g' records of tex4ht.env and `-g' switc
hes of tex4ht.c) 
--------------------------------------
--------------------------------------
--- Note --- for gif bitmaps of pictures, use the `gif' command line option. (C
haracter bitmaps are controled only by `g' records of tex4ht.env and `-g' switc
hes of tex4ht.c) 
--------------------------------------
--------------------------------------
--- Note --- for content and toc in 2 frames, use the command line option `fram
es'
--------------------------------------
--------------------------------------
--- Note --- for content, toc, and footnotes in 3 frames, use the command line 
option `frames-fn'
--------------------------------------
--------------------------------------
--- Note --- for file extension name xht, use the command line option `xht'
--------------------------------------
TeX4ht package options: charset=utf-8,epub,uni-html4,html
--------------------------------------
--- Note --- To print a timestamp, use the command line option timestamp
--------------------------------------
--------------------------------------
--- Note --- to ignore CSS code, use the command line option `-css
--------------------------------------
--------------------------------------
--- Note --- for inline CSS code, use the command line option `css-in'
--------------------------------------
--------------------------------------
--- Note --- for pop ups on mouse over, use the command line option `mouseover'

--------------------------------------
--------------------------------------
--- Note --- for addressing images in a subdirectory, use the command line opti
on `imgdir:.../'
--------------------------------------
) (/usr/local/texlive/2021/texmf-dist/tex/generic/tex4ht/html4-math.4ht
version 2021-04-16-13:27
) (/usr/local/texlive/2021/texmf-dist/tex/generic/tex4ht/unicode.4ht
version 2021-06-19-14:11
)
\:tokwrite=\toks23
\:tokpage=\toks24
--------------------------------------
--- Note --- for back links to toc, use the command line option `sections+'
--------------------------------------
--------------------------------------
--- Note --- for linear crosslinks of pages, use the command line option `next'

--------------------------------------

\openout15 = sample.4ct
\:tocout=\write5

\openout5 = sample.4tc
(/usr/local/texlive/2021/texmf-dist/tex/generic/tex4ht/latex.4ht
version 2021-06-25-13:51
LaTeX Info: Redefining \_ on input line 173.
(/usr/local/texlive/2021/texmf-dist/tex/latex/base/fontenc.sty
Package: fontenc 2021/04/29 v2.0v Standard LaTeX package
LaTeX Font Info:    Trying to load font information for T1+lmr on input line 11
2.
(/usr/local/texlive/2021/texmf-dist/tex/latex/lm/t1lmr.fd
File: t1lmr.fd 2015/05/01 v1.6.1 Font defs for Latin Modern
)) (/usr/local/texlive/2021/texmf-dist/tex/generic/kastrup/binhex.tex) (/usr/lo
cal/texlive/2021/texmf-dist/tex/latex/base/tuenc.def
File: tuenc.def 2021/04/29 v2.0v Standard LaTeX file
\@remove@tlig@@@@=\luafunction14
LaTeX Font Info:    Redeclaring font encoding TU on input line 106.
) (/usr/local/texlive/2021/texmf-dist/tex/generic/tex4ht/tuenc-luatex.4ht
version 2018-08-30-15:28
(/usr/local/texlive/2021/texmf-dist/tex/luatex/luatexbase/luatexbase.sty
Package: luatexbase 2015/10/04 v1.3 luatexbase interface to LuaTeX 
(/usr/local/texlive/2021/texmf-dist/tex/luatex/ctablestack/ctablestack.sty
Package: ctablestack 2015/10/01 v1.0 Catcode table stable support
\@catcodetablestackcnt=\count278
)
\CatcodeTableOther=\catcodetable12
\CatcodeTableExpl=\catcodetable13
) (/usr/local/texlive/2021/texmf-dist/tex/lualatex/luacode/luacode.sty
Package: luacode 2012/01/23 v1.2a lua-in-tex helpers (mpg)
(/usr/local/texlive/2021/texmf-dist/tex/generic/iftex/ifluatex.sty
Package: ifluatex 2019/10/25 v1.5 ifluatex legacy package. Use iftex instead.
)
\luacode@lines=\toks25
\luacode@table@soft=\catcodetable14
)
Inserting `Char to entity' at position 2 in `pre_linebreak_filter'.
Inserting `hpack-char-to-entity' at position 2 in `hpack_filter'.
Inserting `hpack-char-to-entity' at position 1 in `vpack_filter'. (/usr/local/t
exlive/2021/texmf-dist/tex/generic/tex4ht/html4.4ht
version 2021-10-12-13:20
) (/usr/local/texlive/2021/texmf-dist/tex/generic/tex4ht/html4-math.4ht
version 2021-04-16-13:27
) (/usr/local/texlive/2021/texmf-dist/tex/generic/tex4ht/unicode.4ht
version 2021-06-19-14:11
))
LaTeX Info: Redefining \, on input line 792.
LaTeX Info: Redefining \; on input line 793.
LaTeX Info: Redefining \! on input line 794.
LaTeX Info: Redefining \: on input line 795.
LaTeX Info: Redefining \> on input line 796.
--------------------------------------
--- Note --- for links into captions, instead of float heads, use the command l
ine option `refcaption'
--------------------------------------
(/usr/local/texlive/2021/texmf-dist/tex/generic/tex4ht/html4.4ht
version 2021-10-12-13:20
) (/usr/local/texlive/2021/texmf-dist/tex/generic/tex4ht/html4-math.4ht
version 2021-04-16-13:27
) (/usr/local/texlive/2021/texmf-dist/tex/generic/tex4ht/unicode.4ht
version 2021-06-19-14:11
) (/usr/local/texlive/2021/texmf-dist/tex/generic/tex4ht/html4.4ht
version 2021-10-12-13:20
--------------------------------------
--- Note --- For mini tocs immediately aftter the header use the command line o
ption `minitoc<'
--------------------------------------
--------------------------------------
--- Note --- for enumerated list elements with valued data, use the command lin
e option `enumerate+'
--------------------------------------
--------------------------------------
--- Note --- for enumerated list elements li's with value attributes, use the c
ommand line option `enumerate-'
--------------------------------------
--------------------------------------
--- Note --- for CSS2 code, use the command line option `css2'
--------------------------------------
--------------------------------------
--- Note --- for pictorial tabular, use the command line option `pic-tabular'
--------------------------------------
--------------------------------------
--- Note --- for bitmap fbox'es, use the command line option `pic-fbox'
--------------------------------------
--------------------------------------
--- Note --- for bitmap framebox'es, use the command line option `pic-framebox'

--------------------------------------
--------------------------------------
--- Note --- for inline footnotes use command line option `fn-in'
--------------------------------------
--------------------------------------
--- Note --- for tracing of latex font commands, use the command line option `f
onts'
--------------------------------------
--------------------------------------
--- Note --- for width specifications of tabular p entries, use the `p-width' c
ommand line option or a configuration similar to \Configure{HColWidth}{\HCode{ 
style="width:\HColWidth"}}
--------------------------------------
) (/usr/local/texlive/2021/texmf-dist/tex/generic/tex4ht/html4-math.4ht
version 2021-04-16-13:27
--------------------------------------
--- Note --- for pictorial eqnarray, use the command line option `pic-eqnarray'

--------------------------------------
--------------------------------------
--- Note --- for pictorial array, use the command line option `pic-array'
--------------------------------------
--------------------------------------
--- Note --- for pictorial $...$ environments, use the command line option `pic
-m' (not recommended!!)
--------------------------------------
--------------------------------------
--- Note --- for pictorial $...$ and $$...$$ environments with latex alt, use t
he command line option `pic-m+' (not safe!!)
--------------------------------------
--------------------------------------
--- Note --- for pictorial array, use the command line option `pic-array'
--------------------------------------
) (/usr/local/texlive/2021/texmf-dist/tex/generic/tex4ht/unicode.4ht
version 2021-06-19-14:11
)) (/usr/local/texlive/2021/texmf-dist/tex/generic/tex4ht/fontmath.4ht
version 2018-11-06-15:55
(/usr/local/texlive/2021/texmf-dist/tex/generic/tex4ht/html4.4ht
version 2021-10-12-13:20
) (/usr/local/texlive/2021/texmf-dist/tex/generic/tex4ht/html4-math.4ht
version 2021-04-16-13:27
) (/usr/local/texlive/2021/texmf-dist/tex/generic/tex4ht/unicode.4ht
version 2021-06-19-14:11
)) (/usr/local/texlive/2021/texmf-dist/tex/latex/tex4ebook/tex4ebook.4ht
\opf:htmlid=\count279
\navpoint=\count280
) (/usr/local/texlive/2021/texmf-dist/tex/generic/tex4ht/graphicx.4ht
version 2021-10-04-13:48
(/usr/local/texlive/2021/texmf-dist/tex/generic/tex4ht/html4.4ht
version 2021-10-12-13:20
) (/usr/local/texlive/2021/texmf-dist/tex/generic/tex4ht/html4-math.4ht
version 2021-04-16-13:27
) (/usr/local/texlive/2021/texmf-dist/tex/generic/tex4ht/unicode.4ht
version 2021-06-19-14:11
)) (/usr/local/texlive/2021/texmf-dist/tex/generic/tex4ht/graphics.4ht
version 2021-08-12-13:49
(/usr/local/texlive/2021/texmf-dist/tex/generic/tex4ht/html4.4ht
version 2021-10-12-13:20
--------------------------------------
--- Note --- if included graphics are of degraded quality, try the command line
 options `graphics-num' or `graphics-'. The `num' should provide the density of
 pixels in the bitmaps (e.g., 110). 
--------------------------------------
--------------------------------------
--- Note --- for key dimensions try the option `Gin-dim'; for key dimensions wh
en bounding box is unavailable try `Gin-dim+'; neither is recommended
--------------------------------------
) (/usr/local/texlive/2021/texmf-dist/tex/generic/tex4ht/html4-math.4ht
version 2021-04-16-13:27
) (/usr/local/texlive/2021/texmf-dist/tex/generic/tex4ht/unicode.4ht
version 2021-06-19-14:11
)) (/usr/local/texlive/2021/texmf-dist/tex/generic/tex4ht/dvips.4ht
version 2009-05-21-09:32
(/usr/local/texlive/2021/texmf-dist/tex/generic/tex4ht/html4.4ht
version 2021-10-12-13:20
) (/usr/local/texlive/2021/texmf-dist/tex/generic/tex4ht/html4-math.4ht
version 2021-04-16-13:27
) (/usr/local/texlive/2021/texmf-dist/tex/generic/tex4ht/unicode.4ht
version 2021-06-19-14:11
)) (/usr/local/texlive/2021/texmf-dist/tex/generic/tex4ht/book.4ht
version 2021-05-16-09:21
(/usr/local/texlive/2021/texmf-dist/tex/generic/tex4ht/html4.4ht
version 2021-10-12-13:20
--------------------------------------
--- Note --- for automatic sectioning pagination, use the command line option `
1', `2', `3', '4', '5', '6', or '7'
--------------------------------------
--------------------------------------
--- Note --- for files named derived from section titles, use the command line 
option `sec-filename'
--------------------------------------
--------------------------------------
--- Note --- for i-columns index, use the command line option `index=i' (e.g., 
index=2)
--------------------------------------
) (/usr/local/texlive/2021/texmf-dist/tex/generic/tex4ht/html4-math.4ht
version 2021-04-16-13:27
) (/usr/local/texlive/2021/texmf-dist/tex/generic/tex4ht/unicode.4ht
version 2021-06-19-14:11
)) (/usr/local/texlive/2021/texmf-dist/tex/generic/tex4ht/url.4ht
version 2009-05-21-09:32
(/usr/local/texlive/2021/texmf-dist/tex/generic/tex4ht/html4.4ht
version 2021-10-12-13:20
--------------------------------------
--- Note --- for URL encoding within href use the command line option `url-enc'

--------------------------------------
) (/usr/local/texlive/2021/texmf-dist/tex/generic/tex4ht/html4-math.4ht
version 2021-04-16-13:27
) (/usr/local/texlive/2021/texmf-dist/tex/generic/tex4ht/unicode.4ht
version 2021-06-19-14:11
)) (/usr/local/texlive/2021/texmf-dist/tex/generic/tex4ht/hyperref.4ht
version 2021-05-16-13:57
LaTeX Info: Redefining \autoref on input line 88.
\Hy@SectionHShift=\skip53
(/usr/local/texlive/2021/texmf-dist/tex/generic/tex4ht/html4.4ht
version 2021-10-12-13:20
) (/usr/local/texlive/2021/texmf-dist/tex/generic/tex4ht/html4-math.4ht
version 2021-04-16-13:27
) (/usr/local/texlive/2021/texmf-dist/tex/generic/tex4ht/unicode.4ht
version 2021-06-19-14:11
)) (/usr/local/texlive/2021/texmf-dist/tex/generic/tex4ht/pd1enc.4ht
version 2009-05-21-09:32
(/usr/local/texlive/2021/texmf-dist/tex/generic/tex4ht/html4.4ht
version 2021-10-12-13:20
) (/usr/local/texlive/2021/texmf-dist/tex/generic/tex4ht/html4-math.4ht
version 2021-04-16-13:27
) (/usr/local/texlive/2021/texmf-dist/tex/generic/tex4ht/unicode.4ht
version 2021-06-19-14:11
)) (/usr/local/texlive/2021/texmf-dist/tex/generic/tex4ht/nameref.4ht
version 2021-02-03-14:57
(/usr/local/texlive/2021/texmf-dist/tex/generic/tex4ht/html4.4ht
version 2021-10-12-13:20
) (/usr/local/texlive/2021/texmf-dist/tex/generic/tex4ht/html4-math.4ht
version 2021-04-16-13:27
) (/usr/local/texlive/2021/texmf-dist/tex/generic/tex4ht/unicode.4ht
version 2021-06-19-14:11
)) (/usr/local/texlive/2021/texmf-dist/tex/generic/tex4ht/ifthen.4ht
version 2009-05-21-09:32
(/usr/local/texlive/2021/texmf-dist/tex/generic/tex4ht/html4.4ht
version 2021-10-12-13:20
) (/usr/local/texlive/2021/texmf-dist/tex/generic/tex4ht/html4-math.4ht
version 2021-04-16-13:27
) (/usr/local/texlive/2021/texmf-dist/tex/generic/tex4ht/unicode.4ht
version 2021-06-19-14:11
)) (/usr/local/texlive/2021/texmf-dist/tex/generic/tex4ht/fancyvrb.4ht
version 2021-06-06-09:18
(/usr/local/texlive/2021/texmf-dist/tex/generic/tex4ht/html4.4ht
version 2021-10-12-13:20
) (/usr/local/texlive/2021/texmf-dist/tex/generic/tex4ht/html4-math.4ht
version 2021-04-16-13:27
) (/usr/local/texlive/2021/texmf-dist/tex/generic/tex4ht/unicode.4ht
version 2021-06-19-14:11
)) (/usr/local/texlive/2021/texmf-dist/tex/generic/tex4ht/ulem.4ht
version 2009-05-21-09:32
(/usr/local/texlive/2021/texmf-dist/tex/generic/tex4ht/html4.4ht
version 2021-10-12-13:20
) (/usr/local/texlive/2021/texmf-dist/tex/generic/tex4ht/html4-math.4ht
version 2021-04-16-13:27
) (/usr/local/texlive/2021/texmf-dist/tex/generic/tex4ht/unicode.4ht
version 2021-06-19-14:11
)) (/usr/local/texlive/2021/texmf-dist/tex/generic/tex4ht/bm.4ht
version 2009-05-21-09:32
(/usr/local/texlive/2021/texmf-dist/tex/generic/tex4ht/html4.4ht
version 2021-10-12-13:20
) (/usr/local/texlive/2021/texmf-dist/tex/generic/tex4ht/html4-math.4ht
version 2021-04-16-13:27
) (/usr/local/texlive/2021/texmf-dist/tex/generic/tex4ht/unicode.4ht
version 2021-06-19-14:11
)) (/usr/local/texlive/2021/texmf-dist/tex/generic/tex4ht/xcolor.4ht
version 2019-04-09-10:06
(/usr/local/texlive/2021/texmf-dist/tex/generic/tex4ht/color.4ht
version 2021-05-23-15:14
(/usr/local/texlive/2021/texmf-dist/tex/generic/tex4ht/html4.4ht
version 2021-10-12-13:20
) (/usr/local/texlive/2021/texmf-dist/tex/generic/tex4ht/html4-math.4ht
version 2021-04-16-13:27
) (/usr/local/texlive/2021/texmf-dist/tex/generic/tex4ht/unicode.4ht
version 2021-06-19-14:11
)) (/usr/local/texlive/2021/texmf-dist/tex/generic/tex4ht/html4.4ht
version 2021-10-12-13:20
) (/usr/local/texlive/2021/texmf-dist/tex/generic/tex4ht/html4-math.4ht
version 2021-04-16-13:27
) (/usr/local/texlive/2021/texmf-dist/tex/generic/tex4ht/unicode.4ht
version 2021-06-19-14:11
)) (/usr/local/texlive/2021/texmf-dist/tex/generic/tex4ht/color.4ht
version 2021-05-23-15:14
) (/usr/local/texlive/2021/texmf-dist/tex/generic/tex4ht/listings.4ht
version 2021-04-25-09:48
(/usr/local/texlive/2021/texmf-dist/tex/generic/tex4ht/html4.4ht
version 2021-10-12-13:20
--------------------------------------
--- Note --- to ensure proper alignments use fixed size fonts (see listings.dtx
)
--------------------------------------
) (/usr/local/texlive/2021/texmf-dist/tex/generic/tex4ht/html4-math.4ht
version 2021-04-16-13:27
) (/usr/local/texlive/2021/texmf-dist/tex/generic/tex4ht/unicode.4ht
version 2021-06-19-14:11
)) (/usr/local/texlive/2021/texmf-dist/tex/generic/tex4ht/wrapfig.4ht
version 2009-05-21-09:32
(/usr/local/texlive/2021/texmf-dist/tex/generic/tex4ht/html4.4ht
version 2021-10-12-13:20
) (/usr/local/texlive/2021/texmf-dist/tex/generic/tex4ht/html4-math.4ht
version 2021-04-16-13:27
) (/usr/local/texlive/2021/texmf-dist/tex/generic/tex4ht/unicode.4ht
version 2021-06-19-14:11
)) (/usr/local/texlive/2021/texmf-dist/tex/generic/tex4ht/multirow.4ht
version 2021-06-20-09:36
(/usr/local/texlive/2021/texmf-dist/tex/generic/tex4ht/html4.4ht
version 2021-10-12-13:20
) (/usr/local/texlive/2021/texmf-dist/tex/generic/tex4ht/html4-math.4ht
version 2021-04-16-13:27
) (/usr/local/texlive/2021/texmf-dist/tex/generic/tex4ht/unicode.4ht
version 2021-06-19-14:11
)) (/usr/local/texlive/2021/texmf-dist/tex/generic/tex4ht/html4.4ht
version 2021-10-12-13:20
) (/usr/local/texlive/2021/texmf-dist/tex/generic/tex4ht/html4-math.4ht
version 2021-04-16-13:27
) (/usr/local/texlive/2021/texmf-dist/tex/generic/tex4ht/unicode.4ht
version 2021-06-19-14:11
)) (/usr/local/texlive/2021/texmf-dist/tex/latex/l3backend/l3backend-dvips.def
File: l3backend-dvips.def 2021-10-17 L3 backend support: dvips
\l__pdf_internal_box=\box57
\g__pdf_backend_object_int=\count281
\l__pdf_backend_content_box=\box58
\l__pdf_backend_model_box=\box59
\g__pdf_backend_annotation_int=\count282
\g__pdf_backend_link_int=\count283
\g__pdf_backend_link_sf_int=\count284
) (./sample.aux)
\openout1 = sample.aux

LaTeX Font Info:    Checking defaults for OML/cmm/m/it on input line 5.
LaTeX Font Info:    ... okay on input line 5.
LaTeX Font Info:    Checking defaults for OMS/cmsy/m/n on input line 5.
LaTeX Font Info:    ... okay on input line 5.
LaTeX Font Info:    Checking defaults for OT1/cmr/m/n on input line 5.
LaTeX Font Info:    ... okay on input line 5.
LaTeX Font Info:    Checking defaults for T1/cmr/m/n on input line 5.
LaTeX Font Info:    ... okay on input line 5.
LaTeX Font Info:    Checking defaults for TS1/cmr/m/n on input line 5.
LaTeX Font Info:    Trying to load font information for TS1+cmr on input line 5
.
(/usr/local/texlive/2021/texmf-dist/tex/latex/base/ts1cmr.fd
File: ts1cmr.fd 2019/12/16 v2.5j Standard LaTeX font definitions
)
LaTeX Font Info:    ... okay on input line 5.
LaTeX Font Info:    Checking defaults for TU/lmr/m/n on input line 5.
LaTeX Font Info:    ... okay on input line 5.
LaTeX Font Info:    Checking defaults for OMX/cmex/m/n on input line 5.
LaTeX Font Info:    ... okay on input line 5.
LaTeX Font Info:    Checking defaults for U/cmr/m/n on input line 5.
LaTeX Font Info:    ... okay on input line 5.
LaTeX Font Info:    Checking defaults for PD1/pdf/m/n on input line 5.
LaTeX Font Info:    ... okay on input line 5.
LaTeX Font Info:    Checking defaults for PU/pdf/m/n on input line 5.
LaTeX Font Info:    ... okay on input line 5.
Package hyperref Info: Link coloring ON on input line 5.
LaTeX Info: Redefining \ref on input line 5.
LaTeX Info: Redefining \pageref on input line 5.
LaTeX Info: Redefining \nameref on input line 5.
\c@lstlisting=\count285
(/usr/local/texlive/2021/texmf-dist/tex/latex/base/inputenc.sty
Package: inputenc 2021/02/14 v1.3d Input encoding file
\inpenc@prehook=\toks26
\inpenc@posthook=\toks27
)
--- file sample.css ---
) [1

] [2

] [3]
LaTeX Font Info:    External font `cmex10' loaded for size
(Font)              <12> on input line 39.
LaTeX Font Info:    External font `cmex10' loaded for size
(Font)              <8> on input line 39.
LaTeX Font Info:    External font `cmex10' loaded for size
(Font)              <6> on input line 39.
[1] [2]
--- file sampleli1.html ---
LaTeX Font Info:    Trying to load font information for T1+lmtt on input line 4
1.
(/usr/local/texlive/2021/texmf-dist/tex/latex/lm/t1lmtt.fd
File: t1lmtt.fd 2015/05/01 v1.6.1 Font defs for Latin Modern
) (./sample.4ct) [3

] [4

]
Chapter 1.
--- file samplech1.html ---
--- file sample4.html ---
! Undefined control sequence.
l.64 ...ともあるかもしれません。\citet
                                                  {道又200903}には，次...
The control sequence at the end of the top line
of your error message was never \def'ed. If you have
misspelled it (e.g., `\hobx'), type `I' and the correct
spelling (e.g., `I\hbox'). Otherwise just continue,
and I'll forget about whatever was undefined.

--- file sample5.html ---
--- file sample6.html ---
! Undefined control sequence.
l.78 ...の分類ができるでしょう。\citet
                                                  {下山2001}は次の表\r...
The control sequence at the end of the top line
of your error message was never \def'ed. If you have
misspelled it (e.g., `\hobx'), type `I' and the correct
spelling (e.g., `I\hbox'). Otherwise just continue,
and I'll forget about whatever was undefined.

[5




] [6

]
! Undefined control sequence.
<argument> \citet 
       {下山2001}による心理学の分類
l.82 ...itet{下山2001}による心理学の分類}
                                                  
The control sequence at the end of the top line
of your error message was never \def'ed. If you have
misspelled it (e.g., `\hobx'), type `I' and the correct
spelling (e.g., `I\hbox'). Otherwise just continue,
and I'll forget about whatever was undefined.

! Undefined control sequence.
<argument> \citet 
       {下山2001}による心理学の分類
l.82 ...itet{下山2001}による心理学の分類}
                                                  
The control sequence at the end of the top line
of your error message was never \def'ed. If you have
misspelled it (e.g., `\hobx'), type `I' and the correct
spelling (e.g., `I\hbox'). Otherwise just continue,
and I'll forget about whatever was undefined.

! Undefined control sequence.
<argument> \ignorespaces \citet 
                     {下山2001}による心理学の分類
l.82 ...itet{下山2001}による心理学の分類}
                                                  
The control sequence at the end of the top line
of your error message was never \def'ed. If you have
misspelled it (e.g., `\hobx'), type `I' and the correct
spelling (e.g., `I\hbox'). Otherwise just continue,
and I'll forget about whatever was undefined.

LaTeX Font Info:    External font `cmex10' loaded for size
(Font)              <7> on input line 83.
LaTeX Font Info:    External font `cmex10' loaded for size
(Font)              <5> on input line 83.
! Undefined control sequence.
<argument> \citet 
       {下山2001}による心理学の分類
l.93     \label{tbl01_01}
                       
The control sequence at the end of the top line
of your error message was never \def'ed. If you have
misspelled it (e.g., `\hobx'), type `I' and the correct
spelling (e.g., `I\hbox'). Otherwise just continue,
and I'll forget about whatever was undefined.

[7

]
--- file sample7.html ---
--- file sample8.html ---
! Undefined control sequence.
<argument> ...れていたようです。詳しくは\citet 
                                                  {池内了2014}や\citet {...
l.117 ...{蛇蔵2014}などがおすすめです。}
                                                  。大事なポイントは...
The control sequence at the end of the top line
of your error message was never \def'ed. If you have
misspelled it (e.g., `\hobx'), type `I' and the correct
spelling (e.g., `I\hbox'). Otherwise just continue,
and I'll forget about whatever was undefined.

! Undefined control sequence.
<argument> ...。詳しくは\citet {池内了2014}や\citet 
                                                  {蛇蔵2014}などがおす...
l.117 ...{蛇蔵2014}などがおすすめです。}
                                                  。大事なポイントは...
The control sequence at the end of the top line
of your error message was never \def'ed. If you have
misspelled it (e.g., `\hobx'), type `I' and the correct
spelling (e.g., `I\hbox'). Otherwise just continue,
and I'll forget about whatever was undefined.

--- file sample9.html ---
! Undefined control sequence.
l.122 ...あれば読んでみてください\citep
                                                  {デカルト1997}。大問...
The control sequence at the end of the top line
of your error message was never \def'ed. If you have
misspelled it (e.g., `\hobx'), type `I' and the correct
spelling (e.g., `I\hbox'). Otherwise just continue,
and I'll forget about whatever was undefined.

--- file sample10.html ---
[8




]

LaTeX Warning: Reference `fig::01_01' on page 9 undefined on input line 141.


LaTeX Warning: Reference `fig::01_01' on page 9 undefined on input line 152.

No file sample.bbl.
! Undefined control sequence.
l.198 \printindex
               
The control sequence at the end of the top line
of your error message was never \def'ed. If you have
misspelled it (e.g., `\hobx'), type `I' and the correct
spelling (e.g., `I\hbox'). Otherwise just continue,
and I'll forget about whatever was undefined.

(./sample.4ct) [9

] [10

] (./sample.aux)

LaTeX Warning: There were undefined references.

)

Here is how much of LuaTeX's memory you used:
 16362 strings out of 478107
 100000,794899 words of node,token memory allocated
 435 words of node memory still in use:
   3 hlist, 1 vlist, 1 rule, 2 glue, 3 kern, 1 glyph, 5 attribute, 53 glue_spec,
 5 attribute_list, 1 write nodes
   avail lists: 1:1,2:510,3:7034,4:22,5:78,6:83,7:7728,8:8,9:262,10:21,11:10
 35640 multiletter control sequences out of 65536+600000
 73 fonts using 6032375 bytes
 90i,6n,114p,2758b,551s stack positions out of 5000i,500n,10000p,200000b,80000s
Output written on sample.dvi (13 pages, 232364 bytes).
