LaTeX Warning: Reference `m06_ctt' on page 12 undefined on input line 135.
LaTeX Warning: Reference `versionControl' on page 36 undefined on input line 183.
LaTeX Warning: Reference `m06_ctt' on page 49 undefined on input line 15.
LaTeX Warning: Reference `m06_ctt' on page 50 undefined on input line 48.
LaTeX Warning: Reference `chap3sec2' on page 54 undefined on input line 104.
LaTeX Warning: Reference `chap3sec2' on page 54 undefined on input line 104.
LaTeX Warning: Reference `RS:readcev_tidyverse' on page 79 undefined on input line 553.
LaTeX Warning: Reference `BaseballDecade' on page 80 undefined on input line 573.
LaTeX Warning: Reference `signs' on page 90 undefined on input line 40.
LaTeX Warning: Reference `signs' on page 90 undefined on input line 40.
LaTeX Warning: There were undefined references.
LaTeX Warning: Label `RS:quantile' multiply defined.
LaTeX Warning: Label `fig::05_01' multiply defined.
LaTeX Warning: There were multiply-defined labels.
Overfull \hbox (44.15285pt too wide) in paragraph at lines 187--218
Overfull \hbox (11.13936pt too wide) in paragraph at lines 55--56
Overfull \hbox (66.80504pt too wide) in paragraph at lines 539--539
Overfull \hbox (131.55846pt too wide) in paragraph at lines 545--545
Overfull \hbox (67.89752pt too wide) in paragraph at lines 551--552
Overfull \hbox (366.14302pt too wide) in paragraph at lines 560--560
