INFO:  latexindent version 3.16, 2022-03-13, a script to indent .tex files
       latexindent lives here: /usr/local/texlive/2021/texmf-dist/scripts/latexindent/
       Sat Mar 19 11:58:44 2022
       Filename: x15_MDS.tex
INFO:  Processing switches:
       -w|--overwrite: Overwrite mode active, will make a back up of x15_MDS.tex first
INFO:  Directory for backup files and indent.log: .
INFO:  YAML settings read: defaultSettings.yaml
       Reading defaultSettings.yaml from /usr/local/texlive/2021/texmf-dist/scripts/latexindent/defaultSettings.yaml
INFO:  YAML settings read: indentconfig.yaml or .indentconfig.yaml
       Home directory is /Users/Napier (didn't find either indentconfig.yaml or .indentconfig.yaml)
       To specify user settings you would put indentconfig.yaml here: /Users/Napier/indentconfig.yaml
       Alternatively, you can use the hidden file .indentconfig.yaml as: /Users/Napier/.indentconfig.yaml
INFO:  Backup procedure (-w flag active):
       copying x15_MDS.tex to ./x15_MDS.bak0
       Backup file: ./x15_MDS.bak0
       x15_MDS.tex will be overwritten after indentation
INFO:  Phase 1: searching for objects
INFO:  Phase 2: finding surrounding indentation
INFO:  Phase 3: indenting objects
INFO:  Phase 4: final indentation check
INFO:  Output routine:
       Overwriting file x15_MDS.tex
       --------------
INFO:  Please direct all communication/issues to:
        https://github.com/cmhughes/latexindent.pl
