\BOOKMARK [-1][]{part.1}{\376\377\173\054\000I\220\350\000\040\137\303\164\006\133\146\060\307\060\374\060\277\211\343\147\220\137\334\165\050\0001}{}% 1
\BOOKMARK [0][]{chapter.1}{\376\377\173\054\0001\172\340\000\040\134\016\121\145\377\033\131\032\131\011\221\317\060\307\060\374\060\277\060\150\137\303\164\006\133\146}{part.1}% 2
\BOOKMARK [1][]{section.1.1}{\376\377\0001\000.\0001\000\040\153\143\211\217\175\332\137\142\060\342\060\307\060\353\060\156\116\026\165\114}{chapter.1}% 3
\BOOKMARK [1][]{section.1.2}{\376\377\0001\000.\0002\000\040\134\072\136\246\060\156\126\333\154\064\156\226}{chapter.1}% 4
\BOOKMARK [1][]{section.1.3}{\376\377\0001\000.\0003\000\040\136\163\127\107\060\150\122\006\145\143}{chapter.1}% 5
\BOOKMARK [1][]{section.1.4}{\376\377\0001\000.\0004\000\040\121\161\122\006\145\143\060\150\166\370\225\242\117\302\145\160}{chapter.1}% 6
\BOOKMARK [1][]{section.1.5}{\376\377\0001\000.\0005\000\040\212\262\230\114}{chapter.1}% 7
\BOOKMARK [0][]{chapter.2}{\376\377\173\054\0002\172\340\000\040\137\303\164\006\134\072\136\246\060\222\117\134\060\213}{part.1}% 8
\BOOKMARK [1][]{section.2.1}{\376\377\0002\000.\0001\000\040\060\157\060\130\060\201\060\153}{chapter.2}% 9
\BOOKMARK [1][]{section.2.2}{\376\377\0002\000.\0002\000\040\060\265\060\374\060\271\060\310\060\363\060\156\173\111\163\376\225\223\226\224\154\325}{chapter.2}% 10
\BOOKMARK [1][]{section.2.3}{\376\377\0002\000.\0003\000\040\060\352\060\303\060\253\060\374\060\310\060\156\060\267\060\260\060\336\154\325}{chapter.2}% 11
\BOOKMARK [1][]{section.2.4}{\376\377\0002\000.\0004\000\040\134\072\136\246\060\222\212\125\117\241\060\131\060\213}{chapter.2}% 12
\BOOKMARK [1][]{section.2.5}{\376\377\0002\000.\0005\000\040\212\262\230\114}{chapter.2}% 13
\BOOKMARK [0][]{chapter.3}{\376\377\173\054\0003\172\340\000\040\060\306\060\271\060\310\164\006\212\326\060\150\126\340\133\120\122\006\147\220}{part.1}% 14
\BOOKMARK [1][]{section.3.1}{\376\377\0003\000.\0001\000\040\123\344\121\170\166\204\060\306\060\271\060\310\164\006\212\326}{chapter.3}% 15
\BOOKMARK [1][]{section.3.2}{\376\377\0003\000.\0002\000\040\126\340\133\120\122\006\147\220\060\342\060\307\060\353}{chapter.3}% 16
\BOOKMARK [1][]{section.3.3}{\376\377\0003\000.\0003\000\040\126\340\133\120\122\006\147\220\060\156\133\232\164\006}{chapter.3}% 17
\BOOKMARK [1][]{section.3.4}{\376\377\0003\000.\0004\000\040\212\262\230\114}{chapter.3}% 18
\BOOKMARK [0][]{chapter.4}{\376\377\173\054\0004\172\340\000\040\163\376\116\343\060\306\060\271\060\310\164\006\212\326}{part.1}% 19
\BOOKMARK [1][]{section.4.1}{\376\377\0004\000.\0001\000\040\126\340\133\120\122\006\147\220\060\150\060\306\060\271\060\310\164\006\212\326}{chapter.4}% 20
\BOOKMARK [1][]{section.4.2}{\376\377\0004\000.\0002\000\040\220\032\220\116\163\207\060\150\175\057\172\115\153\143\211\217\122\006\136\003}{chapter.4}% 21
\BOOKMARK [1][]{section.4.3}{\376\377\0004\000.\0003\000\040\230\005\166\356\153\315\145\160\060\156\162\171\137\264}{chapter.4}% 22
\BOOKMARK [1][]{section.4.4}{\376\377\0004\000.\0004\000\040\210\253\232\023\200\005\153\315\145\160\060\156\143\250\133\232}{chapter.4}% 23
\BOOKMARK [1][]{section.4.5}{\376\377\0004\000.\0005\000\040\212\262\230\114}{chapter.4}% 24
\BOOKMARK [0][]{chapter.5}{\376\377\173\054\0005\172\340\000\040\163\376\116\343\060\306\060\271\060\310\164\006\212\326\060\135\060\156\0002}{part.1}% 25
\BOOKMARK [1][]{section.5.1}{\376\377\0005\000.\0001\000\040\163\376\116\343\060\306\060\271\060\310\164\006\212\326\060\156\162\171\137\264}{chapter.5}% 26
\BOOKMARK [1][]{section.5.2}{\376\377\0005\000.\0002\000\040\153\265\226\216\123\315\137\334\060\342\060\307\060\353}{chapter.5}% 27
\BOOKMARK [1][]{section.5.3}{\376\377\0005\000.\0003\000\040\126\340\133\120\122\006\147\220\060\156\153\164\123\362\060\150\134\125\225\213}{chapter.5}% 28
\BOOKMARK [1][]{section.5.4}{\376\377\0005\000.\0004\000\040\212\262\230\114}{chapter.5}% 29
\BOOKMARK [0][]{chapter.6}{\376\377\173\054\0006\172\340\000\040\210\114\122\027\212\010\173\227\060\156\127\372\171\016}{part.1}% 30
\BOOKMARK [1][]{section.6.1}{\376\377\0006