\BOOKMARK [1][]{section.1}{\376\377\0001\000\040\137\303\164\006\133\146\060\150\175\161\212\010\154\325}{}% 1
\BOOKMARK [1][]{section.2}{\376\377\0002\000\040\145\160\120\044\060\307\060\374\060\277\060\156\172\056\230\136}{}% 2
\BOOKMARK [1][]{section.3}{\376\377\0003\000\040\175\161\212\010\164\260\130\203\000R\060\156\134\016\121\145}{}% 3
\BOOKMARK [1][]{section.4}{\376\377\0004\000\040\175\161\212\010\164\260\130\203\000R\060\156\122\051\165\050}{}% 4
\BOOKMARK [1][]{section.5}{\376\377\0005\000\040\212\030\217\360\175\161\212\010\221\317}{}% 5
\BOOKMARK [1][]{section.6}{\376\377\0006\000\040\156\054\133\232\060\156\127\372\171\016}{}% 6
\BOOKMARK [1][]{section.7}{\376\377\0007\000\040\212\244\135\356\060\150\170\272\163\207}{}% 7
\BOOKMARK [1][]{section.8}{\376\377\0008\000\040\166\370\225\242\060\150\126\340\147\234}{}% 8
\BOOKMARK [1][]{section.9}{\376\377\0009\000\040\123\130\126\336\136\060\122\006\147\220}{}% 9
\BOOKMARK [1][]{section.10}{\376\377\0001\0000\000\040\221\315\126\336\136\060\122\006\147\220}{}% 10
\BOOKMARK [1][]{section.11}{\376\377\0001\0001\000\040\000R\060\222\060\144\060\113\060\143\060\137\126\336\136\060\122\006\147\220}{}% 11
\BOOKMARK [1][]{section.12}{\376\377\0001\0002\000\040\133\237\232\023\212\010\165\073\154\325\0001\377\033\133\237\232\023\212\010\165\073\154\325\060\150\060\157}{}% 12
\BOOKMARK [1][]{section.13}{\376\377\0001\0003\000\040\133\237\232\023\212\010\165\073\154\325\0002\377\033\000B\000e\000t\000w\000e\000e\000n\212\010\165\073}{}% 13
\BOOKMARK [1][]{section.14}{\376\377\0001\0004\000\040\133\237\232\023\212\010\165\073\154\325\0003\377\033\116\000\211\201\126\340\060\342\060\307\060\353\000\050\000W\000i\000t\000h\000i\000n\000\051}{}% 14
\BOOKMARK [1][]{section.15}{\376\377\0001\0005\000\040\122\115\147\037\060\156\060\306\060\271\060\310}{}% 15
\BOOKMARK [1][]{section.16}{\376\377\0001\0006\000\040\170\272\163\207\060\150\175\161\212\010\166\204\143\250\212\326}{}% 16
\BOOKMARK [1][]{section.17}{\376\377\0001\0007\000\040\143\250\212\326\060\150\122\044\145\255}{}% 17
\BOOKMARK [1][]{section.18}{\376\377\0001\0008\000\040\136\060\161\041\116\356\212\254\151\034\133\232}{}% 18
\BOOKMARK [1][]{section.19}{\376\377\0001\0009\000\040\136\060\161\041\116\356\212\254\151\034\133\232\060\156\154\350\141\017\160\271}{}% 19
\BOOKMARK [1][]{section.20}{\376\377\0002\0000\000\040\116\214\177\244\060\156\136\163\127\107\120\044\135\356}{}% 20
\BOOKMARK [1][]{section.21}{\376\377\0002\0001\000\040\211\201\126\340\212\010\165\073\060\150\136\163\127\107\120\044\135\356\060\156\151\034\133\232}{}% 21
\BOOKMARK [1][]{section.22}{\376\377\0002\0002\000\040\000R\060\153\060\210\060\213\122\006\145\143\122\006\147\220}{}% 22
\BOOKMARK [1][]{section.23}{\376\377\0002\0003\000\040\170\272\163\207\122\006\136\003\060\150\060\307\060\374\060\277\060\156\225\242\117\302\000;\134\044\136\246}{}% 23
\BOOKMARK [1][]{section.24}{\376\377\0002\0004\000\040\126\336\136\060\122\006\147\220\060\156\147\000\134\044\143\250\133\232}{}% 24
\BOOKMARK [1][]{section.25}{\376\377\0002\0005\000\040\060\331\060\244\060\272\175\161\212\010\060\156\127\372\171\016}{}% 25
\BOOKMARK [1][]{section.26}{\376\377\0002\0006\000\040\060\331\060\244\060\272\143\250\133\232\060\156\133\237\226\233}{}% 26
\BOOKMARK [1][]{section.27}{\376\377\0002\0007\000\040\060\331\060\244\060\272\143\250\133\232\060\150\122\044\145\255}{}% 27
\BOOKMARK [1][]{section.28}{\376\377\0002\0008\000\040\000J\000A\000S\000P\060\153\060\210\060\213\060\331\060\244\060\272\143\250\133\232\060\156\133\237\215\365}{}% 28
\BOOKMARK [1][]{section.29}{\376\377\0002\0009\000\040\000R\060\153\060\210\060\213\060\331\060\244\060\272\143\250\133\232}{}% 29
\BOOKMARK [1][]{section.30}{\376\377\0003\0000\000\040\137\214\147\037\060\156\060\306\060\271\060\310}{}% 30
