This is e-upTeX, Version 3.14159265-p3.8.3-u1.26-191112-2.6 (utf8.uptex) (TeX Live 2020) (preloaded format=uplatex 2020.9.4)  10 SEP 2020 10:12
entering extended mode
 restricted \write18 enabled.
 %&-line parsing enabled.
**/Users/napier/Dropbox/Git/psychometrtics_syllabus/syllabus/syllabus.tex
(/Users/napier/Dropbox/Git/psychometrtics_syllabus/syllabus/syllabus.tex
pLaTeX2e <2020-04-12u03> (based on LaTeX2e <2020-02-02> patch level 5)
L3 programming layer <2020-09-03> (/usr/local/texlive/2020/texmf-dist/tex/platex/jsclasses/jsarticle.cls
Document Class: jsarticle 2020/02/02 jsclasses (okumura, texjporg)
\jsc@mpt=\dimen150
\jsc@mmm=\dimen151
\jsc@smallskipamount=\skip47
LaTeX Info: Redefining \textmc on input line 496.
LaTeX Info: Redefining \textgt on input line 498.
\symmincho=\mathgroup4
LaTeX Font Info:    Overwriting symbol font `mincho' in version `bold'
(Font)                  JY2/mc/m/n --> JY2/gt/m/n on input line 560.
LaTeX Font Info:    Font shape `JT2/mc/m/n' will be
(Font)              scaled to size 9.24683pt on input line 751.
LaTeX Font Info:    Font shape `JY2/mc/m/n' will be
(Font)              scaled to size 9.24683pt on input line 751.
\fullwidth=\dimen152
LaTeX Font Info:    Font shape `JT2/mc/m/n' will be
(Font)              scaled to size 7.39746pt on input line 904.
LaTeX Font Info:    Font shape `JY2/mc/m/n' will be
(Font)              scaled to size 7.39746pt on input line 904.
\c@part=\count167
\c@section=\count168
\c@subsection=\count169
\c@subsubsection=\count170
\c@paragraph=\count171
\c@subparagraph=\count172
\@abstractbox=\box61
\c@figure=\count173
\c@table=\count174
\abovecaptionskip=\skip48
\belowcaptionskip=\skip49
\jsc@tocl@width=\dimen153
\@lnumwidth=\dimen154
\bibindent=\dimen155
(/usr/local/texlive/2020/texmf-dist/tex/platex/jsclasses/jslogo.sty
Package: jslogo 2019/07/25 okumura, texjporg
LaTeX Info: Redefining \TeX on input line 94.
LaTeX Info: Redefining \LaTeX on input line 147.
LaTeX Info: Redefining \LaTeXe on input line 200.
)
\heisei=\count175
) (/usr/local/texlive/2020/texmf-dist/tex/platex/japanese-otf-uptex/otf.sty
Package: otf 2019/04/01 v1.7b8 psitau, u0.25 ttk
(/usr/local/texlive/2020/texmf-dist/tex/latex/graphics/keyval.sty
Package: keyval 2014/10/28 v1.15 key=value parser (DPC)
\KV@toks@=\toks16
)
LaTeX Font Info:    Redeclaring symbol font `mincho' on input line 314.
LaTeX Font Info:    Overwriting symbol font `mincho' in version `normal'
(Font)                  JY2/mc/m/n --> JY2/hmc/m/n on input line 314.
LaTeX Font Info:    Overwriting symbol font `mincho' in version `bold'
(Font)                  JY2/gt/m/n --> JY2/hmc/m/n on input line 314.
LaTeX Font Info:    Overwriting symbol font `mincho' in version `bold'
(Font)                  JY2/hmc/m/n --> JY2/hmc/bx/n on input line 316.
LaTeX Font Info:    Redeclaring math alphabet \mathgt on input line 317.
LaTeX Font Info:    Overwriting math alphabet `\mathgt' in version `normal'
(Font)                  JY2/gt/m/n --> JY2/hgt/m/n on input line 317.
LaTeX Font Info:    Overwriting math alphabet `\mathgt' in version `bold'
(Font)                  JY2/gt/m/n --> JY2/hgt/m/n on input line 317.
LaTeX Font Info:    Overwriting math alphabet `\mathgt' in version `bold'
(Font)                  JY2/hgt/m/n --> JY2/hgt/bx/n on input line 318.
(/usr/local/texlive/2020/texmf-dist/tex/platex/japanese-otf/ajmacros.sty
Package: ajmacros 2019/04/01 21:00 iNOUE Koich! <inoue@ma.ns.musashi-tech.ac.jp>
\@tempcntc=\count176
\@tempcntd=\count177
\@tempcnte=\count178
\@tempcntf=\count179
)) (/usr/local/texlive/2020/texmf-dist/tex/latex/natbib/natbib.sty
Package: natbib 2010/09/13 8.31b (PWD, AO)
\bibhang=\skip50
\bibsep=\skip51
LaTeX Info: Redefining \cite on input line 694.
\c@NAT@ctr=\count180
) (/usr/local/texlive/2020/texmf-dist/tex/latex/url/url.sty
\Urlmuskip=\muskip16
Package: url 2013/09/16  ver 3.4  Verb mode for urls, etc.
) (/usr/local/texlive/2020/texmf-dist/tex/latex/ascmac/ascmac.sty
Package: ascmac 2020/01/15 v2.1 ascmac wrapper (community edition) 
(/usr/local/texlive/2020/texmf-dist/tex/latex/ascmac/tascmac.sty
Package: tascmac 2020/01/15 v2.1 ascmac package (community edition) 
\@savetbaselineshift=\dimen156
\@saveybaselineshift=\dimen157
\scb@x=\box62
\scscb@x=\box63
\@bw=\dimen158
\@nbox=\box64
\@nbody=\box65
\@scw=\dimen159
\ascmac@hoboxa=\box66
\ascmac@hoboxb=\box67
\@itemh=\dimen160
\@iboxpos=\toks17
\@iboxstr=\box68
\@bwsp=\box69
\@@bwsp=\box70
\@bcal=\count181
\shaderule=\dimen161
)) (/usr/local/texlive/2020/texmf-dist/tex/latex/hyperref/hyperref.sty
Package: hyperref 2020-05-15 v7.00e Hypertext links for LaTeX
(/usr/local/texlive/2020/texmf-dist/tex/generic/ltxcmds/ltxcmds.sty
Package: ltxcmds 2019/12/15 v1.24 LaTeX kernel commands for general use (HO)
) (/usr/local/texlive/2020/texmf-dist/tex/generic/iftex/iftex.sty
Package: iftex 2020/03/06 v1.0d TeX engine tests
) (/usr/local/texlive/2020/texmf-dist/tex/generic/pdftexcmds/pdftexcmds.sty
Package: pdftexcmds 2020-06-27 v0.33 Utility functions of pdfTeX for LuaTeX (HO)
(/usr/local/texlive/2020/texmf-dist/tex/generic/infwarerr/infwarerr.sty
Package: infwarerr 2019/12/03 v1.5 Providing info/warning/error messages (HO)
)
Package pdftexcmds Info: \pdf@primitive is available.
Package pdftexcmds Info: \pdf@ifprimitive is available.
Package pdftexcmds Info: \pdfdraftmode not found.
) (/usr/local/texlive/2020/texmf-dist/tex/generic/kvsetkeys/kvsetkeys.sty
Package: kvsetkeys 2019/12/15 v1.18 Key value parser (HO)
) (/usr/local/texlive/2020/texmf-dist/tex/generic/kvdefinekeys/kvdefinekeys.sty
Package: kvdefinekeys 2019-12-19 v1.6 Define keys (HO)
) (/usr/local/texlive/2020/texmf-dist/tex/generic/pdfescape/pdfescape.sty
Package: pdfescape 2019/12/09 v1.15 Implements pdfTeX's escape features (HO)
) (/usr/local/texlive/2020/texmf-dist/tex/latex/hycolor/hycolor.sty
Package: hycolor 2020-01-27 v1.10 Color options for hyperref/bookmark (HO)
) (/usr/local/texlive/2020/texmf-dist/tex/latex/letltxmacro/letltxmacro.sty
Package: letltxmacro 2019/12/03 v1.6 Let assignment for LaTeX macros (HO)
) (/usr/local/texlive/2020/texmf-dist/tex/latex/auxhook/auxhook.sty
Package: auxhook 2019-12-17 v1.6 Hooks for auxiliary files (HO)
) (/usr/local/texlive/2020/texmf-dist/tex/latex/kvoptions/kvoptions.sty
Package: kvoptions 2019/11/29 v3.13 Key value format for package options (HO)
)
\@linkdim=\dimen162
\Hy@linkcounter=\count182
\Hy@pagecounter=\count183
(/usr/local/texlive/2020/texmf-dist/tex/latex/hyperref/pd1enc.def
File: pd1enc.def 2020-05-15 v7.00e Hyperref: PDFDocEncoding definition (HO)
Now handling font encoding PD1 ...
... no UTF-8 mapping file for font encoding PD1
) (/usr/local/texlive/2020/texmf-dist/tex/generic/intcalc/intcalc.sty
Package: intcalc 2019/12/15 v1.3 Expandable calculations with integers (HO)
) (/usr/local/texlive/2020/texmf-dist/tex/generic/etexcmds/etexcmds.sty
Package: etexcmds 2019/12/15 v1.7 Avoid name clashes with e-TeX commands (HO)
)
\Hy@SavedSpaceFactor=\count184
Package hyperref Info: Hyper figures OFF on input line 4464.
Package hyperref Info: Link nesting OFF on input line 4469.
Package hyperref Info: Hyper index ON on input line 4472.
Package hyperref Info: Plain pages OFF on input line 4479.
Package hyperref Info: Backreferencing OFF on input line 4484.
Package hyperref Info: Implicit mode ON; LaTeX internals redefined.
Package hyperref Info: Bookmarks ON on input line 4717.
\c@Hy@tempcnt=\count185
LaTeX Info: Redefining \url on input line 5076.
\XeTeXLinkMargin=\dimen163
(/usr/local/texlive/2020/texmf-dist/tex/generic/bitset/bitset.sty
Package: bitset 2019/12/09 v1.3 Handle bit-vector datatype (HO)
(/usr/local/texlive/2020/texmf-dist/tex/generic/bigintcalc/bigintcalc.sty
Package: bigintcalc 2019/12/15 v1.5 Expandable calculations on big integers (HO)
))
\Fld@menulength=\count186
\Field@Width=\dimen164
\Fld@charsize=\dimen165
Package hyperref Info: Hyper figures OFF on input line 6347.
Package hyperref Info: Link nesting OFF on input line 6352.
Package hyperref Info: Hyper index ON on input line 6355.
Package hyperref Info: backreferencing OFF on input line 6362.
Package hyperref Info: Link coloring OFF on input line 6367.
Package hyperref Info: Link coloring with OCG OFF on input line 6372.
Package hyperref Info: PDF/A mode OFF on input line 6377.
LaTeX Info: Redefining \ref on input line 6417.
LaTeX Info: Redefining \pageref on input line 6421.
(/usr/local/texlive/2020/texmf-dist/tex/generic/atbegshi/atbegshi.sty
Package: atbegshi 2019/12/05 v1.19 At begin shipout hook (HO)
)
\Hy@abspage=\count187
\c@Item=\count188
\c@Hfootnote=\count189
)
Package hyperref Info: Driver: hdvipdfm.
(/usr/local/texlive/2020/texmf-dist/tex/latex/hyperref/hdvipdfm.def
File: hdvipdfm.def 2020-05-15 v7.00e Hyperref driver for dvipdfm
\pdfm@box=\box71
\c@Hy@AnnotLevel=\count190
\HyField@AnnotCount=\count191
\Fld@listcount=\count192
\c@bookmark@seq@number=\count193
(/usr/local/texlive/2020/texmf-dist/tex/latex/rerunfilecheck/rerunfilecheck.sty
Package: rerunfilecheck 2019/12/05 v1.9 Rerun checks for auxiliary files (HO)
(/usr/local/texlive/2020/texmf-dist/tex/latex/atveryend/atveryend.sty
Package: atveryend 2019-12-11 v1.11 Hooks at the very end of document (HO)
Package atveryend Info: \enddocument detected (standard20110627).
) (/usr/local/texlive/2020/texmf-dist/tex/generic/uniquecounter/uniquecounter.sty
Package: uniquecounter 2019/12/15 v1.4 Provide unlimited unique counter (HO)
)
Package uniquecounter Info: New unique counter `rerunfilecheck' on input line 286.
)
\Hy@SectionHShift=\skip52
) (/usr/local/texlive/2020/texmf-dist/tex/platex/pxjahyper/pxjahyper.sty
Package: pxjahyper 2020/06/13 v0.5
(/usr/local/texlive/2020/texmf-dist/tex/latex/etoolbox/etoolbox.sty
Package: etoolbox 2020/08/24 v2.5j e-TeX tools for LaTeX (JAW)
\etb@tempcnta=\count194
) (/usr/local/texlive/2020/texmf-dist/tex/latex/bxjatoucs/bxjatoucs.sty
Package: bxjatoucs 2019/10/20 v0.2
))
Package hyperref Info: Option `setpagesize' set `false' on input line 18.
Package hyperref Info: Option `bookmarksnumbered' set `true' on input line 18.
Package hyperref Info: Option `bookmarksopen' set `true' on input line 18.
Package hyperref Info: Option `colorlinks' set `true' on input line 18.
(/usr/local/texlive/2020/texmf-dist/tex/latex/l3backend/l3backend-dvips.def
File: l3backend-dvips.def 2020-09-01 L3 backend support: dvips
\l__pdf_internal_box=\box72
\g__pdf_backend_object_int=\count195
\l__pdf_backend_content_box=\box73
\l__pdf_backend_model_box=\box74
\g__pdf_backend_annotation_int=\count196
\g__pdf_backend_link_int=\count197
\g__pdf_backend_link_sf_int=\count198
) (/Users/napier/Dropbox/Git/psychometrtics_syllabus/syllabus/syllabus.aux)
\openout1 = `syllabus.aux'.

LaTeX Font Info:    Checking defaults for OML/cmm/m/it on input line 20.
LaTeX Font Info:    ... okay on input line 20.
LaTeX Font Info:    Checking defaults for OMS/cmsy/m/n on input line 20.
LaTeX Font Info:    ... okay on input line 20.
LaTeX Font Info:    Checking defaults for OT1/cmr/m/n on input line 20.
LaTeX Font Info:    ... okay on input line 20.
LaTeX Font Info:    Checking defaults for T1/cmr/m/n on input line 20.
LaTeX Font Info:    ... okay on input line 20.
LaTeX Font Info:    Checking defaults for TS1/cmr/m/n on input line 20.
LaTeX Font Info:    ... okay on input line 20.
LaTeX Font Info:    Checking defaults for OMX/cmex/m/n on input line 20.
LaTeX Font Info:    ... okay on input line 20.
LaTeX Font Info:    Checking defaults for U/cmr/m/n on input line 20.
LaTeX Font Info:    ... okay on input line 20.
LaTeX Font Info:    Checking defaults for JY2/mc/m/n on input line 20.
LaTeX Font Info:    ... okay on input line 20.
LaTeX Font Info:    Checking defaults for JT2/mc/m/n on input line 20.
LaTeX Font Info:    ... okay on input line 20.
LaTeX Font Info:    Checking defaults for PD1/pdf/m/n on input line 20.
LaTeX Font Info:    ... okay on input line 20.
LaTeX Font Info:    Font shape `JT2/hmc/m/n' will be
(Font)              scaled to size 9.24683pt on input line 20.
LaTeX Font Info:    Font shape `JY2/hmc/m/n' will be
(Font)              scaled to size 9.24683pt on input line 20.
\AtBeginShipoutBox=\box75
(/usr/local/texlive/2020/texmf-dist/tex/latex/graphics/color.sty
Package: color 2019/11/23 v1.2a Standard LaTeX Color (DPC)
(/usr/local/texlive/2020/texmf-dist/tex/latex/graphics-cfg/color.cfg
File: color.cfg 2016/01/02 v1.6 sample color configuration
)
Package color Info: Driver file: dvipdfmx.def on input line 147.
(/usr/local/texlive/2020/texmf-dist/tex/latex/graphics-def/dvipdfmx.def
File: dvipdfmx.def 2020/08/26 v5.0h Graphics/color driver for dvipdfmx
) (/usr/local/texlive/2020/texmf-dist/tex/latex/graphics/dvipsnam.def
File: dvipsnam.def 2016/06/17 v3.0m Driver-dependent file (DPC,SPQR)
))
Package hyperref Info: Link coloring ON on input line 20.
(/usr/local/texlive/2020/texmf-dist/tex/latex/hyperref/nameref.sty
Package: nameref 2019/09/16 v2.46 Cross-referencing by name of section
(/usr/local/texlive/2020/texmf-dist/tex/latex/refcount/refcount.sty
Package: refcount 2019/12/15 v3.6 Data extraction from label references (HO)
) (/usr/local/texlive/2020/texmf-dist/tex/generic/gettitlestring/gettitlestring.sty
Package: gettitlestring 2019/12/15 v1.6 Cleanup title references (HO)
)
\c@section@level=\count199
)
LaTeX Info: Redefining \ref on input line 20.
LaTeX Info: Redefining \pageref on input line 20.
LaTeX Info: Redefining \nameref on input line 20.
\@outlinefile=\write3
\openout3 = `syllabus.out'.


Package hyperref Warning: Rerun to get /PageLabels entry.

LaTeX Font Info:    Font shape `JT2/hmc/m/n' will be
(Font)              scaled to size 15.9785pt on input line 24.
LaTeX Font Info:    Font shape `JY2/hmc/m/n' will be
(Font)              scaled to size 15.9785pt on input line 24.
LaTeX Font Info:    Font shape `JT2/hmc/m/n' will be
(Font)              scaled to size 11.09619pt on input line 24.
LaTeX Font Info:    Font shape `JY2/hmc/m/n' will be
(Font)              scaled to size 11.09619pt on input line 24.
LaTeX Font Info:    External font `cmex10' loaded for size
(Font)              <12> on input line 24.
LaTeX Font Info:    External font `cmex10' loaded for size
(Font)              <8> on input line 24.
LaTeX Font Info:    External font `cmex10' loaded for size
(Font)              <6> on input line 24.
LaTeX Font Info:    Font shape `JY2/hmc/m/n' will be
(Font)              scaled to size 7.39746pt on input line 24.
LaTeX Font Info:    Font shape `JY2/hmc/m/n' will be
(Font)              scaled to size 5.5481pt on input line 24.
LaTeX Font Info:    Font shape `JT2/hgt/m/n' will be
(Font)              scaled to size 9.24683pt on input line 25.
LaTeX Font Info:    Font shape `JY2/hgt/m/n' will be
(Font)              scaled to size 9.24683pt on input line 25.
LaTeX Font Info:    Font shape `JT2/hmc/m/n' will be
(Font)              scaled to size 13.31541pt on input line 25.
LaTeX Font Info:    Font shape `JY2/hmc/m/n' will be
(Font)              scaled to size 13.31541pt on input line 25.
LaTeX Font Info:    Font shape `JT2/hgt/m/n' will be
(Font)              scaled to size 13.31541pt on input line 25.
LaTeX Font Info:    Font shape `JY2/hgt/m/n' will be
(Font)              scaled to size 13.31541pt on input line 25.
\tf@toc=\write4
\openout4 = `syllabus.toc'.

[1

]
LaTeX Font Info:    Font shape `JT2/hgt/m/n' will be
(Font)              scaled to size 11.09619pt on input line 28.
LaTeX Font Info:    Font shape `JY2/hgt/m/n' will be
(Font)              scaled to size 11.09619pt on input line 28.
LaTeX Font Info:    External font `cmex10' loaded for size
(Font)              <7> on input line 42.
LaTeX Font Info:    External font `cmex10' loaded for size
(Font)              <5> on input line 42.
LaTeX Font Info:    Font shape `JY2/hmc/m/n' will be
(Font)              scaled to size 6.47278pt on input line 42.
LaTeX Font Info:    Font shape `JY2/hmc/m/n' will be
(Font)              scaled to size 4.62341pt on input line 42.
LaTeX Font Info:    Font shape `JT2/hmc/m/n' will be
(Font)              scaled to size 6.47278pt on input line 42.
LaTeX Font Info:    Font shape `JT2/hmc/m/n' will be
(Font)              scaled to size 7.39746pt on input line 42.
LaTeX Font Info:    Font shape `JT2/hmc/m/n' will be
(Font)              scaled to size 5.5481pt on input line 42.

LaTeX Font Warning: Font shape `JY2/hmc/b/n' undefined
(Font)              using `JY2/hmc/bx/n' instead on input line 48.

LaTeX Font Info:    Font shape `JT2/hmc/bx/n' in size <10> not available
(Font)              Font shape `JT2/hgt/m/n' tried instead on input line 48.
LaTeX Font Info:    Font shape `JT2/hgt/m/n' will be
(Font)              scaled to size 9.24683pt on input line 48.
LaTeX Font Info:    Font shape `JY2/hmc/bx/n' in size <10> not available
(Font)              Font shape `JY2/hgt/m/n' tried instead on input line 48.
LaTeX Font Info:    Font shape `JY2/hgt/m/n' will be
(Font)              scaled to size 9.24683pt on input line 48.

LaTeX Warning: Reference `processTable' on page 2 undefined on input line 48.

LaTeX Font Info:    Font shape `JT2/hmc/m/n' will be
(Font)              scaled to size 8.32214pt on input line 52.
LaTeX Font Info:    Font shape `JY2/hmc/m/n' will be
(Font)              scaled to size 8.32214pt on input line 52.

LaTeX Font Warning: Font shape `JY2/hmc/b/n' undefined
(Font)              using `JY2/hmc/bx/n' instead on input line 56.


LaTeX Warning: Reference `lesson01' on page 2 undefined on input line 56.


LaTeX Font Warning: Font shape `JY2/hmc/b/n' undefined
(Font)              using `JY2/hmc/bx/n' instead on input line 57.


LaTeX Warning: Reference `lesson02' on page 2 undefined on input line 57.


LaTeX Font Warning: Font shape `JY2/hmc/b/n' undefined
(Font)              using `JY2/hmc/bx/n' instead on input line 58.


LaTeX Warning: Reference `lesson03' on page 2 undefined on input line 58.


LaTeX Font Warning: Font shape `JY2/hmc/b/n' undefined
(Font)              using `JY2/hmc/bx/n' instead on input line 59.


LaTeX Warning: Reference `lesson04' on page 2 undefined on input line 59.


LaTeX Font Warning: Font shape `JY2/hmc/b/n' undefined
(Font)              using `JY2/hmc/bx/n' instead on input line 60.


LaTeX Warning: Reference `lesson05' on page 2 undefined on input line 60.


LaTeX Font Warning: Font shape `JY2/hmc/b/n' undefined
(Font)              using `JY2/hmc/bx/n' instead on input line 61.


LaTeX Warning: Reference `lesson06' on page 2 undefined on input line 61.


LaTeX Font Warning: Font shape `JY2/hmc/b/n' undefined
(Font)              using `JY2/hmc/bx/n' instead on input line 62.


LaTeX Warning: Reference `lesson07' on page 2 undefined on input line 62.


LaTeX Font Warning: Font shape `JY2/hmc/b/n' undefined
(Font)              using `JY2/hmc/bx/n' instead on input line 63.


LaTeX Warning: Reference `lesson08' on page 2 undefined on input line 63.


LaTeX Font Warning: Font shape `JY2/hmc/b/n' undefined
(Font)              using `JY2/hmc/bx/n' instead on input line 64.


LaTeX Warning: Reference `lesson09' on page 2 undefined on input line 64.


LaTeX Font Warning: Font shape `JY2/hmc/b/n' undefined
(Font)              using `JY2/hmc/bx/n' instead on input line 65.


LaTeX Warning: Reference `lesson10' on page 2 undefined on input line 65.


LaTeX Font Warning: Font shape `JY2/hmc/b/n' undefined
(Font)              using `JY2/hmc/bx/n' instead on input line 66.


LaTeX Warning: Reference `lesson11' on page 2 undefined on input line 66.


LaTeX Font Warning: Font shape `JY2/hmc/b/n' undefined
(Font)              using `JY2/hmc/bx/n' instead on input line 67.


LaTeX Warning: Reference `lesson12' on page 2 undefined on input line 67.


LaTeX Font Warning: Font shape `JY2/hmc/b/n' undefined
(Font)              using `JY2/hmc/bx/n' instead on input line 68.


LaTeX Warning: Reference `lesson13' on page 2 undefined on input line 68.


LaTeX Font Warning: Font shape `JY2/hmc/b/n' undefined
(Font)              using `JY2/hmc/bx/n' instead on input line 69.


LaTeX Warning: Reference `lesson14' on page 2 undefined on input line 69.


LaTeX Font Warning: Font shape `JY2/hmc/b/n' undefined
(Font)              using `JY2/hmc/bx/n' instead on input line 70.


LaTeX Warning: Reference `lesson16' on page 2 undefined on input line 70.


LaTeX Font Warning: Font shape `JY2/hmc/b/n' undefined
(Font)              using `JY2/hmc/bx/n' instead on input line 71.


LaTeX Warning: Reference `lesson17' on page 2 undefined on input line 71.


LaTeX Font Warning: Font shape `JY2/hmc/b/n' undefined
(Font)              using `JY2/hmc/bx/n' instead on input line 72.


LaTeX Warning: Reference `lesson18' on page 2 undefined on input line 72.


LaTeX Font Warning: Font shape `JY2/hmc/b/n' undefined
(Font)              using `JY2/hmc/bx/n' instead on input line 73.


LaTeX Warning: Reference `lesson19' on page 2 undefined on input line 73.


LaTeX Font Warning: Font shape `JY2/hmc/b/n' undefined
(Font)              using `JY2/hmc/bx/n' instead on input line 74.


LaTeX Warning: Reference `lesson20' on page 2 undefined on input line 74.


LaTeX Font Warning: Font shape `JY2/hmc/b/n' undefined
(Font)              using `JY2/hmc/bx/n' instead on input line 75.


LaTeX Warning: Reference `lesson21' on page 2 undefined on input line 75.


LaTeX Font Warning: Font shape `JY2/hmc/b/n' undefined
(Font)              using `JY2/hmc/bx/n' instead on input line 76.


LaTeX Warning: Reference `lesson22' on page 2 undefined on input line 76.


LaTeX Font Warning: Font shape `JY2/hmc/b/n' undefined
(Font)              using `JY2/hmc/bx/n' instead on input line 77.


LaTeX Warning: Reference `lesson23' on page 2 undefined on input line 77.


LaTeX Font Warning: Font shape `JY2/hmc/b/n' undefined
(Font)              using `JY2/hmc/bx/n' instead on input line 78.


LaTeX Warning: Reference `lesson24' on page 2 undefined on input line 78.


LaTeX Font Warning: Font shape `JY2/hmc/b/n' undefined
(Font)              using `JY2/hmc/bx/n' instead on input line 79.


LaTeX Warning: Reference `lesson25' on page 2 undefined on input line 79.


LaTeX Font Warning: Font shape `JY2/hmc/b/n' undefined
(Font)              using `JY2/hmc/bx/n' instead on input line 80.


LaTeX Warning: Reference `lesson26' on page 2 undefined on input line 80.


LaTeX Font Warning: Font shape `JY2/hmc/b/n' undefined
(Font)              using `JY2/hmc/bx/n' instead on input line 81.


LaTeX Warning: Reference `lesson27' on page 2 undefined on input line 81.


LaTeX Font Warning: Font shape `JY2/hmc/b/n' undefined
(Font)              using `JY2/hmc/bx/n' instead on input line 82.


LaTeX Warning: Reference `lesson28' on page 2 undefined on input line 82.


LaTeX Font Warning: Font shape `JY2/hmc/b/n' undefined
(Font)              using `JY2/hmc/bx/n' instead on input line 83.


LaTeX Warning: Reference `lesson29' on page 2 undefined on input line 83.

LaTeX Font Info:    Font shape `JT2/hgt/m/n' will be
(Font)              scaled to size 7.39746pt on input line 87.
LaTeX Font Info:    Font shape `JY2/hgt/m/n' will be
(Font)              scaled to size 7.39746pt on input line 87.
[2] [3]
\openout2 = `lesson01.aux'.

(/Users/napier/Dropbox/Git/psychometrtics_syllabus/syllabus/lesson01.tex

LaTeX Font Warning: Font shape `JY2/hmc/b/n' undefined
(Font)              using `JY2/hmc/bx/n' instead on input line 14.


Package natbib Warning: Citation `下山2001' on page 4 undefined on input line 14.


LaTeX Font Warning: Font shape `JY2/hmc/b/n' undefined
(Font)              using `JY2/hmc/bx/n' instead on input line 19.


Package natbib Warning: Citation `三浦201705' on page 4 undefined on input line 19.


LaTeX Font Warning: Font shape `JY2/hmc/b/n' undefined
(Font)              using `JY2/hmc/bx/n' instead on input line 24.


Package natbib Warning: Citation `三浦201705' on page 4 undefined on input line 24.


LaTeX Font Warning: Font shape `JY2/hmc/b/n' undefined
(Font)              using `JY2/hmc/bx/n' instead on input line 29.


Package natbib Warning: Citation `川端201408' on page 4 undefined on input line 29.

[4

]

LaTeX Font Warning: Font shape `JY2/hmc/b/n' undefined
(Font)              using `JY2/hmc/bx/n' instead on input line 50.


Package natbib Warning: Citation `中西201507' on page 5 undefined on input line 50.


LaTeX Font Warning: Font shape `JY2/hmc/b/n' undefined
(Font)              using `JY2/hmc/bx/n' instead on input line 50.


Package natbib Warning: Citation `道又200903' on page 5 undefined on input line 50.


LaTeX Font Warning: Font shape `JY2/hmc/b/n' undefined
(Font)              using `JY2/hmc/bx/n' instead on input line 50.


Package natbib Warning: Citation `菊池2018' on page 5 undefined on input line 50.


LaTeX Font Warning: Font shape `JY2/hmc/b/n' undefined
(Font)              using `JY2/hmc/bx/n' instead on input line 50.


Package natbib Warning: Citation `大芦201610' on page 5 undefined on input line 50.

) [5]
\openout2 = `lesson02.aux'.

(/Users/napier/Dropbox/Git/psychometrtics_syllabus/syllabus/lesson02.tex

LaTeX Font Warning: Font shape `JY2/hmc/b/n' undefined
(Font)              using `JY2/hmc/bx/n' instead on input line 15.


Package natbib Warning: Citation `Yamada2004' on page 6 undefined on input line 15.


LaTeX Font Warning: Font shape `JY2/hmc/b/n' undefined
(Font)              using `JY2/hmc/bx/n' instead on input line 20.


Package natbib Warning: Citation `山内201001' on page 6 undefined on input line 20.


LaTeX Font Warning: Font shape `JY2/hmc/b/n' undefined
(Font)              using `JY2/hmc/bx/n' instead on input line 20.


Package natbib Warning: Citation `三浦201705' on page 6 undefined on input line 20.


LaTeX Font Warning: Font shape `JY2/hmc/b/n' undefined
(Font)              using `JY2/hmc/bx/n' instead on input line 20.


Package natbib Warning: Citation `豊田1992' on page 6 undefined on input line 20.


LaTeX Font Warning: Font shape `JY2/hmc/b/n' undefined
(Font)              using `JY2/hmc/bx/n' instead on input line 25.


Package natbib Warning: Citation `川端201408' on page 6 undefined on input line 25.


LaTeX Font Warning: Font shape `JY2/hmc/b/n' undefined
(Font)              using `JY2/hmc/bx/n' instead on input line 25.


Package natbib Warning: Citation `Yamada2004' on page 6 undefined on input line 25.


LaTeX Font Warning: Font shape `JY2/hmc/b/n' undefined
(Font)              using `JY2/hmc/bx/n' instead on input line 30.


Package natbib Warning: Citation `紀ノ定201806' on page 6 undefined on input line 30.

[6


]

LaTeX Font Warning: Font shape `JY2/hmc/b/n' undefined
(Font)              using `JY2/hmc/bx/n' instead on input line 35.


Package natbib Warning: Citation `高木196807' on page 7 undefined on input line 35.


LaTeX Font Warning: Font shape `JY2/hmc/b/n' undefined
(Font)              using `JY2/hmc/bx/n' instead on input line 35.


Package natbib Warning: Citation `谷岡200006' on page 7 undefined on input line 35.


LaTeX Font Warning: Font shape `JY2/hmc/b/n' undefined
(Font)              using `JY2/hmc/bx/n' instead on input line 53.


Package natbib Warning: Citation `Rosling2019' on page 7 undefined on input line 53.


LaTeX Font Warning: Font shape `JY2/hmc/b/n' undefined
(Font)              using `JY2/hmc/bx/n' instead on input line 53.


Package natbib Warning: Citation `三浦201705' on page 7 undefined on input line 53.


LaTeX Font Warning: Font shape `JY2/hmc/b/n' undefined
(Font)              using `JY2/hmc/bx/n' instead on input line 53.


Package natbib Warning: Citation `川端201408' on page 7 undefined on input line 53.


LaTeX Font Warning: Font shape `JY2/hmc/b/n' undefined
(Font)              using `JY2/hmc/bx/n' instead on input line 53.


Package natbib Warning: Citation `Yamada2004' on page 7 undefined on input line 53.


LaTeX Font Warning: Font shape `JY2/hmc/b/n' undefined
(Font)              using `JY2/hmc/bx/n' instead on input line 53.


Package natbib Warning: Citation `kosugi2018' on page 7 undefined on input line 53.


LaTeX Font Warning: Font shape `JY2/hmc/b/n' undefined
(Font)              using `JY2/hmc/bx/n' instead on input line 53.


Package natbib Warning: Citation `kosugi2019' on page 7 undefined on input line 53.

) [7]
\openout2 = `lesson03.aux'.

(/Users/napier/Dropbox/Git/psychometrtics_syllabus/syllabus/lesson03.tex

LaTeX Font Warning: Font shape `JY2/hmc/b/n' undefined
(Font)              using `JY2/hmc/bx/n' instead on input line 18.


Package natbib Warning: Citation `山内201001' on page 8 undefined on input line 18.


LaTeX Font Warning: Font shape `JY2/hmc/b/n' undefined
(Font)              using `JY2/hmc/bx/n' instead on input line 18.


Package natbib Warning: Citation `Yamada2004' on page 8 undefined on input line 18.


LaTeX Font Warning: Font shape `JY2/hmc/b/n' undefined
(Font)              using `JY2/hmc/bx/n' instead on input line 18.


Package natbib Warning: Citation `川端201408' on page 8 undefined on input line 18.


LaTeX Font Warning: Font shape `JY2/hmc/b/n' undefined
(Font)              using `JY2/hmc/bx/n' instead on input line 23.


Package natbib Warning: Citation `山内201001' on page 8 undefined on input line 23.


LaTeX Font Warning: Font shape `JY2/hmc/b/n' undefined
(Font)              using `JY2/hmc/bx/n' instead on input line 23.


Package natbib Warning: Citation `Yamada2004' on page 8 undefined on input line 23.


LaTeX Font Warning: Font shape `JY2/hmc/b/n' undefined
(Font)              using `JY2/hmc/bx/n' instead on input line 23.


Package natbib Warning: Citation `川端201408' on page 8 undefined on input line 23.


LaTeX Font Warning: Font shape `JY2/hmc/b/n' undefined
(Font)              using `JY2/hmc/bx/n' instead on input line 29.


Package natbib Warning: Citation `山内201001' on page 8 undefined on input line 29.


LaTeX Font Warning: Font shape `JY2/hmc/b/n' undefined
(Font)              using `JY2/hmc/bx/n' instead on input line 29.


Package natbib Warning: Citation `Yamada2004' on page 8 undefined on input line 29.


LaTeX Font Warning: Font shape `JY2/hmc/b/n' undefined
(Font)              using `JY2/hmc/bx/n' instead on input line 29.


Package natbib Warning: Citation `川端201408' on page 8 undefined on input line 29.


LaTeX Font Warning: Font shape `JY2/hmc/b/n' undefined
(Font)              using `JY2/hmc/bx/n' instead on input line 34.


Package natbib Warning: Citation `山内201001' on page 8 undefined on input line 34.


LaTeX Font Warning: Font shape `JY2/hmc/b/n' undefined
(Font)              using `JY2/hmc/bx/n' instead on input line 34.


Package natbib Warning: Citation `Yamada2004' on page 8 undefined on input line 34.


LaTeX Font Warning: Font shape `JY2/hmc/b/n' undefined
(Font)              using `JY2/hmc/bx/n' instead on input line 34.


Package natbib Warning: Citation `川端201408' on page 8 undefined on input line 34.

[8


]

LaTeX Font Warning: Font shape `JY2/hmc/b/n' undefined
(Font)              using `JY2/hmc/bx/n' instead on input line 55.


Package natbib Warning: Citation `Yamada2004' on page 9 undefined on input line 55.


LaTeX Font Warning: Font shape `JY2/hmc/b/n' undefined
(Font)              using `JY2/hmc/bx/n' instead on input line 55.


Package natbib Warning: Citation `川端201408' on page 9 undefined on input line 55.


LaTeX Font Warning: Font shape `JY2/hmc/b/n' undefined
(Font)              using `JY2/hmc/bx/n' instead on input line 55.


Package natbib Warning: Citation `Yamada2004' on page 9 undefined on input line 55.


LaTeX Font Warning: Font shape `JY2/hmc/b/n' undefined
(Font)              using `JY2/hmc/bx/n' instead on input line 55.


Package natbib Warning: Citation `山内201001' on page 9 undefined on input line 55.


LaTeX Font Warning: Font shape `JY2/hmc/b/n' undefined
(Font)              using `JY2/hmc/bx/n' instead on input line 57.


Package natbib Warning: Citation `山内201001' on page 9 undefined on input line 57.

) [9]
\openout2 = `lesson04.aux'.

(/Users/napier/Dropbox/Git/psychometrtics_syllabus/syllabus/lesson04.tex

LaTeX Font Warning: Font shape `JY2/hmc/b/n' undefined
(Font)              using `JY2/hmc/bx/n' instead on input line 15.


Package natbib Warning: Citation `kosugi2019' on page 10 undefined on input line 15.


LaTeX Font Warning: Font shape `JY2/hmc/b/n' undefined
(Font)              using `JY2/hmc/bx/n' instead on input line 19.


Package natbib Warning: Citation `kosugi2019' on page 10 undefined on input line 19.


LaTeX Font Warning: Font shape `JY2/hmc/b/n' undefined
(Font)              using `JY2/hmc/bx/n' instead on input line 24.


Package natbib Warning: Citation `kosugi2019' on page 10 undefined on input line 24.


LaTeX Font Warning: Font shape `JY2/hmc/b/n' undefined
(Font)              using `JY2/hmc/bx/n' instead on input line 24.


Package natbib Warning: Citation `高橋201805' on page 10 undefined on input line 24.

[10


]

LaTeX Font Warning: Font shape `JY2/hmc/b/n' undefined
(Font)              using `JY2/hmc/bx/n' instead on input line 34.


Package natbib Warning: Citation `紀ノ定201806' on page 11 undefined on input line 34.


LaTeX Font Warning: Font shape `JY2/hmc/b/n' undefined
(Font)              using `JY2/hmc/bx/n' instead on input line 52.


Package natbib Warning: Citation `長尾200305' on page 11 undefined on input line 52.


LaTeX Font Warning: Font shape `JY2/hmc/b/n' undefined
(Font)              using `JY2/hmc/bx/n' instead on input line 54.


Package natbib Warning: Citation `kosugi2019' on page 11 undefined on input line 54.

) [11]
\openout2 = `lesson05.aux'.

(/Users/napier/Dropbox/Git/psychometrtics_syllabus/syllabus/lesson05.tex

LaTeX Font Warning: Font shape `JY2/hmc/b/n' undefined
(Font)              using `JY2/hmc/bx/n' instead on input line 15.


Package natbib Warning: Citation `kosugi2016b' on page 12 undefined on input line 15.


LaTeX Font Warning: Font shape `JY2/hmc/b/n' undefined
(Font)              using `JY2/hmc/bx/n' instead on input line 20.


Package natbib Warning: Citation `熊谷201508' on page 12 undefined on input line 20.


LaTeX Font Warning: Font shape `JY2/hmc/b/n' undefined
(Font)              using `JY2/hmc/bx/n' instead on input line 25.


Package natbib Warning: Citation `長沼201611' on page 12 undefined on input line 25.


LaTeX Font Warning: Font shape `JY2/hmc/b/n' undefined
(Font)              using `JY2/hmc/bx/n' instead on input line 25.


Package natbib Warning: Citation `西内201712' on page 12 undefined on input line 25.

[12


]

LaTeX Font Warning: Font shape `JY2/hmc/b/n' undefined
(Font)              using `JY2/hmc/bx/n' instead on input line 32.


Package natbib Warning: Citation `kosugi2016b' on page 13 undefined on input line 32.

) [13] [14]
\openout2 = `lesson06.aux'.

(/Users/napier/Dropbox/Git/psychometrtics_syllabus/syllabus/lesson06.tex

LaTeX Font Warning: Font shape `JY2/hmc/b/n' undefined
(Font)              using `JY2/hmc/bx/n' instead on input line 16.


Package natbib Warning: Citation `Maeda2017' on page 15 undefined on input line 16.


LaTeX Font Warning: Font shape `JY2/hmc/b/n' undefined
(Font)              using `JY2/hmc/bx/n' instead on input line 21.


Package natbib Warning: Citation `Maeda2017' on page 15 undefined on input line 21.


LaTeX Font Warning: Font shape `JY2/hmc/b/n' undefined
(Font)              using `JY2/hmc/bx/n' instead on input line 26.


Package natbib Warning: Citation `野島201903' on page 15 undefined on input line 26.

[15


]

LaTeX Font Warning: Font shape `JY2/hmc/b/n' undefined
(Font)              using `JY2/hmc/bx/n' instead on input line 45.


Package natbib Warning: Citation `浜田201812' on page 16 undefined on input line 45.


LaTeX Font Warning: Font shape `JY2/hmc/b/n' undefined
(Font)              using `JY2/hmc/bx/n' instead on input line 47.


Package natbib Warning: Citation `Maeda2017' on page 16 undefined on input line 47.

) [16]
\openout2 = `lesson07.aux'.

(/Users/napier/Dropbox/Git/psychometrtics_syllabus/syllabus/lesson07.tex

LaTeX Font Warning: Font shape `JY2/hmc/b/n' undefined
(Font)              using `JY2/hmc/bx/n' instead on input line 16.


Package natbib Warning: Citation `野島201903' on page 17 undefined on input line 16.


LaTeX Font Warning: Font shape `JY2/hmc/b/n' undefined
(Font)              using `JY2/hmc/bx/n' instead on input line 16.


Package natbib Warning: Citation `Yamada2004' on page 17 undefined on input line 16.


LaTeX Font Warning: Font shape `JY2/hmc/b/n' undefined
(Font)              using `JY2/hmc/bx/n' instead on input line 16.


Package natbib Warning: Citation `長沼201611' on page 17 undefined on input line 16.


LaTeX Font Warning: Font shape `JY2/hmc/b/n' undefined
(Font)              using `JY2/hmc/bx/n' instead on input line 21.


Package natbib Warning: Citation `長沼201611' on page 17 undefined on input line 21.


LaTeX Font Warning: Font shape `JY2/hmc/b/n' undefined
(Font)              using `JY2/hmc/bx/n' instead on input line 26.


Package natbib Warning: Citation `Maeda2017' on page 17 undefined on input line 26.

[17


]

LaTeX Font Warning: Font shape `JY2/hmc/b/n' undefined
(Font)              using `JY2/hmc/bx/n' instead on input line 31.


Package natbib Warning: Citation `川端201408' on page 18 undefined on input line 31.


LaTeX Font Warning: Font shape `JY2/hmc/b/n' undefined
(Font)              using `JY2/hmc/bx/n' instead on input line 31.


Package natbib Warning: Citation `Yamada2004' on page 18 undefined on input line 31.


LaTeX Font Warning: Font shape `JY2/hmc/b/n' undefined
(Font)              using `JY2/hmc/bx/n' instead on input line 49.


Package natbib Warning: Citation `長沼201611' on page 18 undefined on input line 49.


LaTeX Font Warning: Font shape `JY2/hmc/b/n' undefined
(Font)              using `JY2/hmc/bx/n' instead on input line 49.


Package natbib Warning: Citation `Maeda2017' on page 18 undefined on input line 49.

) [18]
\openout2 = `lesson08.aux'.

(/Users/napier/Dropbox/Git/psychometrtics_syllabus/syllabus/lesson08.tex

LaTeX Font Warning: Font shape `JY2/hmc/b/n' undefined
(Font)              using `JY2/hmc/bx/n' instead on input line 16.


Package natbib Warning: Citation `kosugi2018' on page 19 undefined on input line 16.


LaTeX Font Warning: Font shape `JY2/hmc/b/n' undefined
(Font)              using `JY2/hmc/bx/n' instead on input line 23.


Package natbib Warning: Citation `豊田201706' on page 19 undefined on input line 23.


LaTeX Font Warning: Font shape `JY2/hmc/b/n' undefined
(Font)              using `JY2/hmc/bx/n' instead on input line 28.


Package natbib Warning: Citation `豊田201706' on page 19 undefined on input line 28.

[19


]

LaTeX Font Warning: Font shape `JY2/hmc/b/n' undefined
(Font)              using `JY2/hmc/bx/n' instead on input line 47.


Package natbib Warning: Citation `山内201001' on page 20 undefined on input line 47.


LaTeX Font Warning: Font shape `JY2/hmc/b/n' undefined
(Font)              using `JY2/hmc/bx/n' instead on input line 47.


Package natbib Warning: Citation `kosugi2018' on page 20 undefined on input line 47.


LaTeX Font Warning: Font shape `JY2/hmc/b/n' undefined
(Font)              using `JY2/hmc/bx/n' instead on input line 47.


Package natbib Warning: Citation `西内201712' on page 20 undefined on input line 47.


LaTeX Font Warning: Font shape `JY2/hmc/b/n' undefined
(Font)              using `JY2/hmc/bx/n' instead on input line 47.


Package natbib Warning: Citation `kosugi2018' on page 20 undefined on input line 47.

) [20]
\openout2 = `lesson09.aux'.

(/Users/napier/Dropbox/Git/psychometrtics_syllabus/syllabus/lesson09.tex

LaTeX Font Warning: Font shape `JY2/hmc/b/n' undefined
(Font)              using `JY2/hmc/bx/n' instead on input line 16.


Package natbib Warning: Citation `野島201903' on page 21 undefined on input line 16.


LaTeX Font Warning: Font shape `JY2/hmc/b/n' undefined
(Font)              using `JY2/hmc/bx/n' instead on input line 21.


Package natbib Warning: Citation `kosugi2019' on page 21 undefined on input line 21.


LaTeX Font Warning: Font shape `JY2/hmc/b/n' undefined
(Font)              using `JY2/hmc/bx/n' instead on input line 26.


Package natbib Warning: Citation `kosugi2018' on page 21 undefined on input line 26.


LaTeX Font Warning: Font shape `JY2/hmc/b/n' undefined
(Font)              using `JY2/hmc/bx/n' instead on input line 31.


Package natbib Warning: Citation `kosugi2018' on page 21 undefined on input line 31.

[21


]

LaTeX Font Warning: Font shape `JY2/hmc/b/n' undefined
(Font)              using `JY2/hmc/bx/n' instead on input line 51.


Package natbib Warning: Citation `結城201810' on page 22 undefined on input line 51.


LaTeX Font Warning: Font shape `JY2/hmc/b/n' undefined
(Font)              using `JY2/hmc/bx/n' instead on input line 51.


Package natbib Warning: Citation `岡太200804' on page 22 undefined on input line 51.


LaTeX Font Warning: Font shape `JY2/hmc/b/n' undefined
(Font)              using `JY2/hmc/bx/n' instead on input line 53.


Package natbib Warning: Citation `豊田201706' on page 22 undefined on input line 53.


LaTeX Font Warning: Font shape `JY2/hmc/b/n' undefined
(Font)              using `JY2/hmc/bx/n' instead on input line 53.


Package natbib Warning: Citation `kosugi2016a' on page 22 undefined on input line 53.

) [22]
\openout2 = `lesson10.aux'.

(/Users/napier/Dropbox/Git/psychometrtics_syllabus/syllabus/lesson10.tex

LaTeX Font Warning: Font shape `JY2/hmc/b/n' undefined
(Font)              using `JY2/hmc/bx/n' instead on input line 15.


Package natbib Warning: Citation `紀ノ定201806' on page 23 undefined on input line 15.


LaTeX Font Warning: Font shape `JY2/hmc/b/n' undefined
(Font)              using `JY2/hmc/bx/n' instead on input line 15.


Package natbib Warning: Citation `kosugi2019' on page 23 undefined on input line 15.


LaTeX Font Warning: Font shape `JY2/hmc/b/n' undefined
(Font)              using `JY2/hmc/bx/n' instead on input line 18.


LaTeX Warning: Reference `lesson04' on page 23 undefined on input line 18.


LaTeX Font Warning: Font shape `JY2/hmc/b/n' undefined
(Font)              using `JY2/hmc/bx/n' instead on input line 20.


Package natbib Warning: Citation `紀ノ定201806' on page 23 undefined on input line 20.


LaTeX Font Warning: Font shape `JY2/hmc/b/n' undefined
(Font)              using `JY2/hmc/bx/n' instead on input line 25.


Package natbib Warning: Citation `kosugi2018' on page 23 undefined on input line 25.


LaTeX Font Warning: Font shape `JY2/hmc/b/n' undefined
(Font)              using `JY2/hmc/bx/n' instead on input line 28.


Package natbib Warning: Citation `kosugi2018' on page 23 undefined on input line 28.


LaTeX Font Warning: Font shape `JY2/hmc/b/n' undefined
(Font)              using `JY2/hmc/bx/n' instead on input line 30.


Package natbib Warning: Citation `kosugi2018' on page 23 undefined on input line 30.

[23


]

LaTeX Font Warning: Font shape `JY2/hmc/b/n' undefined
(Font)              using `JY2/hmc/bx/n' instead on input line 35.


Package natbib Warning: Citation `kosugi2018' on page 24 undefined on input line 35.


LaTeX Font Warning: Font shape `JY2/hmc/b/n' undefined
(Font)              using `JY2/hmc/bx/n' instead on input line 54.


LaTeX Warning: Reference `lesson04' on page 24 undefined on input line 54.


LaTeX Font Warning: Font shape `JY2/hmc/b/n' undefined
(Font)              using `JY2/hmc/bx/n' instead on input line 54.


Package natbib Warning: Citation `kosugi2019' on page 24 undefined on input line 54.

) [24]
\openout2 = `lesson11.aux'.

(/Users/napier/Dropbox/Git/psychometrtics_syllabus/syllabus/lesson11.tex

LaTeX Font Warning: Font shape `JY2/hmc/b/n' undefined
(Font)              using `JY2/hmc/bx/n' instead on input line 15.


Package natbib Warning: Citation `西内201301' on page 25 undefined on input line 15.


LaTeX Font Warning: Font shape `JY2/hmc/b/n' undefined
(Font)              using `JY2/hmc/bx/n' instead on input line 15.


Package natbib Warning: Citation `大村201301' on page 25 undefined on input line 15.


LaTeX Font Warning: Font shape `JY2/hmc/b/n' undefined
(Font)              using `JY2/hmc/bx/n' instead on input line 20.


Package natbib Warning: Citation `Yamada2004' on page 25 undefined on input line 20.


LaTeX Font Warning: Font shape `JY2/hmc/b/n' undefined
(Font)              using `JY2/hmc/bx/n' instead on input line 20.


Package natbib Warning: Citation `大村201301' on page 25 undefined on input line 20.


LaTeX Font Warning: Font shape `JY2/hmc/b/n' undefined
(Font)              using `JY2/hmc/bx/n' instead on input line 25.


Package natbib Warning: Citation `kosugi2019' on page 25 undefined on input line 25.


LaTeX Font Warning: Font shape `JY2/hmc/b/n' undefined
(Font)              using `JY2/hmc/bx/n' instead on input line 30.


Package natbib Warning: Citation `大村201301' on page 25 undefined on input line 30.

[25


]

LaTeX Font Warning: Font shape `JY2/hmc/b/n' undefined
(Font)              using `JY2/hmc/bx/n' instead on input line 50.


Package natbib Warning: Citation `Yamada2004' on page 26 undefined on input line 50.

) [26]
\openout2 = `lesson12.aux'.

(/Users/napier/Dropbox/Git/psychometrtics_syllabus/syllabus/lesson12.tex

LaTeX Font Warning: Font shape `JY2/hmc/b/n' undefined
(Font)              using `JY2/hmc/bx/n' instead on input line 15.


Package natbib Warning: Citation `Yamada2004' on page 27 undefined on input line 15.


LaTeX Font Warning: Font shape `JY2/hmc/b/n' undefined
(Font)              using `JY2/hmc/bx/n' instead on input line 18.


Package natbib Warning: Citation `Yamada2004' on page 27 undefined on input line 18.


LaTeX Font Warning: Font shape `JY2/hmc/b/n' undefined
(Font)              using `JY2/hmc/bx/n' instead on input line 20.


Package natbib Warning: Citation `大村201301' on page 27 undefined on input line 20.


LaTeX Font Warning: Font shape `JY2/hmc/b/n' undefined
(Font)              using `JY2/hmc/bx/n' instead on input line 20.


Package natbib Warning: Citation `Yamada2004' on page 27 undefined on input line 20.


LaTeX Font Warning: Font shape `JY2/hmc/b/n' undefined
(Font)              using `JY2/hmc/bx/n' instead on input line 25.


Package natbib Warning: Citation `kosugi2018' on page 27 undefined on input line 25.

[27


]) [28]
\openout2 = `lesson13.aux'.

(/Users/napier/Dropbox/Git/psychometrtics_syllabus/syllabus/lesson13.tex

LaTeX Font Warning: Font shape `JY2/hmc/b/n' undefined
(Font)              using `JY2/hmc/bx/n' instead on input line 15.


Package natbib Warning: Citation `Yamada2004' on page 29 undefined on input line 15.


LaTeX Font Warning: Font shape `JY2/hmc/b/n' undefined
(Font)              using `JY2/hmc/bx/n' instead on input line 20.


Package natbib Warning: Citation `Yamada2004' on page 29 undefined on input line 20.


LaTeX Font Warning: Font shape `JY2/hmc/b/n' undefined
(Font)              using `JY2/hmc/bx/n' instead on input line 25.


Package natbib Warning: Citation `Yamada2004' on page 29 undefined on input line 25.


LaTeX Font Warning: Font shape `JY2/hmc/b/n' undefined
(Font)              using `JY2/hmc/bx/n' instead on input line 25.


Package natbib Warning: Citation `kosugi2019' on page 29 undefined on input line 25.


LaTeX Font Warning: Font shape `JY2/hmc/b/n' undefined
(Font)              using `JY2/hmc/bx/n' instead on input line 30.


Package natbib Warning: Citation `清水201705' on page 29 undefined on input line 30.


LaTeX Font Warning: Font shape `JY2/hmc/b/n' undefined
(Font)              using `JY2/hmc/bx/n' instead on input line 30.


Package natbib Warning: Citation `南風原200206' on page 29 undefined on input line 30.


LaTeX Font Warning: Font shape `JY2/hmc/b/n' undefined
(Font)              using `JY2/hmc/bx/n' instead on input line 30.


Package natbib Warning: Citation `松浦201610' on page 29 undefined on input line 30.

[29


]) [30]
\openout2 = `lesson14.aux'.

(/Users/napier/Dropbox/Git/psychometrtics_syllabus/syllabus/lesson14.tex

LaTeX Font Warning: Font shape `JY2/hmc/b/n' undefined
(Font)              using `JY2/hmc/bx/n' instead on input line 13.


Package natbib Warning: Citation `Yamada2004' on page 31 undefined on input line 13.


LaTeX Font Warning: Font shape `JY2/hmc/b/n' undefined
(Font)              using `JY2/hmc/bx/n' instead on input line 17.


Package natbib Warning: Citation `Yamada2004' on page 31 undefined on input line 17.


LaTeX Font Warning: Font shape `JY2/hmc/b/n' undefined
(Font)              using `JY2/hmc/bx/n' instead on input line 22.


Package natbib Warning: Citation `Yamada2004' on page 31 undefined on input line 22.

[31


]) [32]
\openout2 = `lesson15.aux'.

(/Users/napier/Dropbox/Git/psychometrtics_syllabus/syllabus/lesson15.tex) [33


]
\openout2 = `lesson16.aux'.

(/Users/napier/Dropbox/Git/psychometrtics_syllabus/syllabus/lesson16.tex

LaTeX Font Warning: Font shape `JY2/hmc/b/n' undefined
(Font)              using `JY2/hmc/bx/n' instead on input line 15.


Package natbib Warning: Citation `Yamada2004' on page 34 undefined on input line 15.


LaTeX Font Warning: Font shape `JY2/hmc/b/n' undefined
(Font)              using `JY2/hmc/bx/n' instead on input line 20.


Package natbib Warning: Citation `Yamada2004' on page 34 undefined on input line 20.


LaTeX Font Warning: Font shape `JY2/hmc/b/n' undefined
(Font)              using `JY2/hmc/bx/n' instead on input line 25.


Package natbib Warning: Citation `Yamada2004' on page 34 undefined on input line 25.


LaTeX Font Warning: Font shape `JY2/hmc/b/n' undefined
(Font)              using `JY2/hmc/bx/n' instead on input line 30.


Package natbib Warning: Citation `Yamada2004' on page 34 undefined on input line 30.

[34


]

LaTeX Font Warning: Font shape `JY2/hmc/b/n' undefined
(Font)              using `JY2/hmc/bx/n' instead on input line 49.


Package natbib Warning: Citation `Yamada2004' on page 35 undefined on input line 49.


LaTeX Font Warning: Font shape `JY2/hmc/b/n' undefined
(Font)              using `JY2/hmc/bx/n' instead on input line 51.


Package natbib Warning: Citation `Yamada2004' on page 35 undefined on input line 51.

) [35]
\openout2 = `lesson17.aux'.

(/Users/napier/Dropbox/Git/psychometrtics_syllabus/syllabus/lesson17.tex

LaTeX Font Warning: Font shape `JY2/hmc/b/n' undefined
(Font)              using `JY2/hmc/bx/n' instead on input line 15.


Package natbib Warning: Citation `川端201408' on page 36 undefined on input line 15.


LaTeX Font Warning: Font shape `JY2/hmc/b/n' undefined
(Font)              using `JY2/hmc/bx/n' instead on input line 20.


Package natbib Warning: Citation `Yamada2004' on page 36 undefined on input line 20.


LaTeX Font Warning: Font shape `JY2/hmc/b/n' undefined
(Font)              using `JY2/hmc/bx/n' instead on input line 25.


Package natbib Warning: Citation `川端201408' on page 36 undefined on input line 25.


LaTeX Font Warning: Font shape `JY2/hmc/b/n' undefined
(Font)              using `JY2/hmc/bx/n' instead on input line 30.


Package natbib Warning: Citation `Yamada2004' on page 36 undefined on input line 30.

[36


]

LaTeX Font Warning: Font shape `JY2/hmc/b/n' undefined
(Font)              using `JY2/hmc/bx/n' instead on input line 35.


Package natbib Warning: Citation `Yamada2004' on page 37 undefined on input line 35.

) [37]
\openout2 = `lesson18.aux'.

(/Users/napier/Dropbox/Git/psychometrtics_syllabus/syllabus/lesson18.tex

LaTeX Font Warning: Font shape `JY2/hmc/b/n' undefined
(Font)              using `JY2/hmc/bx/n' instead on input line 15.


Package natbib Warning: Citation `川端201408' on page 38 undefined on input line 15.


LaTeX Font Warning: Font shape `JY2/hmc/b/n' undefined
(Font)              using `JY2/hmc/bx/n' instead on input line 15.


Package natbib Warning: Citation `Yamada2004' on page 38 undefined on input line 15.


LaTeX Font Warning: Font shape `JY2/hmc/b/n' undefined
(Font)              using `JY2/hmc/bx/n' instead on input line 20.


Package natbib Warning: Citation `川端201408' on page 38 undefined on input line 20.


LaTeX Font Warning: Font shape `JY2/hmc/b/n' undefined
(Font)              using `JY2/hmc/bx/n' instead on input line 32.


Package natbib Warning: Citation `Yamada2004' on page 38 undefined on input line 32.


LaTeX Font Warning: Font shape `JY2/hmc/b/n' undefined
(Font)              using `JY2/hmc/bx/n' instead on input line 32.


Package natbib Warning: Citation `山内201001' on page 38 undefined on input line 32.

[38


]

LaTeX Font Warning: Font shape `JY2/hmc/b/n' undefined
(Font)              using `JY2/hmc/bx/n' instead on input line 37.


Package natbib Warning: Citation `Yamada2004' on page 39 undefined on input line 37.


LaTeX Font Warning: Font shape `JY2/hmc/b/n' undefined
(Font)              using `JY2/hmc/bx/n' instead on input line 37.


Package natbib Warning: Citation `大久保201201' on page 39 undefined on input line 37.


LaTeX Font Warning: Font shape `JY2/hmc/b/n' undefined
(Font)              using `JY2/hmc/bx/n' instead on input line 43.


Package natbib Warning: Citation `Yamada2004' on page 39 undefined on input line 43.


LaTeX Font Warning: Font shape `JY2/hmc/b/n' undefined
(Font)              using `JY2/hmc/bx/n' instead on input line 43.


Package natbib Warning: Citation `川端201408' on page 39 undefined on input line 43.

) [39]
\openout2 = `lesson19.aux'.

(/Users/napier/Dropbox/Git/psychometrtics_syllabus/syllabus/lesson19.tex

LaTeX Font Warning: Font shape `JY2/hmc/b/n' undefined
(Font)              using `JY2/hmc/bx/n' instead on input line 18.


Package natbib Warning: Citation `橋本201607' on page 40 undefined on input line 18.


LaTeX Font Warning: Font shape `JY2/hmc/b/n' undefined
(Font)              using `JY2/hmc/bx/n' instead on input line 23.


Package natbib Warning: Citation `橋本201607' on page 40 undefined on input line 23.

[40


]) [41]
\openout2 = `lesson20.aux'.

(/Users/napier/Dropbox/Git/psychometrtics_syllabus/syllabus/lesson20.tex

LaTeX Font Warning: Font shape `JY2/hmc/b/n' undefined
(Font)              using `JY2/hmc/bx/n' instead on input line 20.


Package natbib Warning: Citation `橋本201607' on page 42 undefined on input line 20.


LaTeX Font Warning: Font shape `JY2/hmc/b/n' undefined
(Font)              using `JY2/hmc/bx/n' instead on input line 25.


Package natbib Warning: Citation `橋本201607' on page 42 undefined on input line 25.

[42


]

LaTeX Font Warning: Font shape `JY2/hmc/b/n' undefined
(Font)              using `JY2/hmc/bx/n' instead on input line 46.


Package natbib Warning: Citation `橋本201607' on page 43 undefined on input line 46.


LaTeX Font Warning: Font shape `JY2/hmc/b/n' undefined
(Font)              using `JY2/hmc/bx/n' instead on input line 46.


Package natbib Warning: Citation `Yamada2004' on page 43 undefined on input line 46.


LaTeX Font Warning: Font shape `JY2/hmc/b/n' undefined
(Font)              using `JY2/hmc/bx/n' instead on input line 46.


Package natbib Warning: Citation `kosugi2019' on page 43 undefined on input line 46.


LaTeX Font Warning: Font shape `JY2/hmc/b/n' undefined
(Font)              using `JY2/hmc/bx/n' instead on input line 47.


Package natbib Warning: Citation `大久保201201' on page 43 undefined on input line 47.

) [43]
\openout2 = `lesson21.aux'.

(/Users/napier/Dropbox/Git/psychometrtics_syllabus/syllabus/lesson21.tex

LaTeX Font Warning: Font shape `JY2/hmc/b/n' undefined
(Font)              using `JY2/hmc/bx/n' instead on input line 22.


Package natbib Warning: Citation `橋本201607' on page 44 undefined on input line 22.


LaTeX Font Warning: Font shape `JY2/hmc/b/n' undefined
(Font)              using `JY2/hmc/bx/n' instead on input line 25.


LaTeX Warning: Reference `lesson13' on page 44 undefined on input line 25.


LaTeX Font Warning: Font shape `JY2/hmc/b/n' undefined
(Font)              using `JY2/hmc/bx/n' instead on input line 27.


Package natbib Warning: Citation `橋本201607' on page 44 undefined on input line 27.


LaTeX Font Warning: Font shape `JY2/hmc/b/n' undefined
(Font)              using `JY2/hmc/bx/n' instead on input line 27.


Package natbib Warning: Citation `Yamada2004' on page 44 undefined on input line 27.

[44


]

LaTeX Font Warning: Font shape `JY2/hmc/b/n' undefined
(Font)              using `JY2/hmc/bx/n' instead on input line 45.


Package natbib Warning: Citation `大村201301' on page 45 undefined on input line 45.

) [45]
\openout2 = `lesson22.aux'.

(/Users/napier/Dropbox/Git/psychometrtics_syllabus/syllabus/lesson22.tex

LaTeX Font Warning: Font shape `JY2/hmc/b/n' undefined
(Font)              using `JY2/hmc/bx/n' instead on input line 18.


Package natbib Warning: Citation `橋本201607' on page 46 undefined on input line 18.


LaTeX Font Warning: Font shape `JY2/hmc/b/n' undefined
(Font)              using `JY2/hmc/bx/n' instead on input line 18.


Package natbib Warning: Citation `大久保201201' on page 46 undefined on input line 18.


LaTeX Font Warning: Font shape `JY2/hmc/b/n' undefined
(Font)              using `JY2/hmc/bx/n' instead on input line 24.


Package natbib Warning: Citation `橋本201607' on page 46 undefined on input line 24.


LaTeX Font Warning: Font shape `JY2/hmc/b/n' undefined
(Font)              using `JY2/hmc/bx/n' instead on input line 24.


Package natbib Warning: Citation `大久保201201' on page 46 undefined on input line 24.

[46


]

LaTeX Font Warning: Font shape `JY2/hmc/b/n' undefined
(Font)              using `JY2/hmc/bx/n' instead on input line 44.


Package natbib Warning: Citation `橋本201607' on page 47 undefined on input line 44.


LaTeX Font Warning: Font shape `JY2/hmc/b/n' undefined
(Font)              using `JY2/hmc/bx/n' instead on input line 44.


Package natbib Warning: Citation `Yamada2004' on page 47 undefined on input line 44.


LaTeX Font Warning: Font shape `JY2/hmc/b/n' undefined
(Font)              using `JY2/hmc/bx/n' instead on input line 44.


Package natbib Warning: Citation `kosugi2019' on page 47 undefined on input line 44.

) [47]
\openout2 = `lesson23.aux'.

(/Users/napier/Dropbox/Git/psychometrtics_syllabus/syllabus/lesson23.tex

LaTeX Font Warning: Font shape `JY2/hmc/b/n' undefined
(Font)              using `JY2/hmc/bx/n' instead on input line 18.


Package natbib Warning: Citation `野島201903' on page 48 undefined on input line 18.


LaTeX Font Warning: Font shape `JY2/hmc/b/n' undefined
(Font)              using `JY2/hmc/bx/n' instead on input line 18.


Package natbib Warning: Citation `kosugi2018' on page 48 undefined on input line 18.

[48


]

LaTeX Font Warning: Font shape `JY2/hmc/b/n' undefined
(Font)              using `JY2/hmc/bx/n' instead on input line 41.


LaTeX Warning: Reference `lesson06' on page 49 undefined on input line 41.


LaTeX Font Warning: Font shape `JY2/hmc/b/n' undefined
(Font)              using `JY2/hmc/bx/n' instead on input line 41.


LaTeX Warning: Reference `lesson06' on page 49 undefined on input line 41.

) [49]
\openout2 = `lesson24.aux'.

(/Users/napier/Dropbox/Git/psychometrtics_syllabus/syllabus/lesson24.tex

LaTeX Font Warning: Font shape `JY2/hmc/b/n' undefined
(Font)              using `JY2/hmc/bx/n' instead on input line 15.


LaTeX Warning: Reference `lesson08' on page 50 undefined on input line 15.


LaTeX Font Warning: Font shape `JY2/hmc/b/n' undefined
(Font)              using `JY2/hmc/bx/n' instead on input line 17.


Package natbib Warning: Citation `豊田201706' on page 50 undefined on input line 17.


LaTeX Font Warning: Font shape `JY2/hmc/b/n' undefined
(Font)              using `JY2/hmc/bx/n' instead on input line 22.


Package natbib Warning: Citation `kosugi2018' on page 50 undefined on input line 22.


LaTeX Font Warning: Font shape `JY2/hmc/b/n' undefined
(Font)              using `JY2/hmc/bx/n' instead on input line 27.


Package natbib Warning: Citation `kosugi2018' on page 50 undefined on input line 27.


LaTeX Font Warning: Font shape `JY2/hmc/b/n' undefined
(Font)              using `JY2/hmc/bx/n' instead on input line 27.


Package natbib Warning: Citation `浜田201912' on page 50 undefined on input line 27.

[50


]

LaTeX Font Warning: Font shape `JY2/hmc/b/n' undefined
(Font)              using `JY2/hmc/bx/n' instead on input line 45.


LaTeX Warning: Reference `lesson08' on page 51 undefined on input line 45.


LaTeX Font Warning: Font shape `JY2/hmc/b/n' undefined
(Font)              using `JY2/hmc/bx/n' instead on input line 45.


LaTeX Warning: Reference `lesson09' on page 51 undefined on input line 45.

) [51]
\openout2 = `lesson25.aux'.

(/Users/napier/Dropbox/Git/psychometrtics_syllabus/syllabus/lesson25.tex

LaTeX Font Warning: Font shape `JY2/hmc/b/n' undefined
(Font)              using `JY2/hmc/bx/n' instead on input line 14.


Package natbib Warning: Citation `Maeda2017' on page 52 undefined on input line 14.


LaTeX Font Warning: Font shape `JY2/hmc/b/n' undefined
(Font)              using `JY2/hmc/bx/n' instead on input line 14.


Package natbib Warning: Citation `豊田201506' on page 52 undefined on input line 14.


LaTeX Font Warning: Font shape `JY2/hmc/b/n' undefined
(Font)              using `JY2/hmc/bx/n' instead on input line 19.


Package natbib Warning: Citation `Maeda2017' on page 52 undefined on input line 19.


LaTeX Font Warning: Font shape `JY2/hmc/b/n' undefined
(Font)              using `JY2/hmc/bx/n' instead on input line 19.


Package natbib Warning: Citation `Lambert201805' on page 52 undefined on input line 19.


LaTeX Font Warning: Font shape `JY2/hmc/b/n' undefined
(Font)              using `JY2/hmc/bx/n' instead on input line 24.


Package natbib Warning: Citation `Maeda2017' on page 52 undefined on input line 24.


LaTeX Font Warning: Font shape `JY2/hmc/b/n' undefined
(Font)              using `JY2/hmc/bx/n' instead on input line 24.


Package natbib Warning: Citation `豊田201506' on page 52 undefined on input line 24.

[52


]

LaTeX Font Warning: Font shape `JY2/hmc/b/n' undefined
(Font)              using `JY2/hmc/bx/n' instead on input line 43.


Package natbib Warning: Citation `野島201903' on page 53 undefined on input line 43.


LaTeX Font Warning: Font shape `JY2/hmc/b/n' undefined
(Font)              using `JY2/hmc/bx/n' instead on input line 44.


LaTeX Warning: Reference `lesson06' on page 53 undefined on input line 44.


LaTeX Font Warning: Font shape `JY2/hmc/b/n' undefined
(Font)              using `JY2/hmc/bx/n' instead on input line 47.


Package natbib Warning: Citation `Gerd200309' on page 53 undefined on input line 47.


LaTeX Font Warning: Font shape `JY2/hmc/b/n' undefined
(Font)              using `JY2/hmc/bx/n' instead on input line 48.


Package natbib Warning: Citation `平岡200910' on page 53 undefined on input line 48.


LaTeX Font Warning: Font shape `JY2/hmc/b/n' undefined
(Font)              using `JY2/hmc/bx/n' instead on input line 48.


Package natbib Warning: Citation `石田201801' on page 53 undefined on input line 48.


LaTeX Font Warning: Font shape `JY2/hmc/b/n' undefined
(Font)              using `JY2/hmc/bx/n' instead on input line 48.


Package natbib Warning: Citation `石田石田201902' on page 53 undefined on input line 48.

) [53]
\openout2 = `lesson26.aux'.

(/Users/napier/Dropbox/Git/psychometrtics_syllabus/syllabus/lesson26.tex

LaTeX Font Warning: Font shape `JY2/hmc/b/n' undefined
(Font)              using `JY2/hmc/bx/n' instead on input line 16.


Package natbib Warning: Citation `Maeda2017' on page 54 undefined on input line 16.


LaTeX Font Warning: Font shape `JY2/hmc/b/n' undefined
(Font)              using `JY2/hmc/bx/n' instead on input line 16.


Package natbib Warning: Citation `豊田201606' on page 54 undefined on input line 16.


LaTeX Font Warning: Font shape `JY2/hmc/b/n' undefined
(Font)              using `JY2/hmc/bx/n' instead on input line 21.


Package natbib Warning: Citation `豊田201606' on page 54 undefined on input line 21.


LaTeX Font Warning: Font shape `JY2/hmc/b/n' undefined
(Font)              using `JY2/hmc/bx/n' instead on input line 21.


Package natbib Warning: Citation `kosugi2018' on page 54 undefined on input line 21.


LaTeX Font Warning: Font shape `JY2/hmc/b/n' undefined
(Font)              using `JY2/hmc/bx/n' instead on input line 26.


Package natbib Warning: Citation `馬場201907' on page 54 undefined on input line 26.


LaTeX Font Warning: Font shape `JY2/hmc/b/n' undefined
(Font)              using `JY2/hmc/bx/n' instead on input line 31.


Package natbib Warning: Citation `Maeda2017' on page 54 undefined on input line 31.


LaTeX Font Warning: Font shape `JY2/hmc/b/n' undefined
(Font)              using `JY2/hmc/bx/n' instead on input line 31.


Package natbib Warning: Citation `馬場201907' on page 54 undefined on input line 31.

[54


]

LaTeX Font Warning: Font shape `JY2/hmc/b/n' undefined
(Font)              using `JY2/hmc/bx/n' instead on input line 50.


Package natbib Warning: Citation `Maeda2017' on page 55 undefined on input line 50.


LaTeX Font Warning: Font shape `JY2/hmc/b/n' undefined
(Font)              using `JY2/hmc/bx/n' instead on input line 52.


Package natbib Warning: Citation `Maeda2017' on page 55 undefined on input line 52.


LaTeX Font Warning: Font shape `JY2/hmc/b/n' undefined
(Font)              using `JY2/hmc/bx/n' instead on input line 52.


Package natbib Warning: Citation `豊田201606' on page 55 undefined on input line 52.

) [55]
\openout2 = `lesson27.aux'.

(/Users/napier/Dropbox/Git/psychometrtics_syllabus/syllabus/lesson27.tex

LaTeX Font Warning: Font shape `JY2/hmc/b/n' undefined
(Font)              using `JY2/hmc/bx/n' instead on input line 17.


Package natbib Warning: Citation `Lee201709' on page 56 undefined on input line 17.


LaTeX Font Warning: Font shape `JY2/hmc/b/n' undefined
(Font)              using `JY2/hmc/bx/n' instead on input line 17.


Package natbib Warning: Citation `Maeda2017' on page 56 undefined on input line 17.


LaTeX Font Warning: Font shape `JY2/hmc/b/n' undefined
(Font)              using `JY2/hmc/bx/n' instead on input line 22.


Package natbib Warning: Citation `Maeda2017' on page 56 undefined on input line 22.


LaTeX Font Warning: Font shape `JY2/hmc/b/n' undefined
(Font)              using `JY2/hmc/bx/n' instead on input line 27.


Package natbib Warning: Citation `豊田201506' on page 56 undefined on input line 27.


LaTeX Font Warning: Font shape `JY2/hmc/b/n' undefined
(Font)              using `JY2/hmc/bx/n' instead on input line 27.


Package natbib Warning: Citation `Maeda2017' on page 56 undefined on input line 27.

[56


]) [57]
\openout2 = `lesson28.aux'.

(/Users/napier/Dropbox/Git/psychometrtics_syllabus/syllabus/lesson28.tex

LaTeX Font Warning: Font shape `JY2/hmc/b/n' undefined
(Font)              using `JY2/hmc/bx/n' instead on input line 15.


Package natbib Warning: Citation `馬場201907' on page 58 undefined on input line 15.


LaTeX Font Warning: Font shape `JY2/hmc/b/n' undefined
(Font)              using `JY2/hmc/bx/n' instead on input line 20.


Package natbib Warning: Citation `馬場201907' on page 58 undefined on input line 20.


LaTeX Font Warning: Font shape `JY2/hmc/b/n' undefined
(Font)              using `JY2/hmc/bx/n' instead on input line 25.


Package natbib Warning: Citation `豊田201606' on page 58 undefined on input line 25.

[58


]

LaTeX Font Warning: Font shape `JY2/hmc/b/n' undefined
(Font)              using `JY2/hmc/bx/n' instead on input line 44.


LaTeX Warning: Reference `lesson19' on page 59 undefined on input line 44.


LaTeX Font Warning: Font shape `JY2/hmc/b/n' undefined
(Font)              using `JY2/hmc/bx/n' instead on input line 44.


LaTeX Warning: Reference `lesson21' on page 59 undefined on input line 44.


LaTeX Font Warning: Font shape `JY2/hmc/b/n' undefined
(Font)              using `JY2/hmc/bx/n' instead on input line 44.


LaTeX Warning: Reference `lesson23' on page 59 undefined on input line 44.

) [59]
\openout2 = `lesson29.aux'.

(/Users/napier/Dropbox/Git/psychometrtics_syllabus/syllabus/lesson29.tex

LaTeX Font Warning: Font shape `JY2/hmc/b/n' undefined
(Font)              using `JY2/hmc/bx/n' instead on input line 15.


Package natbib Warning: Citation `馬場201907' on page 60 undefined on input line 15.


LaTeX Font Warning: Font shape `JY2/hmc/b/n' undefined
(Font)              using `JY2/hmc/bx/n' instead on input line 20.


Package natbib Warning: Citation `馬場201907' on page 60 undefined on input line 20.


LaTeX Font Warning: Font shape `JY2/hmc/b/n' undefined
(Font)              using `JY2/hmc/bx/n' instead on input line 25.


Package natbib Warning: Citation `馬場201907' on page 60 undefined on input line 25.

[60


]

LaTeX Font Warning: Font shape `JY2/hmc/b/n' undefined
(Font)              using `JY2/hmc/bx/n' instead on input line 44.


Package natbib Warning: Citation `馬場201907' on page 61 undefined on input line 44.

) [61]
\openout2 = `lesson30.aux'.

(/Users/napier/Dropbox/Git/psychometrtics_syllabus/syllabus/lesson30.tex) [62


]
No file syllabus.bbl.

Package natbib Warning: There were undefined citations.

Package atveryend Info: Empty hook `BeforeClearDocument' on input line 122.
Package atveryend Info: Empty hook `AfterLastShipout' on input line 122.
(/Users/napier/Dropbox/Git/psychometrtics_syllabus/syllabus/syllabus.aux (/Users/napier/Dropbox/Git/psychometrtics_syllabus/syllabus/lesson01.aux) (/Users/napier/Dropbox/Git/psychometrtics_syllabus/syllabus/lesson02.aux) (/Users/napier/Dropbox/Git/psychometrtics_syllabus/syllabus/lesson03.aux) (/Users/napier/Dropbox/Git/psychometrtics_syllabus/syllabus/lesson04.aux) (/Users/napier/Dropbox/Git/psychometrtics_syllabus/syllabus/lesson05.aux) (/Users/napier/Dropbox/Git/psychometrtics_syllabus/syllabus/lesson06.aux) (/Users/napier/Dropbox/Git/psychometrtics_syllabus/syllabus/lesson07.aux) (/Users/napier/Dropbox/Git/psychometrtics_syllabus/syllabus/lesson08.aux) (/Users/napier/Dropbox/Git/psychometrtics_syllabus/syllabus/lesson09.aux) (/Users/napier/Dropbox/Git/psychometrtics_syllabus/syllabus/lesson10.aux) (/Users/napier/Dropbox/Git/psychometrtics_syllabus/syllabus/lesson11.aux) (/Users/napier/Dropbox/Git/psychometrtics_syllabus/syllabus/lesson12.aux) (/Users/napier/Dropbox/Git/psychometrtics_syllabus/syllabus/lesson13.aux) (/Users/napier/Dropbox/Git/psychometrtics_syllabus/syllabus/lesson14.aux) (/Users/napier/Dropbox/Git/psychometrtics_syllabus/syllabus/lesson15.aux) (/Users/napier/Dropbox/Git/psychometrtics_syllabus/syllabus/lesson16.aux) (/Users/napier/Dropbox/Git/psychometrtics_syllabus/syllabus/lesson17.aux) (/Users/napier/Dropbox/Git/psychometrtics_syllabus/syllabus/lesson18.aux) (/Users/napier/Dropbox/Git/psychometrtics_syllabus/syllabus/lesson19.aux) (/Users/napier/Dropbox/Git/psychometrtics_syllabus/syllabus/lesson20.aux) (/Users/napier/Dropbox/Git/psychometrtics_syllabus/syllabus/lesson21.aux) (/Users/napier/Dropbox/Git/psychometrtics_syllabus/syllabus/lesson22.aux) (/Users/napier/Dropbox/Git/psychometrtics_syllabus/syllabus/lesson23.aux) (/Users/napier/Dropbox/Git/psychometrtics_syllabus/syllabus/lesson24.aux) (/Users/napier/Dropbox/Git/psychometrtics_syllabus/syllabus/lesson25.aux) (/Users/napier/Dropbox/Git/psychometrtics_syllabus/syllabus/lesson26.aux) (/Users/napier/Dropbox/Git/psychometrtics_syllabus/syllabus/lesson27.aux) (/Users/napier/Dropbox/Git/psychometrtics_syllabus/syllabus/lesson28.aux) (/Users/napier/Dropbox/Git/psychometrtics_syllabus/syllabus/lesson29.aux) (/Users/napier/Dropbox/Git/psychometrtics_syllabus/syllabus/lesson30.aux))
Package atveryend Info: Empty hook `AtVeryEndDocument' on input line 122.
Package atveryend Info: Executing hook `AtEndAfterFileList' on input line 122.

Package rerunfilecheck Warning: File `syllabus.out' has changed.
(rerunfilecheck)                Rerun to get outlines right
(rerunfilecheck)                or use package `bookmark'.

Package rerunfilecheck Info: Checksums for `syllabus.out':
(rerunfilecheck)             Before: <no file>
(rerunfilecheck)             After:  5BA8C8ADBB010474DFE1176DAED25885;2036.

LaTeX Warning: There were undefined references.


LaTeX Warning: Label(s) may have changed. Rerun to get cross-references right.

Package atveryend Info: Empty hook `AtVeryVeryEnd' on input line 122.
 ) 
Here is how much of TeX's memory you used:
 8118 strings out of 481385
 123617 string characters out of 5920954
 402895 words of memory out of 5000000
 23665 multiletter control sequences out of 15000+600000
 578783 words of font info for 98 fonts, out of 8000000 for 9000
 934 hyphenation exceptions out of 8191
 43i,9n,37p,1336b,992s stack positions out of 5000i,500n,10000p,200000b,80000s

Output written on /Users/napier/Dropbox/Git/psychometrtics_syllabus/syllabus/syllabus.dvi (62 pages, 237896 bytes).
