LaTeX Warning: Citation 'Shimoyama2001' on page 6 undefined on input line 36.
LaTeX Warning: Citation 'Shimoyama2001' on page 6 undefined on input line 40.
LaTeX Warning: Citation 'Shimoyama2001' on page 6 undefined on input line 40.
LaTeX Warning: Citation 'Allport1935' on page 7 undefined on input line 71.
LaTeX Warning: Citation 'Fujihara2001' on page 7 undefined on input line 74.
LaTeX Warning: Citation 'Allport1935' on page 8 undefined on input line 95.
LaTeX Warning: Citation 'stevens1946' on page 9 undefined on input line 109.
LaTeX Warning: Citation 'likert1932technique' on page 11 undefined on input lin
LaTeX Warning: Citation 'Yamauchi201001' on page 19 undefined on input line 101
LaTeX Warning: Citation 'kosugi120005596041' on page 29 undefined on input line
LaTeX Warning: Citation 'samejima1997graded' on page 30 undefined on input line
LaTeX Warning: Citation 'muraki1992generalized' on page 30 undefined on input l
LaTeX Warning: Citation 'Toyoda20120824' on page 30 undefined on input line 322
LaTeX Warning: Citation 'Katoken2014' on page 30 undefined on input line 322.
LaTeX Warning: Citation 'Oshio2020' on page 34 undefined on input line 23.
LaTeX Warning: Citation 'kosugi2018' on page 34 undefined on input line 39.
LaTeX Font Warning: Font shape `OMS/TeXGyreTermes(0)/m/n' undefined
LaTeX Warning: Citation 'kosugi2016a' on page 41 undefined on input line 237.
LaTeX Warning: Citation 'kosugi2018' on page 43 undefined on input line 15.
LaTeX Warning: Citation 'Murakami20160301' on page 43 undefined on input line 1
LaTeX Warning: Citation 'Nagata20050401' on page 43 undefined on input line 15.
LaTeX Warning: Citation 'Okada200804' on page 43 undefined on input line 15.
LaTeX Warning: Citation 'Murakami20160301' on page 57 undefined on input line 2
LaTeX Warning: Citation 'Jerry2019' on page 63 undefined on input line 16.
LaTeX Warning: Citation 'Nagatani202292' on page 64 undefined on input line 24.
LaTeX Warning: Citation 'ShimizuKazuaki2007' on page 64 undefined on input line
LaTeX Warning: Citation 'Nagai202192' on page 64 undefined on input line 33.
LaTeX Warning: Citation 'Koiwa202192' on page 65 undefined on input line 35.
LaTeX Warning: Citation 'Koiwa202192' on page 65 undefined on input line 35.
LaTeX Warning: Citation 'MiuraAsako2015' on page 67 undefined on input line 72.
LaTeX Warning: Citation 'likert1932technique' on page 67 undefined on input lin
LaTeX Warning: Citation 'kosugi2018' on page 71 undefined on input line 133.
LaTeX Warning: Citation 'Bergson2002' on page 71 undefined on input line 138.
LaTeX Warning: Citation 'Hojodaiki2018' on page 72 undefined on input line 151.
LaTeX Warning: Citation 'Suzuki202192' on page 74 undefined on input line 8.
LaTeX Warning: Citation 'Kambara202192' on page 74 undefined on input line 25.
LaTeX Warning: Citation 'Kawasaki202192' on page 74 undefined on input line 27.
LaTeX Warning: Citation 'Namatame202192' on page 74 undefined on input line 34.
LaTeX Warning: Citation 'Ono202192' on page 74 undefined on input line 36.
LaTeX Warning: Citation 'Niikuni202192' on page 74 undefined on input line 43.
LaTeX Warning: Citation 'Toyoda202192' on page 74 undefined on input line 46.
LaTeX Warning: Citation 'Hirose202192' on page 74 undefined on input line 59.
LaTeX Warning: Citation 'Amai202192' on page 74 undefined on input line 72.
LaTeX Warning: Citation 'Kanemasa202192' on page 74 undefined on input line 99.
LaTeX Warning: Citation 'Moroi202192' on page 74 undefined on input line 108.
LaTeX Warning: Citation 'Mizuno202192' on page 74 undefined on input line 125.
LaTeX Warning: Citation 'Tabata202192' on page 74 undefined on input line 132.
LaTeX Warning: Citation 'Ishikawa202192' on page 74 undefined on input line 137
LaTeX Warning: Citation 'Ikegmai202192' on page 74 undefined on input line 140.
LaTeX Warning: Citation 'Akazawa202192' on page 74 undefined on input line 147.
LaTeX Warning: Citation 'Toyama202192' on page 74 undefined on input line 159.
LaTeX Warning: Citation 'Togo202192' on page 74 undefined on input line 164.
LaTeX Warning: Citation 'Sakakibara202192' on page 74 undefined on input line 1
LaTeX Warning: Citation 'Miyazaki202192' on page 74 undefined on input line 177
LaTeX Warning: Citation 'Kamatani202192' on page 74 undefined on input line 200
LaTeX Warning: Citation 'Yamamoto202192' on page 74 undefined on input line 204
LaTeX Warning: Citation 'Iida202192' on page 74 undefined on input line 210.
LaTeX Warning: Citation 'Nagai202192' on page 74 undefined on input line 214.
LaTeX Warning: Citation 'Nakao202192' on page 74 undefined on input line 216.
LaTeX Warning: Citation 'Sugiyama202192' on page 74 undefined on input line 224
LaTeX Warning: Citation 'Kousaka202192' on page 74 undefined on input line 236.
LaTeX Warning: Citation 'Hirai202192' on page 74 undefined on input line 243.
LaTeX Warning: Citation 'Koiwa202192' on page 74 undefined on input line 252.
LaTeX Warning: Citation 'Shimizu202292' on page 74 undefined on input line 256.
LaTeX Warning: Citation 'Toyama202292' on page 74 undefined on input line 266.
LaTeX Warning: Citation 'Nagatani202292' on page 74 undefined on input line 292
LaTeX Warning: Citation 'Li202292' on page 74 undefined on input line 310.
LaTeX Warning: Citation 'Takane198002' on page 99 undefined on input line 67.
LaTeX Warning: Citation 'Umemoto1955' on page 99 undefined on input line 70.
LaTeX Warning: Citation 'TanakaKumajiro' on page 99 undefined on input line 73.
LaTeX Warning: Citation 'Okada19940115' on page 102 undefined on input line 149
LaTeX Warning: Citation 'kosugi2011' on page 106 undefined on input line 29.
LaTeX Warning: Citation 'kruskal1964' on page 106 undefined on input line 49.
LaTeX Warning: Citation 'kruskal1964multidimensional' on page 109 undefined on 
LaTeX Warning: Citation 'kosugi2016a' on page 110 undefined on input line 197.
LaTeX Warning: Citation 'carroll1970analysis' on page 111 undefined on input li
LaTeX Warning: Citation 'coombs1950psychological' on page 112 undefined on inpu
LaTeX Warning: Citation 'Fujihara2001' on page 112 undefined on input line 278.
LaTeX Warning: Citation 'okada1987nonmetric' on page 115 undefined on input lin
LaTeX Warning: Citation 'okada1997asymmetric' on page 115 undefined on input li
LaTeX Warning: Citation 'fujisawaCore' on page 115 undefined on input line 433.
LaTeX Warning: Citation 'Shojima2011' on page 115 undefined on input line 435.
LaTeX Warning: Citation 'Chino2012' on page 115 undefined on input line 439.
LaTeX Warning: Citation 'kosugi2004' on page 116 undefined on input line 445.
LaTeX Warning: Citation 'amrhein2019scientists' on page 130 undefined on input 
LaTeX Warning: Citation 'Toyoda202003' on page 130 undefined on input line 25.
LaTeX Warning: Citation 'Matsuura201610' on page 130 undefined on input line 29
LaTeX Warning: Citation 'Lee201709' on page 134 undefined on input line 106.
LaTeX Warning: Citation 'gelman2006prior' on page 136 undefined on input line 1
LaTeX Warning: Citation 'Yamada2004' on page 137 undefined on input line 170.
LaTeX Warning: Citation 'Shimizu2021' on page 137 undefined on input line 170.
LaTeX Warning: Citation 'JPGuilfod' on page 147 undefined on input line 100.
LaTeX Warning: Citation '1390001205397311616' on page 147 undefined on input li
LaTeX Warning: There were undefined references.
LaTeX Warning: Label `JPA92Scales' multiply defined.
LaTeX Warning: Label `JPA92Scales' multiply defined.
LaTeX Warning: Label `JPA92Scales' multiply defined.
LaTeX Warning: Label `JPA92Scales' multiply defined.
LaTeX Warning: Label `JPA92Scales' multiply defined.
LaTeX Warning: Label `JPA92Scales' multiply defined.
LaTeX Warning: Label `JPA92Scales' multiply defined.
LaTeX Warning: Label `JPA92Scales' multiply defined.
LaTeX Warning: Label `JPA92Scales' multiply defined.
LaTeX Warning: Label `JPA92Scales' multiply defined.
LaTeX Warning: Label `JPA92Scales' multiply defined.
LaTeX Warning: Label `JPA92Scales' multiply defined.
LaTeX Warning: Label `JPA92Scales' multiply defined.
LaTeX Warning: Label `JPA92Scales' multiply defined.
LaTeX Warning: Label `JPA92Scales' multiply defined.
LaTeX Warning: Label `JPA92Scales' multiply defined.
LaTeX Warning: Label `JPA92Scales' multiply defined.
LaTeX Warning: Label `JPA92Scales' multiply defined.
LaTeX Warning: Label `JPA92Scales' multiply defined.
LaTeX Warning: Label `JPA92Scales' multiply defined.
LaTeX Warning: Label `JPA92Scales' multiply defined.
LaTeX Warning: Label `JPA92Scales' multiply defined.
LaTeX Warning: There were multiply-defined labels.
LaTeX Warning: Citation 'Shimoyama2001' on page 6 undefined on input line 36.
LaTeX Warning: Citation 'Shimoyama2001' on page 6 undefined on input line 40.
LaTeX Warning: Citation 'Shimoyama2001' on page 6 undefined on input line 40.
LaTeX Warning: Citation 'Allport1935' on page 7 undefined on input line 71.
LaTeX Warning: Citation 'Fujihara2001' on page 7 undefined on input line 74.
LaTeX Warning: Citation 'Allport1935' on page 8 undefined on input line 95.
LaTeX Warning: Citation 'stevens1946' on page 9 undefined on input line 109.
LaTeX Warning: Citation 'likert1932technique' on page 11 undefined on input lin
LaTeX Warning: Citation 'Yamauchi201001' on page 19 undefined on input line 101
LaTeX Warning: Citation 'kosugi120005596041' on page 29 undefined on input line
LaTeX Warning: Citation 'samejima1997graded' on page 30 undefined on input line
LaTeX Warning: Citation 'muraki1992generalized' on page 30 undefined on input l
LaTeX Warning: Citation 'Toyoda20120824' on page 30 undefined on input line 322
LaTeX Warning: Citation 'Katoken2014' on page 30 undefined on input line 322.
LaTeX Warning: Citation 'Oshio2020' on page 34 undefined on input line 23.
LaTeX Warning: Citation 'kosugi2018' on page 34 undefined on input line 39.
LaTeX Warning: Citation 'kosugi2016a' on page 41 undefined on input line 237.
LaTeX Warning: Citation 'kosugi2018' on page 43 undefined on input line 15.
LaTeX Warning: Citation 'Murakami20160301' on page 43 undefined on input line 1
LaTeX Warning: Citation 'Nagata20050401' on page 43 undefined on input line 15.
LaTeX Warning: Citation 'Okada200804' on page 43 undefined on input line 15.
LaTeX Warning: Citation 'Murakami20160301' on page 57 undefined on input line 2
LaTeX Warning: Citation 'Jerry2019' on page 63 undefined on input line 16.
LaTeX Warning: Citation 'Nagatani202292' on page 64 undefined on input line 24.
LaTeX Warning: Citation 'ShimizuKazuaki2007' on page 64 undefined on input line
LaTeX Warning: Citation 'Nagai202192' on page 64 undefined on input line 33.
LaTeX Warning: Citation 'Koiwa202192' on page 65 undefined on input line 35.
LaTeX Warning: Citation 'Koiwa202192' on page 65 undefined on input line 35.
LaTeX Warning: Citation 'MiuraAsako2015' on page 67 undefined on input line 72.
LaTeX Warning: Citation 'likert1932technique' on page 67 undefined on input lin
LaTeX Warning: Citation 'kosugi2018' on page 71 undefined on input line 133.
LaTeX Warning: Citation 'Bergson2002' on page 71 undefined on input line 138.
LaTeX Warning: Citation 'Hojodaiki2018' on page 72 undefined on input line 151.
LaTeX Warning: Citation 'Suzuki202192' on page 74 undefined on input line 8.
LaTeX Warning: Citation 'Kambara202192' on page 74 undefined on input line 25.
LaTeX Warning: Citation 'Kawasaki202192' on page 74 undefined on input line 27.
LaTeX Warning: Citation 'Namatame202192' on page 74 undefined on input line 34.
LaTeX Warning: Citation 'Ono202192' on page 74 undefined on input line 36.
LaTeX Warning: Citation 'Niikuni202192' on page 74 undefined on input line 43.
LaTeX Warning: Citation 'Toyoda202192' on page 74 undefined on input line 46.
LaTeX Warning: Citation 'Hirose202192' on page 74 undefined on input line 59.
LaTeX Warning: Citation 'Amai202192' on page 74 undefined on input line 72.
LaTeX Warning: Citation 'Kanemasa202192' on page 74 undefined on input line 99.
LaTeX Warning: Citation 'Moroi202192' on page 74 undefined on input line 108.
LaTeX Warning: Citation 'Mizuno202192' on page 74 undefined on input line 125.
LaTeX Warning: Citation 'Tabata202192' on page 74 undefined on input line 132.
LaTeX Warning: Citation 'Ishikawa202192' on page 74 undefined on input line 137
LaTeX Warning: Citation 'Ikegmai202192' on page 74 undefined on input line 140.
LaTeX Warning: Citation 'Akazawa202192' on page 74 undefined on input line 147.
LaTeX Warning: Citation 'Toyama202192' on page 74 undefined on input line 159.
LaTeX Warning: Citation 'Togo202192' on page 74 undefined on input line 164.
LaTeX Warning: Citation 'Sakakibara202192' on page 74 undefined on input line 1
LaTeX Warning: Citation 'Miyazaki202192' on page 74 undefined on input line 177
LaTeX Warning: Citation 'Kamatani202192' on page 74 undefined on input line 200
LaTeX Warning: Citation 'Yamamoto202192' on page 74 undefined on input line 204
LaTeX Warning: Citation 'Iida202192' on page 74 undefined on input line 210.
LaTeX Warning: Citation 'Nagai202192' on page 74 undefined on input line 214.
LaTeX Warning: Citation 'Nakao202192' on page 74 undefined on input line 216.
LaTeX Warning: Citation 'Sugiyama202192' on page 74 undefined on input line 224
LaTeX Warning: Citation 'Kousaka202192' on page 74 undefined on input line 236.
LaTeX Warning: Citation 'Hirai202192' on page 74 undefined on input line 243.
LaTeX Warning: Citation 'Koiwa202192' on page 74 undefined on input line 252.
LaTeX Warning: Citation 'Shimizu202292' on page 74 undefined on input line 256.
LaTeX Warning: Citation 'Toyama202292' on page 74 undefined on input line 266.
LaTeX Warning: Citation 'Nagatani202292' on page 74 undefined on input line 292
LaTeX Warning: Citation 'Li202292' on page 74 undefined on input line 310.
LaTeX Warning: Citation 'Takane198002' on page 99 undefined on input line 67.
LaTeX Warning: Citation 'Umemoto1955' on page 99 undefined on input line 70.
LaTeX Warning: Citation 'TanakaKumajiro' on page 99 undefined on input line 73.
LaTeX Warning: Citation 'Okada19940115' on page 102 undefined on input line 149
LaTeX Warning: Citation 'kosugi2011' on page 106 undefined on input line 29.
LaTeX Warning: Citation 'kruskal1964' on page 106 undefined on input line 49.
LaTeX Warning: Citation 'kruskal1964multidimensional' on page 109 undefined on 
LaTeX Warning: Citation 'kosugi2016a' on page 110 undefined on input line 197.
LaTeX Warning: Citation 'carroll1970analysis' on page 111 undefined on input li
LaTeX Warning: Citation 'coombs1950psychological' on page 112 undefined on inpu
LaTeX Warning: Citation 'Fujihara2001' on page 112 undefined on input line 278.
LaTeX Warning: Citation 'okada1987nonmetric' on page 115 undefined on input lin
LaTeX Warning: Citation 'okada1997asymmetric' on page 115 undefined on input li
LaTeX Warning: Citation 'fujisawaCore' on page 115 undefined on input line 433.
LaTeX Warning: Citation 'Shojima2011' on page 115 undefined on input line 435.
LaTeX Warning: Citation 'Chino2012' on page 115 undefined on input line 439.
LaTeX Warning: Citation 'kosugi2004' on page 116 undefined on input line 445.
LaTeX Warning: Citation 'amrhein2019scientists' on page 130 undefined on input 
LaTeX Warning: Citation 'Toyoda202003' on page 130 undefined on input line 25.
LaTeX Warning: Citation 'Matsuura201610' on page 130 undefined on input line 29
LaTeX Warning: Citation 'Lee201709' on page 134 undefined on input line 106.
LaTeX Warning: Citation 'gelman2006prior' on page 136 undefined on input line 1
LaTeX Warning: Citation 'Yamada2004' on page 137 undefined on input line 170.
LaTeX Warning: Citation 'Shimizu2021' on page 137 undefined on input line 170.
LaTeX Warning: Citation 'JPGuilfod' on page 147 undefined on input line 100.
LaTeX Warning: Citation '1390001205397311616' on page 147 undefined on input li
Overfull \hbox (16.49721pt too wide) detected at line 66
Overfull \hbox (2.55449pt too wide) in paragraph at lines 8--8
Overfull \hbox (14.2045pt too wide) in paragraph at lines 25--25
Overfull \hbox (14.6745pt too wide) in paragraph at lines 27--27
Overfull \hbox (19.69452pt too wide) in paragraph at lines 34--34
Overfull \hbox (5.33449pt too wide) in paragraph at lines 43--43
Overfull \hbox (3.5245pt too wide) in paragraph at lines 46--46
Overfull \hbox (1.2745pt too wide) in paragraph at lines 59--59
Overfull \hbox (18.0945pt too wide) in paragraph at lines 99--99
Overfull \hbox (5.8745pt too wide) in paragraph at lines 125--125
Overfull \hbox (3.1045pt too wide) in paragraph at lines 132--132
Overfull \hbox (11.3445pt too wide) in paragraph at lines 137--137
Overfull \hbox (7.74449pt too wide) in paragraph at lines 140--140
Overfull \hbox (11.8845pt too wide) in paragraph at lines 147--147
Overfull \hbox (6.4445pt too wide) in paragraph at lines 159--159
Overfull \hbox (22.55449pt too wide) in paragraph at lines 175--175
Overfull \hbox (12.7945pt too wide) in paragraph at lines 177--177
Overfull \hbox (15.9745pt too wide) in paragraph at lines 200--200
Overfull \hbox (19.35449pt too wide) in paragraph at lines 204--204
Overfull \hbox (0.7245pt too wide) in paragraph at lines 216--216
Overfull \hbox (15.02449pt too wide) in paragraph at lines 224--224
Overfull \hbox (10.63449pt too wide) in paragraph at lines 236--236
Overfull \hbox (8.10449pt too wide) in paragraph at lines 256--256
Overfull \hbox (6.4445pt too wide) in paragraph at lines 266--266
Overfull \hbox (11.78452pt too wide) in paragraph at lines 292--292
Overfull \hbox (10.6586pt too wide) in paragraph at lines 77--86
