This is e-upTeX, Version 3.14159265-p3.8.3-u1.26-191112-2.6 (utf8.uptex) (TeX Live 2020) (preloaded format=uplatex 2020.9.16)  12 OCT 2020 10:21
entering extended mode
 \write18 enabled.
 Source specials enabled.
 %&-line parsing enabled.
**text16.tex
(./text16.tex
pLaTeX2e <2020-04-12u03> (based on LaTeX2e <2020-02-02> patch level 5)
L3 programming layer <2020-09-06>
(/usr/local/texlive/2020/texmf-dist/tex/platex/jsclasses/jsreport.cls
Document Class: jsreport 2020/02/02 jsclasses (okumura, texjporg)
\jsc@mpt=\dimen150
\jsc@mmm=\dimen151
\jsc@smallskipamount=\skip47
LaTeX Info: Redefining \textmc on input line 497.
LaTeX Info: Redefining \textgt on input line 499.
\symmincho=\mathgroup4
LaTeX Font Info:    Overwriting symbol font `mincho' in version `bold'
(Font)                  JY2/mc/m/n --> JY2/gt/m/n on input line 561.
LaTeX Font Info:    Font shape `JT2/mc/m/n' will be
(Font)              scaled to size 9.24683pt on input line 752.
LaTeX Font Info:    Font shape `JY2/mc/m/n' will be
(Font)              scaled to size 9.24683pt on input line 752.
\fullwidth=\dimen152
LaTeX Font Info:    Font shape `JT2/mc/m/n' will be
(Font)              scaled to size 7.39746pt on input line 891.
LaTeX Font Info:    Font shape `JY2/mc/m/n' will be
(Font)              scaled to size 7.39746pt on input line 891.
\c@part=\count167
\c@chapter=\count168
\c@section=\count169
\c@subsection=\count170
\c@subsubsection=\count171
\c@paragraph=\count172
\c@subparagraph=\count173
\@abstractbox=\box61
\c@figure=\count174
\c@table=\count175
\abovecaptionskip=\skip48
\belowcaptionskip=\skip49
\jsc@tocl@width=\dimen153
\@lnumwidth=\dimen154
\bibindent=\dimen155
(/usr/local/texlive/2020/texmf-dist/tex/platex/jsclasses/jslogo.sty
Package: jslogo 2019/07/25 okumura, texjporg
LaTeX Info: Redefining \TeX on input line 94.
LaTeX Info: Redefining \LaTeX on input line 147.
LaTeX Info: Redefining \LaTeXe on input line 200.
)
\heisei=\count176
)
(/usr/local/texlive/2020/texmf-dist/tex/latex/docmute/docmute.sty
Package: docmute 2012/03/22 v1.4 Input stand-alone documents
)
(./myStyle.sty
(/usr/local/texlive/2020/texmf-dist/tex/platex/japanese-otf-uptex/otf.sty
Package: otf 2019/04/01 v1.7b8 psitau, u0.25 ttk

(/usr/local/texlive/2020/texmf-dist/tex/latex/graphics/keyval.sty
Package: keyval 2014/10/28 v1.15 key=value parser (DPC)
\KV@toks@=\toks16
)
LaTeX Font Info:    Redeclaring symbol font `mincho' on input line 314.
LaTeX Font Info:    Overwriting symbol font `mincho' in version `normal'
(Font)                  JY2/mc/m/n --> JY2/hmc/m/n on input line 314.
LaTeX Font Info:    Overwriting symbol font `mincho' in version `bold'
(Font)                  JY2/gt/m/n --> JY2/hmc/m/n on input line 314.
LaTeX Font Info:    Overwriting symbol font `mincho' in version `bold'
(Font)                  JY2/hmc/m/n --> JY2/hmc/bx/n on input line 316.
LaTeX Font Info:    Redeclaring math alphabet \mathgt on input line 317.
LaTeX Font Info:    Overwriting math alphabet `\mathgt' in version `normal'
(Font)                  JY2/gt/m/n --> JY2/hgt/m/n on input line 317.
LaTeX Font Info:    Overwriting math alphabet `\mathgt' in version `bold'
(Font)                  JY2/gt/m/n --> JY2/hgt/m/n on input line 317.
LaTeX Font Info:    Overwriting math alphabet `\mathgt' in version `bold'
(Font)                  JY2/hgt/m/n --> JY2/hgt/bx/n on input line 318.

(/usr/local/texlive/2020/texmf-dist/tex/platex/japanese-otf/ajmacros.sty
Package: ajmacros 2019/04/01 21:00 iNOUE Koich! <inoue@ma.ns.musashi-tech.ac.jp
>
\@tempcntc=\count177
\@tempcntd=\count178
\@tempcnte=\count179
\@tempcntf=\count180
))
(/usr/local/texlive/texmf-local/tex/latex/natbib.sty
Package: natbib 2009/02/02 8.3 (PWD, AO)
\bibhang=\skip50
\bibsep=\skip51
LaTeX Info: Redefining \cite on input line 694.
\c@NAT@ctr=\count181
)
(/usr/local/texlive/2020/texmf-dist/tex/latex/geometry/geometry.sty
Package: geometry 2020/01/02 v5.9 Page Geometry

(/usr/local/texlive/2020/texmf-dist/tex/generic/iftex/ifvtex.sty
Package: ifvtex 2019/10/25 v1.7 ifvtex legacy package. Use iftex instead.

(/usr/local/texlive/2020/texmf-dist/tex/generic/iftex/iftex.sty
Package: iftex 2020/03/06 v1.0d TeX engine tests
))
\Gm@cnth=\count182
\Gm@cntv=\count183
\c@Gm@tempcnt=\count184
\Gm@bindingoffset=\dimen156
\Gm@wd@mp=\dimen157
\Gm@odd@mp=\dimen158
\Gm@even@mp=\dimen159
\Gm@layoutwidth=\dimen160
\Gm@layoutheight=\dimen161
\Gm@layouthoffset=\dimen162
\Gm@layoutvoffset=\dimen163
\Gm@dimlist=\toks17
)
(/usr/local/texlive/2020/texmf-dist/tex/latex/url/url.sty
\Urlmuskip=\muskip16
Package: url 2013/09/16  ver 3.4  Verb mode for urls, etc.
)
(/usr/local/texlive/2020/texmf-dist/tex/latex/ascmac/ascmac.sty
Package: ascmac 2020/01/15 v2.1 ascmac wrapper (community edition) 

(/usr/local/texlive/2020/texmf-dist/tex/latex/ascmac/tascmac.sty
Package: tascmac 2020/01/15 v2.1 ascmac package (community edition) 
\@savetbaselineshift=\dimen164
\@saveybaselineshift=\dimen165
\scb@x=\box62
\scscb@x=\box63
\@bw=\dimen166
\@nbox=\box64
\@nbody=\box65
\@scw=\dimen167
\ascmac@hoboxa=\box66
\ascmac@hoboxb=\box67
\@itemh=\dimen168
\@iboxpos=\toks18
\@iboxstr=\box68
\@bwsp=\box69
\@@bwsp=\box70
\@bcal=\count185
\shaderule=\dimen169
))
(/usr/local/texlive/2020/texmf-dist/tex/latex/graphics/graphicx.sty
Package: graphicx 2019/11/30 v1.2a Enhanced LaTeX Graphics (DPC,SPQR)

(/usr/local/texlive/2020/texmf-dist/tex/latex/graphics/graphics.sty
Package: graphics 2019/11/30 v1.4a Standard LaTeX Graphics (DPC,SPQR)

(/usr/local/texlive/2020/texmf-dist/tex/latex/graphics/trig.sty
Package: trig 2016/01/03 v1.10 sin cos tan (DPC)
)
(/usr/local/texlive/2020/texmf-dist/tex/latex/graphics-cfg/graphics.cfg
File: graphics.cfg 2016/06/04 v1.11 sample graphics configuration
)
Package graphics Info: Driver file: dvipdfmx.def on input line 105.

(/usr/local/texlive/2020/texmf-dist/tex/latex/graphics-def/dvipdfmx.def
File: dvipdfmx.def 2020/08/26 v5.0h Graphics/color driver for dvipdfmx
))
\Gin@req@height=\dimen170
\Gin@req@width=\dimen171
)
(/usr/local/texlive/2020/texmf-dist/tex/latex/lineno/lineno.sty
Package: lineno 2005/11/02 line numbers on paragraphs v4.41
\linenopenalty=\count186
\output=\toks19
\linenoprevgraf=\count187
\linenumbersep=\dimen172
\linenumberwidth=\dimen173
\c@linenumber=\count188
\c@pagewiselinenumber=\count189
\c@LN@truepage=\count190
\c@internallinenumber=\count191
\c@internallinenumbers=\count192
\quotelinenumbersep=\dimen174
\bframerule=\dimen175
\bframesep=\dimen176
\bframebox=\box71
LaTeX Info: Redefining \\ on input line 3056.
)
(/usr/local/texlive/2020/texmf-dist/tex/latex/hyperref/hyperref.sty
Package: hyperref 2020-05-15 v7.00e Hypertext links for LaTeX

(/usr/local/texlive/2020/texmf-dist/tex/generic/ltxcmds/ltxcmds.sty
Package: ltxcmds 2019/12/15 v1.24 LaTeX kernel commands for general use (HO)
)
(/usr/local/texlive/2020/texmf-dist/tex/generic/pdftexcmds/pdftexcmds.sty
Package: pdftexcmds 2020-06-27 v0.33 Utility functions of pdfTeX for LuaTeX (HO
)

(/usr/local/texlive/2020/texmf-dist/tex/generic/infwarerr/infwarerr.sty
Package: infwarerr 2019/12/03 v1.5 Providing info/warning/error messages (HO)
)
Package pdftexcmds Info: \pdf@primitive is available.
Package pdftexcmds Info: \pdf@ifprimitive is available.
Package pdftexcmds Info: \pdfdraftmode not found.
)
(/usr/local/texlive/2020/texmf-dist/tex/generic/kvsetkeys/kvsetkeys.sty
Package: kvsetkeys 2019/12/15 v1.18 Key value parser (HO)
)
(/usr/local/texlive/2020/texmf-dist/tex/generic/kvdefinekeys/kvdefinekeys.sty
Package: kvdefinekeys 2019-12-19 v1.6 Define keys (HO)
)
(/usr/local/texlive/2020/texmf-dist/tex/generic/pdfescape/pdfescape.sty
Package: pdfescape 2019/12/09 v1.15 Implements pdfTeX's escape features (HO)
)
(/usr/local/texlive/2020/texmf-dist/tex/latex/hycolor/hycolor.sty
Package: hycolor 2020-01-27 v1.10 Color options for hyperref/bookmark (HO)
)
(/usr/local/texlive/2020/texmf-dist/tex/latex/letltxmacro/letltxmacro.sty
Package: letltxmacro 2019/12/03 v1.6 Let assignment for LaTeX macros (HO)
)
(/usr/local/texlive/2020/texmf-dist/tex/latex/auxhook/auxhook.sty
Package: auxhook 2019-12-17 v1.6 Hooks for auxiliary files (HO)


Package auxhook Warning: Cannot patch \document,
(auxhook)                using \AtBeginDocument instead.

) (/usr/local/texlive/2020/texmf-dist/tex/latex/kvoptions/kvoptions.sty
Package: kvoptions 2019/11/29 v3.13 Key value format for package options (HO)
)
\@linkdim=\dimen177
\Hy@linkcounter=\count193
\Hy@pagecounter=\count194

(/usr/local/texlive/2020/texmf-dist/tex/latex/hyperref/pd1enc.def
File: pd1enc.def 2020-05-15 v7.00e Hyperref: PDFDocEncoding definition (HO)
Now handling font encoding PD1 ...
... no UTF-8 mapping file for font encoding PD1
)
(/usr/local/texlive/2020/texmf-dist/tex/generic/intcalc/intcalc.sty
Package: intcalc 2019/12/15 v1.3 Expandable calculations with integers (HO)
)
(/usr/local/texlive/2020/texmf-dist/tex/generic/etexcmds/etexcmds.sty
Package: etexcmds 2019/12/15 v1.7 Avoid name clashes with e-TeX commands (HO)
)
\Hy@SavedSpaceFactor=\count195
Package hyperref Info: Hyper figures OFF on input line 4464.
Package hyperref Info: Link nesting OFF on input line 4469.
Package hyperref Info: Hyper index ON on input line 4472.
Package hyperref Info: Plain pages OFF on input line 4479.
Package hyperref Info: Backreferencing OFF on input line 4484.
Package hyperref Info: Implicit mode ON; LaTeX internals redefined.
Package hyperref Info: Bookmarks ON on input line 4717.
\c@Hy@tempcnt=\count196
LaTeX Info: Redefining \url on input line 5076.
\XeTeXLinkMargin=\dimen178

(/usr/local/texlive/2020/texmf-dist/tex/generic/bitset/bitset.sty
Package: bitset 2019/12/09 v1.3 Handle bit-vector datatype (HO)

(/usr/local/texlive/2020/texmf-dist/tex/generic/bigintcalc/bigintcalc.sty
Package: bigintcalc 2019/12/15 v1.5 Expandable calculations on big integers (HO
)
))
\Fld@menulength=\count197
\Field@Width=\dimen179
\Fld@charsize=\dimen180
Package hyperref Info: Hyper figures OFF on input line 6347.
Package hyperref Info: Link nesting OFF on input line 6352.
Package hyperref Info: Hyper index ON on input line 6355.
Package hyperref Info: backreferencing OFF on input line 6362.
Package hyperref Info: Link coloring OFF on input line 6367.
Package hyperref Info: Link coloring with OCG OFF on input line 6372.
Package hyperref Info: PDF/A mode OFF on input line 6377.
LaTeX Info: Redefining \ref on input line 6417.
LaTeX Info: Redefining \pageref on input line 6421.

(/usr/local/texlive/2020/texmf-dist/tex/generic/atbegshi/atbegshi.sty
Package: atbegshi 2019/12/05 v1.19 At begin shipout hook (HO)
)
\Hy@abspage=\count198
\c@Item=\count199
\c@Hfootnote=\count266
)
Package hyperref Info: Driver: hdvipdfm.

(/usr/local/texlive/2020/texmf-dist/tex/latex/hyperref/hdvipdfm.def
File: hdvipdfm.def 2020-05-15 v7.00e Hyperref driver for dvipdfm
\pdfm@box=\box72
\c@Hy@AnnotLevel=\count267
\HyField@AnnotCount=\count268
\Fld@listcount=\count269
\c@bookmark@seq@number=\count270

(/usr/local/texlive/2020/texmf-dist/tex/latex/rerunfilecheck/rerunfilecheck.sty
Package: rerunfilecheck 2019/12/05 v1.9 Rerun checks for auxiliary files (HO)
(/usr/local/texlive/2020/texmf-dist/tex/latex/atveryend/atveryend.sty
Package: atveryend 2019-12-11 v1.11 Hooks at the very end of document (HO)
Package atveryend Info: \enddocument detected (standard20110627).
Package atveryend Info: \docmute@enddocument detected (standard20110627).
)
(/usr/local/texlive/2020/texmf-dist/tex/generic/uniquecounter/uniquecounter.sty
Package: uniquecounter 2019/12/15 v1.4 Provide unlimited unique counter (HO)
)
Package uniquecounter Info: New unique counter `rerunfilecheck' on input line 2
86.
)
\Hy@SectionHShift=\skip52
) (/usr/local/texlive/2020/texmf-dist/tex/platex/pxjahyper/pxjahyper.sty
Package: pxjahyper 2020/06/13 v0.5

(/usr/local/texlive/2020/texmf-dist/tex/latex/etoolbox/etoolbox.sty
Package: etoolbox 2020/08/24 v2.5j e-TeX tools for LaTeX (JAW)
\etb@tempcnta=\count271
)
(/usr/local/texlive/2020/texmf-dist/tex/latex/bxjatoucs/bxjatoucs.sty
Package: bxjatoucs 2019/10/20 v0.2
))
(/usr/local/texlive/2020/texmf-dist/tex/latex/epsdice/epsdice.sty
Package: epsdice 2007/02/15 by Thomas Heim (v. 2.1)

(/usr/local/texlive/2020/texmf-dist/tex/latex/base/ifthen.sty
Package: ifthen 2014/09/29 v1.1c Standard LaTeX ifthen package (DPC)
)
(/usr/local/texlive/2020/texmf-dist/tex/latex/epsdice/epsdice.cfg)
\c@eps@face=\count272
)
(/usr/local/texlive/2020/texmf-dist/tex/latex/graphics/color.sty
Package: color 2019/11/23 v1.2a Standard LaTeX Color (DPC)

(/usr/local/texlive/2020/texmf-dist/tex/latex/graphics-cfg/color.cfg
File: color.cfg 2016/01/02 v1.6 sample color configuration
)
Package color Info: Driver file: dvipdfmx.def on input line 147.

(/usr/local/texlive/2020/texmf-dist/tex/latex/graphics/dvipsnam.def
File: dvipsnam.def 2016/06/17 v3.0m Driver-dependent file (DPC,SPQR)
))
(/usr/local/texlive/2020/texmf-dist/tex/latex/listings/listings.sty
\lst@mode=\count273
\lst@gtempboxa=\box73
\lst@token=\toks20
\lst@length=\count274
\lst@currlwidth=\dimen181
\lst@column=\count275
\lst@pos=\count276
\lst@lostspace=\dimen182
\lst@width=\dimen183
\lst@newlines=\count277
\lst@lineno=\count278
\lst@maxwidth=\dimen184

(/usr/local/texlive/2020/texmf-dist/tex/latex/listings/lstmisc.sty
File: lstmisc.sty 2020/03/24 1.8d (Carsten Heinz)
\c@lstnumber=\count279
\lst@skipnumbers=\count280
\lst@framebox=\box74
)
(/usr/local/texlive/2020/texmf-dist/tex/latex/listings/listings.cfg
File: listings.cfg 2020/03/24 1.8d listings configuration
))
Package: listings 2020/03/24 1.8d (Carsten Heinz)

(/usr/local/texlive/2020/texmf-dist/tex/latex/inconsolata/inconsolata.sty
Package: inconsolata 2019/05/17 v1.12

`inconsolata-zi4' v1.12, 2019/05/17 Text macros for Inconsolata (msharpe)
(/usr/local/texlive/2020/texmf-dist/tex/latex/base/textcomp.sty
Package: textcomp 2020/02/02 v2.0n Standard LaTeX package
)
(/usr/local/texlive/2020/texmf-dist/tex/latex/xkeyval/xkeyval.sty
Package: xkeyval 2014/12/03 v2.7a package option processing (HA)

(/usr/local/texlive/2020/texmf-dist/tex/generic/xkeyval/xkeyval.tex
(/usr/local/texlive/2020/texmf-dist/tex/generic/xkeyval/xkvutils.tex
\XKV@toks=\toks21
\XKV@tempa@toks=\toks22
)
\XKV@depth=\count281
File: xkeyval.tex 2014/12/03 v2.7a key=value parser (HA)
))
\zifour@ocount=\count282
)
Package hyperref Info: Option `setpagesize' set `false' on input line 40.
Package hyperref Info: Option `bookmarksnumbered' set `true' on input line 40.
Package hyperref Info: Option `bookmarksopen' set `true' on input line 40.
Package hyperref Info: Option `colorlinks' set `true' on input line 40.

(/usr/local/texlive/2020/texmf-dist/tex/latex/wrapfig/wrapfig.sty
\wrapoverhang=\dimen185
\WF@size=\dimen186
\c@WF@wrappedlines=\count283
\WF@box=\box75
\WF@everypar=\toks23
Package: wrapfig 2003/01/31  v 3.6
)
(/usr/local/texlive/2020/texmf-dist/tex/latex/multirow/multirow.sty
Package: multirow 2019/05/31 v2.5 Span multiple rows of a table
\multirow@colwidth=\skip53
\multirow@cntb=\count284
\multirow@dima=\skip54
\bigstrutjot=\dimen187
))
(/usr/local/texlive/2020/texmf-dist/tex/latex/l3backend/l3backend-dvips.def
File: l3backend-dvips.def 2020-09-11 L3 backend support: dvips
\l__pdf_internal_box=\box76
\g__pdf_backend_object_int=\count285
\l__pdf_backend_content_box=\box77
\l__pdf_backend_model_box=\box78
\g__pdf_backend_annotation_int=\count286
\g__pdf_backend_link_int=\count287
\g__pdf_backend_link_sf_int=\count288
)
(./text16.aux

LaTeX Warning: Label `tbl::16_02' multiply defined.


LaTeX Warning: Label `tbl::16_03' multiply defined.

)
\openout1 = `text16.aux'.

LaTeX Font Info:    Checking defaults for OML/cmm/m/it on input line 5.
LaTeX Font Info:    ... okay on input line 5.
LaTeX Font Info:    Checking defaults for OMS/cmsy/m/n on input line 5.
LaTeX Font Info:    ... okay on input line 5.
LaTeX Font Info:    Checking defaults for OT1/cmr/m/n on input line 5.
LaTeX Font Info:    ... okay on input line 5.
LaTeX Font Info:    Checking defaults for T1/cmr/m/n on input line 5.
LaTeX Font Info:    ... okay on input line 5.
LaTeX Font Info:    Checking defaults for TS1/cmr/m/n on input line 5.
LaTeX Font Info:    ... okay on input line 5.
LaTeX Font Info:    Checking defaults for OMX/cmex/m/n on input line 5.
LaTeX Font Info:    ... okay on input line 5.
LaTeX Font Info:    Checking defaults for U/cmr/m/n on input line 5.
LaTeX Font Info:    ... okay on input line 5.
LaTeX Font Info:    Checking defaults for JY2/mc/m/n on input line 5.
LaTeX Font Info:    ... okay on input line 5.
LaTeX Font Info:    Checking defaults for JT2/mc/m/n on input line 5.
LaTeX Font Info:    ... okay on input line 5.
LaTeX Font Info:    Checking defaults for PD1/pdf/m/n on input line 5.
LaTeX Font Info:    ... okay on input line 5.
LaTeX Font Info:    Font shape `JT2/hmc/m/n' will be
(Font)              scaled to size 9.24683pt on input line 5.
LaTeX Font Info:    Font shape `JY2/hmc/m/n' will be
(Font)              scaled to size 9.24683pt on input line 5.

*geometry* driver: auto-detecting
*geometry* detected driver: dvips
*geometry* verbose mode - [ preamble ] result:
* driver: dvips
* paper: <default>
* layout: <same size as paper>
* layoutoffset:(h,v)=(0.0pt,0.0pt)
* modes: 
* h-part:(L,W,R)=(71.13188pt, 455.24411pt, 71.13188pt)
* v-part:(T,H,B)=(85.35826pt, 674.33032pt, 85.35826pt)
* \paperwidth=597.50787pt
* \paperheight=845.04684pt
* \textwidth=455.24411pt
* \textheight=674.33032pt
* \oddsidemargin=-1.1381pt
* \evensidemargin=-1.1381pt
* \topmargin=-22.609pt
* \headheight=20.0pt
* \headsep=15.69727pt
* \topskip=12.76065pt
* \footskip=28.45792pt
* \marginparwidth=18.49365pt
* \marginparsep=18.49365pt
* \columnsep=18.49365pt
* \skip\footins=16.0pt plus 5.0pt minus 2.0pt
* \hoffset=0.0pt
* \voffset=0.0pt
* \mag=1000
* \@twocolumnfalse
* \@twosidefalse
* \@mparswitchfalse
* \@reversemarginfalse
* (1in=72.27pt=25.4mm, 1cm=28.453pt)

\AtBeginShipoutBox=\box79
Package hyperref Info: Link coloring ON on input line 5.
(/usr/local/texlive/2020/texmf-dist/tex/latex/hyperref/nameref.sty
Package: nameref 2019/09/16 v2.46 Cross-referencing by name of section

(/usr/local/texlive/2020/texmf-dist/tex/latex/refcount/refcount.sty
Package: refcount 2019/12/15 v3.6 Data extraction from label references (HO)
)
(/usr/local/texlive/2020/texmf-dist/tex/generic/gettitlestring/gettitlestring.s
ty
Package: gettitlestring 2019/12/15 v1.6 Cleanup title references (HO)
)
\c@section@level=\count289
)
LaTeX Info: Redefining \ref on input line 5.
LaTeX Info: Redefining \pageref on input line 5.
LaTeX Info: Redefining \nameref on input line 5.
 (./text16.out) (./text16.out)
\@outlinefile=\write3
\openout3 = `text16.out'.

\c@lstlisting=\count290

(/usr/local/texlive/2020/texmf-dist/tex/latex/upquote/upquote.sty
Package: upquote 2012/04/19 v1.3 upright-quote and grave-accent glyphs in verba
tim
)
\docmute@nestinglevel=\count291

第16章
LaTeX Font Info:    Font shape `JT2/hmc/m/n' will be
(Font)              scaled to size 19.17792pt on input line 6.
LaTeX Font Info:    Font shape `JY2/hmc/m/n' will be
(Font)              scaled to size 19.17792pt on input line 6.
LaTeX Font Info:    Font shape `JT2/hgt/m/n' will be
(Font)              scaled to size 19.17792pt on input line 6.
LaTeX Font Info:    Font shape `JY2/hgt/m/n' will be
(Font)              scaled to size 19.17792pt on input line 6.
LaTeX Font Info:    Font shape `JT2/hmc/m/n' will be
(Font)              scaled to size 4.62341pt on input line 6.
LaTeX Font Info:    Font shape `JY2/hmc/m/n' will be
(Font)              scaled to size 4.62341pt on input line 6.
LaTeX Font Info:    Font shape `JT2/hgt/m/n' will be
(Font)              scaled to size 4.62341pt on input line 6.
LaTeX Font Info:    Font shape `JY2/hgt/m/n' will be
(Font)              scaled to size 4.62341pt on input line 6.
LaTeX Font Info:    Font shape `JT2/hgt/m/n' will be
(Font)              scaled to size 23.0061pt on input line 6.
LaTeX Font Info:    Font shape `JY2/hgt/m/n' will be
(Font)              scaled to size 23.0061pt on input line 6.
LaTeX Font Info:    Font shape `JT2/hmc/m/n' will be
(Font)              scaled to size 23.0061pt on input line 6.
LaTeX Font Info:    Font shape `JY2/hmc/m/n' will be
(Font)              scaled to size 23.0061pt on input line 6.
LaTeX Font Info:    Font shape `JT2/hmc/m/n' will be
(Font)              scaled to size 13.31541pt on input line 17.
LaTeX Font Info:    Font shape `JY2/hmc/m/n' will be
(Font)              scaled to size 13.31541pt on input line 17.
LaTeX Font Info:    Font shape `JT2/hgt/m/n' will be
(Font)              scaled to size 13.31541pt on input line 17.
LaTeX Font Info:    Font shape `JY2/hgt/m/n' will be
(Font)              scaled to size 13.31541pt on input line 17.
LaTeX Font Info:    External font `cmex10' loaded for size
(Font)              <7> on input line 25.
LaTeX Font Info:    External font `cmex10' loaded for size
(Font)              <5> on input line 25.
LaTeX Font Info:    Font shape `JY2/hmc/m/n' will be
(Font)              scaled to size 6.47278pt on input line 25.

LaTeX Font Warning: Font shape `JY2/hmc/b/n' undefined
(Font)              using `JY2/hmc/bx/n' instead on input line 28.

LaTeX Font Info:    Font shape `JT2/hmc/bx/n' in size <10> not available
(Font)              Font shape `JT2/hgt/m/n' tried instead on input line 28.
LaTeX Font Info:    Font shape `JT2/hgt/m/n' will be
(Font)              scaled to size 9.24683pt on input line 28.
LaTeX Font Info:    Font shape `JY2/hmc/bx/n' in size <10> not available
(Font)              Font shape `JY2/hgt/m/n' tried instead on input line 28.
LaTeX Font Info:    Font shape `JY2/hgt/m/n' will be
(Font)              scaled to size 9.24683pt on input line 28.

LaTeX Warning: Reference `chapter3' on page 1 undefined on input line 28.


LaTeX Font Warning: Font shape `JY2/hmc/b/n' undefined
(Font)              using `JY2/hmc/bx/n' instead on input line 28.


LaTeX Font Warning: Font shape `JY2/hmc/b/n' undefined
(Font)              using `JY2/hmc/bx/n' instead on input line 32.

File: images/text16/slide16_01.png Graphic file (type bmp)
<images/text16/slide16_01.png>
LaTeX Font Info:    Font shape `JT2/hmc/m/n' will be
(Font)              scaled to size 8.32214pt on input line 39.
LaTeX Font Info:    Font shape `JY2/hmc/m/n' will be
(Font)              scaled to size 8.32214pt on input line 39.

LaTeX Font Warning: Font shape `JY2/hmc/b/n' undefined
(Font)              using `JY2/hmc/bx/n' instead on input line 44.


LaTeX Font Warning: Font shape `JY2/hmc/b/n' undefined
(Font)              using `JY2/hmc/bx/n' instead on input line 44.

LaTeX Font Info:    Font shape `JT2/hmc/m/n' will be
(Font)              scaled to size 6.47278pt on input line 44.
LaTeX Font Info:    Font shape `JT2/hmc/m/n' will be
(Font)              scaled to size 7.39746pt on input line 44.
LaTeX Font Info:    Font shape `JY2/hmc/m/n' will be
(Font)              scaled to size 7.39746pt on input line 44.
LaTeX Font Info:    External font `cmex10' loaded for size
(Font)              <8> on input line 44.
LaTeX Font Info:    External font `cmex10' loaded for size
(Font)              <6> on input line 44.
LaTeX Font Info:    Font shape `JY2/hmc/m/n' will be
(Font)              scaled to size 5.5481pt on input line 44.
LaTeX Font Info:    Font shape `JT2/hmc/m/n' will be
(Font)              scaled to size 5.5481pt on input line 44.
[1


]

LaTeX Font Warning: Font shape `JY2/hmc/b/n' undefined
(Font)              using `JY2/hmc/bx/n' instead on input line 49.


LaTeX Font Warning: Font shape `JY2/hmc/b/n' undefined
(Font)              using `JY2/hmc/bx/n' instead on input line 49.


LaTeX Font Warning: Font shape `JY2/hmc/b/n' undefined
(Font)              using `JY2/hmc/bx/n' instead on input line 49.

[2]

LaTeX Font Warning: Font shape `JY2/hmc/b/n' undefined
(Font)              using `JY2/hmc/bx/n' instead on input line 52.


LaTeX Font Warning: Font shape `JY2/hmc/b/n' undefined
(Font)              using `JY2/hmc/bx/n' instead on input line 53.


LaTeX Font Warning: Font shape `JY2/hmc/b/n' undefined
(Font)              using `JY2/hmc/bx/n' instead on input line 58.


LaTeX Font Warning: Font shape `JY2/hmc/b/n' undefined
(Font)              using `JY2/hmc/bx/n' instead on input line 58.

File: images/text16/slide16_02.png Graphic file (type bmp)
<images/text16/slide16_02.png>

LaTeX Font Warning: Font shape `JY2/hmc/b/n' undefined
(Font)              using `JY2/hmc/bx/n' instead on input line 67.


LaTeX Font Warning: Font shape `JY2/hmc/b/n' undefined
(Font)              using `JY2/hmc/bx/n' instead on input line 67.


LaTeX Font Warning: Font shape `JY2/hmc/b/n' undefined
(Font)              using `JY2/hmc/bx/n' instead on input line 67.

File: dice.pdf Graphic file (type pdf)
<dice.pdf>
File: dice.pdf Graphic file (type pdf)
<dice.pdf>

LaTeX Font Warning: Font shape `JY2/hmc/b/n' undefined
(Font)              using `JY2/hmc/bx/n' instead on input line 73.

LaTeX Font Info:    Font shape `JT2/hmc/bx/n' in size <8> not available
(Font)              Font shape `JT2/hgt/m/n' tried instead on input line 73.
LaTeX Font Info:    Font shape `JT2/hgt/m/n' will be
(Font)              scaled to size 7.39746pt on input line 73.
LaTeX Font Info:    Font shape `JY2/hmc/bx/n' in size <8> not available
(Font)              Font shape `JY2/hgt/m/n' tried instead on input line 73.
LaTeX Font Info:    Font shape `JY2/hgt/m/n' will be
(Font)              scaled to size 7.39746pt on input line 73.

LaTeX Warning: Reference `chapter6' on page 3 undefined on input line 73.


LaTeX Font Warning: Font shape `JY2/hmc/b/n' undefined
(Font)              using `JY2/hmc/bx/n' instead on input line 75.


LaTeX Font Warning: Font shape `JY2/hmc/b/n' undefined
(Font)              using `JY2/hmc/bx/n' instead on input line 75.


LaTeX Warning: Reference `chapter7' on page 3 undefined on input line 75.

[3] [4]
LaTeX Font Info:    Trying to load font information for OT1+zi4 on input line 1
10.
 (/usr/local/texlive/2020/texmf-dist/tex/latex/inconsolata/ot1zi4.fd
File: ot1zi4.fd 2018/01/14 OT1/zi4 (Inconsolata)
)
LaTeX Font Info:    Font shape `OT1/zi4/m/n' will be
(Font)              scaled to size 8.0pt on input line 110.
File: images/text16/Rplot16_01.png Graphic file (type bmp)
<images/text16/Rplot16_01.png>

[5]

LaTeX Font Warning: Font shape `JY2/hmc/b/n' undefined
(Font)              using `JY2/hmc/bx/n' instead on input line 157.

[6]

LaTeX Font Warning: Font shape `JY2/hmc/b/n' undefined
(Font)              using `JY2/hmc/bx/n' instead on input line 199.


LaTeX Font Warning: Font shape `JY2/hmc/b/n' undefined
(Font)              using `JY2/hmc/bx/n' instead on input line 199.

File: images/text16/slide16_03.png Graphic file (type bmp)
<images/text16/slide16_03.png>
LaTeX Font Info:    External font `cmex10' loaded for size
(Font)              <9> on input line 206.
File: images/text16/Rplot16_03.png Graphic file (type bmp)
<images/text16/Rplot16_03.png>
[7] [8]

LaTeX Font Warning: Font shape `JY2/hmc/b/n' undefined
(Font)              using `JY2/hmc/bx/n' instead on input line 230.


LaTeX Font Warning: Font shape `JY2/hmc/b/n' undefined
(Font)              using `JY2/hmc/bx/n' instead on input line 230.

File: images/text16/Rplot16_04.png Graphic file (type bmp)
<images/text16/Rplot16_04.png>
[9]

LaTeX Font Warning: Font shape `JY2/hmc/b/n' undefined
(Font)              using `JY2/hmc/bx/n' instead on input line 263.

File: images/text16/Rplot16_05.png Graphic file (type bmp)
<images/text16/Rplot16_05.png>
[10]

LaTeX Font Warning: Font shape `JY2/hmc/b/n' undefined
(Font)              using `JY2/hmc/bx/n' instead on input line 282.

Package atveryend Info: Empty hook `BeforeClearDocument' on input line 284.
[11]
Package atveryend Info: Empty hook `AfterLastShipout' on input line 284.
 (./text16.aux)
Package atveryend Info: Empty hook `AtVeryEndDocument' on input line 284.
Package atveryend Info: Executing hook `AtEndAfterFileList' on input line 284.
Package rerunfilecheck Info: File `text16.out' has not changed.
(rerunfilecheck)             Checksum: C808E4972C8E953B4E643DD35D688854;478.


LaTeX Warning: There were undefined references.


LaTeX Warning: There were multiply-defined labels.

Package atveryend Info: Empty hook `AtVeryVeryEnd' on input line 284.
 ) 
Here is how much of TeX's memory you used:
 10677 strings out of 481381
 154988 string characters out of 5920846
 450196 words of memory out of 5000000
 26281 multiletter control sequences out of 15000+600000
 580009 words of font info for 104 fonts, out of 8000000 for 9000
 934 hyphenation exceptions out of 8191
 51i,8n,43p,1373b,992s stack positions out of 5000i,500n,10000p,200000b,80000s

Output written on text16.dvi (11 pages, 69152 bytes).
