%このファイルは日本語文字を含みます.
\BOOKMARK [0][]{chapter.1}{第1章 第1講}{}% 1
\BOOKMARK [1][]{section.1.1}{1.1 資料A}{chapter.1}% 2
\BOOKMARK [1][]{section.1.2}{1.2 資料B}{chapter.1}% 3
\BOOKMARK [1][]{section.1.3}{1.3 資料C}{chapter.1}% 4
\BOOKMARK [0][]{chapter.2}{第2章 第2講}{}% 5
\BOOKMARK [1][]{section.2.1}{2.1 資料A}{chapter.2}% 6
\BOOKMARK [1][]{section.2.2}{2.2 資料B}{chapter.2}% 7
\BOOKMARK [1][]{section.2.3}{2.3 資料C}{chapter.2}% 8
\BOOKMARK [0][]{chapter.3}{第3章 第3講}{}% 9
\BOOKMARK [1][]{section.3.1}{3.1 資料A}{chapter.3}% 10
\BOOKMARK [1][]{section.3.2}{3.2 資料B}{chapter.3}% 11
\BOOKMARK [1][]{section.3.3}{3.3 資料C}{chapter.3}% 12
\BOOKMARK [1][]{section.3.4}{3.4 資料D}{chapter.3}% 13
\BOOKMARK [0][]{chapter.4}{第4章 第4講}{}% 14
\BOOKMARK [1][]{section.4.1}{4.1 資料A}{chapter.4}% 15
\BOOKMARK [1][]{section.4.2}{4.2 資料B}{chapter.4}% 16
\BOOKMARK [1][]{section.4.3}{4.3 資料C}{chapter.4}% 17
\BOOKMARK [1][]{section.4.4}{4.4 資料D}{chapter.4}% 18
\BOOKMARK [0][]{chapter.5}{第5章 第5講}{}% 19
\BOOKMARK [1][]{section.5.1}{5.1 資料A}{chapter.5}% 20
\BOOKMARK [1][]{section.5.2}{5.2 資料B}{chapter.5}% 21
\BOOKMARK [1][]{section.5.3}{5.3 資料C}{chapter.5}% 22
\BOOKMARK [0][]{chapter.6}{第6章 第6講}{}% 23
\BOOKMARK [1][]{section.6.1}{6.1 資料A}{chapter.6}% 24
\BOOKMARK [1][]{section.6.2}{6.2 資料B}{chapter.6}% 25
\BOOKMARK [1][]{section.6.3}{6.3 資料C}{chapter.6}% 26
\BOOKMARK [0][]{chapter.7}{第7章 第7講}{}% 27
\BOOKMARK [1][]{section.7.1}{7.1 資料A}{chapter.7}% 28
\BOOKMARK [1][]{section.7.2}{7.2 資料B}{chapter.7}% 29
\BOOKMARK [1][]{section.7.3}{7.3 資料C}{chapter.7}% 30
\BOOKMARK [1][]{section.7.4}{7.4 資料D}{chapter.7}% 31
\BOOKMARK [0][]{chapter.8}{第8章 第8講}{}% 32
\BOOKMARK [1][]{section.8.1}{8.1 資料A}{chapter.8}% 33
\BOOKMARK [1][]{section.8.2}{8.2 資料B}{chapter.8}% 34
\BOOKMARK [0][]{chapter.9}{第9章 第9講}{}% 35
\BOOKMARK [1][]{section.9.1}{9.1 資料A}{chapter.9}% 36
\BOOKMARK [1][]{section.9.2}{9.2 資料B}{chapter.9}% 37
\BOOKMARK [1][]{section.9.3}{9.3 資料C}{chapter.9}% 38
\BOOKMARK [0][]{chapter.10}{第10章 第10講}{}% 39
\BOOKMARK [1][]{section.10.1}{10.1 資料A}{chapter.10}% 40
\BOOKMARK [0][]{chapter.11}{第11章 第11講}{}% 41
\BOOKMARK [1][]{section.11.1}{11.1 資料A}{chapter.11}% 42
\BOOKMARK [1][]{section.11.2}{11.2 資料B}{chapter.11}% 43
\BOOKMARK [1][]{section.11.3}{11.3 資料C}{chapter.11}% 44
\BOOKMARK [1][]{section.11.4}{11.4 資料D}{chapter.11}% 45
